
 num     #instances         #bytes  class name
----------------------------------------------
   1:      22154058      354464928  java.lang.Integer
   2:      12098326      330502248  [B
   3:       5241249      241601400  [Ljava.lang.Object;
   4:       8058330      193423144  [Z
   5:       4028542      161141680  com.mysql.jdbc.PreparedStatement$BatchParams
   6:       4203117      133386448  [I
   7:       4028596      128922752  [[B
   8:       4028550      128913696  [Ljava.io.InputStream;
   9:       1750264       56008448  java.util.HashMap$Node
  10:       1312746       31505904  com.altratek.altraserver.extensions.service.material.extend.fossil.UserFossil
  11:        328318       18154528  [C
  12:         73775       16728224  [Ljava.util.HashMap$Node;
  13:        334970        8039280  java.lang.String
  14:        148055        7106640  java.util.HashMap
  15:         72561        6385368  java.lang.reflect.Method
  16:        132244        3173856  java.util.ArrayList
  17:         28891        3004664  com.pjx.module.creature.property.BattleProperty
  18:        107430        2578320  com.pjx.module.creature.property.PropertyApp
  19:         28446        2503248  com.altratek.altraserver.extensions.service.pjx.creature.creep.Creep
  20:         21039        2426744  java.lang.Class
  21:         68450        2190400  java.util.concurrent.ConcurrentHashMap$Node
  22:         25997        2079760  com.altratek.altraserver.extensions.service.configurable_activity.monsterteam.Character
  23:         84776        2034624  com.pjx.module.creature.equipment.CreatureEquipmentSlot
  24:         63252        2024064  com.altratek.altraserver.extensions.base.XtCmdObject
  25:         28884        1848544  [Lcom.pjx.module.creature.genius.GeniusPower;
  26:         28623        1831872  com.pjx.module.creature.genius.CreatureIndividualData
  27:         28606        1830784  com.pjx.module.creature.learnability.CreatureLearnAbility
  28:         54756        1314144  com.altratek.altraserver.extensions.util.Int_2
  29:         41030         984720  java.lang.Double
  30:         28882         914768  [Lcom.pjx.module.creature.equipment.CreatureEquipmentSlot;
  31:         26290         841280  com.pjx.module.creature.stargod.StarGod
  32:          3522         760752  com.pjx.module.define.targetdefine.CreatureRaceDefine
  33:         45455         727280  java.lang.Object
  34:         22189         718496  [[I
  35:         12689         710584  java.util.LinkedHashMap
  36:         28642         687408  com.pjx.module.creature.potential.CreaturePotential
  37:         15307         612280  java.util.LinkedHashMap$Entry
  38:          6363         610848  com.pjx.battle.server.battle.skill.SkillDefine
  39:           145         596240  [Ljava.nio.ByteBuffer;
  40:           558         586608  [Ljava.util.concurrent.ConcurrentHashMap$Node;
  41:         28880         584712  [Lcom.pjx.module.creature.stargod.CreatureStarGodSlot;
  42:         17495         559840  java.sql.Timestamp
  43:         22889         549336  com.pjx.module.creature.stargod.CreatureStarGodSlot
  44:         22091         530184  com.altratek.altraserver.extensions.service.material.data.MaterialCommonData
  45:          7428         475392  java.util.concurrent.ConcurrentHashMap
  46:         28891         462256  com.pjx.module.creature.extproperty.CreatureExtProperty
  47:         28882         462112  com.pjx.module.creature.equipment.CreatureEquipment
  48:         12176         459240  [Ljava.lang.String;
  49:         28621         457936  com.pjx.module.creature.guardstone.CreatureGuardStone
  50:         28606         457696  com.pjx.module.creature.stargod.CreatureStarGod
  51:         28482         455712  com.altratek.altraserver.extensions.service.pjx.creature.creep.CreepExtraProperty
  52:          8113         454328  com.altratek.altraserver.lib.ActionscriptObject
  53:          8006         448336  com.pjx.battle.server.battle.buff.BuffDefine
  54:          6792         434688  com.mysql.jdbc.ConnectionPropertiesImpl$BooleanConnectionProperty
  55:         18021         432504  com.pjx.module.creature.xml.CreatureStarGodXml$StarGodNameAndLevel
  56:         26906         430496  java.util.HashSet
  57:         25997         415952  com.pjx.module.creature.xml.CreatureEquipmentXml
  58:         25997         415952  com.pjx.module.creature.xml.CreatureGuardStoneXml
  59:         25997         415952  com.pjx.module.creature.xml.CreatureIndividualDataXml
  60:         25997         415952  com.pjx.module.creature.xml.CreatureLearnAbilityXml
  61:         25997         415952  com.pjx.module.creature.xml.CreaturePotentialXml
  62:         25997         415952  com.pjx.module.creature.xml.CreatureStarGodXml
  63:          6488         415232  com.altratek.altraserver.extensions.service.material.service.goods.Goods
  64:          4878         390240  java.lang.reflect.Constructor
  65:         11578         370496  com.pjx.module.creature.equipment.bean.Equipment
  66:          6443         360808  com.pjx.battle.server.battle.skill.affix.BuffAffixDefine
  67:         11230         359360  com.altratek.altraserver.extensions.service.superstar.flower.FlowerRecordDao$FlowerRank
  68:         11138         356416  java.util.Hashtable$Entry
  69:          6234         349104  com.altratek.altraserver.extensions.service.family.revoked.FamilyTotalScoreRankService$FamilyBakInfo
  70:          8651         346040  java.util.EnumMap
  71:         10763         344416  java.util.LinkedList
  72:          5726         320656  com.altratek.altraserver.extensions.service.configurable_activity.monsterteam.Monster
  73:          6446         309408  com.altratek.altraserver.domain.Room
  74:          7648         305920  com.bt.tech.wordfilter.wordspliter.WordTrieTreeNode
  75:         18085         289360  java.lang.Character
  76:          7199         287960  com.altratek.altraserver.extensions.service.aoqilabel.LabelRank
  77:         10064         270376  [Ljava.lang.Class;
  78:         10034         240816  com.altratek.altraserver.extensions.service.heroisland.xmlbeans.I_FbGate$FbMonster
  79:          5841         233640  java.lang.ref.SoftReference
  80:          3522         225408  com.pjx.battle.server.battle.player.CharacterDefine
  81:          5726         210112  [Lcom.altratek.altraserver.extensions.service.configurable_activity.monsterteam.Character;
  82:          6443         206176  com.pjx.battle.server.battle.skill.affix.LimitWraper_LimitTimes4FightType
  83:          8264         198336  java.util.Date
  84:          8099         194376  com.pjx.battle.server.battle.buff.BuffDefine$BuffTimesDecInfo
  85:          2405         192400  [Lcom.zaxxer.hikari.util.ConcurrentBag$IConcurrentBagEntry;
  86:          1650         184800  sun.nio.ch.SocketChannelImpl
  87:         11301         180816  com.altratek.altraserver.extensions.reload.Hold
  88:          2723         174272  com.altratek.altraserver.extensions.service.heroisland.xmlbeans.I_MonsterAttribute
  89:          5163         165216  com.altratek.altraserver.extensions.service.configurable_activity.monsterteam.ConfigurableActivityTeam
  90:          5226         161896  [Lcom.pjx.module.creature.xml.CreatureStarGodXml$StarGodNameAndLevel;
  91:         10025         160400  java.util.HashMap$KeySet
  92:          1055         158480  [Ljava.util.Hashtable$Entry;
  93:          6443         154632  com.pjx.battle.server.battle.skill.affix.LimitWraper_LimitCaster4FightType
  94:          2364         151296  com.mysql.jdbc.ConnectionPropertiesImpl$StringConnectionProperty
  95:          6292         151008  sun.reflect.annotation.AnnotationInvocationHandler
  96:          6176         148224  com.pjx.battle.server.battle.skill.ext.Sk_NormalSkill
  97:          2608         146048  com.pjx.battle.server.battle.buff.ext.PropertyChangeExtBuffFactory
  98:          6020         144480  com.altratek.altraserver.extensions.service.material.bonus.BaseBonus
  99:          3522         140880  com.pjx.module.define.originaldefine.PetInfoDefine
 100:          5723         137352  [Lcom.altratek.altraserver.extensions.service.configurable_activity.monsterteam.Monster;
 101:          5717         137208  com.altratek.altraserver.extensions.service.material.bonus.AtomBonus
 102:          5620         134880  com.pjx.battle.server.battle.buff.ext.PropertyChangeExtBuffFactory$DoubleValue
 103:           922         132768  java.text.DecimalFormat
 104:          8210         131360  java.util.HashMap$EntrySet
 105:          2689         129072  com.altratek.altraserver.extensions.service.material.extend.clothes.Clothes
 106:          3098         123920  com.altratek.altraserver.extensions.service.task.data.UserTask
 107:          3778         120896  java.lang.ThreadLocal$ThreadLocalMap$Entry
 108:          2043         114408  java.lang.Package
 109:          1006         112672  java.util.GregorianCalendar
 110:          4622         110928  com.altratek.altraserver.extensions.service.material.bonus.RateBonus
 111:          3404         108928  com.altratek.altraserver.extensions.service.pjx.stargod.UserStarGod
 112:          3364         107648  java.net.InetAddress$InetAddressHolder
 113:          3284         105088  com.pjx.battle.server.battle.skill.affix.SkillAffix_Buff
 114:          6564         105024  java.util.concurrent.ConcurrentHashMap$EntrySetView
 115:          1619         103616  com.mysql.jdbc.ConnectionPropertiesImpl$IntegerConnectionProperty
 116:          6443         103088  com.pjx.battle.server.battle.buff.BuffFeatureParam
 117:          1252         100160  com.pjx.battle.server.battle.buff.ext.BuffCreateBuffFactory
 118:          1025          98400  sun.util.calendar.Gregorian$Date
 119:          6027          96432  com.pjx.battle.server.battle.skill.affix.SkillAffixes
 120:          3971          95304  java.lang.Class$AnnotationData
 121:          1591          89096  com.pjx.battle.server.battle.buff.ext.PowerChangeBuffFactory$PowerChange
 122:           234          87984  java.lang.Thread
 123:          1801          86448  com.altratek.altraserver.extensions.service.pjx.battle.define.CreepInfo
 124:          2148          85920  com.altratek.altraserver.extensions.service.task.data.step.StepClient
 125:          1059          84720  com.altratek.altraserver.extensions.service.nobleclub.perfectpet.NoblePerfectPetConfig$PerfectPet
 126:          3522          84528  com.altratek.altraserver.extensions.service.fight.activity.zerozeroevolve.PetInfoReader$PetInfoDefine
 127:          3522          84528  com.altratek.altraserver.extensions.service.pet_collection.PetInfo
 128:          3522          84528  com.pjx.module.creature.stargod.CreatureStarGodDefine
 129:          5249          83984  com.sun.proxy.$Proxy15
 130:          3478          83472  java.util.concurrent.atomic.AtomicLong
 131:          3360          80640  java.net.Inet4Address
 132:          2000          80000  com.pjx.service.compete2.CompeteRankV2
 133:          3301          79224  java.net.InetSocketAddress$InetSocketAddressHolder
 134:          3219          77256  com.altratek.altraserver.extensions.service.heroisland.xmlbeans.I_FbGate$GateDefine
 135:           923          73840  com.altratek.altraserver.extensions.service.heroisland.buff.skill.HeroislandSkill
 136:          3044          73056  com.zaxxer.hikari.util.FastList
 137:          3000          72000  com.altratek.altraserver.extensions.service.timelinessactivity.aoqihotelwar.define.CityMonster
 138:          1757          70280  com.altratek.altraserver.extensions.service.fight.helper.myform.MyForm
 139:          4336          69376  com.pjx.battle.server.battle.skill.affix.LimitFactory_CombinedRandom$Limit_CombinedRandom
 140:            54          66096  com.mysql.jdbc.JDBC4Connection
 141:          1650          66000  sun.nio.ch.SocketAdaptor
 142:           472          65664  [Ljava.lang.ThreadLocal$ThreadLocalMap$Entry;
 143:          1154          64624  com.pjx.module.define.originaldefine.SummonDefine
 144:          3522          60512  [Lcom.pjx.module.creature.equipment.CreatureEquipmentDefine$EquipmentGen;
 145:          1859          59488  com.altratek.altraserver.extensions.service.material.constant.GetApproach
 146:          2478          59472  com.altratek.altraserver.extensions.service.heroisland.xmlbeans.I_MonsterAttribute$MonsterPrize
 147:          1231          59088  com.altratek.altraserver.extensions.service.material.service.goods.Formula
 148:           922          59008  java.text.DecimalFormatSymbols
 149:           806          58032  sun.reflect.DelegatingClassLoader
 150:           897          57408  java.text.DateFormatSymbols
 151:           896          57344  java.text.SimpleDateFormat
 152:          2377          57048  [Lcom.pjx.module.creature.stargod.CreatureStarGodDefine$StarGodGen;
 153:          2377          57048  com.pjx.module.creature.stargod.CreatureStarGodDefine$StarGodGen
 154:          1015          56840  sun.util.calendar.ZoneInfo
 155:          3532          56512  com.pjx.module.define.reload.DataHold
 156:          3522          56352  com.pjx.module.creature.equipment.CreatureEquipmentDefine
 157:          3522          56352  com.pjx.module.creature.genius.CreatureIndividualDefine
 158:          3522          56352  com.pjx.module.define.targetdefine.CreatureCatchDefine
 159:          3522          56352  com.pjx.module.define.targetdefine.CreatureEvolutionDefine
 160:          3497          55992  [Lcom.pjx.module.define.enumdefine.PosAppendType;
 161:          1749          55968  java.io.FileDescriptor
 162:           749          53928  java.lang.reflect.Field
 163:          1683          53856  java.util.Vector
 164:          2238          53712  com.pjx.battle.server.battle.buff.ext.PropertyChangeExtBuffFactory$IntegerValue
 165:          1334          53360  java.util.TreeMap$Entry
 166:          3301          52816  java.net.InetSocketAddress
 167:          1647          52704  com.pjx.battle.server.battle.buff.ConditionContainerBuffFactory
 168:          1630          52160  com.pjx.battle.server.battle.helper.NumRateVariate
 169:          1290          51600  com.altratek.altraserver.extensions.service.material.extend.item.Item
 170:           639          51120  [Ljava.sql.Statement;
 171:          2111          50664  org.dom4j.tree.DefaultAttribute
 172:           885          49560  com.pjx.battle.server.battle.buff.ext.PropertyChangeBuffFactory
 173:          2017          48408  java.sql.Date
 174:          1512          48384  com.altratek.altraserver.extensions.service.timelinessactivity.holypetexchange.HolyPieceGroup
 175:          2001          48024  com.altratek.altraserver.extensions.service.competev2.CompeteRankV2Info$SimpleRank
 176:          1000          48000  com.altratek.altraserver.extensions.service.allroundpk.AllRoundPKRankDao$RankItem
 177:          1000          48000  com.altratek.altraserver.extensions.service.petgift.RankUnit
 178:           993          47664  com.altratek.altraserver.extensions.service.challenge.teamselecter.ChallengeTeam
 179:          1980          47520  sun.reflect.NativeConstructorAccessorImpl
 180:           535          47080  com.altratek.altraserver.extensions.service.activity.godracetypewake.GodRaceTypeWakeConfig$WakeInfo
 181:           800          44800  com.altratek.altraserver.extensions.service.arena.globalarena.GlobalArenaLastZoneRank$RankItem
 182:          1862          44688  com.altratek.altraserver.extensions.service.material.extend.item.UserItem
 183:           797          44632  com.altratek.altraserver.extensions.service.task.data.TaskStarter
 184:          1830          43920  java.lang.Long
 185:          1045          41800  com.pjx.module.formation.SimpleFormation
 186:           849          40752  java.util.Hashtable
 187:          1000          40000  com.altratek.altraserver.extensions.service.activity.swordofking.Rank
 188:          1000          40000  com.altratek.altraserver.extensions.service.heroisland.compete.HeroIslandCompeteDao$HeroScoreRank
 189:           695          38920  java.lang.invoke.MemberName
 190:           690          38640  com.altratek.altraserver.extensions.service.configurable_activity.Limit_DoneCount
 191:          1573          37752  com.pjx.battle.server.battle.buff.ext.PowerChangeBuffFactory
 192:           467          37360  com.altratek.altraserver.Session
 193:          1154          36928  com.pjx.battle.server.battle.skill.summonskill.skilleffect.SkillEffectFactory_SkillCounterType$SkillEffect_SkillCounterType
 194:          1154          36928  com.pjx.battle.server.battle.skill.summonskill.skilleffect.SummonSkillDefine
 195:           922          36880  java.text.DigitList
 196:          1508          36192  com.altratek.altraserver.extensions.service.material.constant.DecReason
 197:           642          35952  com.zaxxer.hikari.pool.PoolEntry
 198:           882          35280  java.security.ProtectionDomain
 199:           439          35120  com.altratek.altraserver.extensions.service.heroisland.xmlbeans.I_FbGate
 200:          2181          34896  sun.reflect.DelegatingConstructorAccessorImpl
 201:          1417          34008  com.pjx.battle.server.battle.buff.ListContainerBuffFactory
 202:          1059          33888  com.altratek.altraserver.extensions.service.nobleclub.perfectpet.NoblePerfectPetConfig$NoblePerfectProperty
 203:           604          33824  com.altratek.altraserver.extensions.service.configurable_activity.Balance_TodayDoneCount
 204:          1000          32000  com.altratek.altraserver.extensions.service.activity.starbluedragon.StarBlueDragonRank$StarBlueDragonRankItem
 205:          1000          32000  com.altratek.altraserver.extensions.service.heroisland.herostrangethrank.HeroRank
 206:           442          31824  com.altratek.altraserver.extensions.service.challenge.info.ChallengeInfo$ActivityInfo
 207:          1307          31368  com.pjx.battle.server.battle.buff.DoEffectFactory_SkillType$MySkillType
 208:          1242          29808  com.altratek.altraserver.extensions.service.challenge.buffgetter.BuffGetter_None
 209:           745          29800  com.altratek.altraserver.extensions.service.configurable_activity.Balance_Material
 210:           900          28800  com.altratek.altraserver.extensions.service.card.CardDefine
 211:           200          28800  com.altratek.altraserver.extensions.service.pjx.creature.pet.Pet
 212:           718          28720  java.lang.ref.Finalizer
 213:           596          28608  com.altratek.altraserver.extensions.service.pjx.battle.define.CreepMasterInfo
 214:            72          28224  com.altratek.altraserver.handler.OutMsgHandlerWorker
 215:           877          28064  java.security.CodeSource
 216:           349          27920  com.altratek.altraserver.extensions.helper.bits.BitsDao
 217:          1154          27696  com.pjx.battle.server.battle.skill.ext.Sk_NormalSummonSkill
 218:          1154          27696  com.pjx.battle.server.battle.skill.summonskill.skilleffect.SkillEffectFactory_LogicExpression$SkillEffect_LogicExpression
 219:           560          26880  com.altratek.altraserver.extensions.service.undercity.xml.UnderCityTeam
 220:           840          26880  java.util.concurrent.locks.ReentrantLock$NonfairSync
 221:           819          26208  org.dom4j.tree.DefaultElement
 222:          1090          26160  com.altratek.altraserver.ChannelManager$LostChannel
 223:           813          26016  java.lang.ref.WeakReference
 224:           361          25992  com.pjx.battle.server.battle.buff.ext.SuckProperty2PropertyBuffFactory$SuckPropertyConfig
 225:           462          25872  com.altratek.altraserver.extensions.service.buddy.Buddy
 226:           788          25216  com.pjx.rmi.obj.recommonendformation.RecommendFormation
 227:           780          24960  com.pjx.module.creature.equipment.CreatureEquipmentDefine$EquipmentGen
 228:           618          24720  com.altratek.altraserver.extensions.service.configurable_activity.Action_Common
 229:          1014          24336  org.dom4j.tree.DefaultText
 230:          1000          24000  com.altratek.altraserver.extensions.service.petpark.global.PocketMonsterRank$PocketMonsterRankItem
 231:          1000          24000  java.sql.Time
 232:           499          23952  com.altratek.altraserver.extensions.service.configurable_activity.Action_Case
 233:          1493          23888  com.altratek.altraserver.extensions.service.challenge.strategy.Strategy_None
 234:           562          22480  java.lang.invoke.MethodType
 235:           931          22344  com.altratek.altraserver.extensions.behavior.BehaviorDefine
 236:           145          22040  com.altratek.altraserver.extensions.service.heroisland.xmlbeans.I_HeroAttribute
 237:           548          21920  com.altratek.altraserver.extensions.service.challenge.extprocessor.Ext_SetRecommendFormation
 238:           492          20408  [D
 239:           510          20400  com.pjx.battle.server.battle.buff.ext.SuckX2PropertyBuffFactory$ToPropertyConfig
 240:           833          19992  com.altratek.altraserver.extensions.service.task.data.bonus.TaskBonus_Normal
 241:           624          19968  com.altratek.altraserver.extensions.service.pjx.dragonsoul.v2.SoulLevelDefine
 242:           276          19872  java.util.concurrent.ScheduledThreadPoolExecutor$ScheduledFutureTask
 243:           805          19320  java.util.concurrent.locks.AbstractQueuedSynchronizer$ConditionObject
 244:           587          18784  [Ljava.nio.channels.SelectionKey;
 245:           468          18720  sun.nio.ch.SelectionKeyImpl
 246:           464          18560  java.math.BigInteger
 247:          1154          18464  com.pjx.battle.server.battle.skill.summonskill.skilleffect.SkillEffectFactory_FirstSummoned
 248:          1154          18464  com.pjx.battle.server.battle.skill.summonskill.skilleffect.SkillEffectFactory_FirstSummoned$SkillEffect_FirstSummoned
 249:          1154          18464  com.pjx.battle.server.battle.skill.summonskill.skilleffect.SkillEffectFactory_LogicExpression
 250:          1154          18464  com.pjx.battle.server.battle.skill.summonskill.skilleffect.SkillEffectFactory_SkillCounterType
 251:           564          18048  java.lang.invoke.MethodType$ConcurrentWeakInternSet$WeakEntry
 252:           279          17856  com.pjx.module.pet.PetLearnAbility
 253:          1112          17792  sun.reflect.DelegatingMethodAccessorImpl
 254:           550          17600  com.altratek.altraserver.extensions.service.temp.Action
 255:           549          17568  java.util.concurrent.locks.AbstractQueuedSynchronizer$Node
 256:          1090          17440  java.util.concurrent.atomic.AtomicInteger
 257:           271          17344  com.pjx.module.pet.PetIndividualData
 258:            45          17280  com.altratek.altraserver.handler.InMsgHandlerWorker
 259:           300          16800  [Lcom.altratek.altraserver.extensions.service.timelinessactivity.aoqihotelwar.define.CityMonster;
 260:           524          16768  com.altratek.altraserver.extensions.service.challenge.extprocessor.Ext_None
 261:           416          16640  com.altratek.altraserver.extensions.service.configurable_activity.Limit_Material
 262:           341          16368  com.altratek.altraserver.extensions.service.material.extend.petegg.PetEgg
 263:           681          16344  com.pjx.battle.server.battle.skill.affix.LimitFactory_IfHasBuff$Limit_IfHasBuff
 264:           290          16240  com.altratek.altraserver.extensions.util.Long2Int
 265:           676          16224  java.util.LinkedList$Node
 266:           289          16184  sun.nio.cs.UTF_8$Encoder
 267:           399          15960  com.altratek.altraserver.extensions.service.buddomain.BudDomainDefineData$MaturePetDefine
 268:           283          15848  com.altratek.altraserver.extensions.data.ActivityConfig
 269:           486          15552  com.altratek.altraserver.extensions.event.EventDispatcher$EventListener
 270:           107          15408  com.mysql.jdbc.Field
 271:           317          15216  com.altratek.altraserver.extensions.service.configurable_activity.Selector_DoneCount
 272:           474          15168  com.altratek.altraserver.extensions.service.challenge.branch.info.LinearTeamInfoMap$LinearTeamInfo
 273:           314          15072  java.nio.HeapByteBuffer
 274:           623          14952  com.altratek.altraserver.extensions.service.material.extend.clothes.UserClothes
 275:           368          14720  java.util.WeakHashMap$Entry
 276:           161          14576  [Ljava.util.WeakHashMap$Entry;
 277:           450          14400  java.lang.invoke.DirectMethodHandle
 278:           898          14368  com.altratek.altraserver.extensions.service.card.BonusFunction
 279:           357          14280  com.altratek.altraserver.extensions.service.challenge.branch.ChallengeBranch
 280:           442          14144  com.altratek.altraserver.extensions.service.challenge.info.ChallengeContext
 281:           882          14112  [Ljava.security.Principal;
 282:           882          14112  java.security.ProtectionDomain$Key
 283:           160          14080  com.altratek.altraserver.extensions.service.tower.exptower2016.TowerMonster$TowerCreep
 284:            33          13728  [Ljava.util.concurrent.atomic.AtomicLong;
 285:            53          13568  com.mysql.jdbc.MysqlIO
 286:           559          13416  com.altratek.altraserver.extensions.service.material.service.goods.Pack
 287:           419          13408  com.altratek.altraserver.extensions.reload.CommonReloaders$ReloaderWrap
 288:           556          13344  com.altratek.altraserver.extensions.service.material.bonus.MutexRandomBonus
 289:           556          13344  com.pjx.battle.server.battle.buff.DoEffectFactory_SkillType
 290:           332          13280  com.sun.org.apache.xerces.internal.dom.DeferredAttrImpl
 291:           829          13264  java.util.concurrent.locks.ReentrantLock
 292:           551          13224  com.altratek.altraserver.extensions.service.challenge.strategy.Strategy_Recycle
 293:            25          13200  [Ljava.util.TimerTask;
 294:           235          13160  com.altratek.altraserver.extensions.service.pjx.topperfectpet.TopPerfectPetConfig$PerfectPet
 295:           319          12760  com.altratek.altraserver.extensions.service.temp.prize.MaterialPrize
 296:           199          12736  com.danga.MemCached.SockIOPool$SockIO
 297:           198          12672  java.net.URL
 298:           226          12656  java.security.Provider$Service
 299:           314          12560  com.altratek.altraserver.extensions.service.pjx.battle.define.DropItemInfo
 300:           780          12480  com.pjx.module.creature.equipment.cstrategy.id.EquipmentIdGenAtomStrategy
 301:           773          12368  java.util.EnumMap$EntrySet
 302:           512          12288  com.pjx.module.creature.equipment.bean.UserEquipment
 303:           512          12288  sun.reflect.NativeMethodAccessorImpl
 304:           510          12240  com.altratek.altraserver.extensions.service.detect.UserDetect
 305:           381          12192  com.altratek.altraserver.extensions.service.temp.limit.TodayDoneLimit
 306:           297          11880  com.altratek.altraserver.extensions.service.pjx.player.CreepMaster
 307:           247          11856  com.altratek.altraserver.extensions.service.tower_warrior.WTowerMonsterTeamDefine$MonsterPet
 308:           183          11712  java.nio.DirectByteBuffer
 309:           162          11664  com.mysql.jdbc.ConnectionPropertiesImpl$MemorySizeConnectionProperty
 310:           242          11616  com.altratek.altraserver.extensions.service.pjx.formation.Formation
 311:           725          11600  java.nio.channels.spi.AbstractInterruptibleChannel$1
 312:           361          11552  com.pjx.battle.server.battle.buff.ext.SuckProperty2PropertyBuffFactory
 313:           478          11472  java.security.Provider$ServiceKey
 314:           472          11328  java.lang.ThreadLocal$ThreadLocalMap
 315:           346          11072  com.altratek.altraserver.extensions.service.title.TitleDefine
 316:           690          11040  java.util.concurrent.atomic.AtomicBoolean
 317:           274          10960  java.security.AccessControlContext
 318:           182          10920  [Ljava.lang.ref.SoftReference;
 319:           341          10912  sun.misc.FDBigInteger
 320:           227          10896  com.pjx.module.define.originaldefine.HeroSkillBuffDefine
 321:           111          10792  [[C
 322:           281          10664  [Ljava.lang.Integer;
 323:           437          10488  java.util.concurrent.ConcurrentHashMap$KeySetView
 324:           432          10368  com.altratek.altraserver.extensions.service.activity.swordofking.SwordOfKingDefine$RemakeInfo
 325:           348          10080  [Ljava.lang.Long;
 326:           203           9744  com.altratek.altraserver.extensions.asynlog.AsynLogData
 327:            12           9696  com.altratek.altraserver.extensions.service.activity.ActivityExtension
 328:            25           9600  java.util.TimerThread
 329:           399           9576  com.altratek.altraserver.extensions.util.Long2Binary
 330:           103           9568  [Ljava.util.concurrent.RunnableScheduledFuture;
 331:           194           9312  java.util.Properties
 332:           285           9120  java.lang.invoke.LambdaForm$Name
 333:           224           8960  com.pjx.service.compete.CompeteConfig$RankPrize
 334:           157           8792  com.altratek.altraserver.extensions.service.timeliness_activity.act.act2017.act20170728.magicformation.MagicFormationPet
 335:            60           8640  com.altratek.altraserver.extensions.service.buddy.nearbuddy.hirepet.NearBuddyPetOnLoan
 336:           216           8640  com.altratek.altraserver.extensions.service.tower_thunder.TTPetDefine
 337:           537           8592  com.altratek.altraserver.extensions.service.card.CardLimitFactory_CardOneOff
 338:           537           8592  com.altratek.altraserver.extensions.service.card.CardLimitFactory_CardOneOff$CardLimit_CardOneOff
 339:           268           8576  com.altratek.altraserver.extensions.service.challenge.phase.ChallengePhase
 340:           260           8320  java.io.ObjectStreamClass$WeakClassKey
 341:           346           8304  com.altratek.altraserver.extensions.service.achievement.detectext.A_DetectCollectCreatureGroup$TypeInfo
 342:           103           8240  java.util.concurrent.ScheduledThreadPoolExecutor
 343:           343           8232  com.altratek.altraserver.extensions.service.oneoff.OneOff_Timeless_WithKey
 344:             1           8208  [Lcom.mysql.jdbc.MysqlCharset;
 345:           338           8112  com.altratek.altraserver.extensions.service.petpark.archlgy.ArchlgyConfig$Grid
 346:           333           7992  [Lcom.pjx.battle.server.battle.skill.affix.LimitFactory_IfHasSign$SignNum;
 347:           333           7992  com.pjx.battle.server.battle.skill.affix.LimitFactory_IfHasSign$Limit_IfHasSign
 348:           333           7992  com.pjx.battle.server.battle.skill.affix.LimitFactory_IfHasSign$SignNum
 349:           249           7968  java.io.DataInputStream
 350:           199           7960  java.io.ObjectStreamClass$FieldReflectorKey
 351:           247           7904  com.altratek.altraserver.extensions.service.undercity.UnderCityWarrior
 352:           327           7848  com.pjx.battle.server.battle.skill.affix.LimitFactory_LogicExpression$Limit_LogicExpression
 353:           326           7824  [Lcom.pjx.battle.server.battle.skill.affix.LimitFactory_IfHasRaceType$RaceTypeNum;
 354:           326           7824  com.pjx.battle.server.battle.skill.affix.LimitFactory_IfHasRaceType$Limit_IfHasRaceType
 355:           326           7824  com.pjx.battle.server.battle.skill.affix.LimitFactory_IfHasRaceType$RaceTypeNum
 356:           163           7824  java.util.concurrent.locks.ReentrantReadWriteLock$NonfairSync
 357:           138           7728  com.sun.org.apache.xerces.internal.dom.DeferredElementImpl
 358:           240           7680  com.altratek.altraserver.extensions.service.challenge.buffgetter.BuffGetter_Common
 359:           192           7680  com.sun.org.apache.xerces.internal.dom.DeferredTextImpl
 360:           238           7616  com.altratek.altraserver.extensions.service.challenge.teamselecter.Selecter_LinearTeam
 361:           317           7608  com.altratek.altraserver.extensions.mycache.read.ReadableCache_Memory
 362:           474           7584  com.sun.proxy.$Proxy57
 363:           235           7520  com.altratek.altraserver.extensions.service.pjx.topperfectpet.TopPerfectPetConfig$PerfectProperty
 364:            67           7504  java.net.SocksSocketImpl
 365:           234           7488  java.lang.ref.ReferenceQueue
 366:           156           7488  java.util.WeakHashMap
 367:            93           7440  com.altratek.altraserver.extensions.service.farm.CropDefine
 368:           130           7280  com.altratek.altraserver.extensions.service.challenge.Challenge
 369:           101           7272  java.util.concurrent.ThreadPoolExecutor
 370:            43           7224  com.zaxxer.hikari.HikariDataSource
 371:           300           7200  com.altratek.altraserver.extensions.service.timelinessactivity.aoqihotelwar.define.ZhangXiaoWei
 372:           443           7088  com.pjx.battle.server.battle.buff.BuffFixType
 373:           177           7080  sun.misc.Cleaner
 374:           442           7072  java.util.HashMap$Values
 375:           146           7008  com.altratek.altraserver.extensions.service.pjx.kingroad.super6.Chapter2Define$Character
 376:           217           6944  com.altratek.altraserver.extensions.service.fight.helper.fightbuff.BuffWrapperDefine
 377:           144           6912  java.util.concurrent.ThreadPoolExecutor$Worker
 378:           427           6832  com.pjx.module.buff.originalbuffgetter.OriginalBuffGetterGroup
 379:           122           6832  java.beans.MethodDescriptor
 380:            71           6816  java.util.jar.JarFile$JarFileEntry
 381:           170           6800  com.altratek.altraserver.extensions.service.tower_thunder.TTMonsterTeamDefine$MonsterPet
 382:            48           6736  [Ljava.lang.Double;
 383:           419           6704  com.pjx.battle.server.battle.buff.ext.DoNothingBuffFactory
 384:           279           6696  com.pjx.battle.server.battle.skill.affix.LimitFactory_IfNoBuff$Limit_IfNoBuff
 385:           139           6672  com.pjx.battle.server.battle.buff.ext.PoisionBuffFactory$HealConfig
 386:            17           6664  com.danga.MemCached.SockIOPool$MaintThread
 387:           166           6640  sun.nio.cs.UTF_8$Decoder
 388:           274           6576  java.beans.MethodRef
 389:           205           6560  sun.reflect.UnsafeObjectFieldAccessorImpl
 390:            43           6536  com.zaxxer.hikari.pool.HikariPool
 391:           272           6528  com.altratek.altraserver.extensions.service.activity.aoqisecretcompete.AoqiSecretCompeteConfig$Question
 392:           271           6504  java.util.concurrent.Executors$RunnableAdapter
 393:           135           6480  com.altratek.altraserver.extensions.service.ridepet.RidePetCard
 394:           133           6384  com.altratek.altraserver.extensions.service.buddomain.BudDomainDefineData$GrowingPetDefine
 395:           199           6368  com.altratek.altraserver.extensions.service.petbar.PetBarConfig
 396:           199           6368  java.nio.channels.Channels$1
 397:           199           6368  sun.nio.ch.SocketAdaptor$SocketInputStream
 398:           131           6288  java.util.concurrent.ArrayBlockingQueue
 399:           261           6264  com.pjx.module.pet.PetPotential
 400:           130           6240  com.altratek.altraserver.extensions.service.tower.exptower2016.TowerMonster
 401:           259           6216  java.io.BufferedOutputStream
 402:           203           6192  [Ljava.security.ProtectionDomain;
 403:             1           6064  [Lcom.altratek.altraserver.extensions.service.timelinessactivity.holypetexchange.HolyPieceGroup;
 404:           252           6048  java.util.Arrays$ArrayList
 405:           251           6024  [Lcom.pjx.battle.server.battle.skill.affix.LimitFactory_IfHasRaceId$RaceIdNum;
 406:           251           6024  com.altratek.altraserver.extensions.service.fishery.material.UserFish
 407:           251           6024  com.pjx.battle.server.battle.skill.affix.LimitFactory_IfHasRaceId$Limit_IfHasRaceId
 408:           251           6024  com.pjx.battle.server.battle.skill.affix.LimitFactory_IfHasRaceId$RaceIdNum
 409:           249           5976  com.altratek.altraserver.extensions.service.card.CardLimitFactory_MonthDbCounterLimit
 410:           249           5976  com.pjx.module.buff.originalbuffgetter.OriginalBuffRaceTypeGetter
 411:           186           5952  com.altratek.altraserver.extensions.service.temp.consume.TodayDoneConsume
 412:           248           5952  com.pjx.service.rank.RankTable$Column
 413:           184           5888  com.pjx.battle.server.battle.buff.ext.VigourBuffFactory
 414:           359           5744  java.util.concurrent.ConcurrentHashMap$ValuesView
 415:           177           5664  flex.messaging.io.ArrayList
 416:           177           5664  java.nio.DirectByteBuffer$Deallocator
 417:           176           5632  com.pjx.battle.server.battle.buff.ext.PoisionBuffFactory
 418:           351           5616  com.pjx.battle.server.battle.buff.DoEffectFactory_Common
 419:            78           5616  com.pjx.service.homeland.define.facility.CabinAndDecorateFacilityDefine
 420:           100           5600  com.altratek.altraserver.extensions.service.fishery.Fish
 421:           233           5592  javax.management.ImmutableDescriptor
 422:           232           5568  com.altratek.altraserver.extensions.service.pjx.battle.BattleSwitch
 423:            12           5568  com.altratek.altraserver.extensions.service.tempactivity.NewTempActivityExtension
 424:           348           5568  java.lang.Float
 425:           174           5568  java.lang.invoke.BoundMethodHandle$Species_L
 426:           139           5560  java.io.ObjectStreamField
 427:            99           5544  java.lang.invoke.MethodTypeForm
 428:           155           5416  [Ljava.lang.Boolean;
 429:            56           5416  [S
 430:           224           5376  flex.messaging.io.amf.TraitsInfo
 431:           166           5312  com.sun.jmx.mbeanserver.ConvertingMethod
 432:           330           5280  com.altratek.altraserver.extensions.service.temp.limit.ZeroIncomeLimit
 433:           216           5184  com.altratek.altraserver.domain.UserVariable
 434:           107           5136  java.lang.invoke.LambdaForm
 435:           107           5136  java.util.concurrent.LinkedBlockingQueue
 436:           213           5112  com.pjx.battle.server.battle.buff.DoEffectFactory_CasterTargetHasJob
 437:           105           5040  com.altratek.altraserver.extensions.service.material.extend.furniture.Furniture
 438:           126           5040  com.altratek.altraserver.extensions.service.material.extend.guardstone.GuardStone
 439:           126           5040  com.altratek.altraserver.extensions.service.material.service.use.ext.UseHandler_EquipGuardStone
 440:           157           5024  com.pjx.battle.server.battle.buff.ext.PoisionBuffFactory$DamageConfig
 441:            78           4992  java.util.jar.JarFile
 442:           112           4888  [Ljava.lang.invoke.LambdaForm$Name;
 443:            12           4800  com.altratek.altraserver.extensions.service.fight.FightExtension
 444:           200           4800  com.altratek.altraserver.extensions.service.heroisland.xmlbeans.I_SkillAttribute
 445:           150           4800  sun.rmi.transport.LiveRef
 446:            99           4752  com.altratek.altraserver.extensions.service.pjx.battle.define.SceneInfo
 447:           147           4704  com.altratek.altraserver.extensions.service.configurable_activity.Limit_Oneoff
 448:            97           4656  com.altratek.altraserver.extensions.service.task.data.step.StepRecycleMaterial
 449:            64           4608  java.beans.PropertyDescriptor
 450:           286           4576  com.altratek.altraserver.extensions.helper.bits.Bits
 451:            81           4536  com.altratek.altraserver.extensions.giftbag.GiftBag
 452:           141           4512  com.altratek.altraserver.extensions.service.configurable_activity.ConfigurableActivity
 453:           187           4488  com.altratek.altraserver.extensions.service.achievement.detectext.A_DetectCollectCreatureAny$TypeInfo
 454:            16           4480  java.util.concurrent.ConcurrentHashMap$CounterCell
 455:            62           4464  com.altratek.altraserver.extensions.service.petpark.material.FossilDefine
 456:           139           4448  com.altratek.altraserver.extensions.service.material.bonus.IfElseBonus
 457:            69           4416  com.pjx.service.compete.CompeteConfig
 458:           183           4392  java.lang.StringBuffer
 459:           273           4368  java.lang.Byte
 460:            90           4320  com.pjx.module.creature.equipment.bean.EquipmentLevelDefine
 461:            90           4320  com.pjx.service.homeland.define.facility.CabinAndDecorateFacilityLevelDefine
 462:           177           4248  com.altratek.altraserver.extensions.service.farm.material.UserCropSeed
 463:           262           4192  com.altratek.altraserver.extensions.service.pjx.creature.pet.PetSwitchState
 464:           259           4144  com.pjx.module.pet.PetGuardStone
 465:           259           4144  com.pjx.module.pet.PetStarGod
 466:           259           4144  java.lang.Short
 467:            86           4128  java.util.TreeMap
 468:             1           4112  [Lcom.alibaba.fastjson.util.IdentityHashMap$Entry;
 469:             1           4112  [Lcom.sun.org.apache.xpath.internal.objects.XObject;
 470:           128           4096  com.pjx.service.globalarena.RankGroup
 471:            85           4080  com.altratek.altraserver.extensions.service.pjx.dragon.UserDragon
 472:           170           4080  com.altratek.altraserver.extensions.service.timeliness_activity.act.act2017.act20170505.lucklylottery.LucklyLotteryConfig$QQCoinDefine
 473:           170           4080  com.pjx.battle.server.battle.buff.DoEffectFactory_Rate
 474:            85           4080  sun.misc.URLClassPath$JarLoader
 475:           126           4032  com.pjx.module.creature.guardstone.CreatureGuardStoneDefine
 476:            72           4032  flex.messaging.io.amf.Amf3Output
 477:           167           4008  com.altratek.altraserver.extensions.service.configurable_activity.Balance_Action
 478:           100           4000  com.pjx.module.formation.FormationLevelData
 479:           125           4000  sun.security.util.ObjectIdentifier
 480:           249           3984  com.altratek.altraserver.extensions.service.card.CardLimitFactory_MonthDbCounterLimit$CardLimit_ShenYinDaLu
 481:            83           3984  com.altratek.altraserver.extensions.service.tower.magic.MonsterCharacter
 482:           248           3968  com.altratek.altraserver.extensions.service.title.TitleValidPeriod_Common
 483:           124           3968  com.mysql.jdbc.Buffer
 484:           165           3960  com.altratek.altraserver.extensions.idgen.IdInfo
 485:           247           3952  com.sun.proxy.$Proxy10
 486:           164           3936  java.util.concurrent.locks.ReentrantReadWriteLock
 487:           164           3936  redis.clients.jedis.Protocol$Command
 488:           162           3888  com.altratek.altraserver.extensions.reload.PJXDefineReloaders$SingleReloader
 489:            96           3840  com.altratek.altraserver.extensions.service.activity.spacecreater.MonsterCharacter
 490:           120           3840  com.altratek.altraserver.extensions.service.heroisland.xmlbeans.I_CharacterAttribute
 491:            80           3840  com.altratek.altraserver.extensions.service.union.activity.donate.UnionDonateConfig$DonateDefine
 492:           120           3840  com.pjx.battle.server.battle.buff.ext.PoisionExtBuffFactory
 493:            48           3840  sun.rmi.transport.DGCClient$EndpointEntry
 494:           119           3808  com.altratek.altraserver.extensions.service.detect.DetectItem
 495:           236           3776  java.lang.ref.ReferenceQueue$Lock
 496:            67           3752  com.altratek.altraserver.extensions.service.timelinessactivity.holypetexchange.ExchangePet
 497:           155           3744  [[[I
 498:           156           3744  com.altratek.altraserver.extensions.service.auctioncenter.AuctionCenterConfig$TypeAndId
 499:           117           3744  com.altratek.altraserver.extensions.service.challenge.buffgetter.BuffGetter_RaceId
 500:            64           3728  [J
 501:           232           3712  com.pjx.battle.server.battle.skill.affix.LimitFactory_MutexRandom$Limit_MutextRandom
 502:           151           3624  com.altratek.altraserver.extensions.service.configurable_activity.Balance_Oneoff
 503:           151           3624  com.pjx.battle.server.battle.buff.DoEffectFactory_CasterTargetHp
 504:           113           3616  com.altratek.altraserver.extensions.service.material.extend.furniture.UserFurniture
 505:            90           3600  com.altratek.altraserver.extensions.service.allstar.monsterhelper.MonsterCharacter
 506:           150           3600  com.altratek.altraserver.extensions.service.timeliness_activity.act.act2017.act20170303.openschoolgifts.OpenSchoolGiftsConfig$QQCoinDefine
 507:           224           3584  com.pjx.module.buff.originalbuffgetter.OriginalBuffCommonGetter
 508:           149           3576  com.altratek.altraserver.extensions.event.SynEventType
 509:           148           3552  java.io.ExpiringCache$Entry
 510:            74           3552  java.util.logging.LogManager$LoggerWeakRef
 511:            74           3552  java.util.zip.Inflater
 512:           221           3536  java.lang.Character$UnicodeBlock
 513:           145           3480  sun.nio.ch.Util$BufferCache
 514:            62           3472  com.pjx.module.creature.stargod.StarGodDefine
 515:            62           3472  com.pjx.service.rank.RankDao
 516:            72           3456  com.altratek.altraserver.extensions.service.buddy.nearbuddy.NearBuddyCommonInfo
 517:            54           3456  com.mysql.jdbc.ConnectionPropertiesImpl$LongConnectionProperty
 518:           143           3432  java.util.concurrent.CopyOnWriteArrayList
 519:           107           3424  javax.management.MBeanAttributeInfo
 520:           106           3392  com.altratek.altraserver.extensions.service.configurable_activity.Limit_Pet
 521:           140           3360  java.lang.invoke.LambdaForm$NamedFunction
 522:            96           3336  [Ljava.beans.PropertyDescriptor;
 523:            83           3320  com.pjx.battle.server.battle.buff.ext.TargetChangeBuffFactory
 524:            59           3304  com.pjx.battle.server.battle.buff.ext.ReboundDamageBuffFactory
 525:           103           3296  java.util.concurrent.ScheduledThreadPoolExecutor$DelayedWorkQueue
 526:            70           3280  [Lcom.altratek.altraserver.extensions.event.EventDispatcher$EventListener;
 527:            82           3280  java.util.IdentityHashMap
 528:           205           3280  sun.reflect.BootstrapConstructorAccessorImpl
 529:           135           3240  [Lcom.altratek.altraserver.extensions.service.ridepet.IConditionHandler;
 530:           174           3200  [Lcom.sun.jmx.mbeanserver.MXBeanMapping;
 531:           100           3200  com.altratek.altraserver.extensions.service.activity.cookgod.xml.CooksData$FoodMaterial
 532:           100           3200  com.altratek.altraserver.extensions.service.timeliness_activity.act.act2017.act20170113.baijifu.seatreasure.SeaTreasureDao$RankItem
 533:           100           3200  com.altratek.altraserver.extensions.service.union.UnionSalaryMemberLastWeekSnapshot
 534:            80           3200  com.pjx.common.top.Top
 535:           133           3192  com.sun.org.apache.xerces.internal.dom.AttributeMap
 536:           131           3144  com.altratek.altraserver.extensions.service.temp.prize.TodayDoneSetPrize
 537:            56           3136  com.pjx.battle.server.battle.buff.ext.PropertyTransferBuffFactory$TransferUnit
 538:           130           3120  com.altratek.altraserver.extensions.service.activity.cookgod.xml.FoodToPrize
 539:           130           3120  java.time.LocalDate
 540:           129           3096  com.zaxxer.hikari.util.UtilityElf$DefaultThreadFactory
 541:            33           3072  [Ljava.lang.invoke.MethodHandle;
 542:            96           3072  com.altratek.altraserver.extensions.service.configurable_activity.Selector_Oneoff
 543:            64           3072  com.altratek.altraserver.extensions.util.DateFormats
 544:            55           3048  [Ljavax.management.MBeanAttributeInfo;
 545:            95           3040  com.pjx.battle.server.battle.buff.ext.TransformBuffFactory
 546:            95           3040  com.pjx.battle.server.battle.buff.ext.TransformBuffFactory$TransformInfo
 547:           126           3024  java.security.Provider$UString
 548:            47           3008  javax.management.openmbean.OpenMBeanAttributeInfoSupport
 549:            62           2976  com.altratek.altraserver.extensions.service.tempactivity.activityguide.ActivityGuideDataConfig$GameConfig
 550:           124           2976  com.pjx.service.rank.RankTable$SortColumn
 551:           122           2928  [Lcom.pjx.battle.server.battle.skill.affix.LimitFactory_IfHasJob$JobNum;
 552:           122           2928  com.pjx.battle.server.battle.skill.affix.LimitFactory_IfHasJob$JobNum
 553:           122           2928  com.pjx.battle.server.battle.skill.affix.LimitFactory_IfHasJob$Limit_IfHasJob
 554:            73           2920  flex.messaging.io.MapProxy
 555:           121           2904  com.pjx.battle.server.battle.buff.DoEffectFactory_Counter
 556:            18           2880  com.pjx.module.creature.equipment.bean.EquipmentDefine
 557:            60           2880  com.pjx.service.homeland.define.task.HomeLandCommonTaskDefine
 558:            72           2880  flex.messaging.io.SerializationContext
 559:            90           2880  org.dom4j.QName
 560:           119           2856  com.altratek.altraserver.extensions.service.material.extend.score.UserScore
 561:            51           2856  sun.rmi.transport.tcp.TCPChannel
 562:            71           2840  com.pjx.service.compete.CompeteConfig$Prize
 563:            87           2784  com.altratek.altraserver.extensions.msgs.MessageType
 564:            69           2760  com.altratek.altraserver.extensions.service.material.extend.fossil.Fossil
 565:           115           2760  com.altratek.altraserver.extensions.service.temp.consume.OneoffConsume
 566:           115           2760  java.util.ArrayDeque
 567:           115           2760  java.util.concurrent.LinkedBlockingQueue$Node
 568:            86           2752  java.lang.StackTraceElement
 569:             8           2744  [Ljava.lang.Thread;
 570:            57           2736  com.altratek.altraserver.extensions.service.pjx.kingroad.tianzhiyin140718.Chapter2Define$Character
 571:           114           2736  com.altratek.altraserver.extensions.service.tempactivity.diamondexchange20140207.MaterialPrize
 572:            57           2736  java.net.SocketInputStream
 573:            57           2736  java.net.SocketOutputStream
 574:           113           2712  com.altratek.altraserver.extensions.service.activity.jipinzhandouli.JiPinZhanDouLiConfig$IntervalPrice
 575:           113           2712  com.altratek.altraserver.extensions.service.activity.jipinzhandouliv2.JiPinZhanDouLiConfig$IntervalPrice
 576:            56           2688  com.altratek.altraserver.extensions.service.pjx.kingroad.fairy.Chapter2Define$Character
 577:            84           2688  java.lang.reflect.WeakCache$CacheValue
 578:            84           2688  java.util.zip.ZipCoder
 579:            83           2656  com.altratek.altraserver.extensions.service.achievement.AchievementDefine
 580:            83           2656  com.altratek.altraserver.extensions.service.challenge.extprocessor.Ext_ActiveRank
 581:            82           2624  com.altratek.altraserver.extensions.service.prize.MaterialPrize
 582:           164           2624  java.util.concurrent.locks.ReentrantReadWriteLock$ReadLock
 583:           164           2624  java.util.concurrent.locks.ReentrantReadWriteLock$Sync$ThreadLocalHoldCounter
 584:           164           2624  java.util.concurrent.locks.ReentrantReadWriteLock$WriteLock
 585:            82           2624  org.apache.log4j.helpers.PatternParser$LiteralPatternConverter
 586:           108           2592  com.altratek.altraserver.extensions.service.fight.helper.fightbuff.ext.WithAllBuffWrapContainer
 587:           162           2592  com.sun.proxy.$Proxy9
 588:            54           2592  javax.management.MBeanInfo
 589:            46           2576  com.baitian.app.common.client.CClient
 590:            80           2560  com.altratek.altraserver.extensions.service.tempactivity.wisdomcompete20140808.DataConfig$Question
 591:            35           2520  com.altratek.altraserver.extensions.service.material.extend.flower.Flower
 592:            63           2520  com.pjx.service.homeland.define.task.HomeLandMyTaskDefine
 593:            45           2520  flex.messaging.io.amf.Amf3Input
 594:            35           2520  java.util.logging.Logger
 595:            52           2496  com.altratek.altraserver.extensions.service.auctioncenter.AuctionCenterConfig$AuctionCenterGood
 596:            78           2496  com.pjx.module.creature.property.PropertyType
 597:            62           2480  com.pjx.service.homeland.define.task.HomeLandOtherTaskDefine
 598:            62           2480  com.pjx.service.rank.RankDefine
 599:            62           2480  com.pjx.service.rank.RankTable
 600:            77           2464  com.altratek.altraserver.buffer.SimpleBufferAllocator$SimpleBuffer
 601:            51           2448  com.altratek.altraserver.extensions.service.pjx.kingroad.jingzhiyin20140613.Chapter2Define$Character
 602:            61           2440  sun.rmi.transport.tcp.TCPEndpoint
 603:           101           2424  com.altratek.altraserver.extensions.service.farm.FarmLevelExpDefine
 604:            50           2400  com.altratek.altraserver.extensions.service.configurable_activity.Balance_Pet
 605:           100           2400  com.altratek.altraserver.extensions.service.heroisland.xmlbeans.I_HeroExpType
 606:            60           2400  com.mysql.jdbc.MysqlCharset
 607:            75           2400  com.pjx.battle.server.battle.buff.ext.HPBuffFactory
 608:            23           2392  java.io.ObjectStreamClass
 609:            98           2352  com.pjx.battle.server.battle.buff.ext.PropertyChangeExtBuffFactory$RateMaxDec
 610:            48           2304  com.altratek.altraserver.extensions.service.boss.Boss
 611:            72           2304  com.altratek.altraserver.extensions.service.petpark.specialsalestore.SpecialSaleGoodInfo
 612:            72           2304  com.altratek.altraserver.extensions.service.pjx.stargod.formula.StarGodFormula
 613:            72           2304  java.io.DataOutputStream
 614:            64           2288  [F
 615:            95           2280  com.altratek.altraserver.extensions.service.material.service.goods.RandFormula$RandMcd
 616:            71           2272  com.alibaba.fastjson.util.IdentityHashMap$Entry
 617:            56           2240  com.altratek.altraserver.extensions.service.material.extend.nicknamecard.NickNameCard
 618:            56           2240  com.altratek.altraserver.extensions.service.vip.VipInfo
 619:            56           2240  com.aobi.common.utils.DateFormats
 620:            46           2208  com.altratek.altraserver.extensions.service.pjx.kingroad.super5.Chapter2Define$Character
 621:            69           2208  com.altratek.altraserver.extensions.service.timelinessactivity.TimelinessNodeConfig$SubExtensionConfig
 622:            12           2208  com.altratek.altraserver.extensions.service.vip.activity.VipActivityExtension
 623:            69           2208  java.lang.reflect.Proxy$Key1
 624:            55           2200  com.altratek.altraserver.extensions.service.material.service.use.ext.UseHandler_PetLearnSweet
 625:            91           2184  com.altratek.altraserver.extensions.service.pjx.buff.OriginalBuff
 626:            91           2184  java.util.Collections$SynchronizedSet
 627:            68           2176  com.altratek.altraserver.extensions.service.activity.shenchongzhizun.ShenChongZhiZunConfig$PetConsume
 628:            34           2176  com.altratek.altraserver.extensions.service.timelinessactivity.outfairysummerhappy.Fairy
 629:            17           2176  com.danga.MemCached.SockIOPool
 630:            54           2160  com.altratek.altraserver.extensions.service.activity.shimmeryfairy.ConfigItem
 631:            90           2160  org.apache.log4j.CategoryKey
 632:            54           2160  org.apache.log4j.Logger
 633:            54           2160  sun.misc.FloatingDecimal$BinaryToASCIIBuffer
 634:            60           2136  [Lcom.altratek.altraserver.extensions.service.tower_warrior.WTowerMonsterTeamDefine$MonsterPet;
 635:            53           2120  com.mysql.jdbc.StandardSocketFactory
 636:             8           2112  com.mysql.jdbc.JDBC42PreparedStatement
 637:            66           2112  com.pjx.battle.server.battle.buff.ext.AttackDisableBuffFactory
 638:           132           2112  com.pjx.module.creature.stargod.StarGodIdGenStrategyAtom
 639:           132           2112  com.pjx.module.creature.stargod.StarGodLevelGenStrategyAtom
 640:            66           2112  java.util.Random
 641:           131           2096  com.altratek.altraserver.IpFloodChecker$IpCount
 642:            52           2080  com.mysql.jdbc.util.ReadAheadInputStream
 643:            43           2064  com.altratek.altraserver.extensions.service.pjx.kingroad.super4.Chapter2Define$Character
 644:            86           2064  com.zaxxer.hikari.pool.HikariPool$PoolEntryCreator
 645:            64           2048  com.altratek.altraserver.extensions.service.pjx.stargod.formula.FormulaLimitFactory_StarGodAsStuff$FormulaLimit_StarGodAsStuff
 646:            51           2040  com.altratek.altraserver.extensions.service.pjx.kingroad.qizhiyin.Chapter2Define$Character
 647:            51           2040  com.pjx.battle.server.battle.buff.ext.ConstPowerBuffFactory
 648:           127           2032  com.altratek.altraserver.extensions.service.ridepet.ConditionHandler_TeamRole
 649:            12           2016  com.altratek.altraserver.extensions.service.pjx.PJXExtension
 650:            36           2016  com.altratek.altraserver.extensions.service.pjx.creature.pet.PetDTONew
 651:            83           1992  com.altratek.altraserver.extensions.reload.PJXDefineReloaders$BatchReloader
 652:            62           1984  com.altratek.altraserver.extensions.service.rank.LocalRankTop
 653:            62           1984  com.altratek.altraserver.extensions.service.temp.Activity
 654:            62           1984  java.net.Socket
 655:            41           1968  sun.util.locale.LocaleObjectCache$CacheEntry
 656:            61           1952  com.mysql.jdbc.JDBC4DatabaseMetaData
 657:           121           1936  com.altratek.altraserver.extensions.service.temp.consume.MaterialConsume
 658:            48           1920  com.altratek.altraserver.extensions.service.activity.spacecreater.Monster
 659:            80           1920  com.altratek.altraserver.extensions.service.pjx.dragonsoul.v2.SoulLevelUpCost
 660:            60           1920  com.altratek.altraserver.extensions.service.tower_warrior.WTowerFloorDefine
 661:            60           1920  com.altratek.altraserver.extensions.service.tower_warrior.WTowerMonsterTeamDefine
 662:            60           1920  com.altratek.altraserver.extensions.service.tower_warrior.WTowerMonsterTeamDefine$FightGroup
 663:            48           1920  com.pjx.battle.server.battle.buff.ext.BuffCreateToHitTargetsBuffFactory
 664:            80           1920  com.pjx.battle.server.battle.skill.affix.LimitFactory_IfHasSignKindNum$Limit_IfHasSignKindNum
 665:            80           1920  com.pjx.battle.server.battle.skill.affix.LimitFactory_IfHasSignKindNum$SignKindNum
 666:           120           1920  com.pjx.module.buff.skill.limit.creature.SkillCreatureLimitFactory_AllEffected
 667:           120           1920  com.pjx.module.buff.skill.limit.creature.SkillCreatureLimitFactory_AllEffected$SkillCreatureEffectLimit_AllEffected
 668:            60           1920  java.io.File
 669:            60           1920  java.security.Permissions
 670:           120           1920  jxl.biff.Type
 671:            16           1920  org.apache.log4j.RollingCalendar
 672:           119           1904  com.altratek.altraserver.extensions.service.detect.DetectBonusNormal
 673:            34           1904  java.util.HashMap$TreeNode
 674:           118           1888  com.altratek.altraserver.extensions.service.material.service.goods.VipGoodsConsume
 675:            59           1888  java.util.logging.LogManager$LogNode
 676:            47           1880  com.altratek.altraserver.extensions.service.pjx.kingroad150515.KingRoad150515Config$CostDefine
 677:            39           1872  com.altratek.altraserver.extensions.service.tower.fengshen.define.MonsterPet
 678:            26           1872  java.util.regex.Pattern
 679:            58           1856  com.altratek.altraserver.extensions.service.timeliness_activity.act.act2016.act20160708.dragonvsking.DragonVsKingActivity
 680:            11           1848  org.apache.commons.pool2.impl.GenericObjectPool
 681:            46           1840  com.altratek.altraserver.extensions.service.challenge.teamselecter.Selecter_SingleBoss
 682:            46           1840  sun.security.ec.NamedCurve
 683:            46           1832  [Lcom.altratek.altraserver.extensions.util.Int_2;
 684:            38           1824  com.altratek.altraserver.extensions.service.petpark.specialsalestore.SpecialSaleGoodDefine
 685:            76           1824  com.altratek.altraserver.lib.RequestEvent
 686:            76           1824  com.altratek.altraserver.lib.ServerEvent
 687:            57           1824  java.rmi.server.UID
 688:            15           1800  [Ljava.beans.MethodDescriptor;
 689:            75           1800  com.pjx.battle.server.battle.buff.DoEffectFactory_CasterTargetRaceType
 690:            45           1800  flex.messaging.io.BeanProxy
 691:            56           1792  com.altratek.altraserver.extensions.service.campaign.Campaign$DateTimeRange
 692:            56           1792  com.altratek.altraserver.extensions.service.fight.activity.tongtianpozhenta.TTPZTConst$StageInfo
 693:           112           1792  com.altratek.altraserver.extensions.service.material.constant.ResultConst
 694:            74           1776  java.util.zip.ZStreamRef
 695:            55           1760  com.altratek.altraserver.extensions.service.campaign.Campain_Date
 696:            55           1760  com.altratek.altraserver.extensions.service.challenge.branch.info.SingleBossInfoMap$SingleBossInfo
 697:            55           1760  com.pjx.module.buff.teambuff.TeamBuffCreatorFactory_OneRaceIdAsTeam$TeamBuffCreator_OneRaceIdAsTeam
 698:            22           1760  com.pjx.service.globalarena.GlobalArenaZoneDefine
 699:            55           1760  java.io.FilePermission
 700:            72           1728  com.altratek.altraserver.extensions.service.activity.swordofking.StageManager$Stage
 701:            72           1728  com.altratek.altraserver.extensions.service.campaign.Campaign$HourMinute
 702:            27           1728  com.altratek.altraserver.extensions.service.heroisland.buff.ext.LeaderSkill_AttackIncRatio
 703:            36           1728  com.altratek.altraserver.extensions.service.material.extend.score.Score
 704:            54           1728  com.altratek.altraserver.extensions.service.temp.consume.CdConsume
 705:            36           1728  com.altratek.altraserver.extensions.service.timeliness_activity.act.act2017.act20170210.firemap.InnerPhase
 706:            24           1728  com.pjx.battle.server.battle.buff.ext.BuffCreateV2BuffFactory
 707:            36           1728  com.pjx.module.creature.potential.PotentialDefine
 708:            36           1728  com.pjx.module.creature.potential.PotentialLvUpDefine
 709:            72           1728  com.pjx.service.rankv2.RankV2Table$Column
 710:            72           1728  flex.messaging.io.TypeMarshallingContext
 711:            43           1720  com.altratek.altraserver.extensions.db.DbGroup
 712:            43           1720  com.altratek.altraserver.extensions.service.npcbuddy.NpcBuddyDefine$NpcCharacter
 713:            43           1720  com.zaxxer.hikari.pool.ProxyLeakTask
 714:            43           1720  com.zaxxer.hikari.util.ConcurrentBag
 715:            71           1696  [Ljavax.management.ObjectName$Property;
 716:           106           1696  com.altratek.altraserver.extensions.service.material.bonus.ValidFactory_HasMaterial$Valid_HasMaterial
 717:            53           1696  com.altratek.altraserver.extensions.service.qiqi.MsgBoxConfig$McActivityInfo
 718:            35           1680  com.altratek.altraserver.extensions.service.configurable_activity.Balance_RedisDaily
 719:            42           1680  com.altratek.altraserver.extensions.service.tower_thunder.TTFloorDefine
 720:            70           1680  com.pjx.service.compete.CompeteConfig$PhaseConfig
 721:            26           1664  com.altratek.altraserver.extensions.service.activity.cookgod.xml.CooksData
 722:            52           1664  com.mysql.jdbc.authentication.Sha256PasswordPlugin
 723:            52           1664  com.pjx.battle.server.battle.buff.ConditionContainerV2BuffFactory
 724:            69           1656  com.altratek.altraserver.extensions.service.activity.compete.CompeteRankInfo
 725:            69           1656  com.pjx.service.compete.CompeteConfig$OpenDate
 726:            41           1640  com.altratek.altraserver.extensions.service.material.service.use.ext.UseHandler_PingXingEvolve
 727:            51           1632  com.mysql.jdbc.NonRegisteringDriver$ConnectionPhantomReference
 728:            68           1632  com.pjx.module.buff.skill.limit.creature.SkillCreatureLimitFactory_SignEffected$SkillCreatureEffectLimit_SignEffected
 729:            68           1632  sun.reflect.generics.tree.SimpleClassTypeSignature
 730:            29           1624  com.pjx.battle.server.battle.buff.BuffDefine4Player
 731:            67           1608  com.altratek.altraserver.extensions.service.timelinessactivity.holypetexchange.ExchangePet$RaceIdBefore
 732:            67           1608  com.pjx.battle.server.battle.buff.ext.PropertyChangeExtBuffFactory$MaxValue
 733:            50           1600  com.altratek.altraserver.extensions.service.activity.cookgod.xml.FoodMaterialPrize
 734:            50           1600  com.altratek.altraserver.extensions.service.challenge.extprocessor.Ext_ExpTowerAddExp
 735:            40           1600  com.altratek.altraserver.extensions.service.farm.guarder.FarmGuarder$FarmGuarderCreep
 736:            25           1600  com.altratek.altraserver.extensions.service.heroisland.buff.ext.MyselfSkill_AttackIncRatio
 737:            50           1600  com.altratek.altraserver.extensions.service.material.bonus.progressbonus.PrizeConfig
 738:            40           1600  sun.management.DiagnosticCommandArgumentInfo
 739:            66           1584  com.altratek.altraserver.extensions.service.heroisland.HeroIslandResult
 740:            66           1584  com.pjx.rmi.obj.stall.StallMCD
 741:            66           1584  java.time.LocalDateTime
 742:            49           1568  com.altratek.altraserver.extensions.service.pjx.dragon.define.combine.DragonCombineDefineIdDefine$AfterCombineDefineIdInfo
 743:            65           1560  com.altratek.altraserver.extensions.service.campaign.CampaignState
 744:            39           1560  com.altratek.altraserver.extensions.service.pay.DiamondExchangeTarget
 745:            15           1560  com.altratek.altraserver.extensions.service.superteam.SuperPet
 746:            64           1536  [Lcom.pjx.battle.server.battle.skill.affix.LimitFactory_IfHasGender$GenderNum;
 747:            48           1536  com.altratek.altraserver.extensions.service.challenge.buffgetter.BuffGetter_MoreEasilyFight
 748:            64           1536  com.altratek.altraserver.extensions.service.timelinessactivity.TimelinessNodeConfig
 749:            64           1536  com.altratek.altraserver.message.MsgCharset
 750:            64           1536  com.pjx.battle.server.battle.buff.ext.ClearBuffByIdBuffFactory$ClearItem
 751:            64           1536  com.pjx.battle.server.battle.skill.affix.LimitFactory_IfHasGender$GenderNum
 752:            64           1536  com.pjx.battle.server.battle.skill.affix.LimitFactory_IfHasGender$Limit_IfHasGender
 753:            16           1536  org.apache.log4j.DailyRollingFileAppender
 754:            48           1536  sun.rmi.transport.DGCClient$EndpointEntry$RefEntry
 755:            48           1536  sun.rmi.transport.DGCClient$EndpointEntry$RefEntry$PhantomLiveRef
 756:            38           1520  com.altratek.altraserver.extensions.service.kapufight.MonsterCharacter
 757:            63           1512  java.time.LocalTime
 758:            39           1504  [Ljava.math.BigInteger;
 759:            94           1504  com.altratek.altraserver.extensions.service.card.CardLimitFactory_NoLimit
 760:            94           1504  com.altratek.altraserver.extensions.service.card.CardLimitFactory_NoLimit$CardLimit_NoLimit
 761:            47           1504  com.altratek.altraserver.extensions.service.configurable_activity.Balance_ContextTemp
 762:            94           1504  com.pjx.rmi.obj.app_common.AppCommon_CustomRMIDirectSocketFactory
 763:            62           1488  com.pjx.service.rank.TopItemConvert
 764:            62           1488  com.pjx.service.rank.TopItemConvert$ClassProp
 765:            37           1480  com.altratek.altraserver.extensions.service.activity.subtle_fragrance.SubtleFragranceDefine$Character
 766:            42           1472  [Lcom.altratek.altraserver.extensions.service.tower_thunder.TTMonsterTeamDefine$MonsterPet;
 767:            46           1472  java.security.spec.EllipticCurve
 768:            61           1464  com.altratek.altraserver.extensions.service.timelinessactivity.classicspet.bounsconfig.BonusInfo
 769:            91           1456  com.altratek.altraserver.extensions.service.challenge.finishcondition.Condition_PassAll
 770:            60           1440  [Lcom.altratek.altraserver.extensions.service.tower_warrior.WTowerMonsterTeamDefine$FightGroup;
 771:            60           1440  [Lcom.altratek.altraserver.extensions.service.tower_warrior.WTowerMonsterTeamDefine$WTowerMonster;
 772:            60           1440  [Lcom.altratek.altraserver.extensions.service.tower_warrior.WTowerMonsterTeamDefine;
 773:            36           1440  com.altratek.altraserver.extensions.service.activity.luosa.MonsterCharacter
 774:            45           1440  com.altratek.altraserver.extensions.service.activity.rollfight.RollMonsterDefine$HelpCharacter
 775:            60           1440  com.altratek.altraserver.extensions.service.activity.swordofking.SwordOfKingDefine$SwordDefine
 776:            36           1440  com.altratek.altraserver.extensions.service.configurable_activity.Limit_DateTime
 777:            60           1440  com.altratek.altraserver.extensions.service.smallgame.GateDefine
 778:            36           1440  com.altratek.altraserver.extensions.service.temp.consume.WeeklyDoneConsume
 779:            36           1440  com.altratek.altraserver.extensions.service.timeliness_activity.act.act2017.act20170210.firemap.FireMapActivityInfo
 780:            36           1440  com.altratek.altraserver.extensions.service.timeliness_activity.act.act2017.act20170210.firemap.FireMapInnerPhaseInfo
 781:            30           1440  com.altratek.altraserver.extensions.service.tower.zhandouli.ZDLConfig$FloorInfo
 782:            60           1440  com.altratek.altraserver.extensions.service.tower_warrior.WTowerMonsterTeamDefine$WTowerMonster
 783:            60           1440  com.altratek.altraserver.extensions.service.treasure.TreasureRates$TreasureRate
 784:            45           1440  com.pjx.module.buff.skill.limit.battleplayer.SkillBattlePlayerLimitFactory_RaceTypeCreature$SkillBattlePlayerEffectLimit_RaceTypeCreature
 785:            60           1440  com.pjx.module.creature.potential.PotentialLvUpStrategyDefine
 786:            30           1440  com.pjx.service.homeland.define.facility.CommonFacilityLevelDefine
 787:            45           1440  java.io.ByteArrayInputStream
 788:            30           1440  java.time.temporal.ValueRange
 789:            36           1440  javax.management.ObjectName
 790:            30           1440  sun.nio.cs.StreamEncoder
 791:            44           1408  java.util.concurrent.SynchronousQueue
 792:            35           1400  com.altratek.altraserver.extensions.service.configurable_activity.Balance_PersistenceDoneCount
 793:            35           1400  com.altratek.altraserver.extensions.service.petpark.fossilbreed.define.HighGradeActivate
 794:            16           1392  [Ljava.lang.Byte;
 795:            58           1392  com.altratek.altraserver.extensions.service.challenge.occasion.Occasion_None
 796:            58           1392  com.pjx.battle.server.battle.buff.DoEffectFactory_CircleLimit
 797:            58           1392  com.pjx.module.creature.stargod.StarGodIdGenStrategyRandom$StarGodIdGenSubInfo
 798:            58           1392  javax.management.ObjectName$Property
 799:             1           1376  [Lsun.misc.FDBigInteger;
 800:            43           1376  com.pjx.battle.server.battle.buff.ext.ImmunityBuffFactory
 801:            43           1376  java.util.concurrent.SynchronousQueue$TransferQueue$QNode
 802:            86           1376  java.util.concurrent.ThreadPoolExecutor$DiscardPolicy
 803:             6           1368  [Lcom.altratek.altraserver.extensions.service.timeliness_activity.act.act2017.act20170728.magicformation.MagicFormationPet;
 804:            34           1360  com.altratek.altraserver.extensions.service.activity.passzijinhole.MonsterCharacter
 805:            48           1344  [Lcom.altratek.altraserver.extensions.service.activity.spacecreater.MonsterCharacter;
 806:            24           1344  com.altratek.altraserver.extensions.service.activity.Juggle
 807:            21           1344  com.altratek.altraserver.extensions.service.heroisland.buff.ext.MyselfSkill_AttackIncRatioByBout
 808:            42           1344  com.altratek.altraserver.extensions.service.pjx.kingroad150515.KingHallConfig$MyHallCreepMaster
 809:            14           1344  com.altratek.altraserver.extensions.service.pjx.player.Player
 810:            42           1344  com.altratek.altraserver.extensions.service.tower_thunder.TTMonsterTeamDefine
 811:            42           1344  com.altratek.altraserver.extensions.service.tower_thunder.TTMonsterTeamDefine$FightGroup
 812:            28           1344  com.pjx.module.creature.equipment.bean.WakeMaterialDefine
 813:            24           1344  java.util.concurrent.ConcurrentHashMap$ValueIterator
 814:            42           1344  java.util.regex.Pattern$Curly
 815:            33           1320  com.altratek.altraserver.extensions.service.activity.zhanhun.ZhanHunTeamDefine$MonsterCharacter
 816:            33           1320  com.altratek.altraserver.extensions.service.challenge.buffgetter.BuffGetter_DateRange
 817:            33           1320  com.altratek.altraserver.extensions.service.union.activity.boss.UnionBoss$MonsterCharacter
 818:            55           1320  java.io.FilePermissionCollection
 819:            55           1320  java.rmi.server.ObjID
 820:            41           1312  com.altratek.altraserver.extensions.service.qiqi.MsgBoxCentra$ActivityInfo
 821:            41           1312  java.security.BasicPermissionCollection
 822:            53           1304  [Lcom.pjx.battle.server.battle.skill.SkillDefine$PowerAttackType;
 823:            18           1296  com.altratek.altraserver.domain.User
 824:            54           1296  com.altratek.altraserver.extensions.service.temp.limit.OneoffLimit
 825:            18           1296  com.altratek.altraserver.extensions.service.userdisplay.UserDisplayDTO
 826:            54           1296  com.caucho.hessian.io.UnsafeDeserializer$StringFieldDeserializer
 827:            54           1296  com.pjx.battle.server.battle.buff.ext.ClearBuffByIdBuffFactory
 828:            27           1296  com.pjx.module.define.originaldefine.PsychicSkillBuffDefine
 829:            81           1296  com.sun.proxy.$Proxy23
 830:            54           1296  java.lang.RuntimePermission
 831:            40           1280  com.altratek.altraserver.extensions.service.arena.FightRankFormula
 832:            80           1280  jxl.format.PaperSize
 833:            39           1256  [Ljava.io.ObjectStreamField;
 834:            52           1248  com.altratek.altraserver.extensions.service.challenge.constant.ChallengeResult
 835:            39           1248  com.altratek.altraserver.extensions.service.configurable_activity.Balance_LongTimeDoneCount
 836:            39           1248  com.altratek.altraserver.extensions.service.temp.limit.LongTimeDoneLimit
 837:            39           1248  com.altratek.altraserver.extensions.service.vip.activity.val2014.ActivityConfig
 838:            52           1248  com.mysql.jdbc.authentication.MysqlClearPasswordPlugin
 839:            52           1248  com.mysql.jdbc.authentication.MysqlNativePasswordPlugin
 840:            52           1248  com.mysql.jdbc.authentication.MysqlOldPasswordPlugin
 841:            52           1248  com.pjx.battle.server.battle.buff.DoEffectFactory_CasterTargetHpV2
 842:            31           1240  com.altratek.altraserver.extensions.service.fishery.fishingmaster.FishingConfig$FishDefine
 843:            31           1240  com.altratek.altraserver.extensions.service.timeliness_activity.act.act2017.act20170609.poseback.PoseBackConfig$ClothesDefine
 844:            31           1240  com.sun.jmx.mbeanserver.MXBeanSupport
 845:             2           1232  [Lcom.altratek.altraserver.extensions.event.SynEventType;
 846:             7           1232  com.mysql.jdbc.JDBC42ResultSet
 847:            51           1224  com.altratek.altraserver.extensions.rmi.RmiDetail
 848:            51           1224  com.mysql.jdbc.NetworkResources
 849:            38           1216  com.pjx.battle.server.battle.buff.ext.PoisionExtraBuffFactory
 850:            38           1216  com.pjx.battle.server.battle.buff.ext.PoisionExtraBuffFactory$DamageConfig
 851:            38           1216  com.pjx.battle.server.battle.player.CharacterJob
 852:            68           1208  [Lsun.reflect.generics.tree.TypeArgument;
 853:            30           1200  com.altratek.altraserver.extensions.service.activity.holyweenfullvldeliver.Character
 854:            50           1200  com.altratek.altraserver.extensions.service.campaign.CampainEffect
 855:            50           1200  com.altratek.altraserver.extensions.service.petpark.fossilbreed.define.ExpProduct
 856:            25           1200  com.altratek.altraserver.extensions.service.task.data.step.StepClientCounter
 857:            75           1200  com.altratek.altraserver.extensions.service.title.TitleValidPeriod_Forever
 858:            30           1200  com.altratek.altraserver.extensions.service.treasurehall.achievement.AchievementInfo
 859:            50           1200  com.zaxxer.hikari.pool.HikariPool$$Lambda$5/2086615849
 860:            30           1200  java.time.temporal.ChronoField
 861:            49           1176  com.altratek.altraserver.extensions.service.material.doublecrop.DoubleCrop
 862:            49           1176  com.altratek.altraserver.extensions.service.petpark.archlgy.ArchlgyConfig$RateBonus
 863:            21           1176  com.altratek.altraserver.extensions.service.timelinessactivity.petskin.PetSkinDefine$PetSkinSummaryDefine
 864:            45           1168  [Ljavax.management.MBeanOperationInfo;
 865:             1           1152  [Lcom.altratek.altraserver.extensions.data.ActivityConfig;
 866:            12           1152  com.altratek.altraserver.extensions.config.ConfigProxy$ConfigProxyClassLoader
 867:            48           1152  com.altratek.altraserver.extensions.service.farm.FarmError
 868:            36           1152  com.altratek.altraserver.extensions.service.pjx.dragon.define.combine.DragonCombineGeneDefine$GeneInfo
 869:            72           1152  com.altratek.altraserver.message.response.XtResMessage$Amf3OutputStream
 870:            36           1152  com.pjx.module.buff.teambuff.TeamBuffCreatorFactory_BaseOnRaceId$TeamBuffCreator_BaseOnRaceId
 871:            18           1152  com.pjx.service.rankv2.RankV2Dao
 872:            36           1152  org.apache.log4j.ProvisionNode
 873:            47           1128  com.pjx.module.buff.skill.limit.creature.SkillCreatureLimitFactory_RaceTypeEffected$SkillCreatureEffectLimit_RaceTypeEffected
 874:            47           1128  java.security.spec.ECPoint
 875:            47           1128  java.util.concurrent.Executors$DefaultThreadFactory
 876:            28           1120  com.altratek.altraserver.extensions.service.fight.activity.gamengmengsuperevolve.GAMengMengSuperEvolveInfo$PhaseInfo
 877:            20           1120  com.altratek.altraserver.extensions.service.timeliness_activity.act.act2016.act20160205.huandongpose2miyou.HuanDongPose2MiYouConfig$ClothesDefine
 878:            46           1104  [Lcom.pjx.module.define.enumdefine.CreatureAttackType;
 879:            23           1104  com.altratek.altraserver.extensions.service.tower.magic.MonsterTeam
 880:            46           1104  com.altratek.altraserver.extensions.service.vip.activity.val2014.MaterialPrize
 881:            46           1104  com.baitian.app.RemoteNode
 882:            46           1104  com.baitian.app.common.client.CClient$DefaultRemoteClientMonitor
 883:            46           1104  com.baitian.app.common.client.ClientBuilder$RemoteHandler
 884:            34           1088  com.altratek.altraserver.extensions.service.tempactivity.supermarket1212.ItemContainer$Item
 885:            68           1088  com.pjx.module.buff.skill.limit.creature.SkillCreatureLimitFactory_SignEffected
 886:            34           1088  com.pjx.module.creature.equipment.bean.ExpProductDefine
 887:            34           1088  org.apache.log4j.helpers.PatternParser$BasicPatternConverter
 888:            68           1088  sun.reflect.generics.tree.ClassTypeSignature
 889:            37           1080  [Lcom.altratek.altraserver.extensions.service.material.data.MaterialCommonData;
 890:            45           1080  com.altratek.altraserver.extensions.base.RequestContext
 891:            45           1080  com.altratek.altraserver.extensions.service.material.service.use.ext.UseHandler_PingXingEvolve$EvolveConfig
 892:            27           1080  com.pjx.battle.server.battle.buff.ext.SuckDamage2PropertyBuffFactory$SuckDamageConfig
 893:            19           1064  com.altratek.altraserver.extensions.service.pjx.equipmentmaterial.MeetMonster
 894:             2           1056  [Ljava.lang.Short;
 895:            33           1056  com.altratek.altraserver.extensions.service.material.data.MaterialRandomData
 896:            12           1056  com.altratek.altraserver.extensions.service.petpark.PetParkExtension
 897:            33           1056  com.pjx.battle.server.battle.buff.ext.HasBuffThenAddBuffFactory
 898:            33           1056  com.pjx.module.creature.equipment.EquipConfig$WakeCostDefine
 899:            33           1056  com.pjx.rmi.obj.stall.StallGoodsDefine
 900:            33           1056  org.apache.commons.pool2.impl.BaseGenericObjectPool$StatsStore
 901:            44           1056  org.dom4j.tree.DefaultComment
 902:             1           1040  [Lcom.alibaba.fastjson.parser.SymbolTable$Entry;
 903:             1           1040  [Ljava.lang.Character$UnicodeBlock;
 904:            26           1040  com.altratek.altraserver.extensions.service.activity.dreammonster.DreamMonsterDefine$MonsterCharacter
 905:            26           1040  com.altratek.altraserver.extensions.service.qiqi.scoremall.PrizeClothes
 906:            26           1040  java.math.BigDecimal
 907:            43           1032  [Lcom.altratek.altraserver.extensions.db.DbNode;
 908:            43           1032  com.altratek.altraserver.extensions.db.DbManager
 909:            43           1032  com.altratek.altraserver.extensions.db.DbNode
 910:            43           1032  com.altratek.altraserver.extensions.service.setgain.RaceIdSetGain
 911:            43           1032  com.altratek.altraserver.extensions.service.title.UserTitle
 912:            43           1032  com.zaxxer.hikari.util.DriverDataSource
 913:            43           1032  java.lang.ThreadLocal$SuppliedThreadLocal
 914:            43           1032  java.util.concurrent.SynchronousQueue$TransferQueue
 915:            32           1024  com.altratek.altraserver.extensions.service.configurable_activity.Limit_VIP
 916:            16           1024  com.altratek.altraserver.extensions.service.heroisland.buff.ext.LeaderSkill_EwaiAttackRatio
 917:            32           1024  com.altratek.altraserver.extensions.service.temp.consume.LongTimeDoneConsume
 918:            32           1024  com.altratek.altraserver.extensions.service.temp.prize.MutexRandomCounterPrize$RateCount
 919:            64           1024  com.altratek.altraserver.extensions.service.temp.prize.TodayDoneDelPrize
 920:            32           1024  com.altratek.altraserver.extensions.service.timeliness_activity.act.act2017.act20170922.gaindiamondticket.DiamondTicket
 921:            32           1024  com.sun.jmx.mbeanserver.WeakIdentityHashMap$IdentityWeakReference
 922:            42           1008  [Lcom.altratek.altraserver.extensions.service.tower_thunder.TTMonsterTeamDefine$FightGroup;
 923:            42           1008  [Lcom.altratek.altraserver.extensions.service.tower_thunder.TTMonsterTeamDefine$WTowerMonster;
 924:            42           1008  [Lcom.altratek.altraserver.extensions.service.tower_thunder.TTMonsterTeamDefine;
 925:            42           1008  com.altratek.altraserver.extensions.service.petpark.PetParkResult
 926:            42           1008  com.altratek.altraserver.extensions.service.tower_thunder.TTMonsterTeamDefine$WTowerMonster
 927:            18           1008  com.altratek.altraserver.extensions.service.user.UserInfo
 928:            21           1008  com.pjx.battle.server.battle.buff.ext.Id2984BuffFactory
 929:            18           1008  com.pjx.battle.server.battle.buff.ext.MultiSuckProperty2PropertyBuffFactory$SuckPropertyConfig
 930:            25           1000  com.pjx.battle.server.battle.buff.ext.VigourTransferBuffFactory
 931:            25           1000  javax.management.MBeanOperationInfo
 932:            31            992  com.altratek.altraserver.extensions.service.fishery.fishingmaster.FishingConfig$FishDefine$Exchange
 933:            31            992  com.pjx.battle.server.battle.skill.ext.Sk_FilterTargetBySign
 934:            62            992  com.pjx.service.rank.RankDao$TopItemBuilder
 935:            62            992  com.pjx.service.rank.RankDao$TopItemLogBuilder
 936:            62            992  com.pjx.service.rank.TopItem$TopItemComparator
 937:            31            992  java.time.format.DateTimeFormatterBuilder$NumberPrinterParser
 938:            31            992  sun.security.util.DerInputBuffer
 939:            31            992  sun.security.util.DerValue
 940:            29            984  [Ljava.time.format.DateTimeFormatterBuilder$DateTimePrinterParser;
 941:            41            984  com.altratek.altraserver.extensions.service.activity.compete.CompeteScoreConfig$CompeteScore
 942:            41            984  com.altratek.altraserver.extensions.service.ridepet.RidePet
 943:            40            976  [Lcom.altratek.altraserver.extensions.service.pay.DiamondExchangeType;
 944:            61            976  com.altratek.altraserver.extensions.service.rank.entity.CommonConvert
 945:            24            960  com.altratek.altraserver.extensions.service.activity.aoqisecretcompete.AoqiSecretCompeteService$StartActivityTask
 946:            40            960  com.altratek.altraserver.extensions.service.activity.cgcatchanllenge.CGCatChallengeConfig$Prize
 947:            30            960  com.altratek.altraserver.extensions.service.activity.holyweenfullvldeliver.Monster
 948:            30            960  com.altratek.altraserver.extensions.service.activity.holyweenfullvldeliver.Team
 949:            30            960  com.altratek.altraserver.extensions.service.activity.swordofking.SwordOfKingDefine$Combine
 950:            24            960  com.altratek.altraserver.extensions.service.challenge.branch.info.ChoosePetInfoMap$ChoosePetInfo
 951:            40            960  com.altratek.altraserver.extensions.service.challenge.strategy.ext.Strategy_125_Recycle
 952:            12            960  com.altratek.altraserver.extensions.service.heroisland.HeroIslandExtension
 953:            15            960  com.altratek.altraserver.extensions.service.heroisland.buff.ext.LeaderSkill_DamageIncFixed
 954:            12            960  com.altratek.altraserver.extensions.service.login.activity.LoginActivityExtension
 955:            24            960  com.altratek.altraserver.extensions.service.material.service.use.ext.UseHandler_ExpFruit
 956:            12            960  com.altratek.altraserver.extensions.service.petpark.fossilbreed.FossilBreedExtension
 957:            30            960  com.altratek.altraserver.extensions.service.pjx.kingroad.super6.Chapter2Define$Monster
 958:            24            960  com.altratek.altraserver.extensions.service.section.function.RatePrizeFunction$RatePrizeItem
 959:            20            960  com.altratek.altraserver.extensions.service.task.data.step.StepSelectBonus
 960:            24            960  com.altratek.altraserver.extensions.service.tempactivity.knighterrant20140124.UserInfo
 961:            40            960  com.altratek.altraserver.extensions.service.timeliness_activity.act.act2017.act20170721.kulashou.KuLaShouConst$SubConfig
 962:            30            960  java.lang.invoke.DirectMethodHandle$Special
 963:            30            960  java.security.Provider$EngineDescription
 964:            17            952  java.util.concurrent.ConcurrentHashMap$EntryIterator
 965:            39            936  com.zaxxer.hikari.pool.HikariPool$HouseKeeper
 966:            39            936  java.sql.JDBCType
 967:            39            936  sun.misc.URLClassPath$FileLoader
 968:            29            928  com.altratek.altraserver.extensions.service.configurable_activity.Balance_DispatchEvent
 969:            29            928  com.altratek.altraserver.extensions.service.petpark.newarchlgy.map.NewArchlgyGrid
 970:            38            912  com.altratek.altraserver.extensions.service.arena.globalarena.topperfect.PetInfoReader$PetJobDefine
 971:            38            912  com.altratek.altraserver.extensions.service.detect.DetectType
 972:            38            912  com.altratek.altraserver.extensions.service.petpark.specialsalestore.SpecialSaleGoodDefine$Costume
 973:            19            912  com.altratek.altraserver.extensions.service.pjx.kingroad150515.KingRoad150515Config$MonsterBonusDefine
 974:            38            912  com.pjx.battle.server.battle.buff.DoEffectFactory_CasterTargetVigour
 975:            38            912  com.pjx.module.creature.equipment.EquipConfig$Range
 976:            38            912  java.util.concurrent.Executors$DelegatedScheduledExecutorService
 977:            19            912  sun.management.DiagnosticCommandInfo
 978:            14            896  com.altratek.altraserver.extensions.service.arena.globalarena.GlobalArenaZoneInfo
 979:            28            896  com.altratek.altraserver.extensions.service.task.constant.TaskStepType
 980:            14            896  com.caucho.hessian.client.HessianProxyFactory
 981:            16            896  java.util.ResourceBundle$CacheKey
 982:            16            896  javax.management.openmbean.ArrayType
 983:            37            888  com.altratek.altraserver.extensions.service.qiqi.scoremall.FormulaCommonMaterials
 984:            37            888  com.altratek.altraserver.extensions.service.vip.activity.va20xx.MaterialPrize
 985:            10            880  com.altratek.altraserver.extensions.service.heroisland.fairy.Hero.Hero
 986:            22            880  com.altratek.altraserver.extensions.service.tower.magic.MagicTowerFloorDefine
 987:            55            880  com.pjx.module.buff.teambuff.TeamBuffCreatorFactory_OneRaceIdAsTeam
 988:            20            872  [Lcom.pjx.service.globalarena.RankGroup;
 989:            36            864  com.altratek.altraserver.extensions.service.campaign.Campaign$HourMinuteRange
 990:            27            864  com.altratek.altraserver.extensions.service.challenge.extprocessor.ext.Ext_125_BuyPlayTime
 991:            18            864  com.altratek.altraserver.extensions.service.farm.FarmGlobalInfo
 992:            12            864  com.altratek.altraserver.extensions.service.homeland.HomeLandExtension
 993:            27            864  com.altratek.altraserver.extensions.service.livecommenting.LiveCommentTarget$TargetCommon
 994:            18            864  com.altratek.altraserver.extensions.service.material.service.goods.RandFormula
 995:            18            864  com.altratek.altraserver.extensions.service.npcbuddy.NpcBuddy
 996:            12            864  com.altratek.altraserver.extensions.service.petpark.archlgy.ArchlgyExtension
 997:            12            864  com.altratek.altraserver.extensions.service.petpark.stablebreed.StableBreedExtension
 998:            36            864  com.altratek.altraserver.extensions.service.pjx.familybless.BlessLevelDefine
 999:            36            864  com.altratek.altraserver.extensions.service.temp.consume.SetTodayDoneCounterConsume
1000:            36            864  com.altratek.altraserver.extensions.service.tempactivity.shenpocall.ShenPoCallConfig$MaterialInfo
1001:            36            864  com.altratek.altraserver.extensions.service.timeliness_activity.act.act2017.act20170217.schoolopeninvest.SchoolOpenInvestInfo$InvestInfo
1002:            54            864  com.altratek.altraserver.extensions.service.timeliness_activity.act.act2017.act20170526.universalactiverank.ActiveRankRacePair
1003:            12            864  com.altratek.altraserver.extensions.service.treasurehall.TreasureHallUserInfo
1004:            12            864  com.altratek.altraserver.extensions.service.union.UnionExtension
1005:            36            864  com.altratek.altraserver.extensions.state.donecouter.cache.CacheDoneCounter
1006:            54            864  com.caucho.hessian.io.BasicDeserializer
1007:            36            864  com.pjx.battle.server.battle.buff.ext.BuffImmuneBuffFactory
1008:            27            864  com.pjx.battle.server.battle.buff.ext.SuckDamage2PropertyBuffFactory
1009:            36            864  com.pjx.service.rankv2.RankV2Table$SortColumn
1010:            36            864  java.util.regex.Pattern$5
1011:            53            848  com.mysql.jdbc.log.StandardLogger
1012:            53            848  com.pjx.battle.server.battle.buff.ext.ReboundDamageBuffFactory$EmptyReboundType
1013:            53            848  sun.rmi.server.UnicastRef
1014:            15            840  com.altratek.altraserver.extensions.service.activity.rollfight.RollMonsterDefine
1015:            15            840  com.altratek.altraserver.extensions.service.mainpetultraevolve.MainPetUltraEvolveConfig$BossConfig
1016:            21            840  com.altratek.altraserver.extensions.service.timeliness_activity.act.act2017.act20170616.developmenttasks.DevelopmenttasksConfig$Task
1017:            35            840  com.mysql.jdbc.ByteArrayRow
1018:            21            840  com.pjx.service.userstate.UserStateOperate
1019:            35            840  com.sun.jmx.mbeanserver.NamedObject
1020:            21            840  sun.util.locale.BaseLocale$Key
1021:             2            832  [Ljava.util.concurrent.atomic.AtomicInteger;
1022:            13            832  com.altratek.altraserver.extensions.service.allroundpk.AllRoundPKInfo
1023:            26            832  com.altratek.altraserver.extensions.service.challenge.extprocessor.ext.Ext_28_BuySoul
1024:            26            832  com.altratek.altraserver.extensions.service.challenge.extprocessor.ext.Ext_28_OpenEvolve
1025:            26            832  com.altratek.altraserver.extensions.service.challenge.extprocessor.ext.Ext_28_SetFollow
1026:            26            832  com.altratek.altraserver.extensions.service.fb.FbUserInfo$FbInfo
1027:            13            832  com.altratek.altraserver.extensions.service.heroisland.buff.ext.LeaderSkill_HarmDecRatio
1028:            13            832  com.altratek.altraserver.extensions.service.heroisland.buff.ext.MyselfSkill_DamageIncFixed
1029:            26            832  com.altratek.altraserver.extensions.service.timeliness_activity.act.act2017.act20170126.zodiacflop.LotteryNode$ZFPrize
1030:            26            832  com.pjx.battle.server.battle.buff.ext.LimitAddBuffBuffFactory
1031:            26            832  com.pjx.battle.server.battle.skill.affix.LimitFactory_IfHpCondition$Limit_IfHpCondition
1032:            13            832  redis.clients.jedis.JedisShardInfo
1033:            17            816  com.altratek.altraserver.extensions.service.pjx.kingroad.lizhiyin.Chapter2Define$Character
1034:            17            816  com.danga.MemCached.MemCachedClient
1035:            34            816  com.pjx.battle.server.battle.buff.ext.PropertyTransferBuffFactory
1036:            34            816  com.pjx.battle.server.battle.buff.ext.StateBuffFactory
1037:            34            816  com.pjx.module.creature.equipment.EquipConfig$TypeAndId
1038:            51            816  java.rmi.server.RemoteObjectInvocationHandler
1039:            34            816  java.util.regex.Pattern$1
1040:            25            800  com.altratek.altraserver.extensions.db.IdGenerator$IdInfo
1041:            20            800  com.altratek.altraserver.extensions.service.arena.globalarena.GlobalArenaLastZoneRank
1042:            25            800  com.altratek.altraserver.extensions.service.challenge.extprocessor.ext.Ext_125_Formation
1043:            25            800  com.pjx.battle.server.battle.buff.ext.AddVigourBuffFactory
1044:            20            800  com.pjx.service.globalarena.GlobalArenaU2PDao
1045:            25            800  javax.management.MBeanParameterInfo
1046:            33            792  [Lcom.pjx.module.creature.equipment.EquipConfig$Range;
1047:            33            792  [Lcom.pjx.rmi.obj.stall.StallCatalog;
1048:            33            792  com.altratek.altraserver.extensions.service.arena.FR_FormulaLimitFactory_OneOff$FR_FormulaLimit_OneOff
1049:            33            792  com.altratek.altraserver.extensions.service.material.service.gather.GatherDefine
1050:            33            792  com.pjx.rmi.obj.stall.StallCatalog
1051:            49            784  sun.rmi.server.UnicastRef2
1052:            49            784  sun.rmi.transport.DGCImpl_Stub
1053:            12            768  com.altratek.altraserver.extensions.service.activity.peipeigaoget.PeiPeiGaoGetExtension
1054:            12            768  com.altratek.altraserver.extensions.service.aoqilabel.AoQiLabelUserInfo$1
1055:            12            768  com.altratek.altraserver.extensions.service.arena.ArenaExtension
1056:            48            768  com.altratek.altraserver.extensions.service.campaign.EffectFeatureCommon
1057:            24            768  com.altratek.altraserver.extensions.service.fight.helper.myform.MyFormService
1058:            12            768  com.altratek.altraserver.extensions.service.greatsearoute.UserNavigateInfo
1059:            12            768  com.altratek.altraserver.extensions.service.material.MaterialExtension
1060:            12            768  com.altratek.altraserver.extensions.service.nobleclub.NobleClubExtension
1061:            12            768  com.altratek.altraserver.extensions.service.petpark.marketv2.MarketV2Extension
1062:            32            768  com.altratek.altraserver.extensions.service.richman.RichManConfig$ConditionPrize
1063:            16            768  com.altratek.altraserver.extensions.service.task.data.step.StepFightTaskMonster
1064:            24            768  com.altratek.altraserver.extensions.service.tempactivity.mediumpetseries.PetGainInfo
1065:            24            768  com.altratek.altraserver.extensions.service.tempactivity.supermarket1212.SuperMarket1212Config$SuitDefine
1066:            12            768  com.altratek.altraserver.extensions.service.timeliness_activity.act.act2017.act20170721.kulashou.KuLaShouInfo
1067:            24            768  com.altratek.altraserver.extensions.service.timeliness_activity.act.act2017.act20171013.summonerpower.SummonerPowerPetInfo
1068:            12            768  com.altratek.altraserver.extensions.service.tower.TowerExtension
1069:            16            768  com.altratek.altraserver.extensions.service.tower.fengshen.define.MonsterTeam
1070:            12            768  com.altratek.altraserver.extensions.service.union.UnionTaskExtension
1071:            32            768  com.pjx.battle.server.battle.player.AttributeRestraint$RaceTypeInfo
1072:            32            768  com.pjx.module.creature.equipment.bean.WakeMaterialDefine$Range
1073:            32            768  com.sun.jmx.mbeanserver.DefaultMXBeanMappingFactory$IdentityMapping
1074:            24            768  java.io.FileOutputStream
1075:            16            768  java.util.ResourceBundle$BundleReference
1076:            32            768  java.util.regex.Pattern$GroupHead
1077:            32            768  java.util.regex.Pattern$GroupTail
1078:            24            768  sun.font.EAttribute
1079:            24            768  sun.security.x509.OIDMap$OIDInfo
1080:            23            760  [Lcom.altratek.altraserver.extensions.service.tower.magic.MonsterCharacter;
1081:            19            760  com.altratek.altraserver.extensions.service.allroundpk.AllRoundPKConfig$LevelUpDefine
1082:            19            760  com.altratek.altraserver.extensions.service.timelinessactivity.powerup26w.PowerUp26wTask
1083:            19            760  com.altratek.altraserver.extensions.service.userdisplay.UserDisplay
1084:            47            752  com.pjx.module.buff.skill.limit.creature.SkillCreatureLimitFactory_RaceTypeEffected
1085:            47            752  com.sun.proxy.$Proxy6
1086:            31            744  com.altratek.altraserver.Session$OutMsgs
1087:            31            744  com.altratek.altraserver.UserMapEntry
1088:            31            744  com.altratek.altraserver.extensions.service.fishery.fishingmaster.FishingConfig$ToolDefine$CatchRate
1089:            31            744  sun.security.util.DerInputStream
1090:            23            736  com.altratek.altraserver.extensions.service.fight.activity.hanjiabestpetdeliver.HanJiaBestPetDeliverService$BossDefine
1091:            23            736  com.altratek.altraserver.extensions.service.tower.magic.Monster
1092:            46            736  com.baitian.app.common.client.CClient$DefaultCommonRemoteClientWrapper
1093:            46            736  java.util.Hashtable$EntrySet
1094:            13            728  com.altratek.altraserver.domain.Zone
1095:            13            728  com.altratek.altraserver.extensions.service.timelinessactivity.chenchenpartner.ChenChenPartnerInfo
1096:            13            728  com.altratek.altraserver.extensions.service.union.activity.boss.UnionBoss
1097:            30            720  [Lcom.altratek.altraserver.extensions.service.activity.holyweenfullvldeliver.Character;
1098:            30            720  [Lcom.altratek.altraserver.extensions.service.activity.holyweenfullvldeliver.Monster;
1099:            18            720  [Lcom.altratek.altraserver.extensions.service.allstar.monsterhelper.MonsterCharacter;
1100:            45            720  com.altratek.altraserver.extensions.data.UserWrapper
1101:            30            720  com.altratek.altraserver.extensions.service.activity.cgcatchanllenge.CGCatChallengeConfig$Wish
1102:            15            720  com.altratek.altraserver.extensions.service.challenge.extprocessor.ext.Ext_58_AfterFight
1103:            15            720  com.altratek.altraserver.extensions.service.pjx.base.define.pet.define.BattleItemDefine
1104:            30            720  com.altratek.altraserver.extensions.service.temp.prize.HolidayOrWorkdayPrize
1105:            30            720  com.altratek.altraserver.extensions.service.timeliness_activity.act.act2016.act20161028.halloweentower.HalloweenTowerConfig$TowerGuard
1106:            30            720  com.altratek.altraserver.extensions.service.timelinessactivity.aoqihotelwar.define.FriendSkill
1107:            30            720  com.altratek.altraserver.extensions.service.tower.zhandouli.ZDLTowerTeam
1108:            18            720  com.altratek.altraserver.extensions.service.userdisplay.UserDisplayDBD
1109:            30            720  com.pjx.battle.server.battle.buff.DoEffectFactory_CasterTargetValidator
1110:            18            720  com.pjx.battle.server.battle.buff.ext.MultiSuckProperty2PropertyBuffFactory$ToPropertyConfig
1111:            45            720  com.pjx.module.buff.skill.limit.battleplayer.SkillBattlePlayerLimitFactory_RaceTypeCreature
1112:            10            720  com.pjx.service.homeland.define.HomeLandLevelDefine
1113:            18            720  com.pjx.service.rankv2.RankV2Define
1114:            18            720  com.pjx.service.rankv2.RankV2Table
1115:            15            720  java.beans.BeanDescriptor
1116:            15            720  java.lang.management.PlatformComponent
1117:            45            720  java.util.Collections$UnmodifiableCollection
1118:            10            720  org.apache.log4j.spi.LoggingEvent
1119:            15            720  sun.misc.URLClassPath
1120:            22            704  com.altratek.altraserver.extensions.service.arena.globalarena.GlobalArenaZoneDefineWrap
1121:            44            704  com.altratek.altraserver.extensions.service.setgain.ext.ChallengeWithOpenDataSetGain
1122:            22            704  com.pjx.battle.server.battle.skill.affix.LimitFactory_IfHasSignDeadBeTarget$Limit_IfHasSignDeadBeTarget
1123:            22            704  com.pjx.service.globalarena.GlobalArenaZoneDao
1124:            22            704  com.pjx.service.union.UnionOps
1125:            29            696  [Lsun.security.x509.AVA;
1126:            29            696  com.altratek.altraserver.extensions.service.achievement.detectext.A_DetectCollectCreatureGroup$DetectProgressCollectMultiShapeCreature
1127:            29            696  com.pjx.battle.server.battle.buff.ext.TerminateBattleFieldBuffFactory
1128:            29            696  com.sun.jmx.mbeanserver.PerInterface$MethodAndSig
1129:            29            696  java.io.OutputStreamWriter
1130:            29            696  java.time.format.DateTimeFormatterBuilder$CompositePrinterParser
1131:            29            696  sun.security.x509.AVA
1132:            29            696  sun.security.x509.RDN
1133:            43            688  com.pjx.common.datasourcepool.HikariCPDataSourcePool
1134:            43            688  com.zaxxer.hikari.pool.PoolBase$NopMetricsTrackerDelegate
1135:            43            688  com.zaxxer.hikari.pool.PoolBase$SynchronousExecutor
1136:            43            688  java.util.Hashtable$KeySet
1137:            43            688  java.util.concurrent.ThreadPoolExecutor$CallerRunsPolicy
1138:            43            688  java.util.concurrent.atomic.AtomicReference
1139:            17            680  com.altratek.altraserver.extensions.service.singleboss.MonsterCharacter
1140:            17            680  java.time.format.DateTimeFormatter
1141:            17            680  org.apache.log4j.helpers.PatternParser$DatePatternConverter
1142:            28            672  [Lcom.pjx.module.creature.equipment.bean.WakeMaterialDefine$Range;
1143:             1            672  [Lredis.clients.jedis.Protocol$Command;
1144:            21            672  com.altratek.altraserver.extensions.service.achievement.detectext.A_DetectDragonGain$DetectProgressDragonGain
1145:            12            672  com.altratek.altraserver.extensions.service.activity.TempExtension
1146:            12            672  com.altratek.altraserver.extensions.service.activity.suikongsuperevolve.SuiKongEvolutionExtension
1147:            12            672  com.altratek.altraserver.extensions.service.activity.superkonghuang.SuperKongHuangInfo
1148:            21            672  com.altratek.altraserver.extensions.service.arena.globalarena.summerarena.SummerArenaConfig$RankInfo
1149:            12            672  com.altratek.altraserver.extensions.service.fight.activity.hotbloodmengmengsuperevolve.HotBloodMengMengSuperEvolveExtension
1150:            12            672  com.altratek.altraserver.extensions.service.fight.activity.nuoyanewsuperevolve.NuoYaNewSuperEvolveExtension
1151:            12            672  com.altratek.altraserver.extensions.service.fight.activity.qilinsuperevolve.QiLinSuperEvolveExtension
1152:            12            672  com.altratek.altraserver.extensions.service.fight.activity.whitetigersuperevolve.WhiteTigerSuperEvolveExtension
1153:            12            672  com.altratek.altraserver.extensions.service.fight.activity.yeyeevolve.YeyeEvolveExtension
1154:            12            672  com.altratek.altraserver.extensions.service.fight.activity.zhuquesuperevolve.ZhuQueSuperEvolveExtension
1155:            12            672  com.altratek.altraserver.extensions.service.log.LogExtension
1156:            12            672  com.altratek.altraserver.extensions.service.mainpetultraevolve.MainPetUltraEvolveExtension
1157:            28            672  com.altratek.altraserver.extensions.service.material.extend.flower.UserFlower
1158:            14            672  com.altratek.altraserver.extensions.service.material.extend.shootcard.ShootCard
1159:            12            672  com.altratek.altraserver.extensions.service.pay.activity.PayActivityExtension
1160:            12            672  com.altratek.altraserver.extensions.service.petgift.PetGiftUserInfo
1161:            28            672  com.altratek.altraserver.extensions.service.petpark.petfeedplan.PetFeedPlanConfig$PetFeedPet
1162:            28            672  com.altratek.altraserver.extensions.service.pjx.dragon.define.DragonQualityDefine
1163:            28            672  com.altratek.altraserver.extensions.service.pjx.dragon.define.combine.DragonCombineDefineIdDefine
1164:            28            672  com.altratek.altraserver.extensions.service.pjx.player.PlayerPacks$PlayerPack
1165:            12            672  com.altratek.altraserver.extensions.service.realname.RealNameExtension
1166:            28            672  com.altratek.altraserver.extensions.service.task.data.AssistantParam
1167:            14            672  com.altratek.altraserver.extensions.service.task.data.step.StepAddBehavior
1168:            28            672  com.altratek.altraserver.extensions.service.tempactivity.roadofduoduoka20130919.ExtraPrizeConfig
1169:            12            672  com.altratek.altraserver.extensions.service.timeliness_activity.act.act2017.act20170623.diamondtask.DiamondTaskInfo
1170:            12            672  com.altratek.altraserver.extensions.service.timeliness_activity.act.act2017.act20170825.creategodfight.CreateGodFightInfo
1171:            12            672  com.altratek.altraserver.extensions.service.timelinessactivity.snboss.SnBossInfo
1172:            14            672  com.altratek.altraserver.extensions.service.tower.exptower2016.TeamModeTowerInfo
1173:            21            672  com.altratek.altraserver.extensions.service.vip.activity.va20xx.ActivityConfig
1174:            28            672  com.caucho.hessian.io.UnsafeDeserializer$ObjectFieldDeserializer
1175:            28            672  com.pjx.battle.server.battle.buff.ext.BuffCreateBuffFactory$MyEffectSide
1176:            12            672  com.pjx.battle.server.battle.buff.ext.PropertyChangeExtBuffFactory$ZhanDouLiDoubleValue
1177:            21            672  com.pjx.service.battle.BattleResultDao
1178:            42            672  java.util.Collections$UnmodifiableSet
1179:            21            672  java.util.Locale
1180:            12            672  java.util.concurrent.ConcurrentHashMap$KeyIterator
1181:            21            672  org.apache.log4j.PatternLayout
1182:            21            672  sun.reflect.annotation.AnnotationType
1183:            21            672  sun.reflect.generics.reflectiveObjects.TypeVariableImpl
1184:            21            672  sun.util.locale.BaseLocale
1185:            28            664  [Ljava.security.cert.Certificate;
1186:             9            648  com.pjx.service.homeland.HomeLandCommonInfo
1187:            20            640  com.altratek.altraserver.extensions.service.activity.kongfupenguin.task.KongfuTaskDefine
1188:            20            640  com.altratek.altraserver.extensions.service.challenge.buffgetter.BuffGetter_RaceType
1189:            20            640  com.altratek.altraserver.extensions.service.challenge.extprocessor.ext.Ext_28_AddSoul
1190:            20            640  com.altratek.altraserver.extensions.service.challenge.extprocessor.ext.Ext_28_CheckFightToday
1191:            16            640  com.altratek.altraserver.extensions.service.fightdrillfield.PhaseInfo
1192:            10            640  com.altratek.altraserver.extensions.service.heroisland.buff.ext.LeaderSkill_HpBackRatio
1193:             8            640  com.altratek.altraserver.extensions.service.pjx.creature.Creature
1194:            20            640  com.altratek.altraserver.extensions.service.timelinessactivity.clothesofking.KingClothesDefine
1195:            16            640  com.altratek.altraserver.extensions.service.timelinessactivity.newhandpowerup.NewHandPowerUpTask
1196:            20            640  com.altratek.altraserver.extensions.service.treasurehall.level.LevelInfo
1197:            16            640  com.altratek.altraserver.extensions.service.vip.chargereturn.ReturnBonus
1198:            10            640  com.caucho.hessian.io.SerializerFactory
1199:            16            640  com.pjx.battle.server.battle.buff.ext.SuckDamageThenReBoundBuffFactory$NumValue
1200:            20            640  com.pjx.module.creature.potential.PotentialInsureLvUpStrategyDefine
1201:            20            640  com.pjx.service.globalarena.GlobalArenaP2UDao
1202:            20            640  org.apache.log4j.varia.LevelRangeFilter
1203:            29            632  [Lsun.reflect.generics.tree.FieldTypeSignature;
1204:             3            624  [Ljava.lang.invoke.LambdaForm;
1205:            13            624  com.altratek.altraserver.extensions.service.buddy.nearbuddy.familarity.FamilarityItem
1206:            13            624  com.altratek.altraserver.extensions.service.farm.FarmItemDefine
1207:            13            624  com.altratek.altraserver.extensions.service.fight.activity.zhuquesuperevolve.ZhuQueSuperEvolveConfig$ChallengeDefine
1208:            26            624  com.altratek.altraserver.extensions.service.nobleclub.wishtable.WishTableBean
1209:            26            624  com.altratek.altraserver.extensions.service.task.data.bonus.TaskBonus_UserSelect
1210:            13            624  com.altratek.altraserver.extensions.service.treasurehall.DigTreasureInfo
1211:            26            624  com.caucho.hessian.io.UnsafeDeserializer$IntFieldDeserializer
1212:            13            624  com.pjx.battle.server.battle.buff.ext.PoisionAfterAttackBuffFactory
1213:            26            624  com.pjx.battle.server.battle.skill.affix.LimitFactory_IfHasDeadBeTarget$Limit_IfHasDeadBeTarget
1214:            39            624  com.pjx.common.util.ConcurrentHashSet
1215:            26            624  java.security.spec.ECFieldF2m
1216:            19            608  com.altratek.altraserver.extensions.service.pjx.kingroad150515.KingRoad150515Config$ExchangeConfig
1217:            19            608  com.altratek.altraserver.extensions.service.timelinessactivity.powerup26w.PowerUp26wTask$Prize
1218:            19            608  com.pjx.battle.server.battle.buff.ext.BloodSuckBuffFactory
1219:            19            608  com.pjx.battle.server.battle.validator.CharacterValidator$BuffCountExpress
1220:            19            608  sun.management.DiagnosticCommandImpl$Wrapper
1221:            38            608  sun.rmi.transport.DGCClient$EndpointEntry$RenewCleanThread
1222:            25            600  com.altratek.altraserver.extensions.rmi.RemoteServiceProvider
1223:            15            600  com.altratek.altraserver.extensions.service.activity.rollfight.RollMonsterDefine$MonsterCharacter
1224:            25            600  com.altratek.altraserver.extensions.service.challenge.buffgetter.ext.BuffGetter_125_AddEnemyBuff
1225:            25            600  com.altratek.altraserver.extensions.service.petpark.fossilbreed.db.FossilBreedCache$GainPetTimes
1226:            25            600  com.altratek.altraserver.extensions.service.tempactivity.xiaokong20130117.XiaokongConfig$PhasePrize
1227:            25            600  com.altratek.altraserver.extensions.service.timelinessactivity.luckysuperevovle.fight.LuckyFightConfig$TeamDefine
1228:            15            600  com.pjx.battle.server.battle.buff.ext.IngoreDefenseBuffFactory
1229:            15            600  com.sun.jmx.mbeanserver.PerInterface
1230:            15            600  java.beans.GenericBeanInfo
1231:            25            600  java.util.TaskQueue
1232:            25            600  java.util.Timer
1233:            12            576  com.altratek.altraserver.extensions.service.activity.aoqisecretcompete.AoqiSecretCompeteExtension
1234:            12            576  com.altratek.altraserver.extensions.service.activity.bosschallenge.BossChallengeInfo
1235:            12            576  com.altratek.altraserver.extensions.service.activity.cgcatchanllenge.CGCatChallengeInfo
1236:            12            576  com.altratek.altraserver.extensions.service.activity.xicongtianjiang.XiCongTianJiangInfo
1237:            18            576  com.altratek.altraserver.extensions.service.allstar.monsterhelper.Monster
1238:            12            576  com.altratek.altraserver.extensions.service.arena.globalarena.GlobalArenaCommonInfo
1239:            12            576  com.altratek.altraserver.extensions.service.auctioncenter.AuctionCenterExtension
1240:            12            576  com.altratek.altraserver.extensions.service.boss.BossExtension
1241:            12            576  com.altratek.altraserver.extensions.service.buddy.BuddyExtension
1242:            24            576  com.altratek.altraserver.extensions.service.buddy.BuddyResult
1243:            12            576  com.altratek.altraserver.extensions.service.challenge.act.act83.Act83Info
1244:            18            576  com.altratek.altraserver.extensions.service.challenge.extprocessor.ext.Ext_111_SetEnemy
1245:            18            576  com.altratek.altraserver.extensions.service.challenge.teamselecter.ext.Selecter_ResistRevenge
1246:            12            576  com.altratek.altraserver.extensions.service.chat.ChatExtension
1247:            12            576  com.altratek.altraserver.extensions.service.dragontown.DragonTownExtension
1248:            12            576  com.altratek.altraserver.extensions.service.farm.activity.FarmActivityExtension
1249:            12            576  com.altratek.altraserver.extensions.service.fb.FbExtension
1250:            12            576  com.altratek.altraserver.extensions.service.fb.FbUserInfo
1251:            24            576  com.altratek.altraserver.extensions.service.fight.activity.baixingfight.BaiXingFightConfig$BXF_BossInfo
1252:            12            576  com.altratek.altraserver.extensions.service.fight.activity.dragongoddessfight.DragonGoddessFightExtension
1253:            12            576  com.altratek.altraserver.extensions.service.fight.activity.qianniaosuperevolve.QianNiaoSuperEvolveInfo
1254:            12            576  com.altratek.altraserver.extensions.service.fight.activity.sgflsuperevolution.SgflsuperevolutionInfo
1255:            12            576  com.altratek.altraserver.extensions.service.fight.activity.xuanwusuperevolve.XuanWuSuperEvolveExtension
1256:            18            576  com.altratek.altraserver.extensions.service.fight.helper.fightbuff.ext.WithAllWhenRaceExistBuffWrapContainer
1257:            36            576  com.altratek.altraserver.extensions.service.fight.helper.myplayer.MyPlayerService
1258:            12            576  com.altratek.altraserver.extensions.service.fightdrillfield.FightDrillFieldExtension
1259:            12            576  com.altratek.altraserver.extensions.service.fishery.FisheryExtension
1260:            12            576  com.altratek.altraserver.extensions.service.freshman.FreshManInfo
1261:            18            576  com.altratek.altraserver.extensions.service.homeland.UserHomeLandInfo
1262:            12            576  com.altratek.altraserver.extensions.service.homeland.homelandparty.UserHomeLandPartyInfo
1263:            12            576  com.altratek.altraserver.extensions.service.lottery.LotteryExtension
1264:             9            576  com.altratek.altraserver.extensions.service.material.extend.materialcount.MaterialCount
1265:            18            576  com.altratek.altraserver.extensions.service.material.helper.AuditLogCollectorHelper$OpType
1266:            18            576  com.altratek.altraserver.extensions.service.npcbuddy.NpcBuddyDailyState
1267:            12            576  com.altratek.altraserver.extensions.service.petpark.global.PetParkGlobalExtension
1268:            24            576  com.altratek.altraserver.extensions.service.pjx.dragonsoul.v2.SoulDefine
1269:            12            576  com.altratek.altraserver.extensions.service.qiqi.QiQiExtension
1270:            12            576  com.altratek.altraserver.extensions.service.questionnaire.QuestionNaireExtension
1271:            18            576  com.altratek.altraserver.extensions.service.rankv2.LocalRankV2Top
1272:            12            576  com.altratek.altraserver.extensions.service.recommend.RecommendExtension
1273:            12            576  com.altratek.altraserver.extensions.service.singleboss.SingleBossExtension
1274:            12            576  com.altratek.altraserver.extensions.service.smallgame.GameDefine
1275:            12            576  com.altratek.altraserver.extensions.service.smallgame.SmallGameExtension
1276:            12            576  com.altratek.altraserver.extensions.service.superstar.SuperStarExtension
1277:            12            576  com.altratek.altraserver.extensions.service.team.TeamExtension
1278:            12            576  com.altratek.altraserver.extensions.service.team.teamarena.TeamArenaInfo
1279:            24            576  com.altratek.altraserver.extensions.service.tempactivity.mediumpetseries.MediumPetSeriesUserInfo$ActivityInfo
1280:            12            576  com.altratek.altraserver.extensions.service.tempactivity.strenthenstar.Task
1281:            12            576  com.altratek.altraserver.extensions.service.tempactivity.wisdomcompete20140808.CompeteItem
1282:            12            576  com.altratek.altraserver.extensions.service.timeliness_activity.act.act2017.act20170120.sgflsuperjobevolve.SGFLSuperJobEvolveInfo
1283:            12            576  com.altratek.altraserver.extensions.service.timeliness_activity.act.act2017.act20170217.clergystar.ClergyStarInfo
1284:            12            576  com.altratek.altraserver.extensions.service.timelinessactivity.outfairysummerhappy.OutFairySummerHappyExtension
1285:            24            576  com.altratek.altraserver.extensions.service.union.activity.boss.IPrize$CommonPrize
1286:            12            576  com.altratek.altraserver.extensions.service.vip.VipExtension
1287:            12            576  com.altratek.altraserver.extensions.service.voting.VotingExtension
1288:            12            576  com.pjx.battle.server.battle.buff.ext.Id6808BuffFactory$TransformDefine
1289:            12            576  com.pjx.battle.server.battle.buff.ext.PropertyChangeExtBuffFactory$CurHpIntegerValue
1290:            18            576  com.pjx.module.buff.skill.limit.battleplayer.SkillBattlePlayerLimitFactory_SignCreature$SkillBattlePlayerEffectLimit_RaceTypeCreature
1291:            36            576  com.pjx.module.buff.teambuff.TeamBuffCreatorFactory_BaseOnRaceId
1292:            24            576  com.pjx.module.define.originaldefine.CreatureExtPropertyDefine
1293:            18            576  com.pjx.service.homeland.homelandremaindata.UserHomeLandRemainData
1294:            24            576  java.util.concurrent.ConcurrentHashMap$MapEntry
1295:            18            576  org.apache.log4j.helpers.QuietWriter
1296:            23            560  [Ljavax.management.MBeanParameterInfo;
1297:            14            560  com.altratek.altraserver.extensions.service.activity.totallead.TotalLeadInfo
1298:            14            560  com.altratek.altraserver.extensions.service.fight.helper.myplayer.MyPlayer
1299:            14            560  com.altratek.altraserver.extensions.service.fishery.UserFishery
1300:            14            560  com.altratek.altraserver.extensions.service.fishery.fishingmaster.FishingConfig$ToolDefine
1301:            10            560  com.altratek.altraserver.extensions.service.npcbuddy.NpcItemDefine
1302:            14            560  com.altratek.altraserver.extensions.service.pjx.mainpet.GroupPracticeInfo
1303:            35            560  com.altratek.altraserver.extensions.service.temp.consume.TodayDoneCountClearConsume
1304:            14            560  com.altratek.altraserver.extensions.service.tempactivity.onlinepet1001.OnLinePetConfig$OnLinePet
1305:            14            560  com.altratek.altraserver.extensions.service.timelinessactivity.huandong.HuanDongConfig$ClothesDefine
1306:            14            560  com.altratek.altraserver.extensions.service.timelinessactivity.huandongpose.HuanDongPoseConfig$ClothesDefine
1307:            14            560  com.altratek.altraserver.extensions.service.timelinessactivity.outfairysummerhappy.Pack
1308:            14            560  com.altratek.altraserver.extensions.service.tower.exptower2016.ExpTowerUserInfo
1309:            14            560  com.altratek.altraserver.extensions.service.tower.exptower2016.autoexptower.AutoExpTowerUserInfo
1310:            14            560  com.pjx.battle.server.battle.buff.ext.AddCounterBuffFactory
1311:            10            560  com.pjx.service.homeland.define.facility.CommonFacilityDefine
1312:            10            560  javax.management.openmbean.CompositeType
1313:            14            560  javax.management.openmbean.SimpleType
1314:            10            560  sun.invoke.util.Wrapper
1315:            23            552  [Lcom.altratek.altraserver.extensions.service.tower.magic.Monster;
1316:            25            552  [Ljava.lang.reflect.Type;
1317:            23            552  com.pjx.battle.server.battle.skill.ext.Sk_AttributeCritical
1318:             2            544  [Ljava.lang.Character;
1319:            17            544  [Ljava.util.List;
1320:            17            544  com.altratek.altraserver.extensions.service.challenge.buffgetter.ext.BuffGetter_86_AddBuff
1321:            17            544  com.altratek.altraserver.extensions.service.challenge.extprocessor.ext.Ext_86_ChoosePets
1322:            17            544  com.altratek.altraserver.extensions.service.configurable_activity.Balance_LongTimeCommonDoneCount
1323:            34            544  com.altratek.altraserver.extensions.service.material.service.goods.DailyCountGoodsConsume
1324:            17            544  com.altratek.altraserver.extensions.service.timeliness_activity.act.act2016.act20160205.havocinheaven.PrizeConfig
1325:            17            544  com.altratek.altraserver.extensions.service.union.UserUnionInfo
1326:            17            544  com.aobi.common.mc.MemcachedNode
1327:            17            544  java.util.RegularEnumSet
1328:            17            544  java.util.regex.Pattern$Branch
1329:            13            536  [Ljava.lang.reflect.Method;
1330:            22            528  [Lcom.altratek.altraserver.extensions.service.tower.magic.MonsterTeam;
1331:            22            528  com.altratek.altraserver.extensions.service.allroundpk.AllRoundPKService$Result
1332:            11            528  com.altratek.altraserver.extensions.service.mailbox.CommonMail
1333:            11            528  com.altratek.altraserver.extensions.service.pjx.kingroad.kungfu.KungFuDefine$Character
1334:            11            528  com.altratek.altraserver.extensions.service.pjx.kingroad.ninja.NinjaDefine$Character
1335:            33            528  com.altratek.altraserver.extensions.state.donecouter.cache.CacheDcDBPermanentKey
1336:            33            528  com.caucho.hessian.io.BasicSerializer
1337:            22            528  com.pjx.battle.server.battle.buff.ConditionContainerBuffFactory$Occasion
1338:             6            528  java.beans.IndexedPropertyDescriptor
1339:            22            528  java.lang.StringBuilder
1340:            22            528  java.util.regex.Pattern$BitClass
1341:            22            528  org.slf4j.impl.Log4jLoggerAdapter
1342:            22            528  sun.reflect.generics.factory.CoreReflectionFactory
1343:             5            520  [Lcom.mysql.jdbc.Field;
1344:            13            520  com.altratek.altraserver.domain.RoomManager
1345:            13            520  com.altratek.altraserver.extensions.service.activity.callback.cb20140404.BackAndInvite0404Config$BonusInfo
1346:            13            520  com.altratek.altraserver.extensions.service.activity.callback.cb20160115.BackAndInvite160115Config$BonusDefine
1347:            13            520  com.altratek.altraserver.extensions.service.challenge.branch.info.TeamThenBossInfoMap$TeamThenBossInfo
1348:            13            520  com.altratek.altraserver.extensions.service.configurable_activity.Balance_TempValue
1349:            13            520  com.altratek.altraserver.extensions.service.fight.activity.yeyeevolve.YeyeEvolveConfig$ChallengeDefine
1350:            13            520  com.altratek.altraserver.extensions.service.fishery.Fry
1351:            13            520  com.altratek.altraserver.extensions.service.pjx.kingroad.tianzhiyin140718.Chapter2Define$Monster
1352:            13            520  com.altratek.altraserver.extensions.service.tempactivity.aruisiultraevolve.Config$Gate
1353:            13            520  com.altratek.altraserver.extensions.service.tempactivity.shengguangxiaomeng20140530.ShengGuangXiaoMengUserInfo
1354:            13            520  com.altratek.altraserver.extensions.service.tempactivity.sleepcurse.SleepCurseUserInfo
1355:            13            520  com.altratek.altraserver.extensions.service.timelinessactivity.fight.huolie.HuoLieInfo
1356:            13            520  com.altratek.altraserver.extensions.service.userbuff.UserBuffDefine
1357:            13            520  java.lang.invoke.MethodHandleImpl$IntrinsicMethodHandle
1358:            13            520  java.lang.reflect.Proxy$Key2
1359:            16            512  com.altratek.altraserver.extensions.mycache.write.WritableCache4Set_Memcached
1360:            16            512  com.altratek.altraserver.extensions.service.activity.dreammonster.DreamMonsterDefine$HelpCharacter
1361:            16            512  com.altratek.altraserver.extensions.service.challenge.buffgetter.BuffGetter_JobId
1362:            16            512  com.altratek.altraserver.extensions.service.challenge.buffgetter.BuffGetter_JobIdExcept
1363:            16            512  com.altratek.altraserver.extensions.service.challenge.prizeprocessor.Prize_SuperGodBuyCoin
1364:            16            512  com.altratek.altraserver.extensions.service.fishery.fishingmaster.FishInfo
1365:             8            512  com.altratek.altraserver.extensions.service.heroisland.buff.ext.LeaderSkill_BackPowerIncRatio
1366:            16            512  com.altratek.altraserver.extensions.service.pay.activity.diamondexchange.PrizeConfig
1367:            16            512  com.altratek.altraserver.extensions.service.temp.limit.WeeklyDoneLimit
1368:            16            512  com.altratek.altraserver.extensions.service.timelinessactivity.newhandpowerup.NewHandPowerUpTask$Prize
1369:            16            512  com.altratek.altraserver.extensions.service.tower.fengshen.define.FengShenTowerConfig$FengShenTowerLevelBoss
1370:             8            512  com.mysql.jdbc.PreparedStatement$ParseInfo
1371:            16            512  com.pjx.battle.server.battle.buff.ext.AbsorbDamageBuffFactory
1372:            16            512  com.pjx.battle.server.battle.buff.ext.RandomBaoJiBuffFactory
1373:            16            512  com.pjx.service.union.IColName$MemberCol
1374:            16            512  java.time.temporal.ChronoUnit
1375:            16            512  java.util.ResourceBundle$LoaderReference
1376:            16            512  java.util.Stack
1377:            16            512  sun.reflect.generics.repository.ClassRepository
1378:            21            504  com.alibaba.fastjson.serializer.SerializerFeature
1379:             9            504  com.altratek.altraserver.extensions.schedulers.MultiThreadProcessor
1380:            21            504  com.altratek.altraserver.extensions.service.activity.bosschallenge.BossChallengeConfig$Prize
1381:             7            504  com.altratek.altraserver.extensions.service.buddomain.BudDomainItemDefine
1382:            21            504  com.altratek.altraserver.extensions.service.farm.magic.FarmMagicDefine$SkillRate
1383:            21            504  com.altratek.altraserver.extensions.service.fight.activity.yuanhuangfight.YuanHuangFightHandler$Result
1384:            21            504  com.altratek.altraserver.extensions.service.material.doublecrop.DateRage
1385:            21            504  com.altratek.altraserver.extensions.service.pjx.kingroad150515.KingRoad150515Config$MyCreepMaster
1386:            21            504  com.altratek.altraserver.extensions.service.vip.activity.va130823.VipActivity130823Config$Choice
1387:            21            504  com.pjx.battle.server.battle.buff.ConditionContainerV2BuffFactory$Occasion
1388:            21            504  com.pjx.battle.server.battle.buff.DoEffectFactory_CasterDodge
1389:             7            504  com.pjx.battle.server.battle.buff.ext.BuffCreateOccasionsBuffFactory
1390:             9            504  com.zaxxer.hikari.pool.HikariProxyConnection
1391:             9            504  java.lang.Class$ReflectionData
1392:            21            504  java.util.AbstractMap$SimpleImmutableEntry
1393:            21            504  org.apache.log4j.helpers.OnlyOnceErrorHandler
1394:            21            504  sun.reflect.generics.tree.FormalTypeParameter
1395:            21            504  sun.security.x509.AVAKeyword
1396:             1            496  [Ljxl.biff.Type;
1397:            19            488  [Lsun.management.DiagnosticCommandArgumentInfo;
1398:            12            480  [Lcom.altratek.altraserver.extensions.util.Long2Int;
1399:            23            480  [Lsun.reflect.generics.tree.FormalTypeParameter;
1400:             4            480  [[Ljava.lang.Object;
1401:            12            480  com.altratek.altraserver.extensions.connecttest.ConnectTestExtension
1402:            12            480  com.altratek.altraserver.extensions.giftbag.GiftBagExtension
1403:            15            480  com.altratek.altraserver.extensions.idgen.IdTypeDefine
1404:            12            480  com.altratek.altraserver.extensions.service.accountbinding.AccountBindingExtension
1405:            12            480  com.altratek.altraserver.extensions.service.achievement.AchievementExtension
1406:            12            480  com.altratek.altraserver.extensions.service.activity.anniversaryherotest.TaskDefault
1407:            12            480  com.altratek.altraserver.extensions.service.activity.aoqisecretcompete.AoqiSecretCompeteZoneInfo
1408:            15            480  com.altratek.altraserver.extensions.service.activity.aruievolve.ARuiEvolveRank
1409:            12            480  com.altratek.altraserver.extensions.service.activity.batian.BaTianExtension
1410:            15            480  com.altratek.altraserver.extensions.service.activity.compete.CompeteRankInfo$CompeteRank
1411:            12            480  com.altratek.altraserver.extensions.service.activity.dream_team.DreamTeamExtension
1412:            12            480  com.altratek.altraserver.extensions.service.activity.dreammonster.DreamMonsterExtension
1413:            12            480  com.altratek.altraserver.extensions.service.activity.fanfan.FanFanExtension
1414:            12            480  com.altratek.altraserver.extensions.service.activity.gainsgy.GainSGYInfo
1415:            12            480  com.altratek.altraserver.extensions.service.activity.getpet.GetPetExtension
1416:            12            480  com.altratek.altraserver.extensions.service.activity.giantfight.UserGiantFightInfo
1417:            12            480  com.altratek.altraserver.extensions.service.activity.huahua.HuaHuaExtension
1418:            12            480  com.altratek.altraserver.extensions.service.activity.luan_dou_pet.LuanDouPetExtension
1419:            12            480  com.altratek.altraserver.extensions.service.activity.luckgod.LuckGodExtension
1420:            12            480  com.altratek.altraserver.extensions.service.activity.michelin.MichelinExtension
1421:            12            480  com.altratek.altraserver.extensions.service.activity.rollfight.RollFightExtension
1422:            12            480  com.altratek.altraserver.extensions.service.activity.seaking.SeaKingExtension
1423:            12            480  com.altratek.altraserver.extensions.service.activity.signin.SignInExtension
1424:            12            480  com.altratek.altraserver.extensions.service.activity.special_train.SpecialTrianExtension
1425:            12            480  com.altratek.altraserver.extensions.service.activity.tianlin.TianLinInfo
1426:            12            480  com.altratek.altraserver.extensions.service.activity.tingting.TingTingExtension
1427:            12            480  com.altratek.altraserver.extensions.service.activity.zhanhun.ZhanHunExtension
1428:            12            480  com.altratek.altraserver.extensions.service.allroundpk.AllRoundPKExtension
1429:            12            480  com.altratek.altraserver.extensions.service.allstar.AllStarExtension
1430:            12            480  com.altratek.altraserver.extensions.service.antiaddiction.AntiAddictionExtension
1431:            15            480  com.altratek.altraserver.extensions.service.antiaddiction.UserGameTime
1432:            12            480  com.altratek.altraserver.extensions.service.aoqilabel.AoQiLabelExtension
1433:            12            480  com.altratek.altraserver.extensions.service.arena.arena.Arena
1434:            12            480  com.altratek.altraserver.extensions.service.boss.current.CurrentBossHandler
1435:            12            480  com.altratek.altraserver.extensions.service.breachformation.BreachFormationExtension
1436:            12            480  com.altratek.altraserver.extensions.service.buddy.invite.BuddyInviteExtension
1437:            12            480  com.altratek.altraserver.extensions.service.card.CardExtension
1438:            12            480  com.altratek.altraserver.extensions.service.challenge.ChallengeExtension
1439:            15            480  com.altratek.altraserver.extensions.service.challenge.extprocessor.Ext_VipLimit
1440:            15            480  com.altratek.altraserver.extensions.service.challenge.extprocessor.ext.Ext_124_ValidPetOrBuyBuff
1441:            15            480  com.altratek.altraserver.extensions.service.challenge.extprocessor.ext.Ext_130_ChoosePets
1442:            15            480  com.altratek.altraserver.extensions.service.challenge.extprocessor.ext.Ext_58_BuyBuff
1443:            15            480  com.altratek.altraserver.extensions.service.challenge.extprocessor.ext.Ext_58_BuyLight
1444:            30            480  com.altratek.altraserver.extensions.service.challenge.prizeprocessor.Prize_None
1445:            12            480  com.altratek.altraserver.extensions.service.comment.CommentExtension
1446:            12            480  com.altratek.altraserver.extensions.service.configurable_activity.ConfigurableActivityExtension
1447:            12            480  com.altratek.altraserver.extensions.service.family.FamilyExtension
1448:            12            480  com.altratek.altraserver.extensions.service.farm.ExpandLandDefine
1449:            12            480  com.altratek.altraserver.extensions.service.farm.FarmExtension
1450:            12            480  com.altratek.altraserver.extensions.service.fight.activity.deerking.Info_LvUp
1451:            12            480  com.altratek.altraserver.extensions.service.fight.activity.herorabbit.HeroRabbitExtension
1452:            12            480  com.altratek.altraserver.extensions.service.fight.activity.miqilinevolve.MiQiLinEvolveInfo
1453:            12            480  com.altratek.altraserver.extensions.service.fight.activity.thesword.TheswordInfo
1454:            12            480  com.altratek.altraserver.extensions.service.fight.activity.timedragon.TimeDragonExtension
1455:            15            480  com.altratek.altraserver.extensions.service.fight.activity.whitetigersuperevolve.WhiteTigerSuperEvolveConfig$ChallengeDefine
1456:            15            480  com.altratek.altraserver.extensions.service.fishery.FisheryCapacityPrice
1457:            12            480  com.altratek.altraserver.extensions.service.fly.FlyExtension
1458:            12            480  com.altratek.altraserver.extensions.service.freshman.FreshManExtension
1459:            12            480  com.altratek.altraserver.extensions.service.giftbox.GiftBoxExtension
1460:            12            480  com.altratek.altraserver.extensions.service.greatsearoute.GreatSeaRouteExtension
1461:            15            480  com.altratek.altraserver.extensions.service.heroisland.buff.Buff
1462:            15            480  com.altratek.altraserver.extensions.service.heroisland.buff.skill.Skill
1463:            10            480  com.altratek.altraserver.extensions.service.heroisland.fairy.Hero.HeroDTONew
1464:            10            480  com.altratek.altraserver.extensions.service.heroisland.herofriend.HeroIslandFriend
1465:            12            480  com.altratek.altraserver.extensions.service.holiday.HolidayExtension
1466:            12            480  com.altratek.altraserver.extensions.service.house.HouseExtension
1467:            12            480  com.altratek.altraserver.extensions.service.kapufight.KPExtension
1468:            15            480  com.altratek.altraserver.extensions.service.kapufight.KPPet
1469:            10            480  com.altratek.altraserver.extensions.service.kapufight.Monster
1470:            12            480  com.altratek.altraserver.extensions.service.livecommenting.LiveCommentingExtension
1471:            12            480  com.altratek.altraserver.extensions.service.mailbox.MailBoxExtension
1472:            15            480  com.altratek.altraserver.extensions.service.mainpetultraevolve.MainPetUltraEvolveConfig$ZhanHunInjectedConfig
1473:            12            480  com.altratek.altraserver.extensions.service.master_apprenticev2.MasterApprenticeV2Extension
1474:            12            480  com.altratek.altraserver.extensions.service.match.MatchExtension
1475:            15            480  com.altratek.altraserver.extensions.service.material.data.AvgRdMaterialData
1476:            12            480  com.altratek.altraserver.extensions.service.money.MoneyExtension
1477:            12            480  com.altratek.altraserver.extensions.service.moneycat.MoneyCatExtension
1478:            12            480  com.altratek.altraserver.extensions.service.nobleclub.NobleCommonInfo
1479:            20            480  com.altratek.altraserver.extensions.service.npcbuddy.Bless_Battle$LevelInfo
1480:            12            480  com.altratek.altraserver.extensions.service.npcbuddy.NpcBuddyExtension
1481:            12            480  com.altratek.altraserver.extensions.service.oneoff.OneOffExtension
1482:            12            480  com.altratek.altraserver.extensions.service.pet_collection.PetCollectionExtension
1483:            12            480  com.altratek.altraserver.extensions.service.petbar.PetBarExtension
1484:            12            480  com.altratek.altraserver.extensions.service.petgift.PetGiftExtension
1485:            12            480  com.altratek.altraserver.extensions.service.pettryuse.PetTryUseExtension
1486:            20            480  com.altratek.altraserver.extensions.service.pjx.creature.pet.PetLocation
1487:            12            480  com.altratek.altraserver.extensions.service.pjx.equipmentmaterial.ext.act170428.AXiuRidePetInfo
1488:            20            480  com.altratek.altraserver.extensions.service.pjx.kingroad150515.KingRoad150515Handler$Result
1489:            12            480  com.altratek.altraserver.extensions.service.rank.RankExtension
1490:            12            480  com.altratek.altraserver.extensions.service.rankv2.RankV2Extension
1491:            12            480  com.altratek.altraserver.extensions.service.rename.RenameExtension
1492:            12            480  com.altratek.altraserver.extensions.service.richman.RichManExtension
1493:            12            480  com.altratek.altraserver.extensions.service.ridepet.RidePetExtension
1494:            12            480  com.altratek.altraserver.extensions.service.routine.RoutineExtension
1495:            15            480  com.altratek.altraserver.extensions.service.routine.process.CommonProcess
1496:            12            480  com.altratek.altraserver.extensions.service.setgain.SetGainExtension
1497:            12            480  com.altratek.altraserver.extensions.service.shoot.ShootExtension
1498:            12            480  com.altratek.altraserver.extensions.service.smallgame.passtorch.PassTorchGameControl
1499:            12            480  com.altratek.altraserver.extensions.service.stall.StallExtension
1500:            12            480  com.altratek.altraserver.extensions.service.stock.StockExtension
1501:            12            480  com.altratek.altraserver.extensions.service.stone.StoneExtension
1502:            12            480  com.altratek.altraserver.extensions.service.survey.SurveyExtension
1503:            12            480  com.altratek.altraserver.extensions.service.swimming.SwimmingExtension
1504:            12            480  com.altratek.altraserver.extensions.service.task.TaskExtension
1505:            10            480  com.altratek.altraserver.extensions.service.task.data.step.StepFinishTask
1506:            12            480  com.altratek.altraserver.extensions.service.teacher_student.TSExtension
1507:            12            480  com.altratek.altraserver.extensions.service.temp.TempActivityExtension
1508:            20            480  com.altratek.altraserver.extensions.service.temp.consume.ClearCd
1509:            12            480  com.altratek.altraserver.extensions.service.tempactivity.diamondexchange20140613.UserExchangeInfo
1510:            20            480  com.altratek.altraserver.extensions.service.tempactivity.discountservice.DiscountUserInfo$Target2Value
1511:            12            480  com.altratek.altraserver.extensions.service.tempactivity.xiaomingwang.XiaoMingWangUserInfo
1512:            12            480  com.altratek.altraserver.extensions.service.texaspoker.PokerExtension
1513:            12            480  com.altratek.altraserver.extensions.service.timeliness_activity.TimelinessActExtension
1514:            12            480  com.altratek.altraserver.extensions.service.timeliness_activity.act.act2016.act20160205.huandongpose2miyou.HuanDongPose2MiYouExtension
1515:            12            480  com.altratek.altraserver.extensions.service.timeliness_activity.act.act2016.act20161118.tankgame.UserTankGameInfo
1516:            12            480  com.altratek.altraserver.extensions.service.timeliness_activity.act.act2017.act20170217.autoequipmentmaterial.AutoEquipmentMaterialUserInfo
1517:            12            480  com.altratek.altraserver.extensions.service.timeliness_activity.act.act2017.act20170505.heropetslottery.HeroPetsLotteryInfo
1518:            12            480  com.altratek.altraserver.extensions.service.timeliness_activity.act.act2017.act20170616.developmenttasks.DevelopmenttasksInfo
1519:            12            480  com.altratek.altraserver.extensions.service.timeliness_activity.act.act2017.act20170818.liehunmiaogodjob.LieHunMiaoGodJobInfo
1520:            12            480  com.altratek.altraserver.extensions.service.timeliness_activity.act.act2017.act20170818.liehunmiaogodjob.UserLotteryInfo
1521:            12            480  com.altratek.altraserver.extensions.service.timeliness_activity.act.act2017.act20170901.tmkinggodjob.TMKingGodJobInfo
1522:            12            480  com.altratek.altraserver.extensions.service.timeliness_activity.act.act2017.act20170922.gaindiamondticket.GainDiamondTicketInfo
1523:            12            480  com.altratek.altraserver.extensions.service.timeliness_activity.act.act2017.act20170922.pandorabox.PandoraBoxInfo
1524:            12            480  com.altratek.altraserver.extensions.service.timelinessactivity.TimelinessExtension
1525:            12            480  com.altratek.altraserver.extensions.service.timelinessactivity.godpetdraw.GodPetDrawExtension
1526:            12            480  com.altratek.altraserver.extensions.service.timelinessactivity.huandong.HuanDongExtension
1527:            12            480  com.altratek.altraserver.extensions.service.timelinessactivity.luckysuperevovle.interact.passtorch.PassTorchGameControl
1528:            12            480  com.altratek.altraserver.extensions.service.title.TitleExtension
1529:            12            480  com.altratek.altraserver.extensions.service.tower_thunder.TTExtension
1530:            12            480  com.altratek.altraserver.extensions.service.tower_warrior.UserWTowerInfo
1531:            12            480  com.altratek.altraserver.extensions.service.tower_warrior.WarriorTowerExtension
1532:            12            480  com.altratek.altraserver.extensions.service.transfiguration.TransfigurationExtension
1533:            12            480  com.altratek.altraserver.extensions.service.treasure.TreasureExtension
1534:            12            480  com.altratek.altraserver.extensions.service.treasurehall.DigTreasureExtension
1535:            30            480  com.altratek.altraserver.extensions.service.treasurehall.validor.ConditionValidor
1536:            12            480  com.altratek.altraserver.extensions.service.undercity.UnderCityExtension
1537:            12            480  com.altratek.altraserver.extensions.service.user.UserExtension
1538:            12            480  com.altratek.altraserver.extensions.service.userbuff.UserBuffExtension
1539:            12            480  com.altratek.altraserver.extensions.service.userdisplay.UserDisplayExtension
1540:            15            480  com.altratek.altraserver.extensions.service.vip.activity.val171013.BonusDefine
1541:            12            480  com.altratek.altraserver.extensions.service.vip.tempvipactivity.StarlitPalaceExtension
1542:            12            480  com.altratek.altraserver.extensions.service.vipnickname.VipNickNameExtension
1543:            12            480  com.altratek.altraserver.extensions.service.weeklystar.WeeklyStarExtension
1544:            12            480  com.altratek.altraserver.extensions.util.Int2Long
1545:            15            480  com.caucho.hessian.client.HessianProxy
1546:            20            480  com.caucho.hessian.io.UnsafeDeserializer
1547:            20            480  com.pjx.battle.server.battle.buff.BuffOccasion
1548:            20            480  com.pjx.battle.server.battle.buff.Occasion
1549:            20            480  com.pjx.battle.server.battle.buff.ext.BuffCreateBuffFactory$Occasion
1550:            20            480  com.pjx.battle.server.battle.buff.ext.ChangePower4PlayerBuffFactory$Occasion
1551:            20            480  com.pjx.battle.server.battle.buff.ext.ClearBuffByIdBuffFactory$Occasion
1552:            20            480  com.pjx.battle.server.battle.buff.ext.ClearBuffByIdV2BuffFactory$Occasion
1553:            20            480  com.pjx.battle.server.battle.player.Properties$Rate
1554:            20            480  com.pjx.module.creature.potential.PotentialLvUpConsumeStrategyDefine
1555:            12            480  com.pjx.rmi.obj.chat.ext.show.ShowType
1556:            20            480  com.pjx.service.express.Express$OrExpress
1557:            20            480  java.util.regex.Pattern$Start
1558:             6            480  sun.net.www.protocol.jar.URLJarFile
1559:            16            472  [Lcom.altratek.altraserver.extensions.service.tower.fengshen.define.MonsterPet;
1560:             7            472  [Ljava.lang.StackTraceElement;
1561:            29            464  com.sun.proxy.$Proxy17
1562:             6            456  [Lsun.invoke.util.Wrapper;
1563:             1            456  com.altratek.altraserver.AltraServer
1564:            19            456  com.altratek.altraserver.extensions.service.activity.godracetypewake.GodRaceTypeWakeConfig$GroupInfo
1565:            19            456  com.altratek.altraserver.extensions.service.activity.shenchongzhizun.ShenChongZhiZunConfig$ShenChongDefine
1566:            19            456  com.altratek.altraserver.extensions.service.challenge.buffgetter.ext.BuffGetter_101_AddBuff
1567:            19            456  com.altratek.altraserver.extensions.service.pjx.kingroad150515.KingRoadService$GetPet4KingRoad
1568:            19            456  com.pjx.battle.server.battle.buff.ext_player.WuDi_PsychicSkillPlayerBuffFactory
1569:            19            456  com.pjx.service.compete2.DataTypeDefineV2
1570:            19            456  com.pjx.service.rank.DataTypeDefine
1571:            19            456  com.pjx.service.rankv2.DataTypeDefineV2
1572:            19            456  java.time.Duration
1573:            19            456  java.util.Locale$LocaleKey
1574:            14            448  [Lcom.altratek.altraserver.extensions.service.pjx.kingroad150515.KingHallConfig$MyHallCreepMaster;
1575:            14            448  com.altratek.altraserver.extensions.service.activity.callback.cb20150710.BackAndInvite150710Info
1576:            14            448  com.altratek.altraserver.extensions.service.activity.kongfupenguin.Equipment
1577:            14            448  com.altratek.altraserver.extensions.service.challenge.prizeprocessor.Prize_GainPetOrSuperJobEvolve
1578:             8            448  com.altratek.altraserver.extensions.service.farm.guarder.FarmGuarder
1579:             7            448  com.altratek.altraserver.extensions.service.heroisland.HeroIslandInfo
1580:            14            448  com.altratek.altraserver.extensions.service.pjx.kingroad150515.KingHallConfig$MyHallMasterGroup
1581:             8            448  com.altratek.altraserver.extensions.service.task.data.step.StepFightWildMonster
1582:             8            448  com.altratek.altraserver.extensions.service.task.data.step.StepFightWildMonsterWave
1583:            14            448  com.altratek.altraserver.extensions.service.timelinessactivity.petskin.summary.PetSkinEnum
1584:            14            448  com.altratek.altraserver.extensions.service.tower.exptower2016.SingleModeTowerInfo
1585:             8            448  com.pjx.battle.server.battle.buff.ext.CounterReboundBuffFactory
1586:            14            448  com.pjx.battle.server.battle.buff.ext.DamageExtraBuffFactory
1587:            14            448  com.pjx.battle.server.battle.buff.ext.ExtraDamageBuffFactory
1588:            14            448  com.pjx.battle.server.battle.buff.ext.TargetHasSignAddBuffBuffFactory
1589:            14            448  com.sun.org.apache.xml.internal.dtm.ref.ExtendedType
1590:            28            448  java.util.TreeMap$Values
1591:             8            448  javax.management.openmbean.OpenMBeanParameterInfoSupport
1592:            15            440  [Lcom.altratek.altraserver.extensions.service.userbuff.BuffEffectType;
1593:            11            440  com.altratek.altraserver.extensions.service.pjx.kingroad.jingzhiyin20140613.Chapter2Define$Monster
1594:            11            440  com.altratek.altraserver.extensions.service.pjx.kingroad.qizhiyin.Chapter2Define$Monster
1595:            11            440  org.apache.commons.pool2.impl.BaseGenericObjectPool$Evictor
1596:            11            440  org.apache.commons.pool2.impl.LinkedBlockingDeque
1597:             2            432  [Lcom.altratek.altraserver.extensions.service.campaign.CampainEffect;
1598:            17            432  [Ljava.util.regex.Pattern$Node;
1599:             1            432  [[[C
1600:            18            432  com.altratek.altraserver.extensions.behavior.login.LoginStateInfo
1601:            18            432  com.altratek.altraserver.extensions.service.family.exchequer.FamilyExchequerLotteryDefine$BoxAndRate
1602:            18            432  com.altratek.altraserver.extensions.service.farm.FarmGlobalInfo$PickOtherFruitInfo
1603:            18            432  com.altratek.altraserver.extensions.service.fight.activity.chaseghostcat.ChaseGhostCatHandler$Result
1604:            18            432  com.altratek.altraserver.extensions.service.fishery.UniqueFish
1605:             9            432  com.altratek.altraserver.extensions.service.greatsearoute.ShipDefine
1606:            18            432  com.altratek.altraserver.extensions.service.mailbox.SysPaper
1607:             9            432  com.altratek.altraserver.extensions.service.material.extend.antiquit.Antiquit
1608:            18            432  com.altratek.altraserver.extensions.service.npcbuddy.NpcBuddyWeeklyState
1609:            18            432  com.altratek.altraserver.extensions.service.pet_collection.petracestatistics.CreatureCount_GodRaceTypeWake
1610:            18            432  com.altratek.altraserver.extensions.service.pet_collection.petracestatistics.CreatureCount_SuperJob
1611:            18            432  com.altratek.altraserver.extensions.service.pet_collection.petracestatistics.UserPetRaceStatisticsInfo
1612:            18            432  com.altratek.altraserver.extensions.service.prize.RewardsResult
1613:             9            432  com.altratek.altraserver.extensions.service.routine.balance.TodayDoneCountBalance
1614:             9            432  com.altratek.altraserver.extensions.service.timeliness_activity.act.act2016.act20160708.dragonvsking.DragonVsKing
1615:            18            432  com.altratek.altraserver.extensions.service.union.task.playdice.PlayDiceFunctionFactory$PlayDiceFunction
1616:            18            432  com.altratek.altraserver.extensions.service.union.task.playdice.PlayDicePredicateFactory$PlayDicePredicate
1617:            18            432  com.pjx.battle.server.battle.buff.BuffFeature$DecTimesOccasion
1618:            18            432  com.pjx.battle.server.battle.buff.DoEffectFactory_CasterBlock
1619:            18            432  com.pjx.battle.server.battle.buff.ext.BuffCreateOccasionsBuffFactory$MyEffectSide
1620:            18            432  com.pjx.battle.server.battle.buff.ext.BuffCreateOccasionsBuffFactory$Occasion
1621:            18            432  com.pjx.battle.server.battle.buff.ext.BuffCreateV2BuffFactory$Occasion
1622:            18            432  com.pjx.battle.server.battle.buff.ext.MultiSuckProperty2PropertyBuffFactory$SuckItemConfig
1623:            18            432  com.pjx.module.creature.equipment.EquipConfig$EquipmentLevelStrategy
1624:             9            432  com.pjx.service.homeland.HomeLandMemberInfo
1625:            18            432  com.pjx.service.rankv2.RankV2DateLine
1626:            18            432  com.pjx.service.rankv2.TopItemConvertV2
1627:            18            432  com.pjx.service.rankv2.TopItemConvertV2$ClassProp
1628:             9            432  java.nio.HeapCharBuffer
1629:            18            432  java.text.DateFormat$Field
1630:            27            432  java.time.format.DateTimeFormatterBuilder$CharLiteralPrinterParser
1631:            18            432  java.util.Collections$SingletonList
1632:            18            432  java.util.regex.Pattern$Ctype
1633:            18            432  jxl.biff.CountryCode
1634:             9            432  org.apache.log4j.helpers.PatternParser
1635:            13            416  com.altratek.altraserver.extensions.ExtensionManager
1636:            13            416  com.altratek.altraserver.extensions.service.qiqi.QiQiInfo
1637:            26            416  com.altratek.altraserver.extensions.service.record.DailyRecordTarget
1638:            13            416  java.awt.Color
1639:            13            416  java.lang.invoke.SimpleMethodHandle
1640:            13            416  java.util.Collections$SynchronizedMap
1641:            17            408  [Lcom.danga.MemCached.MemCachedClient;
1642:            17            408  [Lcom.danga.MemCached.SockIOPool;
1643:            10            408  [Ljava.lang.reflect.Field;
1644:             1            408  com.altratek.altraserver.ChannelSelector
1645:            17            408  com.altratek.altraserver.extensions.service.challenge.buffgetter.ext.BuffGetter_13_AddBuff
1646:            17            408  com.altratek.altraserver.extensions.service.fight.activity.miqilinevolve.MiQiLinEvolveHandler$Result
1647:            17            408  com.altratek.altraserver.extensions.service.fight.activity.xingluo.XingLuoHandler$Result
1648:            17            408  com.altratek.altraserver.extensions.service.fight.activity.zerozeroevolve.ZeroZeroEvolveHandler$Result
1649:            17            408  com.altratek.altraserver.extensions.service.petpark.newarchlgy.map.NewArchlgyBonus
1650:            17            408  com.altratek.altraserver.extensions.service.ridepet.RidePetCardUpgrowth
1651:            17            408  com.altratek.altraserver.extensions.service.temp.consume.BuyChance
1652:            17            408  com.altratek.altraserver.extensions.service.tempactivity.diamondexchange20140207.ChoicePrize
1653:            17            408  com.pjx.battle.server.battle.buff.DoEffectFactory_CasterTargetHasBuffsV2$AndItem
1654:            17            408  com.pjx.battle.server.battle.buff.ext.PoisionBuffFactory$Occasion
1655:            17            408  com.pjx.rmi.obj.family.Op
1656:            17            408  java.lang.invoke.Invokers
1657:            17            408  java.util.jar.Attributes$Name
1658:            12            400  [Lcom.altratek.altraserver.extensions.service.petpark.archlgy.ArchlgyConfig$RateBonus;
1659:            10            400  com.altratek.altraserver.extensions.service.challenge.extprocessor.Ext_SetRecommendFormation_NonePetDead
1660:            10            400  com.altratek.altraserver.extensions.service.npcbuddy.NpcBuddyDefine$NpcFightGroupDefine
1661:            10            400  com.altratek.altraserver.extensions.service.timeliness_activity.act.act2017.act20170623.diamondtask.TaskDefine
1662:            10            400  com.altratek.altraserver.extensions.service.tower.exptower2016.SecretEventTrigger$FloorGroup
1663:            10            400  com.altratek.altraserver.extensions.service.union.activity.store.USStoreConfig$GoodsDefine
1664:             5            400  com.pjx.battle.server.battle.buff.ext.BuffCreateAfterSummonBuffFactory
1665:            10            400  com.pjx.battle.server.battle.buff.ext.PropertyChangeExtBuffFactory$StarGodPowerIntegerValue
1666:            25            400  com.pjx.battle.server.battle.validator.CharacterValidator$AttributeExpress
1667:            10            400  com.pjx.service.union.UnionBuildingDefine
1668:            10            400  java.lang.invoke.DirectMethodHandle$Accessor
1669:            25            400  java.util.LinkedHashMap$LinkedValues
1670:            25            400  java.util.Timer$1
1671:            10            400  javax.crypto.CryptoPermission
1672:             1            392  [Lcom.altratek.altraserver.extensions.service.setgain.SetGainConfigV2;
1673:             1            392  com.altratek.altraserver.ChannelAcceptor
1674:             7            392  com.altratek.altraserver.extensions.service.material.service.goods.card.RebateCard
1675:             7            392  com.altratek.altraserver.extensions.service.timelinessactivity.aoqihotelwar.AoQiHotelWarInfo
1676:             7            392  com.pjx.module.creature.stargod.StarGodMessenger
1677:            12            384  [Lcom.altratek.altraserver.extensions.service.challenge.extprocessor.ext.Ext_12_GameInfo$GameInfo;
1678:            16            384  [Lcom.pjx.battle.server.battle.buff.DoEffectFactory_CasterTargetHasBuffsV2$AndItem;
1679:             1            384  baitian.service.manager.RemoteServiceManager$ReconnectThread
1680:            12            384  com.altratek.altraserver.extensions.service.activity.activestar.ActiveStarConfig$ActiveStarTaskDefine
1681:            12            384  com.altratek.altraserver.extensions.service.activity.aoqisecretcompete.AoqiSecretCompeteService
1682:             6            384  com.altratek.altraserver.extensions.service.activity.cgcatchanllenge.CGCatChallengeConfig$Boss
1683:            16            384  com.altratek.altraserver.extensions.service.activity.compete.CompeteRankInfo$SimpleRank
1684:            12            384  com.altratek.altraserver.extensions.service.activity.dragonboat.DragonBoatConfig$MyFormula
1685:            12            384  com.altratek.altraserver.extensions.service.activity.dragonboat.DragonBoatConfig$MyLimit
1686:            12            384  com.altratek.altraserver.extensions.service.activity.exchgaobigivewuwang.ExchgAobiGiveWuWangExtension
1687:             8            384  com.altratek.altraserver.extensions.service.activity.holycreature.xiaotiantianshancombine.KingSprintInfo
1688:             8            384  com.altratek.altraserver.extensions.service.activity.nightmare.ChallengeInfo
1689:            12            384  com.altratek.altraserver.extensions.service.activity.onlinedeliver160205.OnlineDeliver160205Handler$Result
1690:            12            384  com.altratek.altraserver.extensions.service.activity.sendgodpet.GodPetPrize
1691:            12            384  com.altratek.altraserver.extensions.service.activity.sendgodpet.SendGodPetInfo
1692:             8            384  com.altratek.altraserver.extensions.service.activity.shouhushichange.xml.Incise$IncisePlan
1693:            12            384  com.altratek.altraserver.extensions.service.activity.tempomaster.TempoMasterExtension
1694:            12            384  com.altratek.altraserver.extensions.service.allstar.TeamManager
1695:            12            384  com.altratek.altraserver.extensions.service.aoqilabel.AoQiLabelUserInfo
1696:            12            384  com.altratek.altraserver.extensions.service.arena.globalarena.UserGlobalArenaFixed
1697:            12            384  com.altratek.altraserver.extensions.service.bigdatacollector.BigDataUserCacheInfo
1698:            12            384  com.altratek.altraserver.extensions.service.boss.BossHandler
1699:            12            384  com.altratek.altraserver.extensions.service.buddy.nearbuddy.hirepet.NearBuddyPetInfos
1700:            12            384  com.altratek.altraserver.extensions.service.challenge.branch.info.DailyCustomTeamInfoMap$DailyCustomTeamInfo
1701:            12            384  com.altratek.altraserver.extensions.service.challenge.extprocessor.ext.Ext_93_ChoosePet
1702:            12            384  com.altratek.altraserver.extensions.service.challenge.strategy.Strategy_Discount
1703:            24            384  com.altratek.altraserver.extensions.service.dragontown.goldvulture.GoldVultureExtension
1704:            12            384  com.altratek.altraserver.extensions.service.dragontown.goldvulture.VultureInfo$CommonInfo
1705:            24            384  com.altratek.altraserver.extensions.service.dragontown.sixfairy.SixFairyExtension
1706:            24            384  com.altratek.altraserver.extensions.service.dragontown.sixfairy.stonemonster.StoneMonsterExtension
1707:            12            384  com.altratek.altraserver.extensions.service.dragontown.sixfairy.stonemonster.StoneMonsterInfo
1708:             6            384  com.altratek.altraserver.extensions.service.family.FamilyLevelDefine
1709:            16            384  com.altratek.altraserver.extensions.service.farm.CropTableCol
1710:            16            384  com.altratek.altraserver.extensions.service.farm.guarder.FarmGuarder$FarmGuarderPrice
1711:             8            384  com.altratek.altraserver.extensions.service.fight.activity.binglingwangevolve.BingLingWangEvolveConfig$StageDefine
1712:            12            384  com.altratek.altraserver.extensions.service.fight.activity.deerking.DataConfig$DiffItem
1713:            12            384  com.altratek.altraserver.extensions.service.fight.activity.hotbloodmengmengsuperevolve.HotBloodMengMengSuperEvolveInfo
1714:            12            384  com.altratek.altraserver.extensions.service.fight.activity.supergodmozun.SuperGodMoZunInfo
1715:            12            384  com.altratek.altraserver.extensions.service.fight.activity.whitetigersuperevolve.WhiteTigerSuperEvolveInfo
1716:            24            384  com.altratek.altraserver.extensions.service.freshman.FreshManInfo$BitState
1717:             6            384  com.altratek.altraserver.extensions.service.heroisland.buff.ext.MyselfSkill_ChangeBallColor
1718:             6            384  com.altratek.altraserver.extensions.service.heroisland.buff.ext.MyselfSkill_HpIncFixed
1719:            12            384  com.altratek.altraserver.extensions.service.homeland.homelanddragon.UserHomeLandDragonInfo
1720:            12            384  com.altratek.altraserver.extensions.service.log.LogService
1721:            12            384  com.altratek.altraserver.extensions.service.login.activity.la131001.LoginActivity131001Extension
1722:            12            384  com.altratek.altraserver.extensions.service.npcbuddy.NpcBuddyGlobalInfo$NpcBuddyGlobalDailyState
1723:            12            384  com.altratek.altraserver.extensions.service.npcbuddy.NpcFightScoreFormula
1724:            12            384  com.altratek.altraserver.extensions.service.petpark.archlgy.ArchlgyService
1725:            12            384  com.altratek.altraserver.extensions.service.petpark.archlgy.ArchlgyZoneInfo
1726:            12            384  com.altratek.altraserver.extensions.service.pjx.kingroad.fairy.Chapter2Define$Monster
1727:            16            384  com.altratek.altraserver.extensions.service.pjx.stargod.StarGodService$EquipStarGod
1728:             8            384  com.altratek.altraserver.extensions.service.task.data.step.StepGatherItem
1729:            12            384  com.altratek.altraserver.extensions.service.team.TeamManager
1730:            12            384  com.altratek.altraserver.extensions.service.tempactivity.aruisiultraevolve.Config$PetHelper
1731:            24            384  com.altratek.altraserver.extensions.service.tempactivity.mediumpetseries.PetGainInfo$FightInfo
1732:            12            384  com.altratek.altraserver.extensions.service.tempactivity.mediumpetseries.SpecialInfo
1733:            12            384  com.altratek.altraserver.extensions.service.tempactivity.strenthenstar.StrenthenStarUserInfo
1734:            12            384  com.altratek.altraserver.extensions.service.tempactivity.strenthenstar.StrenthenStarUserInfo$LotteryUserInfo
1735:            12            384  com.altratek.altraserver.extensions.service.tempactivity.xiunuocombine.FightInfo
1736:            12            384  com.altratek.altraserver.extensions.service.tempactivity.xiunuocombine.XiuNuoCombineUserInfo
1737:             8            384  com.altratek.altraserver.extensions.service.timeliness_activity.act.act2017.act20170210.godprofessionmiaodui.GodProfessionMiaoDuiPetInfo
1738:            12            384  com.altratek.altraserver.extensions.service.timeliness_activity.act.act2017.act20170217.newhandtask170217.NewHandTask170217Handler$Behavior
1739:            12            384  com.altratek.altraserver.extensions.service.timeliness_activity.act.act2017.act20170317.shifeiherobattle.UserShiFeiHeroBattleInfo
1740:            12            384  com.altratek.altraserver.extensions.service.timeliness_activity.act.act2017.act20170505.lucklylottery.LucklyLotteryInfo
1741:            12            384  com.altratek.altraserver.extensions.service.timeliness_activity.act.act2017.act20170818.liehunmiaogodjob.UserMaterialInfo
1742:            12            384  com.altratek.altraserver.extensions.service.timeliness_activity.act.act2017.act20170922.petgiftdraw.CommonBonus
1743:            12            384  com.altratek.altraserver.extensions.service.timeliness_activity.act.act2017.act20171013.wanlingworld.WanLingWorldInfo
1744:            12            384  com.altratek.altraserver.extensions.service.timeliness_activity.act.act2017.act20171020.signforlingfeng.SignForLingFengInfo
1745:            12            384  com.altratek.altraserver.extensions.service.timelinessactivity.huandongpose.HuanDongPoseExtension
1746:            12            384  com.altratek.altraserver.extensions.service.vip.activity.val170929.Val170929Info
1747:             1            384  com.baitian.heartbeat.service.DaemonScheduleManager$1
1748:            16            384  com.pjx.battle.server.battle.buff.DoEffectFactory_CasterCritical
1749:            24            384  com.pjx.battle.server.battle.buff.DoEffectFactory_CasterPowerType
1750:            16            384  com.pjx.battle.server.battle.buff.DoEffectFactory_CasterTargetHasBuffsV2
1751:            16            384  com.pjx.battle.server.battle.buff.DoEffectFactory_CasterTargetHasBuffsV2$OrItem
1752:            16            384  com.pjx.battle.server.battle.buff.ext.ClearBuffFactory
1753:            16            384  com.pjx.battle.server.battle.buff.ext.PowerLimitBuffFactory
1754:            16            384  com.pjx.battle.server.battle.buff.ext.PropertyRangeChangeBuffFactory$DoubleValue
1755:            12            384  com.pjx.battle.server.battle.buff.ext.PushEnergyBuffFactory$Value
1756:            16            384  com.pjx.battle.server.battle.buff.ext.SummonWhenDieBuffFactory
1757:            24            384  com.pjx.module.creature.extproperty.limit.CreatureExtPropertyLimitFactory_FullEquipments
1758:            24            384  com.pjx.module.creature.extproperty.limit.CreatureExtPropertyLimitFactory_FullEquipments$CreatureExtPropertyLimit_FullEquipments
1759:            12            384  com.pjx.module.creature.property.PropertyIndex
1760:            12            384  com.pjx.service.union.IColName$UnionCol
1761:             8            384  com.sun.jmx.mbeanserver.DefaultMXBeanMappingFactory$CompositeMapping
1762:             1            384  java.lang.ref.Finalizer$FinalizerThread
1763:             1            384  java.util.logging.LogManager$Cleaner
1764:            16            384  sun.misc.MetaIndex
1765:            16            384  sun.nio.ch.OptionKey
1766:            16            384  sun.nio.ch.SocketOptionRegistry$RegistryKey
1767:            16            384  sun.reflect.generics.tree.ClassSignature
1768:            12            384  sun.security.x509.AlgorithmId
1769:             1            376  [Ljxl.format.PaperSize;
1770:             1            376  java.lang.ref.Reference$ReferenceHandler
1771:             1            376  sun.misc.GC$Daemon
1772:             1            368  [Lcom.altratek.altraserver.extensions.msgs.MessageType;
1773:            17            368  [Ljavax.management.MBeanNotificationInfo;
1774:            23            368  com.altratek.altraserver.extensions.service.material.service.goods.OneoffGoodsConsume
1775:            23            368  java.awt.font.TextAttribute
1776:            15            360  com.altratek.altraserver.extensions.service.activity.bosschallenge.BossChallengeConfig$Wish
1777:            15            360  com.altratek.altraserver.extensions.service.activity.callback.cb20170630.CB170630Step
1778:             9            360  com.altratek.altraserver.extensions.service.activity.passzijinhole.Monster
1779:             9            360  com.altratek.altraserver.extensions.service.activity.subtle_fragrance.SubtleFragranceDefine$SubtleFragranceMonster
1780:            15            360  com.altratek.altraserver.extensions.service.activity.yuangupetfl.YuanGuPetFLConfig$GridInfo
1781:            15            360  com.altratek.altraserver.extensions.service.challenge.buffgetter.ext.BuffGetter_58_AddMyBuff
1782:             9            360  com.altratek.altraserver.extensions.service.challenge.extprocessor.ext.Ext_94_SetRecommendFormation
1783:            15            360  com.altratek.altraserver.extensions.service.fight.activity.mozunfight.phases.ext.phase123.MZF_Phase123Config$MZF_BossInfo
1784:            15            360  com.altratek.altraserver.extensions.service.fight.activity.nuoyanewsuperevolve.NuoYaNewSuperEvolveResult
1785:             9            360  com.altratek.altraserver.extensions.service.fight.activity.yuanhuangfight.YuanHuangFightConfig$PhaseDefine
1786:            15            360  com.altratek.altraserver.extensions.service.material.extend.clothes.UserClothesAll
1787:            15            360  com.altratek.altraserver.extensions.service.temp.consume.SetLongTimeDoneCounterConsume
1788:            15            360  com.altratek.altraserver.extensions.service.temp.prize.GainExpPrize
1789:            15            360  com.altratek.altraserver.extensions.service.tempactivity.xiunuocombine.XiuNuoCombineConfig$RankDefine
1790:            15            360  com.altratek.altraserver.extensions.service.timeliness_activity.act.act2017.act20170728.magicformation.MagicFormationInfo$FormationInfo
1791:             9            360  com.altratek.altraserver.extensions.service.timeliness_activity.act.act2017.act20170811.xuanwugodjob.XuanWuGodJobConfig$ChallengeConfig
1792:            15            360  com.pjx.battle.server.battle.buff.ext.ChangeSkillBuffFactory$ChangeConfig
1793:             9            360  com.pjx.battle.server.battle.item.BuffItemDefine
1794:            15            360  com.pjx.battle.server.battle.player.Properties$Num
1795:            15            360  com.pjx.module.buff.skill.limit.creature.SkillCreatureLimitFactory_JobEffected$SkillCreatureEffectLimit_JobEffected
1796:            15            360  javax.management.StandardMBean
1797:             9            360  org.apache.log4j.helpers.PatternParser$ClassNamePatternConverter
1798:             9            360  org.apache.log4j.helpers.PatternParser$LocationPatternConverter
1799:            15            360  sun.reflect.generics.scope.ClassScope
1800:            10            352  [Lcom.altratek.altraserver.extensions.service.npcbuddy.NpcBuddyDefine$NpcCharacter;
1801:            11            352  com.altratek.altraserver.extensions.event.ext.SynEventDiamondTicket$DiamondTicketGet
1802:            11            352  com.altratek.altraserver.extensions.service.challenge.extprocessor.Ext_ChoosePet
1803:            22            352  com.altratek.altraserver.extensions.service.fight.activity.ikkitousen.IkkitousenResult
1804:            11            352  com.altratek.altraserver.extensions.service.timeliness_activity.act.act2017.act20170922.petgiftdraw.PetGiftDrawConfig$DrawCost
1805:            11            352  com.pjx.battle.server.battle.buff.DoEffectFactory_CasterTargetBuffNum
1806:            10            336  [Lcom.altratek.altraserver.extensions.service.kapufight.MonsterCharacter;
1807:            14            336  [Lcom.altratek.altraserver.extensions.service.pjx.player.PlayerPacks$PlayerPack;
1808:            14            336  [Lcom.altratek.altraserver.extensions.service.tower.exptower2016.AbstractTowerInfo;
1809:            14            336  [Ljava.lang.reflect.TypeVariable;
1810:             3            336  [Lsun.font.EAttribute;
1811:            14            336  com.alibaba.fastjson.parser.Feature
1812:            14            336  com.altratek.altraserver.extensions.base.CommandFilter
1813:            14            336  com.altratek.altraserver.extensions.service.activity.teambeatjiangyou.TeamBeatJiangYouInfo
1814:            14            336  com.altratek.altraserver.extensions.service.challenge.buffgetter.ext.BuffGetter_90_AddEnemyBuff
1815:            14            336  com.altratek.altraserver.extensions.service.fight.activity.hotbloodmengmengsuperevolve.HotBloodMengMengSuperEvolveHandler$Result
1816:            14            336  com.altratek.altraserver.extensions.service.fight.activity.mrsuperfight.MrSuperFightConfig$ChallengeConfig
1817:            14            336  com.altratek.altraserver.extensions.service.fight.helper.fightbuff.ext.WithRaceTypeBuffWrapContainer
1818:            14            336  com.altratek.altraserver.extensions.service.pjx.player.PlayerPacks
1819:             6            336  com.altratek.altraserver.extensions.service.richman.RichManDao$RichManGameInfo
1820:            14            336  com.altratek.altraserver.extensions.service.ridepet.UserRidePetCard
1821:            14            336  com.altratek.altraserver.extensions.service.tempactivity.xiunuocombine.XiuNuoCombineConfig$TimeLimit
1822:             6            336  com.altratek.altraserver.extensions.service.timeliness_activity.act.act2016.act20160219.invincibletangyuan.InvincibleTangYuanInfo
1823:            14            336  com.altratek.altraserver.extensions.service.timeliness_activity.act.act2017.act20170217.clergystar.ClergyStarHandler$Result
1824:            14            336  com.altratek.altraserver.extensions.service.timelinessactivity.chenchenpartner.ChenChenPartnerHandler$Result
1825:            14            336  com.altratek.altraserver.extensions.service.tower.exptower2016.TowerTeamInfo
1826:            14            336  com.altratek.altraserver.extensions.service.tower.fengshen.define.FengShenTowerConfig$OwnBuffInfo
1827:            21            336  com.altratek.altraserver.extensions.service.tower.magic.MTFloorHandlerFactory_Common$MTFloorHandler_Common
1828:            14            336  com.pjx.battle.server.battle.buff.ext.BuffCreateV2BuffFactory$MyEffectSide
1829:            14            336  com.pjx.battle.server.battle.buff.ext.HasBuffThenAddBuffFactory$Occasion
1830:             7            336  com.pjx.battle.server.battle.buff.ext.ReboundBuffBuffFactory
1831:            14            336  com.pjx.battle.server.battle.skill.ext.Sk_Sex
1832:            21            336  com.pjx.battle.server.battle.validator.CharacterValidator$RaceExpress
1833:            14            336  com.pjx.service.homeland.HomeLandOp
1834:            14            336  java.lang.invoke.LambdaFormEditor$Transform$Kind
1835:             6            336  java.nio.DirectLongBufferU
1836:             6            336  sun.management.MemoryPoolImpl
1837:             6            336  sun.rmi.transport.Target
1838:             6            336  sun.security.util.MemoryCache$SoftCacheEntry
1839:             7            336  sun.util.locale.provider.LocaleResources$ResourceReference
1840:            16            328  [Ljava.lang.management.PlatformComponent;
1841:            16            320  [Lsun.reflect.generics.tree.ClassTypeSignature;
1842:            10            320  com.altratek.altraserver.extensions.service.achievement.AchievementUserInfo
1843:            10            320  com.altratek.altraserver.extensions.service.activity.holyweenfullvldeliver.HolyweenFullLvlDeliverPet
1844:            10            320  com.altratek.altraserver.extensions.service.activity.holyweenfullvldeliver.NumDefine
1845:            10            320  com.altratek.altraserver.extensions.service.activity.longyansuperevolve.bosses.boss4.Boss4Config$RandFormItem
1846:             8            320  com.altratek.altraserver.extensions.service.activity.onlinedeliver160205.OnlineDeliver160205Config$MyBonus
1847:             8            320  com.altratek.altraserver.extensions.service.activity.sanguo.rendespirit.RendeSpiritInfo
1848:             2            320  com.altratek.altraserver.extensions.service.buddy.nearbuddy.hirepet.NearBuddyPetHired
1849:            10            320  com.altratek.altraserver.extensions.service.challenge.buffgetter.ext.BuffGetter_124_PosAddBuff
1850:            10            320  com.altratek.altraserver.extensions.service.challenge.extprocessor.ext.Ext_43_AddBuff
1851:            10            320  com.altratek.altraserver.extensions.service.challenge.extprocessor.ext.Ext_43_JudgeStartChallenge
1852:            10            320  com.altratek.altraserver.extensions.service.challenge.extprocessor.ext.Ext_43_RecordDiePetNum
1853:            10            320  com.altratek.altraserver.extensions.service.challenge.extprocessor.ext.Ext_43_Restart
1854:            10            320  com.altratek.altraserver.extensions.service.challenge.extprocessor.ext.Ext_49_ChoosePets
1855:            10            320  com.altratek.altraserver.extensions.service.challenge.extprocessor.ext.Ext_49_ConstructMyPlayer
1856:            10            320  com.altratek.altraserver.extensions.service.challenge.extprocessor.ext.Ext_49_GetInfo
1857:            10            320  com.altratek.altraserver.extensions.service.challenge.extprocessor.ext.Ext_49_SetFormation
1858:            10            320  com.altratek.altraserver.extensions.service.challenge.extprocessor.ext.Ext_49_SupplementSinglePetHp
1859:            10            320  com.altratek.altraserver.extensions.service.challenge.extprocessor.ext.Ext_7_GetInfo
1860:            10            320  com.altratek.altraserver.extensions.service.challenge.extprocessor.ext.Ext_7_Lottery
1861:            10            320  com.altratek.altraserver.extensions.service.challenge.extprocessor.ext.Ext_7_PutExp
1862:            10            320  com.altratek.altraserver.extensions.service.challenge.teamselecter.ext.Selecter_68_Selecter
1863:             8            320  com.altratek.altraserver.extensions.service.fight.activity.fivegodpetfit.FiveGodPetFitConfig$BonusDefine
1864:             8            320  com.altratek.altraserver.extensions.service.fight.activity.timedragon.TimeDragonConfig$ChallengeDefine
1865:             8            320  com.altratek.altraserver.extensions.service.fishery.fishingmaster.GameInfo
1866:             5            320  com.altratek.altraserver.extensions.service.heroisland.buff.ext.MonsterSkill_ImmunityHarm
1867:             8            320  com.altratek.altraserver.extensions.service.mailbox.BroadcastMail
1868:            20            320  com.altratek.altraserver.extensions.service.material.bonus.ValidFactory_OneOff$Valid_OneOff
1869:            10            320  com.altratek.altraserver.extensions.service.material.bonus.progressbonus.ProgressBonus
1870:             8            320  com.altratek.altraserver.extensions.service.material.service.use.ext.UseHandler_ConvertToMaterialCount
1871:            20            320  com.altratek.altraserver.extensions.service.petpark.newarchlgy.map.NewArchlgyMap
1872:            10            320  com.altratek.altraserver.extensions.service.pjx.kingroad.super5.Chapter2Define$Monster
1873:            10            320  com.altratek.altraserver.extensions.service.superstar.flowerlottery.FlowerLotteryConfig$RatePrize
1874:            10            320  com.altratek.altraserver.extensions.service.tempactivity.contractbrother.ContractBrotherConfig$BossHpDefine
1875:            10            320  com.altratek.altraserver.extensions.service.timeliness_activity.act.act2016.act20160708.monkeycat.MoneyCatConfig$StageConfig
1876:             8            320  com.altratek.altraserver.extensions.service.timeliness_activity.act.act2016.act20160819.stargodmutation.ActivityEnergy
1877:            10            320  com.altratek.altraserver.extensions.service.timeliness_activity.act.act2016.act20161104.preordershop.Cloth
1878:            10            320  com.altratek.altraserver.extensions.service.timeliness_activity.act.act2017.act20170512.petcollect.PetCollectHandler$RaceConfig
1879:             8            320  com.altratek.altraserver.extensions.service.timeliness_activity.act.act2017.act20170616.developmenttasks.DevelopmenttasksConfig$TasksGrop
1880:             8            320  com.altratek.altraserver.extensions.service.timelinessactivity.classicspet.ClassicsPetConst$PetInfo
1881:            10            320  com.altratek.altraserver.extensions.service.timelinessactivity.huanfudai.FuDaiPrize
1882:             8            320  com.altratek.altraserver.extensions.service.tower.levelup.LevelUpTowerInfo
1883:            10            320  com.altratek.altraserver.extensions.service.treasure.TreasureRates
1884:            10            320  com.altratek.altraserver.extensions.service.treasurehall.achievement.ConditionDefine
1885:            10            320  com.altratek.altraserver.extensions.service.userbuff.UserBuff
1886:            10            320  com.pjx.battle.server.battle.buff.DoEffectFactory_CasterTargetFormationType$FormationType
1887:            10            320  com.pjx.battle.server.battle.buff.ext.PoisionV3BuffFactory
1888:            10            320  com.pjx.battle.server.battle.buff.ext.PoisionV3BuffFactory$HealConfig
1889:            10            320  com.pjx.module.formation.FormationDefine
1890:             8            320  com.sun.org.apache.xerces.internal.utils.XMLSecurityManager$Limit
1891:            20            320  java.security.spec.ECFieldFp
1892:            10            320  java.util.Collections$UnmodifiableMap
1893:            10            320  org.apache.commons.pool2.impl.LinkedBlockingDeque$DescendingItr
1894:             9            312  [Lcom.altratek.altraserver.extensions.service.activity.luosa.MonsterCharacter;
1895:             9            312  [Lcom.altratek.altraserver.extensions.service.activity.passzijinhole.MonsterCharacter;
1896:             9            312  [Lcom.altratek.altraserver.extensions.service.activity.zhanhun.ZhanHunTeamDefine$MonsterCharacter;
1897:            13            312  com.altratek.altraserver.extensions.base.ExtensionSupport$RequestLog
1898:            13            312  com.altratek.altraserver.extensions.service.activity.compete.athletic.AthleticDefine$AthleticItem
1899:            13            312  com.altratek.altraserver.extensions.service.activity.stargodpet.OperationResult
1900:            13            312  com.altratek.altraserver.extensions.service.challenge.buffgetter.ext.BuffGetter_110_AddMyBuff
1901:            13            312  com.altratek.altraserver.extensions.service.challenge.strategy.Strategy_FightPower
1902:            13            312  com.altratek.altraserver.extensions.service.farm.FarmItemDefine$FarmItemEffect
1903:            13            312  com.altratek.altraserver.extensions.service.fight.activity.fightfengci.FightFengCiConfig$BossDefine
1904:            13            312  com.altratek.altraserver.extensions.service.fight.activity.moonshadowevolve.MoonShadowEvolveCofig$ChallengeDefine
1905:            13            312  com.altratek.altraserver.extensions.service.fight.activity.ziyafight.ZiYaFightConfig$ChallengeConfig
1906:            13            312  com.altratek.altraserver.extensions.service.material.extend.score.UserScores
1907:            13            312  com.altratek.altraserver.extensions.service.pjx.kingroad150515.KingHallConfig$FormationType
1908:            13            312  com.altratek.altraserver.extensions.service.temp.limit.DateLimit
1909:            13            312  com.altratek.altraserver.extensions.service.temp.prize.TodayDoneIncreasePrize
1910:            13            312  com.altratek.altraserver.extensions.service.tempactivity.activityguide.ActivityGuideDataConfig$SelfListenConfig
1911:            13            312  com.altratek.altraserver.extensions.service.tempactivity.xiaokong20130117.XiaokongUserInfo
1912:            13            312  com.pjx.battle.server.battle.buff.ext.Occasion
1913:            13            312  java.lang.management.ManagementPermission
1914:             1            312  java.util.concurrent.ForkJoinPool
1915:            13            312  org.apache.log4j.Level
1916:             1            304  [Lcom.altratek.altraserver.handler.OutMsgHandlerWorker;
1917:            19            304  com.altratek.altraserver.extensions.service.material.service.goods.WeeklyCountGoodsConsume
1918:            19            304  com.pjx.battle.server.battle.validator.CharacterValidator$SignExpress
1919:            19            304  java.util.EnumMap$Values
1920:            11            296  [Lcom.pjx.battle.server.battle.buff.DoEffectFactory_CasterTargetFormationType$FormationType;
1921:            16            296  [Ljavax.management.MBeanConstructorInfo;
1922:            12            288  [Lcom.altratek.altraserver.extensions.service.pjx.hatch.SingleHatcherInfo;
1923:             2            288  [Lorg.dom4j.tree.ConcurrentReaderHashMap$Entry;
1924:            12            288  com.altratek.altraserver.extensions.config.ConfigProxy$ConfigProxyInvocationHandler
1925:             9            288  com.altratek.altraserver.extensions.db.DbException
1926:            12            288  com.altratek.altraserver.extensions.service.accountbinding.UserAccountBindingInfo$SecretSecurityPrizeInfo
1927:            12            288  com.altratek.altraserver.extensions.service.activity.activestar.ActiveStarConfig$ActiveStarRange
1928:            12            288  com.altratek.altraserver.extensions.service.activity.activestar.ActiveStarExtension
1929:            12            288  com.altratek.altraserver.extensions.service.activity.aoyiluosa.AoYiLuoSaExtension
1930:            12            288  com.altratek.altraserver.extensions.service.activity.bestpetformsuggest.BestPetFormSuggestExtension
1931:            12            288  com.altratek.altraserver.extensions.service.activity.callback.cb20140404.BackAndInvite0404Extension
1932:            12            288  com.altratek.altraserver.extensions.service.activity.callback.cb20150710.BackAndInvite150710Extension
1933:            12            288  com.altratek.altraserver.extensions.service.activity.callback.cb20150902.ThirtyDaysBackExtension
1934:            12            288  com.altratek.altraserver.extensions.service.activity.callback.cb20151120.BackAndInvite151120Extension
1935:            12            288  com.altratek.altraserver.extensions.service.activity.callback.cb20151231.ThirtyDaysBack151231Extension
1936:            12            288  com.altratek.altraserver.extensions.service.activity.callback.cb20160115.BackAndInvite160115Extension
1937:            12            288  com.altratek.altraserver.extensions.service.activity.callback.cb20160226.BackAndInvite160226Extension
1938:            12            288  com.altratek.altraserver.extensions.service.activity.callback.cb20170630.CB170630Extension
1939:            12            288  com.altratek.altraserver.extensions.service.activity.childfestivalvote.ChildFestivalVoteExtension
1940:            12            288  com.altratek.altraserver.extensions.service.activity.cityvote.CityVoteExtension
1941:            12            288  com.altratek.altraserver.extensions.service.activity.defenceluludan.DefenceLuLuDanExtension
1942:            12            288  com.altratek.altraserver.extensions.service.activity.digicefindtreasure.DigIceFindTreasureExtension
1943:            12            288  com.altratek.altraserver.extensions.service.activity.digicefindtreasure.DigIceFindTreasureHandler
1944:            12            288  com.altratek.altraserver.extensions.service.activity.digicefindtreasure.DigIceZoneService
1945:            12            288  com.altratek.altraserver.extensions.service.activity.dishitianclothes.DiShiTianClothesExtension
1946:            12            288  com.altratek.altraserver.extensions.service.activity.dragonboat.DragonBoatExtension
1947:            12            288  com.altratek.altraserver.extensions.service.activity.dreamdevilfight.dreamdevilattack.DreamDevilFightExtension
1948:             9            288  com.altratek.altraserver.extensions.service.activity.dreamdevilfight.shenyuan.ShenYuanConfig$ShenYuanPet
1949:            12            288  com.altratek.altraserver.extensions.service.activity.dreamdevilfight.shenyuan.ShenYuanExtension
1950:             6            288  com.altratek.altraserver.extensions.service.activity.dreammonster.DreamMonsterDefine
1951:            12            288  com.altratek.altraserver.extensions.service.activity.freshmangift.fmg140310.FreshManGift140310Extension
1952:            12            288  com.altratek.altraserver.extensions.service.activity.freshmangift.fmg140425.FreshManGift140425Extension
1953:            12            288  com.altratek.altraserver.extensions.service.activity.freshmangift.fmg150710.FreshManGift150710Extension
1954:            12            288  com.altratek.altraserver.extensions.service.activity.freshmangift.fmg170217.Fmg170217Extension
1955:            12            288  com.altratek.altraserver.extensions.service.activity.freshmangift.fmg170818.Fmg170818Extension
1956:            12            288  com.altratek.altraserver.extensions.service.activity.godattrpetvote2.GodAttrPetVote2Extension
1957:            12            288  com.altratek.altraserver.extensions.service.activity.godpropertyvote.GodPropertyVoteExtension
1958:            12            288  com.altratek.altraserver.extensions.service.activity.godracetypewake.superwake.SuperWakeExtension
1959:            12            288  com.altratek.altraserver.extensions.service.activity.goodbuddyxiaomo.GoodBuddyXiaoMoExtension
1960:            12            288  com.altratek.altraserver.extensions.service.activity.halloweengameapply.HalloweenGameApplyExtension
1961:            12            288  com.altratek.altraserver.extensions.service.activity.jipinzhandouliv2.JiPinZhanDouLiV2Extension
1962:            12            288  com.altratek.altraserver.extensions.service.activity.legenddragon.LegendDragonExtension
1963:            12            288  com.altratek.altraserver.extensions.service.activity.lightking.LightKingExtension
1964:            12            288  com.altratek.altraserver.extensions.service.activity.longyansuperevolve.LongYanSuperEvolveExtension
1965:            12            288  com.altratek.altraserver.extensions.service.activity.longyansuperevolvewarm.LongYanSuperEvolveWarmExtension
1966:             9            288  com.altratek.altraserver.extensions.service.activity.luosa.Monster
1967:             9            288  com.altratek.altraserver.extensions.service.activity.luosa.MonsterTeam
1968:            12            288  com.altratek.altraserver.extensions.service.activity.monstermobile.MonsterMobileExtension
1969:            12            288  com.altratek.altraserver.extensions.service.activity.onlinedeliver150710.OnlineDeliver150710Extension
1970:            12            288  com.altratek.altraserver.extensions.service.activity.onlinedeliver160205.OnlineDeliver160205Extension
1971:            12            288  com.altratek.altraserver.extensions.service.activity.onlinedeliver160205.OnlineDeliver160205nfo
1972:            12            288  com.altratek.altraserver.extensions.service.activity.outofprintswingback.OutOfPrintSwingBackExtension
1973:            12            288  com.altratek.altraserver.extensions.service.activity.scorepregame.ScorePreGameExtension
1974:            12            288  com.altratek.altraserver.extensions.service.activity.sixonecoloregg.SixOneColorEggExtension
1975:            12            288  com.altratek.altraserver.extensions.service.activity.starbluedragon.StarBlueDragonExtension
1976:            12            288  com.altratek.altraserver.extensions.service.activity.strengthdeliver.StrengthDeliverExtension
1977:            12            288  com.altratek.altraserver.extensions.service.activity.summonbestsound.SummonBestSoundExtension
1978:            12            288  com.altratek.altraserver.extensions.service.activity.swordofking.StageManager
1979:            12            288  com.altratek.altraserver.extensions.service.activity.swordofking.SwordOfKingExtension
1980:            12            288  com.altratek.altraserver.extensions.service.activity.swordofking.SwordOfKingHandler
1981:            12            288  com.altratek.altraserver.extensions.service.activity.totallead.TotalLeadExtension
1982:            12            288  com.altratek.altraserver.extensions.service.activity.weizhentianxiamerge.WeiZhenTianXiaMergeExtension
1983:            12            288  com.altratek.altraserver.extensions.service.activity.xiaohuanheyuanxiao.XiaoHuanHeYuanXiaoExtension
1984:            12            288  com.altratek.altraserver.extensions.service.activity.xiuertest.XiuErTestExtension
1985:            12            288  com.altratek.altraserver.extensions.service.activity.xuexilimanmanzhuan.XueXiLiManManZhuanExtension
1986:            12            288  com.altratek.altraserver.extensions.service.activity.xywsleeptrain.XYWSleepTrainExtension
1987:            12            288  com.altratek.altraserver.extensions.service.activity.yeyuefight.YeYueFightExtension
1988:            12            288  com.altratek.altraserver.extensions.service.activity.yuangupetfl.YuanGuPetFLExtension
1989:            12            288  com.altratek.altraserver.extensions.service.activity.yuanguwuwangdeliver.YuanGuWuWangDeliverExtension
1990:            12            288  com.altratek.altraserver.extensions.service.activity.yuansufashi.YuanSuFaShiExtension
1991:            12            288  com.altratek.altraserver.extensions.service.activity.yuanxiaolabel.YuanXiaoLabelExtension
1992:             9            288  com.altratek.altraserver.extensions.service.activity.zhanhun.ZhanHunTeamDefine
1993:             9            288  com.altratek.altraserver.extensions.service.activity.zhanhun.ZhanHunTeamDefine$FbMonster
1994:            12            288  com.altratek.altraserver.extensions.service.allstar.AllStarHandler
1995:            12            288  com.altratek.altraserver.extensions.service.allstar.Service
1996:            12            288  com.altratek.altraserver.extensions.service.arena.arena.ArenaHandler
1997:            12            288  com.altratek.altraserver.extensions.service.arena.arena.ArenaSubExtension
1998:            12            288  com.altratek.altraserver.extensions.service.arena.globalarena.GlobalAreaLastSeasonTopInfo
1999:            12            288  com.altratek.altraserver.extensions.service.arena.globalarena.unlimitfirepower.UnlimitFirePowerExtension
2000:            12            288  com.altratek.altraserver.extensions.service.auctioncenter.tradecard.TradeCardExtension
2001:            12            288  com.altratek.altraserver.extensions.service.boss.current.CurrentBossExtension
2002:             9            288  com.altratek.altraserver.extensions.service.buddy.nearbuddy.familarity.FamilarityLv
2003:            12            288  com.altratek.altraserver.extensions.service.challenge.act.act121.Act121Extension
2004:            12            288  com.altratek.altraserver.extensions.service.challenge.act.act130.Act130Extension
2005:            12            288  com.altratek.altraserver.extensions.service.challenge.act.act68.Act68Extension
2006:            12            288  com.altratek.altraserver.extensions.service.challenge.act.act72.Act72Extension
2007:            12            288  com.altratek.altraserver.extensions.service.challenge.act.act81.Act81Extension
2008:            12            288  com.altratek.altraserver.extensions.service.challenge.act.act85.Act85Extension
2009:            12            288  com.altratek.altraserver.extensions.service.challenge.act.act89.Act89Extension
2010:             9            288  com.altratek.altraserver.extensions.service.challenge.buffgetter.BuffGetter_PetId
2011:            12            288  com.altratek.altraserver.extensions.service.challenge.buffgetter.ext.BuffGetter_108_AddMyBuff
2012:            12            288  com.altratek.altraserver.extensions.service.challenge.buffgetter.ext.BuffGetter_20_AddMyBuff
2013:            12            288  com.altratek.altraserver.extensions.service.challenge.buffgetter.ext.BuffGetter_89_AddBuff
2014:            12            288  com.altratek.altraserver.extensions.service.challenge.buffgetter.ext.BuffGetter_93_AddEnemyBuff
2015:            18            288  com.altratek.altraserver.extensions.service.challenge.extprocessor.ext.Ext_111_SetEnemy$PosDefine
2016:             9            288  com.altratek.altraserver.extensions.service.challenge.extprocessor.ext.Ext_20_AddRound
2017:             9            288  com.altratek.altraserver.extensions.service.challenge.extprocessor.ext.Ext_21_ChoosePets
2018:             9            288  com.altratek.altraserver.extensions.service.challenge.extprocessor.ext.Ext_21_ConstructMyPlayer
2019:             9            288  com.altratek.altraserver.extensions.service.challenge.extprocessor.ext.Ext_21_GetInfo
2020:             9            288  com.altratek.altraserver.extensions.service.challenge.extprocessor.ext.Ext_21_SetFormation
2021:             9            288  com.altratek.altraserver.extensions.service.challenge.extprocessor.ext.Ext_42_ChoosePets
2022:             9            288  com.altratek.altraserver.extensions.service.challenge.extprocessor.ext.Ext_42_ConstructMyPlayer
2023:             9            288  com.altratek.altraserver.extensions.service.challenge.extprocessor.ext.Ext_42_GetInfo
2024:             9            288  com.altratek.altraserver.extensions.service.challenge.extprocessor.ext.Ext_42_SetFormation
2025:             9            288  com.altratek.altraserver.extensions.service.challenge.extprocessor.ext.Ext_80_ConstructMyPlayer
2026:             9            288  com.altratek.altraserver.extensions.service.challenge.extprocessor.ext.Ext_80_GetFormationInfo
2027:             9            288  com.altratek.altraserver.extensions.service.challenge.extprocessor.ext.Ext_80_Restart
2028:             9            288  com.altratek.altraserver.extensions.service.challenge.extprocessor.ext.Ext_80_SetFormation
2029:             9            288  com.altratek.altraserver.extensions.service.challenge.extprocessor.ext.Ext_88_Handler
2030:             9            288  com.altratek.altraserver.extensions.service.challenge.extprocessor.ext.Ext_9_GetInfo
2031:            12            288  com.altratek.altraserver.extensions.service.challenge.info.ChallengeInfo
2032:            12            288  com.altratek.altraserver.extensions.service.challenge.prizeprocessor.Prize_SuperJobEvolve
2033:             9            288  com.altratek.altraserver.extensions.service.configurable_activity.Balance_WeeklyDoneCount
2034:            12            288  com.altratek.altraserver.extensions.service.configurable_activity.ConfigurableActivityTypeAggregate$DoneCountType
2035:            12            288  com.altratek.altraserver.extensions.service.dragontown.goldvulture.VultureInfo
2036:            12            288  com.altratek.altraserver.extensions.service.family.revoked.FamilyRevokedConfig$JobPrizeConfig
2037:            12            288  com.altratek.altraserver.extensions.service.fight.activity.angel.AngelExtension
2038:            12            288  com.altratek.altraserver.extensions.service.fight.activity.baibansuperevolve.BaiBanSuperEvolveExtension
2039:            12            288  com.altratek.altraserver.extensions.service.fight.activity.baixingfight.BaiXingFightExtension
2040:            12            288  com.altratek.altraserver.extensions.service.fight.activity.baizesuperjob.BaiZeSuperJobExtension
2041:            12            288  com.altratek.altraserver.extensions.service.fight.activity.beihuofight.BeiHuoFightExtension
2042:            12            288  com.altratek.altraserver.extensions.service.fight.activity.binglingwangevolve.BingLingWangEvolveExtension
2043:            12            288  com.altratek.altraserver.extensions.service.fight.activity.binglingwangfight.BingLingWangFightExtension
2044:            12            288  com.altratek.altraserver.extensions.service.fight.activity.calabash.CalabashExtension
2045:            12            288  com.altratek.altraserver.extensions.service.fight.activity.chaseghostcat.ChaseGhostCatExtension
2046:            12            288  com.altratek.altraserver.extensions.service.fight.activity.darkmengmengsuperevolve.DarkMengMengSuperEvolveConfig$StageDefine
2047:            12            288  com.altratek.altraserver.extensions.service.fight.activity.deerking.Info_Gain
2048:            12            288  com.altratek.altraserver.extensions.service.fight.activity.deerking.UserDeerKingInfo
2049:            12            288  com.altratek.altraserver.extensions.service.fight.activity.fightfengci.FightFengCiExtension
2050:            12            288  com.altratek.altraserver.extensions.service.fight.activity.fivegodpetfit.FiveGodPetFitExtension
2051:            12            288  com.altratek.altraserver.extensions.service.fight.activity.golddragonevolve.GoldDragonEvolveExtension
2052:            12            288  com.altratek.altraserver.extensions.service.fight.activity.hantiansupergodevolve.HanTianSuperGodEvolveExtension
2053:            12            288  com.altratek.altraserver.extensions.service.fight.activity.heroholyriderheart.HeroHolyRiderHeartExtension
2054:            12            288  com.altratek.altraserver.extensions.service.fight.activity.hotbloodmengmengsuperevolve.HotBloodMengMengSuperEvolveConfig$ChallengeDefine
2055:            12            288  com.altratek.altraserver.extensions.service.fight.activity.huanhuangsupergodevolve.HuanHuangSuperGodEvolveExtension
2056:            12            288  com.altratek.altraserver.extensions.service.fight.activity.iceduke.IceDukeExtension
2057:            12            288  com.altratek.altraserver.extensions.service.fight.activity.kaisasuperevolve.KaiSaSuperEvolveExtension
2058:            12            288  com.altratek.altraserver.extensions.service.fight.activity.kuangbiergain.KuangBiErGainExtension
2059:            12            288  com.altratek.altraserver.extensions.service.fight.activity.leidunfight.LeiDunFightExtension
2060:            12            288  com.altratek.altraserver.extensions.service.fight.activity.lingfengfight.LingFengFightExtension
2061:            12            288  com.altratek.altraserver.extensions.service.fight.activity.lingfengsuperevolve.LingFengSuperEvolveExtension
2062:            12            288  com.altratek.altraserver.extensions.service.fight.activity.miqilinevolve.MiQiLinEvolveExtension
2063:            12            288  com.altratek.altraserver.extensions.service.fight.activity.mitthewssupergod.MitthewsSuperGodExtension
2064:            12            288  com.altratek.altraserver.extensions.service.fight.activity.moonshadowking.MoonShadowKingExtension
2065:            12            288  com.altratek.altraserver.extensions.service.fight.activity.mozunfight.MoZunFightExtension
2066:             9            288  com.altratek.altraserver.extensions.service.fight.activity.oddimmortal.OddImmortalConfig$TeamDefine
2067:            12            288  com.altratek.altraserver.extensions.service.fight.activity.oddimmortal.OddImmortalExtension
2068:            12            288  com.altratek.altraserver.extensions.service.fight.activity.rabbitgodsupergodevolve.RabbitGodSuperGodEvolveExtension
2069:            12            288  com.altratek.altraserver.extensions.service.fight.activity.shanggulingzhunevolve.ShangGuLingZhunEvolveExtension
2070:            12            288  com.altratek.altraserver.extensions.service.fight.activity.sifangform.SiFangFormExtension
2071:            12            288  com.altratek.altraserver.extensions.service.fight.activity.supergodmozun.SuperGodMoZunContext
2072:            12            288  com.altratek.altraserver.extensions.service.fight.activity.tianyanmerge.TianYanMergeExtension
2073:            12            288  com.altratek.altraserver.extensions.service.fight.activity.woodfishfight.WoodFishFightExtension
2074:            12            288  com.altratek.altraserver.extensions.service.fight.activity.xinggeevolve.XingGeEvolveExtension
2075:            12            288  com.altratek.altraserver.extensions.service.fight.activity.xingluo.XingLuoExtension
2076:            12            288  com.altratek.altraserver.extensions.service.fight.activity.xuanhuang.XuanHuangExtension
2077:            12            288  com.altratek.altraserver.extensions.service.fight.activity.yingdragon.YingDragonExtension
2078:            12            288  com.altratek.altraserver.extensions.service.fight.activity.yuanhuangfight.YuanHuangFightExtension
2079:            12            288  com.altratek.altraserver.extensions.service.fight.activity.zerozeroevolve.ZeroZeroEvolveExtension
2080:            12            288  com.altratek.altraserver.extensions.service.fight.helper.myform.MyFormUserInfo
2081:            12            288  com.altratek.altraserver.extensions.service.fight.helper.mypetcollection.ext.MyPetPackV2
2082:            12            288  com.altratek.altraserver.extensions.service.freshman.FreshManInfo$TodayState
2083:            12            288  com.altratek.altraserver.extensions.service.login.activity.la130927.LoginActivity130927Extension
2084:            12            288  com.altratek.altraserver.extensions.service.login.activity.la131011.LoginActivity131011Extension
2085:            12            288  com.altratek.altraserver.extensions.service.login.activity.la140129.LoginActivity140129Extension
2086:            12            288  com.altratek.altraserver.extensions.service.login.activity.la140214.LoginActivity140214Extension
2087:            12            288  com.altratek.altraserver.extensions.service.login.activity.la140221.LoginActivity140221Extension
2088:            12            288  com.altratek.altraserver.extensions.service.login.activity.la140425.LoginActivity20140425Extension
2089:            12            288  com.altratek.altraserver.extensions.service.login.activity.la160608.LoginActivity20160608Extension
2090:             3            288  com.altratek.altraserver.extensions.service.mainpetultraevolve.MainPetUltraEvolveConfig$GameConfig
2091:            12            288  com.altratek.altraserver.extensions.service.mainpetultraevolve.dragonultraevolve.DragonUltraEvolveExtension
2092:            12            288  com.altratek.altraserver.extensions.service.mainpetultraevolve.kulaultraevolve.KuLaUltraEvolveExtension
2093:            12            288  com.altratek.altraserver.extensions.service.mainpetultraevolve.lanluultraevolve.LanLuUltraEvolveExtension
2094:            12            288  com.altratek.altraserver.extensions.service.material.extend.fossil.UserFossilCache
2095:             9            288  com.altratek.altraserver.extensions.service.material.extend.materialcount.UserMCount
2096:            12            288  com.altratek.altraserver.extensions.service.material.service.gather.UserGatherInfo
2097:            12            288  com.altratek.altraserver.extensions.service.npcbuddy.NpcBuddyGlobalInfo
2098:            12            288  com.altratek.altraserver.extensions.service.npcbuddy.NpcBuddyUserInfo
2099:            12            288  com.altratek.altraserver.extensions.service.pet_collection.mustpracticepets.MustPracticePetsExtension
2100:            12            288  com.altratek.altraserver.extensions.service.petpark.antiquiteasygot.AntiquitEasyGotExtension
2101:            12            288  com.altratek.altraserver.extensions.service.petpark.archlgy.ArchlgyConfig$RandomBonuses
2102:            12            288  com.altratek.altraserver.extensions.service.petpark.fossil3to1.Fossil3To1Extension
2103:            12            288  com.altratek.altraserver.extensions.service.petpark.frienddroparound.FriendDropAroundExtension
2104:            12            288  com.altratek.altraserver.extensions.service.petpark.petfeedplan.PetFeedPlanExtension
2105:            12            288  com.altratek.altraserver.extensions.service.petpark.score.ScorePetParkExtension
2106:            12            288  com.altratek.altraserver.extensions.service.petpark.specialsalestore.SpecialSaleStoreExtension
2107:            12            288  com.altratek.altraserver.extensions.service.petpark.specialsalestore.SpecialSaleStoreInfo
2108:            12            288  com.altratek.altraserver.extensions.service.pjx.equipment.EquipExtension
2109:            12            288  com.altratek.altraserver.extensions.service.pjx.equipment.EquipInfo
2110:            12            288  com.altratek.altraserver.extensions.service.pjx.equipment.formula.EquipFormulaExtension
2111:            12            288  com.altratek.altraserver.extensions.service.pjx.equipmentmaterial.EquipmentMaterialExtension
2112:            12            288  com.altratek.altraserver.extensions.service.pjx.hatch.BatchHatcherInfo
2113:            12            288  com.altratek.altraserver.extensions.service.pjx.kingroad150515.KingRoad150515Extension
2114:            18            288  com.altratek.altraserver.extensions.service.pjx.specialpetids.SpecialPetIdsInfo
2115:            12            288  com.altratek.altraserver.extensions.service.pjx.stargod.UserStarGods
2116:            12            288  com.altratek.altraserver.extensions.service.pjx.stargod.guarder.SGG_Manager$ExtBuff
2117:            18            288  com.altratek.altraserver.extensions.service.pjx.systemhirepet.SystemHirePetUserInfo
2118:             9            288  com.altratek.altraserver.extensions.service.qiqi.scoremall.PrizeCommon
2119:            12            288  com.altratek.altraserver.extensions.service.qiqi.scoremall.mood.UserAllMoodInfo
2120:            12            288  com.altratek.altraserver.extensions.service.smallgame.passtorch.PassTorchExtension
2121:            18            288  com.altratek.altraserver.extensions.service.swimming.SwimmingResult
2122:            12            288  com.altratek.altraserver.extensions.service.task.constant.TaskBonusType
2123:             6            288  com.altratek.altraserver.extensions.service.task.data.step.StepFightKingRoadGuarder
2124:            12            288  com.altratek.altraserver.extensions.service.team.TeamHandler
2125:            12            288  com.altratek.altraserver.extensions.service.team.teamFB.TeamFBExtension
2126:            12            288  com.altratek.altraserver.extensions.service.team.teamarena.TeamArenaExtension
2127:            12            288  com.altratek.altraserver.extensions.service.team.teamarena.TeamArenaHandler
2128:            12            288  com.altratek.altraserver.extensions.service.tempactivity.birdofwonder.UserInfo
2129:            12            288  com.altratek.altraserver.extensions.service.tempactivity.diamondexchange20160812.DiamondExchange20160812Extension
2130:            12            288  com.altratek.altraserver.extensions.service.tempactivity.knighterrant20140124.KnightErrantUserInfo
2131:            12            288  com.altratek.altraserver.extensions.service.tempactivity.mediumpetseries.GameUserInfo
2132:            12            288  com.altratek.altraserver.extensions.service.tempactivity.mediumpetseries.MediumPetSeriesExtension
2133:            12            288  com.altratek.altraserver.extensions.service.tempactivity.mediumpetseries.MediumPetSeriesUserInfo
2134:            12            288  com.altratek.altraserver.extensions.service.tempactivity.mediumpetseries.PetUpInfo
2135:            12            288  com.altratek.altraserver.extensions.service.tempactivity.mediumpetseries.SecondPetFightInfo
2136:            12            288  com.altratek.altraserver.extensions.service.tempactivity.mediumpetseries.jixing.JiXingExtension
2137:            12            288  com.altratek.altraserver.extensions.service.tempactivity.strenthenstar.StrenthenStarUserInfo$TaskUserInfo
2138:            12            288  com.altratek.altraserver.extensions.service.tempactivity.wisdomcompete20140808.WisdomCompete20140808Extension
2139:            12            288  com.altratek.altraserver.extensions.service.tempactivity.wisdomcompete20140808.WisdomCompete20140808Handler
2140:            12            288  com.altratek.altraserver.extensions.service.tempactivity.xiunuocombine.FightInfo$CombineTestInfo
2141:            12            288  com.altratek.altraserver.extensions.service.tempactivity.xiunuocombine.FightInfo$NuoYaTestInfo
2142:            12            288  com.altratek.altraserver.extensions.service.tempactivity.xiunuocombine.FightInfo$XiuErTestInfo
2143:            12            288  com.altratek.altraserver.extensions.service.tempactivity.xiunuocombine.XiuNuoCombineExtension
2144:             9            288  com.altratek.altraserver.extensions.service.tempactivity.yuanguexp20140523.Config$Prize
2145:            12            288  com.altratek.altraserver.extensions.service.timeliness_activity.act.act2016.act20160129.monkeyyearvowtree.MonkeyYearVowTreeExtension
2146:            12            288  com.altratek.altraserver.extensions.service.timeliness_activity.act.act2016.act20160129.sanguorampage.SanGuoRampageExtension
2147:            12            288  com.altratek.altraserver.extensions.service.timeliness_activity.act.act2016.act20160129.zdlgiftbag.ZdlGiftBagExtension
2148:            12            288  com.altratek.altraserver.extensions.service.timeliness_activity.act.act2016.act20160205.havocinheaven.HavocInHeavenExtension
2149:            12            288  com.altratek.altraserver.extensions.service.timeliness_activity.act.act2016.act20160205.scwhl.ScwhlExtension
2150:            12            288  com.altratek.altraserver.extensions.service.timeliness_activity.act.act2016.act20160212.monkeyclothersrob.MonkeyClothersExtension
2151:            12            288  com.altratek.altraserver.extensions.service.timeliness_activity.act.act2016.act20160226.zdlgiftbag.ZdlGiftBagExtension
2152:            12            288  com.altratek.altraserver.extensions.service.timeliness_activity.act.act2016.act20160311.scorecompete.ScoreCompeteExtension
2153:            12            288  com.altratek.altraserver.extensions.service.timeliness_activity.act.act2016.act20160401.herocase.HeroCaseExtension
2154:            12            288  com.altratek.altraserver.extensions.service.timeliness_activity.act.act2016.act20160401.snapcoolphoto.SnapCoolPhotoExtension
2155:            12            288  com.altratek.altraserver.extensions.service.timeliness_activity.act.act2016.act20160415.wings2nearbuddy.Wings2NearBuddyExtension
2156:            12            288  com.altratek.altraserver.extensions.service.timeliness_activity.act.act2016.act20160415.wishcometrue.WishComeTrueExtension
2157:            12            288  com.altratek.altraserver.extensions.service.timeliness_activity.act.act2016.act20160429.anniversarylottery.AnniversaryLotteryExtension
2158:            12            288  com.altratek.altraserver.extensions.service.timeliness_activity.act.act2016.act20160513.allpeoplelottery.AllPeopleLotteryExtension
2159:            12            288  com.altratek.altraserver.extensions.service.timeliness_activity.act.act2016.act20160603.newhandtask160603.NewHandTask160603UserInfo
2160:            12            288  com.altratek.altraserver.extensions.service.timeliness_activity.act.act2016.act20160701.formulamachine.FormulaMachineExtension
2161:            12            288  com.altratek.altraserver.extensions.service.timeliness_activity.act.act2016.act20160708.dragonvsking.DragonVsKingExtension
2162:            12            288  com.altratek.altraserver.extensions.service.timeliness_activity.act.act2016.act20160708.monkeycat.MoneyCatExtension
2163:            12            288  com.altratek.altraserver.extensions.service.timeliness_activity.act.act2016.act20160729.formulabox4399.FormulaBox4399Extension
2164:            12            288  com.altratek.altraserver.extensions.service.timeliness_activity.act.act2016.act20161202.stargodlottery.StarGodLotteryExtension
2165:            12            288  com.altratek.altraserver.extensions.service.timeliness_activity.act.act2016.act20161209.flipcardgainpet.FlipCardGainPetExtension
2166:            12            288  com.altratek.altraserver.extensions.service.timeliness_activity.act.act2017.act20170113.baijifu.cheesecollectbattle.CheeseCollectBattleExtension
2167:            12            288  com.altratek.altraserver.extensions.service.timeliness_activity.act.act2017.act20170113.baijifu.cheeseguardbattle.CheeseGuardBattleExtension
2168:            12            288  com.altratek.altraserver.extensions.service.timeliness_activity.act.act2017.act20170113.baijifu.seatreasure.SeaTreasureExtension
2169:            12            288  com.altratek.altraserver.extensions.service.timeliness_activity.act.act2017.act20170120.sgflsuperjobevolve.SGFLSuperJobEvolveExtension
2170:            12            288  com.altratek.altraserver.extensions.service.timeliness_activity.act.act2017.act20170120.sgflsuperjobevolve.SGFLSuperJobEvolveHandler$Result
2171:            12            288  com.altratek.altraserver.extensions.service.timeliness_activity.act.act2017.act20170120.sgflsuperjobevolve.SGFLSuperJobEvolveLooper
2172:            12            288  com.altratek.altraserver.extensions.service.timeliness_activity.act.act2017.act20170126.newyearpethud.NewYearPetHudExtension
2173:             9            288  com.altratek.altraserver.extensions.service.timeliness_activity.act.act2017.act20170210.firemap.OuterPhase
2174:            12            288  com.altratek.altraserver.extensions.service.timeliness_activity.act.act2017.act20170217.schoolopeninvest.SchoolOpenInvestInfo
2175:            12            288  com.altratek.altraserver.extensions.service.timeliness_activity.act.act2017.act20170303.openschoolgifts.OpenSchoolGiftsExtension
2176:            12            288  com.altratek.altraserver.extensions.service.timeliness_activity.act.act2017.act20170407.crazybuyqueenskin.CrazyBuyQueenSkinExtension
2177:            12            288  com.altratek.altraserver.extensions.service.timeliness_activity.act.act2017.act20170505.catsale.CatSaleExtension
2178:            12            288  com.altratek.altraserver.extensions.service.timeliness_activity.act.act2017.act20170505.emoticon.EmoticonExtension
2179:            12            288  com.altratek.altraserver.extensions.service.timeliness_activity.act.act2017.act20170505.heropetslottery.HeroPetsLotteryExtension
2180:            12            288  com.altratek.altraserver.extensions.service.timeliness_activity.act.act2017.act20170526.equipmentssale.EquipmentsSaleExtension
2181:            12            288  com.altratek.altraserver.extensions.service.timeliness_activity.act.act2017.act20170609.poseback.PoseBackExtension
2182:            12            288  com.altratek.altraserver.extensions.service.timeliness_activity.act.act2017.act20170811.chuqiao.ChuQiaoExtension
2183:            12            288  com.altratek.altraserver.extensions.service.timeliness_activity.act.act2017.act20170811.xuanwugodjob.XuanWuGodJobInfo
2184:            12            288  com.altratek.altraserver.extensions.service.timeliness_activity.act.act2017.act20170825.balloon.BalloonExtension
2185:            12            288  com.altratek.altraserver.extensions.service.timeliness_activity.act.act2017.act20170922.pandorabox.PandoraBoxExtension
2186:            12            288  com.altratek.altraserver.extensions.service.timeliness_activity.act.act2017.act20171013.summonerpower.SummonerPowerInfo
2187:            12            288  com.altratek.altraserver.extensions.service.timelinessactivity.bestherozerozero.BestHeroZeroZeroExtension
2188:            12            288  com.altratek.altraserver.extensions.service.timelinessactivity.callandinvite.CallAndInviteInfo
2189:            12            288  com.altratek.altraserver.extensions.service.timelinessactivity.chenchenpartner.ChenChenPartnerExtension
2190:            12            288  com.altratek.altraserver.extensions.service.timelinessactivity.christmasturkeychef.ChristmasTurkeyChefExtension
2191:             9            288  com.altratek.altraserver.extensions.service.timelinessactivity.classicspet.bounsconfig.StarGodBonus$starGodInfo
2192:            12            288  com.altratek.altraserver.extensions.service.timelinessactivity.firstcharge20150130.FirstCharge20150130Extension
2193:            12            288  com.altratek.altraserver.extensions.service.timelinessactivity.halloweenpkcontest.HalloweenPKContestExtension
2194:            12            288  com.altratek.altraserver.extensions.service.timelinessactivity.headoflangya.HeadOfLangYaExtension
2195:            12            288  com.altratek.altraserver.extensions.service.timelinessactivity.luckysuperevovle.LuckySuperEvovleExtension
2196:            12            288  com.altratek.altraserver.extensions.service.timelinessactivity.monthnewlogin.monthnewdraw20170901.MonthNewDrawInfo
2197:            12            288  com.altratek.altraserver.extensions.service.timelinessactivity.movezerozero.MoveZeroZeroExtension
2198:            12            288  com.altratek.altraserver.extensions.service.timelinessactivity.petdesigngame.PetDesignGameExtension
2199:            12            288  com.altratek.altraserver.extensions.service.timelinessactivity.settleaction.SettleActionExtension
2200:            12            288  com.altratek.altraserver.extensions.service.timelinessactivity.supernodie.SuperNoDieExtension
2201:            12            288  com.altratek.altraserver.extensions.service.timelinessactivity.topicpetidecide.TopicPetIDecideExtension
2202:            12            288  com.altratek.altraserver.extensions.service.tower.fengshen.FengShenTowerExtension
2203:            12            288  com.altratek.altraserver.extensions.service.tower_warrior.AutoFightState
2204:            12            288  com.altratek.altraserver.extensions.service.treasurehall.TreasureHallResult
2205:            12            288  com.altratek.altraserver.extensions.service.union.activity.boss.UnionBossExtension
2206:            12            288  com.altratek.altraserver.extensions.service.union.activity.weapon.UnionWeaponData
2207:            12            288  com.altratek.altraserver.extensions.service.vip.activity.va150930.Va150930Extension
2208:            12            288  com.altratek.altraserver.extensions.service.vip.activity.va160304.firstcharge.FirstCharge160304Extension
2209:            12            288  com.altratek.altraserver.extensions.service.vip.activity.val150902.Val150902Config$VipInfoDefine
2210:            12            288  com.altratek.altraserver.extensions.service.vip.activity.val150902.Val150902Extension
2211:            12            288  com.altratek.altraserver.extensions.service.vip.activity.val161104.FirstCharge161104Extension
2212:            12            288  com.altratek.altraserver.extensions.service.vip.activity.val170126.Val170126Extension
2213:            12            288  com.altratek.altraserver.extensions.service.vip.activity.val170224.Val170224Extension
2214:            12            288  com.altratek.altraserver.extensions.service.vip.activity.val170714.Val170714Extension
2215:            12            288  com.altratek.altraserver.extensions.service.vip.activity.val170714.Val170714Info
2216:            12            288  com.altratek.altraserver.extensions.service.vip.activity.val171013.firstcharge.FirstCharge171013Info
2217:            12            288  com.altratek.altraserver.extensions.service.vip.activity.val171013.firstexchange.FirstExcharge171013Info
2218:            12            288  com.altratek.altraserver.extensions.service.vip.activity.yearpay2016.YearPay2016Extension
2219:            12            288  com.altratek.altraserver.handler.LostHandler$LostBottomHalfWork
2220:            12            288  com.caucho.hessian.io.UnsafeSerializer$IntFieldSerializer
2221:            12            288  com.pjx.battle.server.battle.buff.DoEffectFactory_CasterTargetRaceId
2222:             9            288  com.pjx.battle.server.battle.buff.ext.BloodSuckV2BuffFactory
2223:             9            288  com.pjx.battle.server.battle.buff.ext.CopyPropertyBuffFactory$PropertyConfig
2224:            18            288  com.pjx.battle.server.battle.buff.ext.GodDragonDamageBuffFactory
2225:             6            288  com.pjx.battle.server.battle.buff.ext.Id6530BuffFactory
2226:             9            288  com.pjx.battle.server.battle.buff.ext.ImmunityRaceTypeBuffFactory
2227:             9            288  com.pjx.battle.server.battle.buff.ext.ReboundDamageV2BuffFactory
2228:            12            288  com.pjx.battle.server.battle.buff.ext.SkAffixBfRateChangeBuffFactory
2229:            12            288  com.pjx.battle.server.battle.buff.ext.SkAffixBfRateChangeBuffFactory$RateChange_BuffId
2230:            18            288  com.pjx.battle.server.battle.buff.ext.SuperJobGodDragonDamage2BuffFactory
2231:            18            288  com.pjx.battle.server.battle.buff.ext.SuperJobGodDragonDamageBuffFactory
2232:            12            288  com.pjx.battle.server.battle.skill.round.RoundStates$SkillExecuteState
2233:            18            288  com.pjx.module.buff.skill.limit.battleplayer.SkillBattlePlayerLimitFactory_SignCreature
2234:             9            288  com.pjx.module.creature.property.PropertyType$PropType_RaceTypeAddition
2235:             9            288  com.pjx.module.creature.property.PropertyType$PropType_RaceTypeResist
2236:            12            288  com.pjx.service.compete2.CompeteV2Table$Column
2237:            18            288  com.pjx.service.rankv2.RankV2Dao$TopItemBuilder
2238:            18            288  com.pjx.service.rankv2.RankV2Dao$TopItemLogBuilder
2239:            18            288  com.pjx.service.rankv2.TopItemV2$TopItemComparator
2240:            18            288  java.lang.ThreadLocal
2241:            18            288  java.util.LinkedHashMap$LinkedEntrySet
2242:             9            288  java.util.logging.Level
2243:             9            288  java.util.regex.Pattern$3
2244:            12            288  java.util.regex.Pattern$Slice
2245:             9            288  jdk.internal.org.objectweb.asm.Type
2246:            18            288  org.apache.log4j.helpers.AppenderAttachableImpl
2247:            12            288  sun.reflect.generics.reflectiveObjects.ParameterizedTypeImpl
2248:             9            288  sun.security.jca.ProviderConfig
2249:             6            288  sun.security.x509.X500Name
2250:             1            280  [Lcom.altratek.altraserver.extensions.service.heroisland.HeroIslandResult;
2251:             7            280  [Lcom.pjx.battle.server.battle.player.Properties$Num;
2252:             7            280  com.altratek.altraserver.extensions.checkxtcmd.XtCmdNeedCheekedDefine
2253:             7            280  com.altratek.altraserver.extensions.service.activity.anniversaryherotest.AnniversaryHeroTestInfo
2254:             7            280  com.altratek.altraserver.extensions.service.arena.globalarena.GlobalArenaLotteryBonusDefine
2255:             7            280  com.altratek.altraserver.extensions.service.challenge.teamselecter.Selecter_TeamThenBoss
2256:             7            280  com.altratek.altraserver.extensions.service.configurable_activity.Balance_RandomNum
2257:             7            280  com.altratek.altraserver.extensions.service.heroisland.compete.HeroIslandCompeteInfo
2258:             7            280  com.altratek.altraserver.extensions.service.material.extend.housecollection.HouseCollection
2259:             7            280  com.altratek.altraserver.extensions.service.material.service.use.ext.UseHandler_OblivionSweet
2260:             7            280  com.altratek.altraserver.extensions.service.petpark.marketv2.MarketV2Info
2261:             7            280  com.altratek.altraserver.extensions.service.petpark.newarchlgy.map.NewArchlgyEvent
2262:             5            280  com.altratek.altraserver.extensions.service.task.data.step.StepFinishGame
2263:             7            280  com.altratek.altraserver.extensions.service.union.task.defendingwarrior.DefendingWarriorPrize
2264:             5            280  com.altratek.altraserver.extensions.service.vip.charge.VipCharge
2265:             7            280  com.pjx.battle.server.battle.buff.ext.ReviveAndAddBuffToHasSignBuffFactory
2266:             7            280  com.pjx.rmi.obj.appjungle.potentialfruit.OpenEvent
2267:             7            280  com.pjx.rmi.obj.homeland.facility.HomeLandCommonFacility
2268:             7            280  com.pjx.service.homeland.define.task.HomeLandBaseTaskDefine
2269:             7            280  java.lang.ClassLoader$NativeLibrary
2270:             7            280  java.util.HashMap$KeyIterator
2271:             7            280  sun.reflect.generics.repository.MethodRepository
2272:            17            272  com.altratek.altraserver.extensions.service.temp.limit.HalfIncomeLimit
2273:            17            272  com.altratek.altraserver.extensions.service.timelinessactivity.powerup23w5.Step_Normal
2274:            17            272  java.util.regex.Pattern$BranchConn
2275:             1            264  [Lcom.altratek.altraserver.extensions.service.tempactivity.activityguide.ActivityGuideDataConfig$GameConfig;
2276:             3            264  com.altratek.altraserver.extensions.service.greatsearoute.Navigation
2277:            11            264  com.altratek.altraserver.extensions.service.heroisland.buff.BuffType
2278:            11            264  com.altratek.altraserver.extensions.service.section.function.MaterialGainFunction
2279:            11            264  com.altratek.altraserver.extensions.service.timeliness_activity.act.act2016.act20161209.flipcardgainpet.FlipCardGainPetConfig$BonusDefine
2280:            11            264  com.altratek.altraserver.extensions.service.union.activity.boss.UnionBossConfig$StageDefine
2281:            11            264  com.altratek.altraserver.extensions.service.userbuff.BuffEffectType
2282:            11            264  com.aobi.common.redis.RedisNode
2283:            11            264  com.pjx.battle.server.battle.buff.ext.AddCounterBuffFactory$AddOccasion
2284:            11            264  com.pjx.rmi.obj.richman.RichManRemoteResult
2285:            11            264  java.lang.ProcessEnvironment$Value
2286:            11            264  java.lang.ProcessEnvironment$Variable
2287:            11            264  java.net.StandardSocketOptions$StdSocketOption
2288:            11            264  java.util.Collections$UnmodifiableRandomAccessList
2289:            11            264  java.util.regex.Pattern$Single
2290:            11            264  java.util.regex.Pattern$SingleI
2291:             3            264  org.apache.log4j.RollingFileAppender
2292:            11            264  redis.clients.jedis.ShardedJedisPool$ShardedJedisFactory
2293:             6            256  [Lcom.caucho.hessian.io.UnsafeSerializer$FieldSerializer;
2294:            16            256  com.altratek.altraserver.extensions.mycache.write.WritableCache4Set_Memcached$1
2295:             8            256  com.altratek.altraserver.extensions.service.activity.holycreature.xiaotiantianshancombine.XtTsUserCacheData
2296:             8            256  com.altratek.altraserver.extensions.service.activity.weizhentianxiamerge.util.BuffWrapperDefine
2297:             8            256  com.altratek.altraserver.extensions.service.challenge.buffgetter.BuffGetter_OneOffNoMark
2298:             8            256  com.altratek.altraserver.extensions.service.challenge.extprocessor.ext.Ext_18_CheckOneKeyPass
2299:             8            256  com.altratek.altraserver.extensions.service.challenge.extprocessor.ext.Ext_44_GetBuff
2300:             8            256  com.altratek.altraserver.extensions.service.challenge.extprocessor.ext.Ext_46_JudgeStartChallenge
2301:             8            256  com.altratek.altraserver.extensions.service.challenge.extprocessor.ext.Ext_46_LockPet
2302:             8            256  com.altratek.altraserver.extensions.service.challenge.extprocessor.ext.Ext_46_Restart
2303:             8            256  com.altratek.altraserver.extensions.service.challenge.extprocessor.ext.Ext_46_UnLockPet
2304:             8            256  com.altratek.altraserver.extensions.service.challenge.extprocessor.ext.Ext_50_CalPower
2305:             8            256  com.altratek.altraserver.extensions.service.challenge.extprocessor.ext.Ext_52_CancelDefendPet
2306:             8            256  com.altratek.altraserver.extensions.service.challenge.extprocessor.ext.Ext_52_SelectDefendPet
2307:             8            256  com.altratek.altraserver.extensions.service.challenge.extprocessor.ext.Ext_91_BuffNextLayer
2308:             8            256  com.altratek.altraserver.extensions.service.challenge.extprocessor.ext.Ext_9_ChoosePet
2309:             8            256  com.altratek.altraserver.extensions.service.challenge.prizeprocessor.Prize_PutPetsAndSuperGodCombine$PutPetConfig
2310:             8            256  com.altratek.altraserver.extensions.service.challenge.prizeprocessor.Prize_SuperGod
2311:             8            256  com.altratek.altraserver.extensions.service.configurable_activity.Balance_DiamondTicket
2312:             8            256  com.altratek.altraserver.extensions.service.fb.FbUserInfo$ZoneInfo
2313:             8            256  com.altratek.altraserver.extensions.service.petpark.petfeedplan.PetFeedPlanConfig$PetFeedPlan
2314:             8            256  com.altratek.altraserver.extensions.service.petpark.score.ScorePetParkConfig$Formula
2315:             8            256  com.altratek.altraserver.extensions.service.pjx.kingroad.super4.Chapter2Define$Monster
2316:             8            256  com.altratek.altraserver.extensions.service.tempactivity.doctor.DoctorConfig$BuffInfo
2317:             8            256  com.altratek.altraserver.extensions.service.timeliness_activity.act.act2017.act20170811.xuanwugodjob.XuanWuGodJobConfig$OneKeyGetConfig
2318:            16            256  com.altratek.altraserver.extensions.service.timelinessactivity.powerup23w5.PowerUp23w5Result
2319:             8            256  com.altratek.altraserver.extensions.service.tower.fengshen.define.FengShenTowerConfig$FengShenTowerBoss
2320:             8            256  com.pjx.battle.server.battle.buff.ext.Id4865_4872BuffFactory
2321:             8            256  com.pjx.battle.server.battle.buff.ext.ReboundDamageBuffFactory$ReboundOccasion
2322:             8            256  com.pjx.battle.server.battle.buff.ext.SuckVigour2PropertyBuffFactory
2323:             8            256  com.pjx.battle.server.battle.buff.ext.SuckVigour2PropertyBuffFactory$SuckVigourConfig
2324:             8            256  com.pjx.rmi.obj.family.Role
2325:             8            256  com.zaxxer.hikari.pool.HikariProxyPreparedStatement
2326:             8            256  javax.management.MBeanNotificationInfo
2327:             8            256  sun.misc.ProxyGenerator$PrimitiveTypeInfo
2328:             1            248  [Lcom.altratek.altraserver.extensions.service.setgain.SetGainConfig;
2329:             8            248  [Ljava.lang.invoke.LambdaForm$BasicType;
2330:             1            240  [Lcom.altratek.altraserver.extensions.service.fight.activity.tongtianpozhenta.TTPZTConst$StageInfo;
2331:            10            240  [Lcom.altratek.altraserver.extensions.service.fight.helper.fightbuff.ext.Id86BuffWrapContainer$MyBuffDefine;
2332:             6            240  [Lcom.altratek.altraserver.extensions.service.tempactivity.shenpocall.ShenPoCallConfig$MaterialInfo;
2333:             6            240  [Ljava.lang.invoke.BoundMethodHandle$SpeciesData;
2334:            10            240  com.altratek.altraserver.extensions.service.activity.callback.cb20160311.Days30BackHirePetConfig$StarGodInfo
2335:            10            240  com.altratek.altraserver.extensions.service.activity.exchgaobigivewuwang.ExchgAobiGiveWuWangConfig$Chance
2336:            10            240  com.altratek.altraserver.extensions.service.activity.getpet.GetPetError
2337:            10            240  com.altratek.altraserver.extensions.service.activity.holyweenfullvldeliver.LevelRace
2338:             6            240  com.altratek.altraserver.extensions.service.activity.starbluedragon.StarBlueDragonConfig$SBDBoss
2339:             6            240  com.altratek.altraserver.extensions.service.arena.globalarena.video.FightFilter
2340:            10            240  com.altratek.altraserver.extensions.service.challenge.buffgetter.ext.BuffGetter_15_AddBuff
2341:            10            240  com.altratek.altraserver.extensions.service.configurable_activity.Balance_BuyGoods
2342:             6            240  com.altratek.altraserver.extensions.service.configurable_activity.Balance_ChallengeTodayValue
2343:            10            240  com.altratek.altraserver.extensions.service.fight.activity.hanjiabestpetdeliver.HanJiaBestPetDeliverService$HMS
2344:             6            240  com.altratek.altraserver.extensions.service.fight.activity.heroholyriderheart.HeroHolyRiderHeartConfig$HHRH_StageDefine
2345:            10            240  com.altratek.altraserver.extensions.service.fight.helper.fightbuff.ext.Id86BuffWrapContainer$MyBuffDefine
2346:            10            240  com.altratek.altraserver.extensions.service.greatsearoute.SeaEvent
2347:            10            240  com.altratek.altraserver.extensions.service.kapufight.Monster$GainPetItem
2348:            10            240  com.altratek.altraserver.extensions.service.material.data.MaterialIdAndNum
2349:            10            240  com.altratek.altraserver.extensions.service.material.define.GetApproachLimit
2350:             6            240  com.altratek.altraserver.extensions.service.material.service.use.ext.UseHandler_LevelUp
2351:             6            240  com.altratek.altraserver.extensions.service.material.service.use.ext.UseHandler_ReachLevel
2352:            10            240  com.altratek.altraserver.extensions.service.petpark.fossil3to1.Fossil3To1Handler$Result
2353:             6            240  com.altratek.altraserver.extensions.service.petpark.newarchlgy.UserNewArchlgyInfo
2354:            10            240  com.altratek.altraserver.extensions.service.pjx.equipment.formula.EquipFormulaHandler$Result
2355:            10            240  com.altratek.altraserver.extensions.service.rename.RenameInfo
2356:             6            240  com.altratek.altraserver.extensions.service.richman.RichManInfo
2357:            10            240  com.altratek.altraserver.extensions.service.routine.balance.Oneoff_Anyone_Balance
2358:            10            240  com.altratek.altraserver.extensions.service.section.SectionResult
2359:            15            240  com.altratek.altraserver.extensions.service.superteam.SuperPetStarGod
2360:             6            240  com.altratek.altraserver.extensions.service.superteam.SuperTeamDao$SuperTeamFormation
2361:            10            240  com.altratek.altraserver.extensions.service.task.data.TaskRecycle
2362:            10            240  com.altratek.altraserver.extensions.service.task.data.bonus.TaskBonus_Xml
2363:             5            240  com.altratek.altraserver.extensions.service.task.data.step.StepTeamBuffTraining
2364:            10            240  com.altratek.altraserver.extensions.service.temp.consume.TodayDoneCompareConsume
2365:             5            240  com.altratek.altraserver.extensions.service.tempactivity.discountservice.DiscountActivity
2366:             5            240  com.altratek.altraserver.extensions.service.tempactivity.evolvefree20140425.Config$GetPetConfig
2367:            10            240  com.altratek.altraserver.extensions.service.tempactivity.mediumpetseries.PetUpDefine$LevelUpInfo
2368:             6            240  com.altratek.altraserver.extensions.service.timeliness_activity.act.act2016.act20160311.scorecompete.ScoreCompeteConfig$FormulaDefine
2369:             6            240  com.altratek.altraserver.extensions.service.timeliness_activity.act.act2016.act20160520.mengjingmizong.UserMengJingMiZongInfo
2370:             6            240  com.altratek.altraserver.extensions.service.timeliness_activity.act.act2016.act20161104.preordershop.GiftPack
2371:             6            240  com.altratek.altraserver.extensions.service.timeliness_activity.act.act2017.act20170126.zodiacflop.LotteryNode$ZFGroupPrize
2372:            10            240  com.altratek.altraserver.extensions.service.timeliness_activity.act.act2017.act20170505.heropetslottery.HeroPetsLotteryHandler$Result
2373:             6            240  com.altratek.altraserver.extensions.service.timeliness_activity.act.act2017.act20170616.petsteps.StepsGroup
2374:             6            240  com.altratek.altraserver.extensions.service.timeliness_activity.act.act2017.act20170623.diamondtask.WeeklyTaskDefine
2375:             5            240  com.altratek.altraserver.extensions.service.timeliness_activity.act.act2017.act20170728.magicformation.MagicFormationFormation
2376:             5            240  com.altratek.altraserver.extensions.service.timeliness_activity.act.act2017.act20170818.liehunmiaogodjob.LieHunMiaoGodJobConfig$PrizeDrawConfig
2377:             6            240  com.altratek.altraserver.extensions.service.timeliness_activity.act.act2017.act20170922.petgiftdraw.PetGiftDrawConfig$LuckyValue
2378:            15            240  com.altratek.altraserver.extensions.service.title.TitleValidPeriod_EndDate
2379:            10            240  com.altratek.altraserver.extensions.service.userbuff.UserBuffActionDynamicEndDateTime
2380:            15            240  com.altratek.altraserver.extensions.state.donecouter.cache.CacheDcRedisDailyKey
2381:            10            240  com.pjx.battle.server.battle.buff.DoEffectFactory_CasterTargetFormationType
2382:            10            240  com.pjx.battle.server.battle.buff.ext.BuffCount2DamageBuffFactory$Occasion
2383:            10            240  com.pjx.battle.server.battle.buff.ext.ChangeSkillBuffFactory
2384:            10            240  com.pjx.battle.server.battle.buff.ext.Hp2HpBuffFactory
2385:             5            240  com.pjx.battle.server.battle.buff.ext.Id1108BuffFactory
2386:            10            240  com.pjx.battle.server.battle.buff.ext.Id3417BuffFactory$Prop
2387:            10            240  com.pjx.battle.server.battle.buff.ext.Property2DamageBuffFactory$Occasion
2388:            10            240  com.pjx.battle.server.battle.player.Properties$State
2389:            10            240  com.pjx.battle.server.battle.skill.round.SkillPower_Damage$Type
2390:            15            240  com.pjx.module.buff.skill.limit.creature.SkillCreatureLimitFactory_JobEffected
2391:            15            240  com.pjx.module.creature.stargod.StarGodIdGenStrategyRandom
2392:            10            240  com.pjx.rmi.obj.IpAndPort
2393:             6            240  com.pjx.rmi.obj.chat.ChatUseType
2394:             6            240  com.pjx.service.activityinvite.ActivityInviteDefine
2395:             6            240  com.pjx.service.compete2.CompeteV2Config$RankPrize
2396:            10            240  com.pjx.service.homeland.define.task.TaskTypeRate
2397:             6            240  com.pjx.service.mail.LetterDetail
2398:             6            240  java.io.BufferedInputStream
2399:            10            240  java.lang.annotation.ElementType
2400:            10            240  java.math.BigDecimal$StringBuilderHelper
2401:            10            240  java.nio.file.StandardOpenOption
2402:            10            240  java.security.CryptoPrimitive
2403:             5            240  java.sql.SQLTransientConnectionException
2404:            10            240  java.util.regex.Pattern$Ques
2405:            10            240  org.apache.commons.pool2.PooledObjectState
2406:            10            240  org.apache.commons.pool2.impl.BaseGenericObjectPool$EvictionIterator
2407:            10            240  org.apache.commons.pool2.impl.LinkedBlockingDeque$Node
2408:             6            240  sun.management.MemoryPoolImpl$CollectionSensor
2409:             6            240  sun.management.MemoryPoolImpl$PoolSensor
2410:            10            240  sun.rmi.runtime.Log$LoggerLog
2411:             6            240  sun.rmi.transport.WeakRef
2412:             3            240  sun.security.x509.X509CertImpl
2413:             1            232  sun.net.www.protocol.http.HttpURLConnection
2414:             2            224  [Lcom.altratek.altraserver.extensions.service.fight.activity.hanjiabestpetdeliver.HanJiaBestPetDeliverService$BossDefine;
2415:             7            224  com.altratek.altraserver.extensions.service.activity.callback.cb20170519.BonusDefine
2416:             7            224  com.altratek.altraserver.extensions.service.activity.onlinedeliver150710.OnlineDeliver150710Config$OnlineBonusDefine
2417:             7            224  com.altratek.altraserver.extensions.service.activity.shouhushichange.xml.Burnish$BurnishPlan
2418:             7            224  com.altratek.altraserver.extensions.service.activity.xiuertest.XiuErTestConfig$MyFormation
2419:             4            224  com.altratek.altraserver.extensions.service.boss.BossDefine
2420:             7            224  com.altratek.altraserver.extensions.service.boss.current.CurrentBossHandler$RankPrize
2421:             7            224  com.altratek.altraserver.extensions.service.buddy.BuddyGroup
2422:             7            224  com.altratek.altraserver.extensions.service.challenge.buffgetter.BuffGetter_OneOffMark
2423:             7            224  com.altratek.altraserver.extensions.service.challenge.extprocessor.ext.Ext_30_BackThenReFight
2424:             7            224  com.altratek.altraserver.extensions.service.challenge.extprocessor.ext.Ext_30_GetDeadNum
2425:             7            224  com.altratek.altraserver.extensions.service.challenge.extprocessor.ext.Ext_30_GetUsedNum
2426:             7            224  com.altratek.altraserver.extensions.service.challenge.extprocessor.ext.Ext_87_AddFightCount
2427:             7            224  com.altratek.altraserver.extensions.service.configurable_activity.Balance_FightMonsterTeam
2428:             7            224  com.altratek.altraserver.extensions.service.fight.activity.gamengmengsuperevolve.GAMengMengSuperEvolveInfo
2429:             7            224  com.altratek.altraserver.extensions.service.fight.helper.fightbuff.ext.WithAllWhenRaceTypeExistBuffWrapContainer
2430:             7            224  com.altratek.altraserver.extensions.service.heroisland.character.CharacterMan
2431:             7            224  com.altratek.altraserver.extensions.service.homeland.homelanddragon.UserCombineRoomInfo
2432:            14            224  com.altratek.altraserver.extensions.service.material.extend.nicknamecard.UserNickNameCardAll
2433:             7            224  com.altratek.altraserver.extensions.service.pjx.dragon.define.DragonDefine
2434:             7            224  com.altratek.altraserver.extensions.service.pjx.kingroad.KingRoadDefine$SceneIdCreepMaster
2435:             7            224  com.altratek.altraserver.extensions.service.superstar.SuperStarConfig$SendValuePrize
2436:             7            224  com.altratek.altraserver.extensions.service.temp.prize.SharePrize
2437:             7            224  com.altratek.altraserver.extensions.service.timeliness_activity.act.act2017.act20170120.goldbeantree.GoldBeanTreeUserInfo
2438:             7            224  com.altratek.altraserver.extensions.service.timeliness_activity.act.act2017.act20170317.shifeiherobattle.ShiFeiHeroBattleConst$SchedulePrize
2439:             7            224  com.altratek.altraserver.extensions.service.timeliness_activity.act.act2017.act20170623.diamondtask.BonusInfo
2440:             7            224  com.altratek.altraserver.extensions.service.timeliness_activity.act.act2017.act20170922.petgiftdraw.PetGiftDrawInfo
2441:             7            224  com.altratek.altraserver.extensions.service.timelinessactivity.aoqihotelwar.AoQiHotelWarCalInfo
2442:             7            224  com.altratek.altraserver.extensions.service.timelinessactivity.aoqihotelwar.AoQiHotelWarUserInfo
2443:             7            224  com.altratek.altraserver.extensions.service.timelinessactivity.firstcharge20150130.FirstCharge20150130handler$Prize
2444:             7            224  com.altratek.altraserver.extensions.service.timelinessactivity.godpetdraw.GodPetDrawConfig$Prize
2445:            14            224  com.altratek.altraserver.extensions.service.timelinessactivity.holypetexchange.ExchangeResult
2446:             4            224  com.aobi.common.db.asynwriter.DbLogAsynHandler
2447:            14            224  com.caucho.hessian.client.HessianProxyResolver
2448:             7            224  com.pjx.battle.server.battle.buff.ext.MustDoBuffFactory
2449:             7            224  java.io.FileInputStream
2450:            14            224  java.rmi.server.Operation
2451:             4            224  javax.management.openmbean.OpenMBeanOperationInfoSupport
2452:             7            224  sun.reflect.generics.tree.MethodTypeSignature
2453:             9            216  [Lcom.altratek.altraserver.extensions.service.activity.luosa.Monster;
2454:             9            216  [Lcom.altratek.altraserver.extensions.service.activity.zhanhun.ZhanHunTeamDefine$FbMonster;
2455:             9            216  [Lcom.altratek.altraserver.extensions.service.pjx.formation.Formation;
2456:             7            216  [Lcom.altratek.altraserver.extensions.service.section.function.RatePrizeFunction$RatePrizeItem;
2457:             6            216  [Lsun.security.x509.RDN;
2458:             9            216  com.altratek.altraserver.extensions.service.activity.callback.cb20170630.CB170630Handler$Result
2459:             9            216  com.altratek.altraserver.extensions.service.activity.dishitianclothes.DiShiTianClothesConfig$ClothesDefine
2460:             9            216  com.altratek.altraserver.extensions.service.activity.exchgaobigivewuwang.ExchgAobiGiveWuWangConfig$Choice
2461:             9            216  com.altratek.altraserver.extensions.service.activity.getpet.GetPetTableCol
2462:             9            216  com.altratek.altraserver.extensions.service.challenge.buffgetter.ext.BuffGetter_40_AddBuff
2463:             9            216  com.altratek.altraserver.extensions.service.challenge.buffgetter.ext.BuffGetter_88_AddBuff
2464:             9            216  com.altratek.altraserver.extensions.service.configurable_activity.ConfigurableActivityTypeAggregate$DoneCountLimitType
2465:             9            216  com.altratek.altraserver.extensions.service.farm.CropEffector$SpeedGrow
2466:             9            216  com.altratek.altraserver.extensions.service.fight.activity.angelheartsuperevolve.AngelHeartSuperEvolveConfig$ChallengeDefine
2467:             9            216  com.altratek.altraserver.extensions.service.fight.activity.moonshadowking.MoonShadowKingConfig$BuffDefine
2468:             9            216  com.altratek.altraserver.extensions.service.fight.activity.moonshadowking.MoonShadowKingConfig$Range
2469:             9            216  com.altratek.altraserver.extensions.service.nobleclub.hirepet.NobleHirePetConfig$StarGodInfo
2470:             9            216  com.altratek.altraserver.extensions.service.tempactivity.wuyuetianultraevolve20140228.WuYueTianUltraEvolveConfig$DecInfo
2471:             9            216  com.altratek.altraserver.extensions.service.timeliness_activity.act.act2016.act20160624.flashsalehhzs.drawlottery.info.DrawLotteryGlobalInfo$DrawLotteryActivityInfo
2472:             9            216  com.altratek.altraserver.extensions.service.timelinessactivity.luosasuper.FightRoad
2473:             9            216  com.altratek.altraserver.extensions.service.tower.exptower2016.ExpTowerTableCol
2474:             9            216  com.altratek.altraserver.extensions.service.vip.activity.va20xx.MaterialChoicePrize
2475:             9            216  com.caucho.hessian.io.UnsafeSerializer$StringFieldSerializer
2476:             9            216  com.pjx.battle.server.battle.buff.ext.ClearBuffByIdV2BuffFactory$MyEffectSide
2477:             9            216  com.pjx.battle.server.battle.buff.ext.CounterReboundBuffFactory$DamageSide
2478:             9            216  com.pjx.battle.server.battle.buff.ext.SuckProperty2PropertyBuffFactory$Occasion
2479:             9            216  com.pjx.battle.server.battle.buff.ext.SuckProperty2PropertyV2BuffFactory$Occasion
2480:             9            216  com.pjx.battle.server.battle.skill.round.SkillPower_Heal$Type
2481:             9            216  com.pjx.module.buff.skill.limit.creature.SkillCreatureLimitFactory_LogicExpression$SkillCreatureEffectLimit_LogicExpression
2482:             9            216  java.util.logging.Level$KnownLevel
2483:             9            216  org.apache.log4j.helpers.FormattingInfo
2484:             9            216  sun.util.logging.PlatformLogger$Level
2485:             1            208  [Lcom.altratek.altraserver.extensions.service.farm.FarmError;
2486:             2            208  [Lcom.pjx.battle.server.battle.buff.ConditionContainerBuffFactory$Occasion;
2487:             2            208  [Lcom.pjx.battle.server.battle.buff.ConditionContainerV2BuffFactory$Occasion;
2488:             4            208  [Lcom.pjx.module.creature.property.PropertyType;
2489:             2            208  [Ljava.io.ObjectInputStream$HandleTable$HandleList;
2490:             7            208  [Ljava.lang.invoke.LambdaForm$NamedFunction;
2491:             8            208  [[F
2492:            13            208  com.altratek.altraserver.event.SystemEventRegistry
2493:            13            208  com.altratek.altraserver.extensions.base.CmdSeqChecker$SeqInfo
2494:            13            208  com.altratek.altraserver.extensions.service.challenge.strategy.Strategy_Free
2495:            13            208  com.altratek.altraserver.extensions.service.farm.material.UserCropSeeds
2496:            13            208  com.altratek.altraserver.extensions.service.fishery.material.UserFishes
2497:            13            208  com.altratek.altraserver.extensions.service.material.extend.item.UserItems
2498:            13            208  com.altratek.altraserver.extensions.service.material.extend.materialcount.UserMCounts
2499:            13            208  com.altratek.altraserver.extensions.service.qiqi.QiQiResultConst
2500:            13            208  com.altratek.altraserver.extensions.service.ridepet.UserRidePetCards
2501:            13            208  com.altratek.altraserver.extensions.service.task.data.UserTasks
2502:            13            208  com.altratek.altraserver.extensions.service.temp.limit.WeekendLimit
2503:            13            208  com.altratek.altraserver.extensions.service.temp.limit.WorkDayLimit
2504:            13            208  com.altratek.altraserver.extensions.service.timelinessactivity.rebuildchenguang.HandleResult
2505:            13            208  com.pjx.battle.server.battle.buff.DoEffectFactory_HitTargetNumLimit
2506:            13            208  java.util.WeakHashMap$KeySet
2507:             6            200  [Lcom.altratek.altraserver.extensions.service.timelinessactivity.powerup23w5.PowerUp23w5Step;
2508:             1            200  [Lcom.altratek.altraserver.handler.InMsgHandlerWorker;
2509:             2            200  [Ljava.text.DateFormat$Field;
2510:             5            200  com.altratek.altraserver.event.LostEvent
2511:             5            200  com.altratek.altraserver.extensions.service.activity.cookgod.xml.AutoMakeFood
2512:             5            200  com.altratek.altraserver.extensions.service.activity.expweek.ExpWeekConfig
2513:             5            200  com.altratek.altraserver.extensions.service.activity.longyansuperevolve.bosses.boss4.Boss4Config$RandPetItem
2514:             5            200  com.altratek.altraserver.extensions.service.activity.shenchongzhizun.SignPrize
2515:             5            200  com.altratek.altraserver.extensions.service.configurable_activity.Balance_CommonBonus
2516:             5            200  com.altratek.altraserver.extensions.service.configurable_activity.Balance_Strength
2517:             5            200  com.altratek.altraserver.extensions.service.fight.activity.hanjiabestpetdeliver.HanJiaBestPetDeliverService$BossKind
2518:             5            200  com.altratek.altraserver.extensions.service.material.service.use.ext.UseHandler_ChangeGenius
2519:             5            200  com.altratek.altraserver.extensions.service.material.service.use.ext.UseHandler_TransfigurationBall
2520:             5            200  com.altratek.altraserver.extensions.service.npcbuddy.NpcBuddyDefine
2521:             5            200  com.altratek.altraserver.extensions.service.pjx.kingroad.lizhiyin.Chapter2Define$Monster
2522:             5            200  com.altratek.altraserver.extensions.service.qiqi.QiQiType
2523:             5            200  com.altratek.altraserver.extensions.service.tempactivity.doctor.DoctorConfig$FightInfo
2524:             5            200  com.altratek.altraserver.extensions.service.tempactivity.experiencefruit.MillionExpFruit20151225Config$StageDefine
2525:             5            200  com.altratek.altraserver.extensions.service.timeliness_activity.act.act2017.act20170512.petcollect.PetCollectHandler$PrizeConfig
2526:             5            200  com.altratek.altraserver.extensions.service.timeliness_activity.act.act2017.act20171013.summonerpower.SummonerPowerConfig$PrizeConfig
2527:             5            200  com.pjx.battle.server.battle.buff.ext.Id5538BuffFactory
2528:             5            200  com.pjx.module.creature.stargod.StorableStarGodRate
2529:             5            200  com.pjx.rmi.obj.appjungle.XiuNuoDate
2530:             5            200  com.pjx.rmi.obj.homeland.homelanddragon.DisplayDragonInfo
2531:             1            200  com.sun.org.apache.xerces.internal.dom.DeferredDocumentImpl
2532:             5            200  java.io.BufferedWriter
2533:             5            200  java.io.ObjectStreamClass$FieldReflector
2534:             5            200  java.lang.invoke.BoundMethodHandle$SpeciesData
2535:             5            200  java.util.stream.StreamOpFlag
2536:             8            192  [Lcom.altratek.altraserver.extensions.service.activity.onlinedeliver160205.OnlineDeliver160205Config$IBonus;
2537:             6            192  [Lcom.altratek.altraserver.extensions.service.farm.magic.FarmMagicDefine$SkillRate;
2538:             8            192  [Lcom.altratek.altraserver.extensions.service.tempactivity.activityguide.ActivityGuideDataConfig$IGameLimit;
2539:             2            192  [Lcom.pjx.battle.server.battle.buff.BuffOccasion;
2540:             2            192  [Lcom.pjx.battle.server.battle.buff.Occasion;
2541:             2            192  [Lcom.pjx.battle.server.battle.buff.ext.BuffCreateBuffFactory$Occasion;
2542:             2            192  [Lcom.pjx.battle.server.battle.buff.ext.ChangePower4PlayerBuffFactory$Occasion;
2543:             2            192  [Lcom.pjx.battle.server.battle.buff.ext.ClearBuffByIdBuffFactory$Occasion;
2544:             2            192  [Lcom.pjx.battle.server.battle.buff.ext.ClearBuffByIdV2BuffFactory$Occasion;
2545:             2            192  [Lcom.pjx.battle.server.battle.player.Properties$Rate;
2546:             8            192  [Ljava.util.concurrent.ConcurrentHashMap$CounterCell;
2547:             8            192  com.altratek.altraserver.extensions.AdminExtension$Cmd
2548:            12            192  com.altratek.altraserver.extensions.base.StartupExtension
2549:             8            192  com.altratek.altraserver.extensions.event.AsynEventType
2550:            12            192  com.altratek.altraserver.extensions.service.accountbinding.UserAccountBindingInfo
2551:            12            192  com.altratek.altraserver.extensions.service.activity.achieveflywingcat.FlyWingCatExtension
2552:            12            192  com.altratek.altraserver.extensions.service.activity.anniversaryherotest.AnniversaryHeroTestExtension
2553:            12            192  com.altratek.altraserver.extensions.service.activity.aoqichamberlain.AoqiChamberlainExtension
2554:            12            192  com.altratek.altraserver.extensions.service.activity.aruievolve.ARuiEvolveExtension
2555:             8            192  com.altratek.altraserver.extensions.service.activity.aruievolve.TruthState
2556:            12            192  com.altratek.altraserver.extensions.service.activity.aruitransform.ARuiTransformExtension
2557:            12            192  com.altratek.altraserver.extensions.service.activity.bailout.BailoutExtension
2558:            12            192  com.altratek.altraserver.extensions.service.activity.bamboo.BambooFightExtension
2559:            12            192  com.altratek.altraserver.extensions.service.activity.beatformcompete.BeatFormCompeteExtension
2560:            12            192  com.altratek.altraserver.extensions.service.activity.bingcheng.BingChengExtension
2561:            12            192  com.altratek.altraserver.extensions.service.activity.blowing_balloons.BlowingBalloonsExtension
2562:             3            192  com.altratek.altraserver.extensions.service.activity.bosschallenge.BossChallengeConfig$Boss
2563:            12            192  com.altratek.altraserver.extensions.service.activity.bosschallenge.BossChallengeExtension
2564:            12            192  com.altratek.altraserver.extensions.service.activity.busixing.BuSiXingExtension
2565:             8            192  com.altratek.altraserver.extensions.service.activity.callback.cb20150710.BackAndInvite150710Config$EvolveDefine
2566:             6            192  com.altratek.altraserver.extensions.service.activity.callback.cb20151120.BackAndInvite151120Config$FullLvlDefine
2567:             6            192  com.altratek.altraserver.extensions.service.activity.callback.cb20151120.BackAndInvite151120Config$SelectDefine
2568:            12            192  com.altratek.altraserver.extensions.service.activity.callback.cb20170106.BackAndInvite20170106Extension
2569:            12            192  com.altratek.altraserver.extensions.service.activity.callback.cb20170519.InviteNew170519Extension
2570:            12            192  com.altratek.altraserver.extensions.service.activity.cgcatchanllenge.CGCatChallengeExtension
2571:            12            192  com.altratek.altraserver.extensions.service.activity.charitarian.CharitarianExtension
2572:            12            192  com.altratek.altraserver.extensions.service.activity.compete.CompeteExtension
2573:            12            192  com.altratek.altraserver.extensions.service.activity.compete.athletic.AthleticExtension
2574:            12            192  com.altratek.altraserver.extensions.service.activity.compete.budstar.BudStarExtension
2575:            12            192  com.altratek.altraserver.extensions.service.activity.compete.flower.FlowerCompeteExtension
2576:            12            192  com.altratek.altraserver.extensions.service.activity.contractualpet.ContractExtension
2577:            12            192  com.altratek.altraserver.extensions.service.activity.cookgod.CookGodExtension
2578:            12            192  com.altratek.altraserver.extensions.service.activity.cow_devil.CowDevilExtension
2579:            12            192  com.altratek.altraserver.extensions.service.activity.crazydoctor.CrazyDoctorExtension
2580:            12            192  com.altratek.altraserver.extensions.service.activity.darkmooneye.DarkMoonEyeExtension
2581:            12            192  com.altratek.altraserver.extensions.service.activity.diamondexchange.DiamondExchangeGiftExtension
2582:            12            192  com.altratek.altraserver.extensions.service.activity.diamondexchange.wxlversion.prize.MaterialPrize
2583:            12            192  com.altratek.altraserver.extensions.service.activity.diamondtask0906.DiamondTask0906Extension
2584:             6            192  com.altratek.altraserver.extensions.service.activity.dream_team.DreamTeamChallengeXML$DreamTeamCreepMaster
2585:            12            192  com.altratek.altraserver.extensions.service.activity.dream_team.supermengmeng.SuperMengMengExtension
2586:            12            192  com.altratek.altraserver.extensions.service.activity.expweek.ExpWeekExtension
2587:            12            192  com.altratek.altraserver.extensions.service.activity.fengshensevenweapon.FengShenSevenWeaponExtension
2588:            12            192  com.altratek.altraserver.extensions.service.activity.fivekingpat.FiveKingPatExtension
2589:            12            192  com.altratek.altraserver.extensions.service.activity.fivekingsyrup.FiveKingSyrupExtension
2590:            12            192  com.altratek.altraserver.extensions.service.activity.flywingcatevolve.FlyWingCatEvolveExtension
2591:            12            192  com.altratek.altraserver.extensions.service.activity.fourheroking.FourHeroKingExtension
2592:            12            192  com.altratek.altraserver.extensions.service.activity.freshmangift.fivegoodprize.FreshManFiveGoodPrizeExtension
2593:            12            192  com.altratek.altraserver.extensions.service.activity.freshmangift.fmg150918.Fmg150918Extension
2594:            12            192  com.altratek.altraserver.extensions.service.activity.freshmangift.fmg151010.Fmg151010Extension
2595:            12            192  com.altratek.altraserver.extensions.service.activity.freshmangift.fmg160115.Fmg160115Extension
2596:            12            192  com.altratek.altraserver.extensions.service.activity.freshmangift.fmg160226.Fmg160226Extension
2597:            12            192  com.altratek.altraserver.extensions.service.activity.freshmangift.fmg160527.Fmg160527Extension
2598:             8            192  com.altratek.altraserver.extensions.service.activity.freshmangift.fmg170818.Fmg170818Const$OnlinePrize
2599:            12            192  com.altratek.altraserver.extensions.service.activity.gainsgy.GainSGYExtension
2600:            12            192  com.altratek.altraserver.extensions.service.activity.gainxiaotian.GainXiaoTianExtension
2601:            12            192  com.altratek.altraserver.extensions.service.activity.giantfight.GiantFightExtension
2602:            12            192  com.altratek.altraserver.extensions.service.activity.godattribute.GodAttributeExtension
2603:             6            192  com.altratek.altraserver.extensions.service.activity.godracetypewake.GodRaceType
2604:            12            192  com.altratek.altraserver.extensions.service.activity.godracetypewake.GodRaceTypeWakeExtension
2605:            12            192  com.altratek.altraserver.extensions.service.activity.godracetypewake.GodRaceTypeWakeUserInfo
2606:             6            192  com.altratek.altraserver.extensions.service.activity.godracetypewake.superwake.GodRaceType
2607:            12            192  com.altratek.altraserver.extensions.service.activity.golddragon.GoldDragonExtension
2608:            12            192  com.altratek.altraserver.extensions.service.activity.grand_ceremony_emissary.GCEExtension
2609:            12            192  com.altratek.altraserver.extensions.service.activity.guardpet.GuarderPetExtension
2610:            12            192  com.altratek.altraserver.extensions.service.activity.handoverhand.HandOverHandExtension
2611:            12            192  com.altratek.altraserver.extensions.service.activity.helpxiaoyuan.HelpXiaoYuanExtension
2612:            12            192  com.altratek.altraserver.extensions.service.activity.heronuoya.HeroNuoYaExtension
2613:            12            192  com.altratek.altraserver.extensions.service.activity.holycreature.axiuyanluocombine.AXiuYanLuoCombineExtension
2614:            12            192  com.altratek.altraserver.extensions.service.activity.holycreature.guanlun.GuanLunExtension
2615:            12            192  com.altratek.altraserver.extensions.service.activity.holycreature.xiaonuoguangluncombine.XiaonuoGuanglunCombineExtension
2616:            12            192  com.altratek.altraserver.extensions.service.activity.holycreature.xiaotiantianshancombine.XiaotianTianshanCombineExtension
2617:            12            192  com.altratek.altraserver.extensions.service.activity.holycreature.xiaoyanyanshencombine.XYYSExtension
2618:            12            192  com.altratek.altraserver.extensions.service.activity.holyweenfullvldeliver.HolyweenFullLvlDeliverExtension
2619:            12            192  com.altratek.altraserver.extensions.service.activity.huanguangstonepack.HuanGuangStoneExtension
2620:            12            192  com.altratek.altraserver.extensions.service.activity.hundreddays.HundredDaysExtension
2621:            12            192  com.altratek.altraserver.extensions.service.activity.iceshield.IceShieldExtension
2622:            12            192  com.altratek.altraserver.extensions.service.activity.investment.InvestExtension
2623:            12            192  com.altratek.altraserver.extensions.service.activity.kingofcombatready.KingOfCombatReadyExtension
2624:            12            192  com.altratek.altraserver.extensions.service.activity.kongfupenguin.KongFuPenguinExtension
2625:            12            192  com.altratek.altraserver.extensions.service.activity.konghuang.KongHuangExtension
2626:            12            192  com.altratek.altraserver.extensions.service.activity.konghuangstrength.KongHuangStrengthExtension
2627:            12            192  com.altratek.altraserver.extensions.service.activity.leiyan.LieYanExtension
2628:            12            192  com.altratek.altraserver.extensions.service.activity.lingfengevolve.LingFengEvolveExtention
2629:            12            192  com.altratek.altraserver.extensions.service.activity.linzun.LingZunExtension
2630:            12            192  com.altratek.altraserver.extensions.service.activity.logincontinue.LonginContinueExtension
2631:             6            192  com.altratek.altraserver.extensions.service.activity.longyansuperevolve.bosses.boss3.Boss3Config$RandMaxHpItem
2632:            12            192  com.altratek.altraserver.extensions.service.activity.luckstar.LuckStarExtension
2633:            12            192  com.altratek.altraserver.extensions.service.activity.luosa.LuoSaExtension
2634:            12            192  com.altratek.altraserver.extensions.service.activity.magicpet.MagicPetExtension
2635:            12            192  com.altratek.altraserver.extensions.service.activity.millenniumfam.MillenniumFamExtension
2636:            12            192  com.altratek.altraserver.extensions.service.activity.miqilin.MiqilinExtension
2637:            12            192  com.altratek.altraserver.extensions.service.activity.moondragonking.MoonDragonKingExtension
2638:            12            192  com.altratek.altraserver.extensions.service.activity.nightmare.NightMareExtension
2639:            12            192  com.altratek.altraserver.extensions.service.activity.nuoyatest.NuoYaTestExtension
2640:            12            192  com.altratek.altraserver.extensions.service.activity.opensecret.OpenSecretExtension
2641:             6            192  com.altratek.altraserver.extensions.service.activity.outofprintswingback.OutOfPrintSwingBackConfig$SwingDefine
2642:            12            192  com.altratek.altraserver.extensions.service.activity.overflowpet.OverflowPetExtension
2643:            12            192  com.altratek.altraserver.extensions.service.activity.passzijinhole.PassZiJinHoleExtension
2644:            12            192  com.altratek.altraserver.extensions.service.activity.personalboss.PersonalBossExtension
2645:            12            192  com.altratek.altraserver.extensions.service.activity.sanguo.draw.SanguoDrawExtension
2646:            12            192  com.altratek.altraserver.extensions.service.activity.sanguo.rendespirit.RendeSpiritExtension
2647:            12            192  com.altratek.altraserver.extensions.service.activity.save_blue_dragon.SaveBlueDragonExtension
2648:            12            192  com.altratek.altraserver.extensions.service.activity.sendgodpet.SendGodPetExtension
2649:            12            192  com.altratek.altraserver.extensions.service.activity.shadow_wing.ShadowWingExtension
2650:            12            192  com.altratek.altraserver.extensions.service.activity.shenbinchuanshuo.ShenBinExtension
2651:            12            192  com.altratek.altraserver.extensions.service.activity.shenbing.chi.ShenBingChiExtension
2652:            12            192  com.altratek.altraserver.extensions.service.activity.shenbing.guang.ShenBingGuangExtension
2653:            12            192  com.altratek.altraserver.extensions.service.activity.shenbing.hai.ShenBingHaiExtension
2654:            12            192  com.altratek.altraserver.extensions.service.activity.shenbing.yi.ShenBingYiExtension
2655:            12            192  com.altratek.altraserver.extensions.service.activity.shenbing.ying.ShenBingYingExtension
2656:            12            192  com.altratek.altraserver.extensions.service.activity.shenchongzhizun.ShenChongZhiZunExtension
2657:            12            192  com.altratek.altraserver.extensions.service.activity.shimmeryfairy.ShimmeryFairyExtension
2658:            12            192  com.altratek.altraserver.extensions.service.activity.shouhushichange.ShouhushiChangeExtension
2659:             8            192  com.altratek.altraserver.extensions.service.activity.shouhushichange.xml.Bake
2660:            12            192  com.altratek.altraserver.extensions.service.activity.signgainsgfl.SignGiveSyflExtension
2661:             8            192  com.altratek.altraserver.extensions.service.activity.signin.SignInInfo$SignInCount_GiftBagId
2662:            12            192  com.altratek.altraserver.extensions.service.activity.signsendpet.SignSendPetExtension
2663:            12            192  com.altratek.altraserver.extensions.service.activity.spacecreater.SpaceCreaterExtension
2664:             6            192  com.altratek.altraserver.extensions.service.activity.starbluedragon.StarBlueDragonConfig$SBDHpRange
2665:             3            192  com.altratek.altraserver.extensions.service.activity.stargodpet.Config$Item
2666:            12            192  com.altratek.altraserver.extensions.service.activity.stargodpet.StarGodPetExtension
2667:            12            192  com.altratek.altraserver.extensions.service.activity.strengthenweek.StrengthenWeekExtension
2668:            12            192  com.altratek.altraserver.extensions.service.activity.subtle_fragrance.SubtleFragranceExtension
2669:            12            192  com.altratek.altraserver.extensions.service.activity.suikong.SuiKongExtension
2670:            12            192  com.altratek.altraserver.extensions.service.activity.superevolvegive.SuperEvolveGiveExtension
2671:            12            192  com.altratek.altraserver.extensions.service.activity.superevolvegivesecond.SuperEvolveGiveSecondExtension
2672:            12            192  com.altratek.altraserver.extensions.service.activity.superevolveseries.superevolveselect.SuperEvolveSelectExtension
2673:            12            192  com.altratek.altraserver.extensions.service.activity.superevolveseries.superevolveselect2.SuperEvolveSelect2Extension
2674:            12            192  com.altratek.altraserver.extensions.service.activity.superevolveseries.superevolveselect3.SuperEvolveSelect3Extension
2675:            12            192  com.altratek.altraserver.extensions.service.activity.superevolveseries.superevolveselect4.SuperEvolveSelect4Extension
2676:            12            192  com.altratek.altraserver.extensions.service.activity.superkonghuang.SuperKongHuangExtension
2677:            12            192  com.altratek.altraserver.extensions.service.activity.teambeatjiangyou.TeamBeatJiangYouExtension
2678:            12            192  com.altratek.altraserver.extensions.service.activity.thunder_blade.ThunderBladeExtension
2679:            12            192  com.altratek.altraserver.extensions.service.activity.tianlin.TianLinExtension
2680:            12            192  com.altratek.altraserver.extensions.service.activity.tianmanwang.TianManWangExtension
2681:            12            192  com.altratek.altraserver.extensions.service.activity.treasurepet.TreasurePetExtension
2682:            12            192  com.altratek.altraserver.extensions.service.activity.vipdesiretree2.VipDesireTree2Extension
2683:            12            192  com.altratek.altraserver.extensions.service.activity.whitetiger.WhiteTigerExtension
2684:            12            192  com.altratek.altraserver.extensions.service.activity.xiaoayanfight.XiaoYanFightExtension
2685:            12            192  com.altratek.altraserver.extensions.service.activity.xiaobaoachieve.XiaoBaoAchieveExtension
2686:            12            192  com.altratek.altraserver.extensions.service.activity.xiaojieachieve.XiaoJieAchieveExtension
2687:            12            192  com.altratek.altraserver.extensions.service.activity.xiaokuachieve.XiaoKuAchieveExtension
2688:            12            192  com.altratek.altraserver.extensions.service.activity.xiaolanachieve.XiaoLanAchieveExtension
2689:            12            192  com.altratek.altraserver.extensions.service.activity.xiaomocomeon.XiaoMoComeOnExtension
2690:            12            192  com.altratek.altraserver.extensions.service.activity.xiaonuoexpcake.XiaoNuoExpCakeExtension
2691:            12            192  com.altratek.altraserver.extensions.service.activity.xiaoshenshouevolve.XiaoShenShouEvolveExtension
2692:            12            192  com.altratek.altraserver.extensions.service.activity.xiaotianevolve.XiaoTianEvolveExtension
2693:            12            192  com.altratek.altraserver.extensions.service.activity.xiaoyanevolve.thefirsttrain.TheFirstTrainExtension
2694:            12            192  com.altratek.altraserver.extensions.service.activity.xiaoyanevolve.thefourtrain.TheFourTrainExtension
2695:            12            192  com.altratek.altraserver.extensions.service.activity.xiaoyanevolve.thesecondtrain.TheSecondTrainExtension
2696:            12            192  com.altratek.altraserver.extensions.service.activity.xiaoyanevolve.thethirdtrain.TheThirdTrainExtension
2697:            12            192  com.altratek.altraserver.extensions.service.activity.xicongtianjiang.XiCongTianJiangExtension
2698:            12            192  com.altratek.altraserver.extensions.service.activity.yanbupo.YanBuPoExtension
2699:            12            192  com.altratek.altraserver.extensions.service.activity.yinfenggain.YinFengGainExtension
2700:            12            192  com.altratek.altraserver.extensions.service.activity.yuangupetlottery.YuanGuPetLotteryExtension
2701:            12            192  com.altratek.altraserver.extensions.service.activity.yuanhuangachieve.YuanHuangAchieveExtension
2702:            12            192  com.altratek.altraserver.extensions.service.allstar.RoomManager
2703:             8            192  com.altratek.altraserver.extensions.service.aoqilabel.DateLimitAndOneoffProcessor
2704:            12            192  com.altratek.altraserver.extensions.service.arena.globalarena.GlobalArenaExtension
2705:            12            192  com.altratek.altraserver.extensions.service.arena.globalarena.dragonfight.ArenaDragonFightExtension
2706:            12            192  com.altratek.altraserver.extensions.service.arena.globalarena.summerarena.SummerArenaExtension
2707:             6            192  com.altratek.altraserver.extensions.service.arena.globalarena.summerarena.SummerArenaPrize
2708:            12            192  com.altratek.altraserver.extensions.service.arena.globalarena.topperfect.ArenaTopPerfectExtension
2709:             8            192  com.altratek.altraserver.extensions.service.buddomain.BudDomainDefineData$Level2MinExpDefine
2710:            12            192  com.altratek.altraserver.extensions.service.buddy.invite.messenger.MessengerExtension
2711:            12            192  com.altratek.altraserver.extensions.service.buddy.nearbuddy.hirepet.NearBuddyHirePetExtension
2712:            12            192  com.altratek.altraserver.extensions.service.buddy.nearbuddy.mc.NearBuddyDailyMcCache
2713:            12            192  com.altratek.altraserver.extensions.service.buddy.nearbuddy.seniorbuddy.SeniorBuddyExtension
2714:             6            192  com.altratek.altraserver.extensions.service.campaign.Campaign$DateRange
2715:             6            192  com.altratek.altraserver.extensions.service.campaign.Campain_Daily
2716:             8            192  com.altratek.altraserver.extensions.service.campaign.EF_AddOperation
2717:             8            192  com.altratek.altraserver.extensions.service.campaign.EF_MulOperation
2718:            12            192  com.altratek.altraserver.extensions.service.challenge.act.act101.Act101Extension
2719:            12            192  com.altratek.altraserver.extensions.service.challenge.act.act123.Act123Extension
2720:            12            192  com.altratek.altraserver.extensions.service.challenge.act.act125.Act125Extension
2721:            12            192  com.altratek.altraserver.extensions.service.challenge.act.act127.Act127Extension
2722:            12            192  com.altratek.altraserver.extensions.service.challenge.act.act36.SuperGodLuckyExtension
2723:            12            192  com.altratek.altraserver.extensions.service.challenge.act.act54.Act54Extension
2724:            12            192  com.altratek.altraserver.extensions.service.challenge.act.act56.Act56Extension
2725:            12            192  com.altratek.altraserver.extensions.service.challenge.act.act59.Act59Extension
2726:            12            192  com.altratek.altraserver.extensions.service.challenge.act.act71.Act71Extension
2727:            12            192  com.altratek.altraserver.extensions.service.challenge.act.act80.Act80Extension
2728:            12            192  com.altratek.altraserver.extensions.service.challenge.act.act83.Act83Extension
2729:            12            192  com.altratek.altraserver.extensions.service.challenge.act.act86.Act86Extension
2730:            12            192  com.altratek.altraserver.extensions.service.challenge.act.act93.Act93Extension
2731:            12            192  com.altratek.altraserver.extensions.service.challenge.act.act97.Act97Extension
2732:            12            192  com.altratek.altraserver.extensions.service.challenge.act.interact.ChallengeInteractExtension
2733:            12            192  com.altratek.altraserver.extensions.service.challenge.branch.info.ChoosePetInfoMap
2734:            12            192  com.altratek.altraserver.extensions.service.challenge.branch.info.DailyCustomTeamInfoMap
2735:            12            192  com.altratek.altraserver.extensions.service.challenge.branch.info.LinearTeamInfoMap
2736:            12            192  com.altratek.altraserver.extensions.service.challenge.branch.info.SingleBossInfoMap
2737:            12            192  com.altratek.altraserver.extensions.service.challenge.branch.info.TeamThenBossInfoMap
2738:             6            192  com.altratek.altraserver.extensions.service.challenge.buffgetter.ext.BuffGetter_28_AddBuff
2739:             8            192  com.altratek.altraserver.extensions.service.challenge.buffgetter.ext.BuffGetter_44_AddMyBuff
2740:             8            192  com.altratek.altraserver.extensions.service.challenge.buffgetter.ext.BuffGetter_52_AddMyBuff
2741:             6            192  com.altratek.altraserver.extensions.service.challenge.buffgetter.ext.BuffGetter_82_AddBuff
2742:             8            192  com.altratek.altraserver.extensions.service.challenge.buffgetter.ext.BuffGetter_85_AddBuff
2743:             8            192  com.altratek.altraserver.extensions.service.challenge.buffgetter.ext.BuffGetter_91_AddBuff
2744:             8            192  com.altratek.altraserver.extensions.service.challenge.constant.BranchInfoTarget
2745:             6            192  com.altratek.altraserver.extensions.service.challenge.extprocessor.Ext_SetFormation
2746:             6            192  com.altratek.altraserver.extensions.service.challenge.extprocessor.ext.Ext_17_AddTime
2747:             6            192  com.altratek.altraserver.extensions.service.challenge.extprocessor.ext.Ext_17_DrawBuff
2748:             6            192  com.altratek.altraserver.extensions.service.challenge.extprocessor.ext.Ext_28_Strength
2749:             6            192  com.altratek.altraserver.extensions.service.challenge.extprocessor.ext.Ext_30_RecordDeadNum
2750:             6            192  com.altratek.altraserver.extensions.service.challenge.extprocessor.ext.Ext_34_AddFightTime
2751:             6            192  com.altratek.altraserver.extensions.service.challenge.extprocessor.ext.Ext_34_PetRaceType2Alive
2752:             6            192  com.altratek.altraserver.extensions.service.challenge.extprocessor.ext.Ext_34_RestartPhase
2753:             6            192  com.altratek.altraserver.extensions.service.challenge.extprocessor.ext.Ext_79_PutPet
2754:             6            192  com.altratek.altraserver.extensions.service.challenge.prizeprocessor.Prize_PutPetAndEvolve
2755:            12            192  com.altratek.altraserver.extensions.service.chat.ext.expressiongiftbag.ExpressionGiftBagExtension
2756:            12            192  com.altratek.altraserver.extensions.service.chat.ext.timingnotice.TimingNoticeExtension
2757:            12            192  com.altratek.altraserver.extensions.service.chat.p2p.P2PChatExtension
2758:             8            192  com.altratek.altraserver.extensions.service.configurable_activity.ConfigurableActivityTypeAggregate$TempValueBalanceType
2759:            12            192  com.altratek.altraserver.extensions.service.detect.UserDetects
2760:             6            192  com.altratek.altraserver.extensions.service.family.exchequer.FamilyExchequerLotteryDefine$FamilyLevelDefine
2761:             8            192  com.altratek.altraserver.extensions.service.family.revoked.FamilyRevokedConfig$FamilyTotalScoreRankPrizeConfig
2762:            12            192  com.altratek.altraserver.extensions.service.family.revoked.FamilyRevokedExtension
2763:            12            192  com.altratek.altraserver.extensions.service.farm.activity.fa130816.FarmActivity130816Extension
2764:            12            192  com.altratek.altraserver.extensions.service.farm.activity.farmpet.FarmPetExtension
2765:             6            192  com.altratek.altraserver.extensions.service.farm.magic.FS_Steal$StealItem
2766:            12            192  com.altratek.altraserver.extensions.service.farm.potentialfruit.PotentialFruitExtension
2767:            12            192  com.altratek.altraserver.extensions.service.fb.shimmery.ShimmeryFbExtension
2768:            12            192  com.altratek.altraserver.extensions.service.fight.activity.anniversaryarena.AnniversaryArenaExtension
2769:            12            192  com.altratek.altraserver.extensions.service.fight.activity.aresgodjob.AresGodJobExtension
2770:            12            192  com.altratek.altraserver.extensions.service.fight.activity.contra.ContraExtension
2771:            12            192  com.altratek.altraserver.extensions.service.fight.activity.darkangel.DarkAngelExtension
2772:            12            192  com.altratek.altraserver.extensions.service.fight.activity.darkspiritfirepetfight.DarkSpiritFirePetFightExtension
2773:            12            192  com.altratek.altraserver.extensions.service.fight.activity.deerking.DeerKingExtension
2774:            12            192  com.altratek.altraserver.extensions.service.fight.activity.dishitiansuperevolve.DSTSuperEvolveExtension
2775:            12            192  com.altratek.altraserver.extensions.service.fight.activity.dishitianultraevolve.DiShiTianUltraEvolveExtension
2776:            12            192  com.altratek.altraserver.extensions.service.fight.activity.fantianevolve.FanTianEvolveExtension
2777:            12            192  com.altratek.altraserver.extensions.service.fight.activity.fightnanjixing.FightNanJiXingExtension
2778:            12            192  com.altratek.altraserver.extensions.service.fight.activity.fightqilin20140808.FightQiLinExtension
2779:            12            192  com.altratek.altraserver.extensions.service.fight.activity.guangyisuperevolve.GuangYiSuperEvolveExtension
2780:            12            192  com.altratek.altraserver.extensions.service.fight.activity.hithegemon.HitHegemonExtension
2781:            12            192  com.altratek.altraserver.extensions.service.fight.activity.ikkitousen.IkkitousenExtension
2782:            12            192  com.altratek.altraserver.extensions.service.fight.activity.jialiuer.JiaLiuErExtension
2783:            12            192  com.altratek.altraserver.extensions.service.fight.activity.jigongfight.JiGongFightExtension
2784:            12            192  com.altratek.altraserver.extensions.service.fight.activity.junyan.JunYanExtension
2785:            12            192  com.altratek.altraserver.extensions.service.fight.activity.legenddragonsuperevolve.LegendDragonSuperEvolveExtension
2786:            12            192  com.altratek.altraserver.extensions.service.fight.activity.liudaolunhuifight.LiuDaoLunHuiFightExtension
2787:            12            192  com.altratek.altraserver.extensions.service.fight.activity.longyangodsuperevolve.LongYanGodSuperEvolveExtension
2788:            12            192  com.altratek.altraserver.extensions.service.fight.activity.lyhesuperevolve.LYHESuperEvolveExtension
2789:            12            192  com.altratek.altraserver.extensions.service.fight.activity.moonshadowevolve.MoonShadowEvolveExtension
2790:             6            192  com.altratek.altraserver.extensions.service.fight.activity.moonshadowking.MoonShadowKingConfig$StageDefine
2791:            12            192  com.altratek.altraserver.extensions.service.fight.activity.moultraevolve.HandleResult
2792:            12            192  com.altratek.altraserver.extensions.service.fight.activity.moultraevolve.MoUltraEvolveExtension
2793:            12            192  com.altratek.altraserver.extensions.service.fight.activity.mrsuperfight.MrSuperExtension
2794:            12            192  com.altratek.altraserver.extensions.service.fight.activity.ninetailedvaticanstar.NineTailedVaticanstarExtension
2795:             6            192  com.altratek.altraserver.extensions.service.fight.activity.nvwafight.NvwaConfig$StageConfig
2796:            12            192  com.altratek.altraserver.extensions.service.fight.activity.nvwafight.NvwaExtension
2797:            12            192  com.altratek.altraserver.extensions.service.fight.activity.pandasupergodEvolve.PandaSuperGodEvolveExtension
2798:            12            192  com.altratek.altraserver.extensions.service.fight.activity.qianniaosuperevolve.QianNiaoSuperEvolveExtension
2799:            12            192  com.altratek.altraserver.extensions.service.fight.activity.qinglongsuperevolve.QingLongSuperEvolveExtension
2800:            12            192  com.altratek.altraserver.extensions.service.fight.activity.sgflsuperevolution.SgflSuperEvolveExtension
2801:            12            192  com.altratek.altraserver.extensions.service.fight.activity.shenxinlongpo.ShenXinLongPoExtension
2802:            12            192  com.altratek.altraserver.extensions.service.fight.activity.shikongsuperevolve.ShiKongEvolveExtension
2803:            12            192  com.altratek.altraserver.extensions.service.fight.activity.shouhumozunSuperEvolve.ShouHuMoZunSuperEvolveExtension
2804:            12            192  com.altratek.altraserver.extensions.service.fight.activity.supergodmozun.SuperGodMoZunExtension
2805:             8            192  com.altratek.altraserver.extensions.service.fight.activity.supergodmozun.phase.SuperGodMoZunPhase1
2806:            12            192  com.altratek.altraserver.extensions.service.fight.activity.supernopo.SuperNoPoExtension
2807:            12            192  com.altratek.altraserver.extensions.service.fight.activity.thesword.TheswordExtension
2808:            12            192  com.altratek.altraserver.extensions.service.fight.activity.tongtianpozhenta.TTPZTExtension
2809:            12            192  com.altratek.altraserver.extensions.service.fight.activity.xiaoyievolve.XiaoyiEvolutionExtension
2810:            12            192  com.altratek.altraserver.extensions.service.fight.activity.xiuersuperevolve.XiuErSuperEvolveExtension
2811:            12            192  com.altratek.altraserver.extensions.service.fight.activity.xuanjia.XuanJiaExtension
2812:            12            192  com.altratek.altraserver.extensions.service.fight.activity.yanzunsupergodevolve.YanZunSuperGodEvolveExtension
2813:            12            192  com.altratek.altraserver.extensions.service.fight.activity.yueshenlingfeng.YueShenLingFengExtension
2814:            12            192  com.altratek.altraserver.extensions.service.fight.activity.zhentatianwang.ZhenTaTianWangExtension
2815:            12            192  com.altratek.altraserver.extensions.service.fight.activity.ziyafight.ZiYaFightExtension
2816:            12            192  com.altratek.altraserver.extensions.service.fight.helper.mypetcollection.pethandler.ext.CurHp_MyPetHandler
2817:            12            192  com.altratek.altraserver.extensions.service.fishery.competition.Extension
2818:            12            192  com.altratek.altraserver.extensions.service.fishery.fishingmaster.FishingMasterExtension
2819:            12            192  com.altratek.altraserver.extensions.service.fishery.material.item.UserFisheryItems
2820:             8            192  com.altratek.altraserver.extensions.service.freshman.FreshManError
2821:             6            192  com.altratek.altraserver.extensions.service.freshman.OnlineDefine
2822:             6            192  com.altratek.altraserver.extensions.service.giftbox.GiftDefine
2823:            12            192  com.altratek.altraserver.extensions.service.heroisland.charctermanager.CharcterExtension
2824:            12            192  com.altratek.altraserver.extensions.service.heroisland.compete.HeroIslandCompeteExtension
2825:            12            192  com.altratek.altraserver.extensions.service.heroisland.draw.HeroDrawExtension
2826:            12            192  com.altratek.altraserver.extensions.service.heroisland.fb.HeroIslandFbExtension
2827:            12            192  com.altratek.altraserver.extensions.service.heroisland.fb.exchange.FbExchangeExtension
2828:            12            192  com.altratek.altraserver.extensions.service.heroisland.herofriend.HeroIslandFriendExtension
2829:            12            192  com.altratek.altraserver.extensions.service.heroisland.heromanager.HeroExtension
2830:            12            192  com.altratek.altraserver.extensions.service.heroisland.herostrangethrank.HeroStrangethRankExtension
2831:            12            192  com.altratek.altraserver.extensions.service.heroisland.masspresent.MassPresentExtension
2832:            12            192  com.altratek.altraserver.extensions.service.heroisland.rank.RankExtension
2833:            12            192  com.altratek.altraserver.extensions.service.heroisland.task.HeroIslandTaskExtension
2834:            12            192  com.altratek.altraserver.extensions.service.homeland.cache.HomeLandCacheExtension
2835:            12            192  com.altratek.altraserver.extensions.service.homeland.chat.HomeLandChatExtention
2836:            12            192  com.altratek.altraserver.extensions.service.homeland.homelanddragon.HomeLandDragonExtension
2837:            12            192  com.altratek.altraserver.extensions.service.homeland.homelandparty.HomeLandPartyExtension
2838:            12            192  com.altratek.altraserver.extensions.service.homeland.map.HomeLandMapExtension
2839:            12            192  com.altratek.altraserver.extensions.service.homeland.newcomertask.NewComerTaskExtesion
2840:            12            192  com.altratek.altraserver.extensions.service.homeland.sharehomelandprize.ShareHomeLandPrizeExtension
2841:            12            192  com.altratek.altraserver.extensions.service.homeland.task.HomeLandTaskExtension
2842:            12            192  com.altratek.altraserver.extensions.service.house.furniture.CurrentFurnitureExtension
2843:            12            192  com.altratek.altraserver.extensions.service.login.activity.la130830.LoginActivity130830Extension
2844:            12            192  com.altratek.altraserver.extensions.service.login.activity.la130913.LoginActivity130913Extension
2845:            12            192  com.altratek.altraserver.extensions.service.login.activity.la140411.LoginActivity140411Extension
2846:            12            192  com.altratek.altraserver.extensions.service.mainpetultraevolve.nuoyaevolve.NuoYaUltraEvolveExtension
2847:             6            192  com.altratek.altraserver.extensions.service.master_apprenticev2.MasterApprenticeV2Message$MsgState
2848:            12            192  com.altratek.altraserver.extensions.service.match.act.loveheart.LoveHeartExtension
2849:            12            192  com.altratek.altraserver.extensions.service.material.ClothesExtension
2850:            12            192  com.altratek.altraserver.extensions.service.material.GatherExtension
2851:            12            192  com.altratek.altraserver.extensions.service.material.GoodsExtension
2852:            12            192  com.altratek.altraserver.extensions.service.material.MaterialCountExtension
2853:            12            192  com.altratek.altraserver.extensions.service.material.MaterialUseExtension
2854:            12            192  com.altratek.altraserver.extensions.service.material.NickNameCardExtension
2855:             4            192  com.altratek.altraserver.extensions.service.material.extend.combination.Combination
2856:            12            192  com.altratek.altraserver.extensions.service.material.extend.flower.UserFlowers
2857:            12            192  com.altratek.altraserver.extensions.service.material.extend.furniture.UserFurnitures
2858:            12            192  com.altratek.altraserver.extensions.service.material.extend.housecollection.UserHouseCollectionAll
2859:             4            192  com.altratek.altraserver.extensions.service.material.manager.MaterialCommonDb
2860:            12            192  com.altratek.altraserver.extensions.service.material.service.goods.card.UserRebateCards
2861:            12            192  com.altratek.altraserver.extensions.service.nobleclub.diamond.NobleDiamondExtension
2862:            12            192  com.altratek.altraserver.extensions.service.nobleclub.fans.NobleFansExtension
2863:            12            192  com.altratek.altraserver.extensions.service.nobleclub.hirepet.NobleHirePetExtension
2864:            12            192  com.altratek.altraserver.extensions.service.nobleclub.msg.NobleClubMsgExtension
2865:            12            192  com.altratek.altraserver.extensions.service.nobleclub.perfectpet.NoblePerfectPetExtension
2866:            12            192  com.altratek.altraserver.extensions.service.nobleclub.wishtable.WishTableExtension
2867:            12            192  com.altratek.altraserver.extensions.service.npcbuddy.NpcBuddyActivityExtension
2868:            12            192  com.altratek.altraserver.extensions.service.pay.activity.diamondexchange.DiamondExchangeExtension
2869:            12            192  com.altratek.altraserver.extensions.service.pay.activity.pa130823.PayActivity130823Extension
2870:            12            192  com.altratek.altraserver.extensions.service.pay.activity.pa130910.GodCatPackage130910Extension
2871:            12            192  com.altratek.altraserver.extensions.service.pay.activity.pa140905.PayActivity140905Extension
2872:            12            192  com.altratek.altraserver.extensions.service.pay.activity.pay160909.PayActivity160909Extension
2873:             6            192  com.altratek.altraserver.extensions.service.pet_collection.UserPetCollectionInfo
2874:            12            192  com.altratek.altraserver.extensions.service.pet_collection.mustpracticepets.MustPracticePetsInfo
2875:            12            192  com.altratek.altraserver.extensions.service.pet_collection.petracestatistics.PetStatisticsExtension
2876:            12            192  com.altratek.altraserver.extensions.service.petpark.beforetask.BeforeTaskExtension
2877:             6            192  com.altratek.altraserver.extensions.service.petpark.fossil3to1.Fossil3To1Config$FormulaDefine
2878:            12            192  com.altratek.altraserver.extensions.service.petpark.newarchlgy.NewArchlgyExtension
2879:             8            192  com.altratek.altraserver.extensions.service.petpark.petfeedplan.PetFeedPlanConfig$PetFeedCondition
2880:            12            192  com.altratek.altraserver.extensions.service.pjx.BattleExtension
2881:            12            192  com.altratek.altraserver.extensions.service.pjx.FormationExtension
2882:            12            192  com.altratek.altraserver.extensions.service.pjx.KingRoadExtension
2883:            12            192  com.altratek.altraserver.extensions.service.pjx.PetExtension
2884:            12            192  com.altratek.altraserver.extensions.service.pjx.PetTrainingExtension
2885:            12            192  com.altratek.altraserver.extensions.service.pjx.PlayerExtension
2886:            12            192  com.altratek.altraserver.extensions.service.pjx.StarGodExtension
2887:            12            192  com.altratek.altraserver.extensions.service.pjx.battlerecord.BattleRecordExtension
2888:            12            192  com.altratek.altraserver.extensions.service.pjx.dragon.UserDragonCache
2889:            12            192  com.altratek.altraserver.extensions.service.pjx.dragonsoul.v2.DragonSoulExtension
2890:            12            192  com.altratek.altraserver.extensions.service.pjx.equipmentmaterial.PlayingUserManager
2891:             6            192  com.altratek.altraserver.extensions.service.pjx.familybless.BlessDefine
2892:            12            192  com.altratek.altraserver.extensions.service.pjx.familybless.FamilyBlessExtension
2893:            12            192  com.altratek.altraserver.extensions.service.pjx.kingroad.advance.KingRoadAdvanceExtension
2894:            12            192  com.altratek.altraserver.extensions.service.pjx.kingroad.bashake.BashakeExtension
2895:            12            192  com.altratek.altraserver.extensions.service.pjx.kingroad.fairy.FairyExtension
2896:            12            192  com.altratek.altraserver.extensions.service.pjx.kingroad.holysword.HolySwordExtension
2897:            12            192  com.altratek.altraserver.extensions.service.pjx.kingroad.jingzhiyin20140613.JingZhiYinExtension
2898:            12            192  com.altratek.altraserver.extensions.service.pjx.kingroad.kungfu.KungFuExtension
2899:            12            192  com.altratek.altraserver.extensions.service.pjx.kingroad.lizhiyin.LiZhiYinExtension
2900:            12            192  com.altratek.altraserver.extensions.service.pjx.kingroad.ninja.NinjaExtension
2901:            12            192  com.altratek.altraserver.extensions.service.pjx.kingroad.qizhiyin.QiZhiYinExtension
2902:            12            192  com.altratek.altraserver.extensions.service.pjx.kingroad.super4.SuperExtension
2903:            12            192  com.altratek.altraserver.extensions.service.pjx.kingroad.super5.Super5Extension
2904:            12            192  com.altratek.altraserver.extensions.service.pjx.kingroad.super6.Super6Extension
2905:            12            192  com.altratek.altraserver.extensions.service.pjx.kingroad.tianzhiyin140718.TianZhiYinExtension
2906:            12            192  com.altratek.altraserver.extensions.service.pjx.kingroad.yugesite.YugesiteExtension
2907:            12            192  com.altratek.altraserver.extensions.service.pjx.newhand.NewHandUserInfo
2908:            12            192  com.altratek.altraserver.extensions.service.pjx.perfectpet.PerfectPetExtension
2909:            12            192  com.altratek.altraserver.extensions.service.pjx.stargod.activity.stargodactivity20140129.StarGodActivity20140129Extension
2910:            12            192  com.altratek.altraserver.extensions.service.pjx.stargod.activity.stargodactivity20160429.StarGodActivity20160429Extension
2911:             8            192  com.altratek.altraserver.extensions.service.pjx.stargod.formula.FormulaLimitFactory_StarGodFormula$FormulaLimit_StarGodFormula
2912:            12            192  com.altratek.altraserver.extensions.service.pjx.stargod.guarder.SGG_Extension
2913:            12            192  com.altratek.altraserver.extensions.service.pjx.topperfectpet.TopPerfectPetExtension
2914:             6            192  com.altratek.altraserver.extensions.service.qiqi.scoremall.MallDataConfig$CarLotteryItem
2915:            12            192  com.altratek.altraserver.extensions.service.qiqi.scoremall.ScoreMallExtension
2916:            12            192  com.altratek.altraserver.extensions.service.qiqi.scoremall.mood.UserMoodExtension
2917:             8            192  com.altratek.altraserver.extensions.service.section.function.ChoosePrizeFunction$ChoosePrizeItem
2918:            12            192  com.altratek.altraserver.extensions.service.setgain.clientgain.SGClientGainExtension
2919:             6            192  com.altratek.altraserver.extensions.service.singleboss.Monster
2920:            12            192  com.altratek.altraserver.extensions.service.singleboss.djinn.DjinnExtension
2921:            12            192  com.altratek.altraserver.extensions.service.singleboss.winebibber.WinebibberExtension
2922:            12            192  com.altratek.altraserver.extensions.service.smallgame.lighttraining.SmallGameLightTrainingExtension
2923:            12            192  com.altratek.altraserver.extensions.service.superstar.boysandgirls.BoysAndGirlsExtension
2924:            12            192  com.altratek.altraserver.extensions.service.superstar.flower.FlowerExtension
2925:             8            192  com.altratek.altraserver.extensions.service.superstar.flowerlottery.FlowerLotteryConfig$SendFlowerPrize
2926:            12            192  com.altratek.altraserver.extensions.service.superstar.flowerlottery.FlowerLotteryExtension
2927:            12            192  com.altratek.altraserver.extensions.service.survey.SurveyDao
2928:            12            192  com.altratek.altraserver.extensions.service.task.activity.TaskActivityExtension
2929:             4            192  com.altratek.altraserver.extensions.service.task.data.step.StepFightCreatureCount
2930:            12            192  com.altratek.altraserver.extensions.service.team.teamFB.TeamFBManager
2931:             8            192  com.altratek.altraserver.extensions.service.temp.consume.OneoffShareConsume
2932:            12            192  com.altratek.altraserver.extensions.service.temp.limit.CdLimit
2933:             6            192  com.altratek.altraserver.extensions.service.temp.limit.TodayDoneCompareLimit
2934:             8            192  com.altratek.altraserver.extensions.service.temp.prize.EvolvePrize
2935:            12            192  com.altratek.altraserver.extensions.service.tempactivity.aolagain.AolaGain20140207Extension
2936:            12            192  com.altratek.altraserver.extensions.service.tempactivity.aoqiaolacombine.AoqiAolaCombine20140214Extension
2937:            12            192  com.altratek.altraserver.extensions.service.tempactivity.aoqisurveymobile.AoqiSurveyMobileExtension
2938:            12            192  com.altratek.altraserver.extensions.service.tempactivity.aoqitactic.AoQiTacticExtension
2939:            12            192  com.altratek.altraserver.extensions.service.tempactivity.aoyixingge.AoYiXingGeExtension
2940:            12            192  com.altratek.altraserver.extensions.service.tempactivity.aruisi20131025.ARuiSi20131025Extension
2941:            12            192  com.altratek.altraserver.extensions.service.tempactivity.athleticboss.AthleticBossExtension
2942:            12            192  com.altratek.altraserver.extensions.service.tempactivity.bear.BearExtension
2943:            12            192  com.altratek.altraserver.extensions.service.tempactivity.birdofwonder.BirdOfWonder20140207Extension
2944:            12            192  com.altratek.altraserver.extensions.service.tempactivity.bramblesbattle.BramblesBattleExtension
2945:            12            192  com.altratek.altraserver.extensions.service.tempactivity.breakking.BreakKingExtension
2946:            12            192  com.altratek.altraserver.extensions.service.tempactivity.bugprize.BugPrizeExtension
2947:            12            192  com.altratek.altraserver.extensions.service.tempactivity.bupo.BuPoExtension
2948:            12            192  com.altratek.altraserver.extensions.service.tempactivity.buyonegiveone.BuyOneGiveOneExtension
2949:            12            192  com.altratek.altraserver.extensions.service.tempactivity.canghaibawang.CangHaiBaWangExtension
2950:            12            192  com.altratek.altraserver.extensions.service.tempactivity.chimonster20140214.ChiMonster20140214Extension
2951:            12            192  com.altratek.altraserver.extensions.service.tempactivity.civilvote20140411.CivilVote20140411Extension
2952:            12            192  com.altratek.altraserver.extensions.service.tempactivity.clothesbuy.ClothesBuyExtension
2953:            12            192  com.altratek.altraserver.extensions.service.tempactivity.clotheschoose.ClothesChooseExtension
2954:             6            192  com.altratek.altraserver.extensions.service.tempactivity.coinweek.CoinWeekType
2955:            12            192  com.altratek.altraserver.extensions.service.tempactivity.collectfrogs20131011.CollectFrogs20131011Extension
2956:            12            192  com.altratek.altraserver.extensions.service.tempactivity.contractbrother.ContractBrotherExtension
2957:            12            192  com.altratek.altraserver.extensions.service.tempactivity.diamondexchange20140613.DiamondExchange20140613Extension
2958:            12            192  com.altratek.altraserver.extensions.service.tempactivity.diamondexchange20140613.UserInfo
2959:            12            192  com.altratek.altraserver.extensions.service.tempactivity.discountservice.DiscountUserInfo
2960:            12            192  com.altratek.altraserver.extensions.service.tempactivity.dishitiancloth.DiShiTianClothExtension
2961:            12            192  com.altratek.altraserver.extensions.service.tempactivity.dishitianultraevolve.DiShiTianUltraEvolveExtension
2962:            12            192  com.altratek.altraserver.extensions.service.tempactivity.doctor.DoctorExtension
2963:            12            192  com.altratek.altraserver.extensions.service.tempactivity.duoduoka20140307.DuoDuoKa20140307Extension
2964:            12            192  com.altratek.altraserver.extensions.service.tempactivity.evolvefree20140425.EvolveFree20140425Extension
2965:            12            192  com.altratek.altraserver.extensions.service.tempactivity.experiencefruit.MillionExpFruit20151225Extension
2966:            12            192  com.altratek.altraserver.extensions.service.tempactivity.fightqinglong.FightQingLongExtension
2967:            12            192  com.altratek.altraserver.extensions.service.tempactivity.fiveholymonster.FiveHolyMonsterExtension
2968:            12            192  com.altratek.altraserver.extensions.service.tempactivity.fiveking20140418.FiveKing20140418Extension
2969:            12            192  com.altratek.altraserver.extensions.service.tempactivity.friendofxioayan20130913.FriendOfXiaoyanExtension
2970:            12            192  com.altratek.altraserver.extensions.service.tempactivity.fulllevel20140221.FullLevel20140221Extension
2971:            12            192  com.altratek.altraserver.extensions.service.tempactivity.fulllevel20160115.FullLevel20160115Extension
2972:            12            192  com.altratek.altraserver.extensions.service.tempactivity.fulllevelstargodgiftbag20140228.FullLevelStargodGiftbag20140228Extension
2973:            12            192  com.altratek.altraserver.extensions.service.tempactivity.godtraining.GodTraining20140314Extension
2974:            12            192  com.altratek.altraserver.extensions.service.tempactivity.greatpetpalace20140221.GreatPetPalaceExtension
2975:             6            192  com.altratek.altraserver.extensions.service.tempactivity.greatpetwelfare.GreatPetWelfareService$GreatPet
2976:            12            192  com.altratek.altraserver.extensions.service.tempactivity.guardstoneexchange.GuardstoneExchangeExtension
2977:            12            192  com.altratek.altraserver.extensions.service.tempactivity.halloweenlottery.HalloweenLotteryExtension
2978:            12            192  com.altratek.altraserver.extensions.service.tempactivity.heroaruisi20140509.HeroARuiSi20140509Extension
2979:             6            192  com.altratek.altraserver.extensions.service.tempactivity.heroaruisi20140509.HeroARuiSiConfig$Bless
2980:            12            192  com.altratek.altraserver.extensions.service.tempactivity.herodishitian20140425.HeroDiShiTian20140425Extension
2981:            12            192  com.altratek.altraserver.extensions.service.tempactivity.herolongyan20140404.HeroLongYan20140404Extension
2982:            12            192  com.altratek.altraserver.extensions.service.tempactivity.huntiantaizi.HunTianTaiZiExtension
2983:            12            192  com.altratek.altraserver.extensions.service.tempactivity.huohuofriend.HuoHuoFriendExtension
2984:            12            192  com.altratek.altraserver.extensions.service.tempactivity.huohuoherotrain.HuoHuoHeroTrainExtension
2985:            12            192  com.altratek.altraserver.extensions.service.tempactivity.huoyanqiangjiang.HuoYanQiangJiangExtension
2986:            12            192  com.altratek.altraserver.extensions.service.tempactivity.kinginlight.KingInLightExtension
2987:            12            192  com.altratek.altraserver.extensions.service.tempactivity.knighterrant20140124.KnightErrantExtension
2988:            12            192  com.altratek.altraserver.extensions.service.tempactivity.kuaidauserinfotransfer.KuaiDaInfoTransfer20140620Extension
2989:            12            192  com.altratek.altraserver.extensions.service.tempactivity.laegg20140214.LearnAbilityEgg20140214Extension
2990:            12            192  com.altratek.altraserver.extensions.service.tempactivity.lingfenglottery.LingFengLotteryExtension
2991:            12            192  com.altratek.altraserver.extensions.service.tempactivity.littleT20131206.LittleTExtension
2992:            12            192  com.altratek.altraserver.extensions.service.tempactivity.longdandan.LongDanDanExtension
2993:            12            192  com.altratek.altraserver.extensions.service.tempactivity.lottery20140124.Lottery20140124Extension
2994:            12            192  com.altratek.altraserver.extensions.service.tempactivity.lotteryTest.lotteryTestExtension
2995:            12            192  com.altratek.altraserver.extensions.service.tempactivity.magicalsnowman.MagicalSnowManExtension
2996:            12            192  com.altratek.altraserver.extensions.service.tempactivity.mediumpetseries.tiansha.TianShaExtension
2997:            12            192  com.altratek.altraserver.extensions.service.tempactivity.midautumnfairy20130919.MidAutumnFairy20130919Extension
2998:            12            192  com.altratek.altraserver.extensions.service.tempactivity.newmysteriouspower.NewMysteriousPowerExtension
2999:            12            192  com.altratek.altraserver.extensions.service.tempactivity.onlinepet1001.OnLinePet1001Extension
3000:            12            192  com.altratek.altraserver.extensions.service.tempactivity.petguarder.PetGuarderExtension
3001:            12            192  com.altratek.altraserver.extensions.service.tempactivity.petvote.PetVoteExtension
3002:            12            192  com.altratek.altraserver.extensions.service.tempactivity.potentialfruitlottery.PotentialFruitLotteryExtension
3003:            12            192  com.altratek.altraserver.extensions.service.tempactivity.qingmonster20140117.QingMonster20140117Extension
3004:             8            192  com.altratek.altraserver.extensions.service.tempactivity.roadofduoduoka20130919.ExtraPrizeType
3005:            12            192  com.altratek.altraserver.extensions.service.tempactivity.roadofduoduoka20130919.RoadOfDuoduoka20130919Extension
3006:            12            192  com.altratek.altraserver.extensions.service.tempactivity.sendglass20140509.SendGlass20140509Extension
3007:            12            192  com.altratek.altraserver.extensions.service.tempactivity.shengguangxiaomeng20140530.ShengGuangXiaoMengExtension
3008:             6            192  com.altratek.altraserver.extensions.service.tempactivity.shenpocall.ShenPoCallConfig$CallInfo
3009:            12            192  com.altratek.altraserver.extensions.service.tempactivity.shenpocall.ShenPoCallExtension
3010:            12            192  com.altratek.altraserver.extensions.service.tempactivity.shunjianmanji.ShunJianManji20140214Extension
3011:            12            192  com.altratek.altraserver.extensions.service.tempactivity.sleepcurse.SleepCurseExtension
3012:            12            192  com.altratek.altraserver.extensions.service.tempactivity.sonofhero20140103.SonOfHero20140103Extension
3013:            12            192  com.altratek.altraserver.extensions.service.tempactivity.sonofnight.SonOfNight20140314Extension
3014:             8            192  com.altratek.altraserver.extensions.service.tempactivity.sonofshadow.SonOfShadowConfig$LimitInfo
3015:            12            192  com.altratek.altraserver.extensions.service.tempactivity.sonofshadow.SonOfShadowExtension
3016:            12            192  com.altratek.altraserver.extensions.service.tempactivity.spacecavalier.SpaceCavalier20131213Extension
3017:            12            192  com.altratek.altraserver.extensions.service.tempactivity.stargodking20140418.StarGodKing20140418Extension
3018:             6            192  com.altratek.altraserver.extensions.service.tempactivity.strenthenstar.PrizeDefine
3019:            12            192  com.altratek.altraserver.extensions.service.tempactivity.strenthenstar.StrenthenStarExtension
3020:            12            192  com.altratek.altraserver.extensions.service.tempactivity.strenthentaige20140523.StrenthenTaiGe20140523Extension
3021:            12            192  com.altratek.altraserver.extensions.service.tempactivity.summerclothes.SummerClothesExtension
3022:            12            192  com.altratek.altraserver.extensions.service.tempactivity.supermarket1212.SuperMarket1212Extension
3023:            12            192  com.altratek.altraserver.extensions.service.tempactivity.teamhorse.TeamHorseExtension
3024:            12            192  com.altratek.altraserver.extensions.service.tempactivity.timecop20131206.TimeCopExtension
3025:            12            192  com.altratek.altraserver.extensions.service.tempactivity.welfarelottery20140509.WelfareLottery20140509Extension
3026:            12            192  com.altratek.altraserver.extensions.service.tempactivity.welovedreamteam.WeLoveDream20140523Extension
3027:            12            192  com.altratek.altraserver.extensions.service.tempactivity.whale.WhaleExtension
3028:            12            192  com.altratek.altraserver.extensions.service.tempactivity.wingofdragon.WingOfDragonExtension
3029:            12            192  com.altratek.altraserver.extensions.service.tempactivity.wintervacation20140124.WinterVacation20140124Extension
3030:            12            192  com.altratek.altraserver.extensions.service.tempactivity.wisdomcompete20140808.CompeteItem$1
3031:            12            192  com.altratek.altraserver.extensions.service.tempactivity.wumangbattle.WuMangBattleExtension
3032:            12            192  com.altratek.altraserver.extensions.service.tempactivity.wumangbattle.mingyezhuiying.MingYeZhuiYingExtension
3033:            12            192  com.altratek.altraserver.extensions.service.tempactivity.wumangbattle.tianzhun.TianZhunExtension
3034:            12            192  com.altratek.altraserver.extensions.service.tempactivity.wumangbattle.xuanzun.XuanZunExtension
3035:            12            192  com.altratek.altraserver.extensions.service.tempactivity.wuyuetianultraevolve20140228.WuYueTianUltraEvolveExtension
3036:            12            192  com.altratek.altraserver.extensions.service.tempactivity.xiaohuan36bian20140228.XiaoHuan36BianExtension
3037:            12            192  com.altratek.altraserver.extensions.service.tempactivity.xiaohuanevolve20140228.XiaoHuanEvolveExtension
3038:            12            192  com.altratek.altraserver.extensions.service.tempactivity.xiaokong20130117.Xiaokong20140117Extension
3039:            12            192  com.altratek.altraserver.extensions.service.tempactivity.xiaomingwang.XiaoMingWangExtension
3040:            12            192  com.altratek.altraserver.extensions.service.tempactivity.xiaoyuan.Xiaoyuan20140321Extension
3041:             8            192  com.altratek.altraserver.extensions.service.tempactivity.xiunuocombine.XiuNuoCombineConfig$DateLimit
3042:            12            192  com.altratek.altraserver.extensions.service.tempactivity.xixuegui.XiXueGuiExtension
3043:            12            192  com.altratek.altraserver.extensions.service.tempactivity.xuanwu20140509.XuanWu20140509Extension
3044:            12            192  com.altratek.altraserver.extensions.service.tempactivity.yayale20140530.Yayale20140523Extension
3045:            12            192  com.altratek.altraserver.extensions.service.tempactivity.yuanguexp20140523.YuanGuExp20140523Extension
3046:            12            192  com.altratek.altraserver.extensions.service.tempactivity.zdlmachine20140214.ZDLMachine20140214Extension
3047:            12            192  com.altratek.altraserver.extensions.service.tempactivity.zhuquefight20140606.ZhuQueFightExtension
3048:            12            192  com.altratek.altraserver.extensions.service.testextention.Testextension
3049:            12            192  com.altratek.altraserver.extensions.service.timeliness_activity.act.act2016.act20160129.bestpartnerxbxf.BestPartnerXbXfExtension
3050:            12            192  com.altratek.altraserver.extensions.service.timeliness_activity.act.act2016.act20160205.springpack.SpringPackExtension
3051:            12            192  com.altratek.altraserver.extensions.service.timeliness_activity.act.act2016.act20160205.xfdcpty.XfdcptyExtension
3052:            12            192  com.altratek.altraserver.extensions.service.timeliness_activity.act.act2016.act20160219.invincibletangyuan.InvincibleTangYuanExtension
3053:             8            192  com.altratek.altraserver.extensions.service.timeliness_activity.act.act2016.act20160226.zdlgiftbag.ZdlGiftBagInfo
3054:            12            192  com.altratek.altraserver.extensions.service.timeliness_activity.act.act2016.act20160304.stonesmelt.StoneSmeltExtension
3055:            12            192  com.altratek.altraserver.extensions.service.timeliness_activity.act.act2016.act20160318.pickupcoin.PickUpCoinExtension
3056:            12            192  com.altratek.altraserver.extensions.service.timeliness_activity.act.act2016.act20160401.buyluojiclothes.BuyLuoJiClothesExtension
3057:            12            192  com.altratek.altraserver.extensions.service.timeliness_activity.act.act2016.act20160401.kiterisk.KiteRiskExtension
3058:            12            192  com.altratek.altraserver.extensions.service.timeliness_activity.act.act2016.act20160401.slingshotshoot.SlingshotShootExtension
3059:            12            192  com.altratek.altraserver.extensions.service.timeliness_activity.act.act2016.act20160408.trendyhair.TrendyHairExtension
3060:            12            192  com.altratek.altraserver.extensions.service.timeliness_activity.act.act2016.act20160415.starpartner.StarPartnerExtension
3061:             6            192  com.altratek.altraserver.extensions.service.timeliness_activity.act.act2016.act20160429.anniversarylottery.AnniversaryLotteryConfig$SelectDefine
3062:            12            192  com.altratek.altraserver.extensions.service.timeliness_activity.act.act2016.act20160520.haisaisisupergodevolve.HaiSaiSiSuperEvolveExtension
3063:            12            192  com.altratek.altraserver.extensions.service.timeliness_activity.act.act2016.act20160520.mengjingmizong.MengJingMiZongExtension
3064:            12            192  com.altratek.altraserver.extensions.service.timeliness_activity.act.act2016.act20160520.removexiaoheidream.RemoveXiaoHeiDreamExtension
3065:            12            192  com.altratek.altraserver.extensions.service.timeliness_activity.act.act2016.act20160527.diamondticketsell.DiamondTicketSellExtension
3066:            12            192  com.altratek.altraserver.extensions.service.timeliness_activity.act.act2016.act20160527.dreamstrength.DreamStrengthExtension
3067:            12            192  com.altratek.altraserver.extensions.service.timeliness_activity.act.act2016.act20160527.dreamteamnewpower.DreamTeamNewPowerExtension
3068:            12            192  com.altratek.altraserver.extensions.service.timeliness_activity.act.act2016.act20160603.newhandtask160603.NewHandTask160603Extension
3069:            12            192  com.altratek.altraserver.extensions.service.timeliness_activity.act.act2016.act20160617.chaonengmmsupergodevolve.ChaoNengMMSuperGodEvolveExtension
3070:            12            192  com.altratek.altraserver.extensions.service.timeliness_activity.act.act2016.act20160617.fivekingsactclass.FiveKingsActClassExtension
3071:            12            192  com.altratek.altraserver.extensions.service.timeliness_activity.act.act2016.act20160624.newversioncase.NewVersionCaseExtension
3072:            12            192  com.altratek.altraserver.extensions.service.timeliness_activity.act.act2016.act20160701.vipbiyao.VipBiYaoExtension
3073:            12            192  com.altratek.altraserver.extensions.service.timeliness_activity.act.act2016.act20160708.monkeycat.MoneyCatInfo
3074:            12            192  com.altratek.altraserver.extensions.service.timeliness_activity.act.act2016.act20160715.supergodqianniao.SuperGodQianNiaoExtension
3075:            12            192  com.altratek.altraserver.extensions.service.timeliness_activity.act.act2016.act20160722.dragonturtle.DragonTurtleExtension
3076:            12            192  com.altratek.altraserver.extensions.service.timeliness_activity.act.act2016.act20160729.dishitianthird.DiShiTianThirdExtension
3077:            12            192  com.altratek.altraserver.extensions.service.timeliness_activity.act.act2016.act20160812.yeyapower.YeYaPowerExtension
3078:             8            192  com.altratek.altraserver.extensions.service.timeliness_activity.act.act2016.act20160826.aoqitreasure.GoodWish
3079:            12            192  com.altratek.altraserver.extensions.service.timeliness_activity.act.act2016.act20160826.fourinaline.FourInALineExtension
3080:            12            192  com.altratek.altraserver.extensions.service.timeliness_activity.act.act2016.act20160902.angeltask.AngelTaskExtension
3081:            12            192  com.altratek.altraserver.extensions.service.timeliness_activity.act.act2016.act20160902.sendshenlingfiveking.SendShenLingFiveKingExtension
3082:            12            192  com.altratek.altraserver.extensions.service.timeliness_activity.act.act2016.act20160909.buypet.BuyPetExtension
3083:            12            192  com.altratek.altraserver.extensions.service.timeliness_activity.act.act2016.act20160909.seniorbuddycampaign.SeniorBuddyCampaignExtension
3084:            12            192  com.altratek.altraserver.extensions.service.timeliness_activity.act.act2016.act20161014.YaoQianGuAndPhoenix.YaoQianGuAndPhoenixExtension
3085:            12            192  com.altratek.altraserver.extensions.service.timeliness_activity.act.act2016.act20161014.obsessivetreat.ObsessiveTreatExtension
3086:            12            192  com.altratek.altraserver.extensions.service.timeliness_activity.act.act2016.act20161014.popsuperwake.PopSuperWakeExtension
3087:            12            192  com.altratek.altraserver.extensions.service.timeliness_activity.act.act2016.act20161021.huangdeshengyan.HDSYExtension
3088:            12            192  com.altratek.altraserver.extensions.service.timeliness_activity.act.act2016.act20161028.halloweentower.HalloweenTowerExtension
3089:            12            192  com.altratek.altraserver.extensions.service.timeliness_activity.act.act2016.act20161104.preordershop.PreorderShopExtension
3090:            12            192  com.altratek.altraserver.extensions.service.timeliness_activity.act.act2016.act20161118.tankgame.TankGameExtension
3091:            12            192  com.altratek.altraserver.extensions.service.timeliness_activity.act.act2016.act20161125.sqlxsupergodevolve.SQLXSuperGodEvolveExtension
3092:            12            192  com.altratek.altraserver.extensions.service.timeliness_activity.act.act2016.act20161202.minganddragoncombine.MingAndDragonCombineExtension
3093:            12            192  com.altratek.altraserver.extensions.service.timeliness_activity.act.act2016.act20161209.fightgongben.FightGongBenExtension
3094:             6            192  com.altratek.altraserver.extensions.service.timeliness_activity.act.act2016.act20161209.fightgongben.FightGongBenUserInfo$GameInfo
3095:            12            192  com.altratek.altraserver.extensions.service.timeliness_activity.act.act2016.act20161223.wechatcharge.WeChatChargeExtension
3096:            12            192  com.altratek.altraserver.extensions.service.timeliness_activity.act.act2016.act20161223.yearvipappoint.YearVipAppointExtension
3097:            12            192  com.altratek.altraserver.extensions.service.timeliness_activity.act.act2016.act20161230.priesthoodpose.PriesthoodPoseExtension
3098:            12            192  com.altratek.altraserver.extensions.service.timeliness_activity.act.act2016.act20161230.yeardragonface.YearDragonFaceExtension
3099:            12            192  com.altratek.altraserver.extensions.service.timeliness_activity.act.act2017.act20170113.baijifu.cheesecarry.CheeseCarryExtension
3100:            12            192  com.altratek.altraserver.extensions.service.timeliness_activity.act.act2017.act20170120.goldbeantree.GoldBeanTreeExtension
3101:            12            192  com.altratek.altraserver.extensions.service.timeliness_activity.act.act2017.act20170120.sgflsuperjobevolve.SGFLSuperJobEvolveHandler
3102:            12            192  com.altratek.altraserver.extensions.service.timeliness_activity.act.act2017.act20170126.zodiacflop.ZodiacFlopExtention
3103:            12            192  com.altratek.altraserver.extensions.service.timeliness_activity.act.act2017.act20170210.firemap.FireMapExtension
3104:            12            192  com.altratek.altraserver.extensions.service.timeliness_activity.act.act2017.act20170210.firemap.FireMapInfo
3105:            12            192  com.altratek.altraserver.extensions.service.timeliness_activity.act.act2017.act20170210.godprofessionmiaodui.GodProfessionMiaoDuiExtension
3106:            12            192  com.altratek.altraserver.extensions.service.timeliness_activity.act.act2017.act20170217.autoequipmentmaterial.AutoEquipmentMaterialExtension
3107:             6            192  com.altratek.altraserver.extensions.service.timeliness_activity.act.act2017.act20170217.clergystar.ClergyStarConfig$Gate
3108:             8            192  com.altratek.altraserver.extensions.service.timeliness_activity.act.act2017.act20170217.clergystar.ClergyStarConfig$Prize
3109:            12            192  com.altratek.altraserver.extensions.service.timeliness_activity.act.act2017.act20170217.clergystar.ClergyStarExtension
3110:            12            192  com.altratek.altraserver.extensions.service.timeliness_activity.act.act2017.act20170217.newhandtask170217.NewHandTask170217Extension
3111:            12            192  com.altratek.altraserver.extensions.service.timeliness_activity.act.act2017.act20170217.schoolopeninvest.SchoolOpenInvestExtension
3112:            12            192  com.altratek.altraserver.extensions.service.timeliness_activity.act.act2017.act20170303.goldcritical.GoldCriticalExtension
3113:            12            192  com.altratek.altraserver.extensions.service.timeliness_activity.act.act2017.act20170310.fiveherokaipa.FiveHeroKaiPaExtension
3114:            12            192  com.altratek.altraserver.extensions.service.timeliness_activity.act.act2017.act20170317.duoduocardbox.DuoDuoCardBoxExtension
3115:            12            192  com.altratek.altraserver.extensions.service.timeliness_activity.act.act2017.act20170331.luandouexpgu.LuanDouExpGuExtension
3116:            12            192  com.altratek.altraserver.extensions.service.timeliness_activity.act.act2017.act20170421.investoneaobi.InvestOneAobiExtension
3117:            12            192  com.altratek.altraserver.extensions.service.timeliness_activity.act.act2017.act20170428.baijifusign.BaiJiFuSignExtension
3118:             8            192  com.altratek.altraserver.extensions.service.timeliness_activity.act.act2017.act20170505.lucklylottery.LucklyLotteryConfig$BonusInfo
3119:            12            192  com.altratek.altraserver.extensions.service.timeliness_activity.act.act2017.act20170505.lucklylottery.LucklyLotteryExtension
3120:            12            192  com.altratek.altraserver.extensions.service.timeliness_activity.act.act2017.act20170512.aoqisuperiorclothe.AoqiSuperiorClotheExtension
3121:            12            192  com.altratek.altraserver.extensions.service.timeliness_activity.act.act2017.act20170512.newjobpsychic.NewJobPsychicExtension
3122:            12            192  com.altratek.altraserver.extensions.service.timeliness_activity.act.act2017.act20170512.nuoyaskinbuy.NuoYaSkinBuyExtension
3123:            12            192  com.altratek.altraserver.extensions.service.timeliness_activity.act.act2017.act20170512.petcollect.PetCollectExtension
3124:            12            192  com.altratek.altraserver.extensions.service.timeliness_activity.act.act2017.act20170519.coolclothes.CoolClothesExtension
3125:            12            192  com.altratek.altraserver.extensions.service.timeliness_activity.act.act2017.act20170526.baijifuinvite.BaijifuInviteExtensin
3126:            12            192  com.altratek.altraserver.extensions.service.timeliness_activity.act.act2017.act20170526.lotterymillionexp.LotteryMillionExpExtension
3127:            12            192  com.altratek.altraserver.extensions.service.timeliness_activity.act.act2017.act20170526.universalactiverank.UniversalActiveRankExtension
3128:            12            192  com.altratek.altraserver.extensions.service.timeliness_activity.act.act2017.act20170602.dreamteampower.DreamTeamNewPowerExtension
3129:            12            192  com.altratek.altraserver.extensions.service.timeliness_activity.act.act2017.act20170602.oneaobigroup.OneAobiGroupExtension
3130:             6            192  com.altratek.altraserver.extensions.service.timeliness_activity.act.act2017.act20170609.poseback.PoseBackConfig$ConsumeDefine
3131:            12            192  com.altratek.altraserver.extensions.service.timeliness_activity.act.act2017.act20170616.developmenttasks.DevelopmenttasksExtension
3132:            12            192  com.altratek.altraserver.extensions.service.timeliness_activity.act.act2017.act20170616.petsteps.PetStepsExtension
3133:            12            192  com.altratek.altraserver.extensions.service.timeliness_activity.act.act2017.act20170623.diamondtask.DiamondTaskExtension
3134:            12            192  com.altratek.altraserver.extensions.service.timeliness_activity.act.act2017.act20170630.allfightupgift.AllFightUpGiftExtension
3135:            12            192  com.altratek.altraserver.extensions.service.timeliness_activity.act.act2017.act20170630.signandgetpet.SignAndGetPetExtension
3136:            12            192  com.altratek.altraserver.extensions.service.timeliness_activity.act.act2017.act20170630.summerpetgift.SummerPetGiftExtension
3137:            12            192  com.altratek.altraserver.extensions.service.timeliness_activity.act.act2017.act20170707.lingyingmiao.LingYingMiaoExtension
3138:            12            192  com.altratek.altraserver.extensions.service.timeliness_activity.act.act2017.act20170714.fruitparkour.FruitParkourExtension
3139:            12            192  com.altratek.altraserver.extensions.service.timeliness_activity.act.act2017.act20170721.kulashou.KuLaShouExtension
3140:            12            192  com.altratek.altraserver.extensions.service.timeliness_activity.act.act2017.act20170721.lanlanlugodjob.LanlanluGodJobExtension
3141:            12            192  com.altratek.altraserver.extensions.service.timeliness_activity.act.act2017.act20170728.fairyland.FairylandExtension
3142:            12            192  com.altratek.altraserver.extensions.service.timeliness_activity.act.act2017.act20170728.magicformation.MagicFormationExtension
3143:            12            192  com.altratek.altraserver.extensions.service.timeliness_activity.act.act2017.act20170728.shenlongskinbuy.ShenLongSkinBuyExtension
3144:            12            192  com.altratek.altraserver.extensions.service.timeliness_activity.act.act2017.act20170728.supergoddragonfight.SuperGodDragonFightExtension
3145:            12            192  com.altratek.altraserver.extensions.service.timeliness_activity.act.act2017.act20170804.checkpetownstate.CheckPetOwnStateExtension
3146:            12            192  com.altratek.altraserver.extensions.service.timeliness_activity.act.act2017.act20170804.discountclothes.DiscountClothesExtension
3147:            12            192  com.altratek.altraserver.extensions.service.timeliness_activity.act.act2017.act20170804.dishitianskin.DiShiTianSkinExtension
3148:            12            192  com.altratek.altraserver.extensions.service.timeliness_activity.act.act2017.act20170804.masonryexchange.MasonryExchangeExtension
3149:            12            192  com.altratek.altraserver.extensions.service.timeliness_activity.act.act2017.act20170804.phoenixgodjob.PhoenixGodJobExtension
3150:            12            192  com.altratek.altraserver.extensions.service.timeliness_activity.act.act2017.act20170804.sunofbeach.SunOfBeachExtension
3151:            12            192  com.altratek.altraserver.extensions.service.timeliness_activity.act.act2017.act20170811.xuanwugodjob.XuanWuGodJobExtension
3152:            12            192  com.altratek.altraserver.extensions.service.timeliness_activity.act.act2017.act20170818.bladeclothes.BladeClothesExtension
3153:            12            192  com.altratek.altraserver.extensions.service.timeliness_activity.act.act2017.act20170818.liehunmiaogodjob.LieHunMiaoGodJobExtension
3154:            12            192  com.altratek.altraserver.extensions.service.timeliness_activity.act.act2017.act20170825.crazystadium.CrazyStadiumExtension
3155:            12            192  com.altratek.altraserver.extensions.service.timeliness_activity.act.act2017.act20170825.creategodfight.CreateGodFightExtension
3156:            12            192  com.altratek.altraserver.extensions.service.timeliness_activity.act.act2017.act20170901.tmkinggodjob.TMKingGodJobExtension
3157:            12            192  com.altratek.altraserver.extensions.service.timeliness_activity.act.act2017.act20170908.givecat.GiveCatExtension
3158:            12            192  com.altratek.altraserver.extensions.service.timeliness_activity.act.act2017.act20170908.luciferpay.LuciferPayExtension
3159:             8            192  com.altratek.altraserver.extensions.service.timeliness_activity.act.act2017.act20170915.shadowsontransform.GameItem
3160:            12            192  com.altratek.altraserver.extensions.service.timeliness_activity.act.act2017.act20170915.shadowsontransform.ShadowSonTransfromExentsion
3161:             6            192  com.altratek.altraserver.extensions.service.timeliness_activity.act.act2017.act20170922.diamondexchangeprize.DiamondExchangePrizeConfig$PrizeDefine
3162:            12            192  com.altratek.altraserver.extensions.service.timeliness_activity.act.act2017.act20170922.diamondexchangeprize.DiamondExchangePrizeExtension
3163:            12            192  com.altratek.altraserver.extensions.service.timeliness_activity.act.act2017.act20170922.fivekingheadframe.FiveKingHeadFrameExtension
3164:            12            192  com.altratek.altraserver.extensions.service.timeliness_activity.act.act2017.act20170922.gaindiamondticket.GainDiamondTicketExtension
3165:            12            192  com.altratek.altraserver.extensions.service.timeliness_activity.act.act2017.act20170922.petgiftdraw.PetGiftDrawExtension
3166:            12            192  com.altratek.altraserver.extensions.service.timeliness_activity.act.act2017.act20170929.gainpandora.GainPandoraExtension
3167:            12            192  com.altratek.altraserver.extensions.service.timeliness_activity.act.act2017.act20170929.nationaldaysign.NationalDaySignExtension
3168:            12            192  com.altratek.altraserver.extensions.service.timeliness_activity.act.act2017.act20170929.pandoraskin.PandoraSkinExtension
3169:             6            192  com.altratek.altraserver.extensions.service.timeliness_activity.act.act2017.act20170929.rabbitgodgodjob.RabbitGodGodJobConfig$Progress2Buff
3170:            12            192  com.altratek.altraserver.extensions.service.timeliness_activity.act.act2017.act20170929.rabbitgodgodjob.RabbitGodGodJobExtension
3171:            12            192  com.altratek.altraserver.extensions.service.timeliness_activity.act.act2017.act20170929.spacedragonskinbuy.SpaceDragonSkinBuyExtension
3172:            12            192  com.altratek.altraserver.extensions.service.timeliness_activity.act.act2017.act20171006.natureforguyaowang.NatureForGuYaoWangExtension
3173:            12            192  com.altratek.altraserver.extensions.service.timeliness_activity.act.act2017.act20171013.mengchong.MengChongExtension
3174:            12            192  com.altratek.altraserver.extensions.service.timeliness_activity.act.act2017.act20171013.petbox.PetBoxExtension
3175:            12            192  com.altratek.altraserver.extensions.service.timeliness_activity.act.act2017.act20171013.summonerpower.SummonerPowerExtension
3176:            12            192  com.altratek.altraserver.extensions.service.timeliness_activity.act.act2017.act20171013.wanlingworld.WanlingWorldExtension
3177:            12            192  com.altratek.altraserver.extensions.service.timeliness_activity.act.act2017.act20171020.godlightrecommend.GodLightRecommendExtension
3178:            12            192  com.altratek.altraserver.extensions.service.timeliness_activity.act.act2017.act20171020.signforlingfeng.SignForLingFengExtension
3179:            12            192  com.altratek.altraserver.extensions.service.timeliness_activity.act.act2017.act20171020.summonerclothes.SummonerClothesExtension
3180:            12            192  com.altratek.altraserver.extensions.service.timeliness_activity.act.act2017.act20171020.wanyaozhen.WanYaoZhenExtension
3181:             6            192  com.altratek.altraserver.extensions.service.timeliness_activity.act.act2017.act20171020.yuanshoulottery.LotteryConfig$QualityInfo
3182:            12            192  com.altratek.altraserver.extensions.service.timeliness_activity.act.act2017.act20171020.yuanshoulottery.YuanShouLotteryExtension
3183:            12            192  com.altratek.altraserver.extensions.service.timelinessactivity.act151113.sixdodge.SixDodgeExtension
3184:            12            192  com.altratek.altraserver.extensions.service.timelinessactivity.angrygreen.AngryGeenExtension
3185:            12            192  com.altratek.altraserver.extensions.service.timelinessactivity.aoqihotelwar.AiQiHotelWarExtension
3186:            12            192  com.altratek.altraserver.extensions.service.timelinessactivity.augury.AuguryExtension
3187:            12            192  com.altratek.altraserver.extensions.service.timelinessactivity.bestpetrank.BestPetRankExtension
3188:            12            192  com.altratek.altraserver.extensions.service.timelinessactivity.btmovieconference.BTMovieConferenceExtension
3189:             6            192  com.altratek.altraserver.extensions.service.timelinessactivity.callandinvite.CallAndInviteDao$CallerInfo
3190:            12            192  com.altratek.altraserver.extensions.service.timelinessactivity.callandinvite.CallAndInviteExtension
3191:            12            192  com.altratek.altraserver.extensions.service.timelinessactivity.classicspet.ClassicsPetExtension
3192:            12            192  com.altratek.altraserver.extensions.service.timelinessactivity.clothesofking.ClothesOfKingExtension
3193:            12            192  com.altratek.altraserver.extensions.service.timelinessactivity.colorfulexpegg.ColorfulExpEggExtension
3194:            12            192  com.altratek.altraserver.extensions.service.timelinessactivity.coolboy.CoolBoyExtension
3195:            12            192  com.altratek.altraserver.extensions.service.timelinessactivity.dangdangyuanhuang.DangDangYuanHuangExtension
3196:            12            192  com.altratek.altraserver.extensions.service.timelinessactivity.diamondexchange0710.DiamondExchange20150710Extension
3197:            12            192  com.altratek.altraserver.extensions.service.timelinessactivity.diamondexchange0731.DiamondExchange20150731Extension
3198:            12            192  com.altratek.altraserver.extensions.service.timelinessactivity.diamondsword.DiamondSwordExtension
3199:            12            192  com.altratek.altraserver.extensions.service.timelinessactivity.dingding_aolafilm.DingDingAolaFilmExtension
3200:            12            192  com.altratek.altraserver.extensions.service.timelinessactivity.dreamguarder.DreamGuarderExtension
3201:            12            192  com.altratek.altraserver.extensions.service.timelinessactivity.fight.huolie.HuoLieExtension
3202:            12            192  com.altratek.altraserver.extensions.service.timelinessactivity.fight.leihun.LeiHunExtension
3203:            12            192  com.altratek.altraserver.extensions.service.timelinessactivity.fight.supermengmeng.MengSuperExtension
3204:             8            192  com.altratek.altraserver.extensions.service.timelinessactivity.godpetdraw.GodPetDrawConfig$PetDefine
3205:            12            192  com.altratek.altraserver.extensions.service.timelinessactivity.godspoor.GodSpoorExtension
3206:             6            192  com.altratek.altraserver.extensions.service.timelinessactivity.godspoor.GodSpoorUnit
3207:            12            192  com.altratek.altraserver.extensions.service.timelinessactivity.holypetexchange.HolyPetExchangeExtension
3208:            12            192  com.altratek.altraserver.extensions.service.timelinessactivity.honghuang.HongHuangExtension
3209:            12            192  com.altratek.altraserver.extensions.service.timelinessactivity.huanfudai.HuanFuDaiExtension
3210:            12            192  com.altratek.altraserver.extensions.service.timelinessactivity.kingofbrightness.KingOfBrightnessSuperEvolveExtension
3211:            12            192  com.altratek.altraserver.extensions.service.timelinessactivity.kuangdao.KuangDaoExtension
3212:            12            192  com.altratek.altraserver.extensions.service.timelinessactivity.lionsuperevolve.LionSuperEvolveExtension
3213:            12            192  com.altratek.altraserver.extensions.service.timelinessactivity.luosasuper.LuoSaSuperExtension
3214:            12            192  com.altratek.altraserver.extensions.service.timelinessactivity.monthnewlogin.monthnewdraw20170901.MonthNewDrawExtension
3215:            12            192  com.altratek.altraserver.extensions.service.timelinessactivity.newhandpowerup.NewHandPowerUpExtension
3216:            12            192  com.altratek.altraserver.extensions.service.timelinessactivity.pandaevolve.PandaEvolveExtension
3217:            12            192  com.altratek.altraserver.extensions.service.timelinessactivity.paohuan.PaoHuan20150130Extension
3218:            12            192  com.altratek.altraserver.extensions.service.timelinessactivity.petdiscount.PetDiscountExtension
3219:            12            192  com.altratek.altraserver.extensions.service.timelinessactivity.petskin.PetSkinExtension
3220:            12            192  com.altratek.altraserver.extensions.service.timelinessactivity.phenixultraevolve.PhenixUltraEvolveExtenison
3221:            12            192  com.altratek.altraserver.extensions.service.timelinessactivity.powerup23w5.PowerUp23w5Extension
3222:            12            192  com.altratek.altraserver.extensions.service.timelinessactivity.powerup26w.PowerUp26wExtension
3223:            12            192  com.altratek.altraserver.extensions.service.timelinessactivity.rebuildchenguang.RebuildChenGuangExtension
3224:            12            192  com.altratek.altraserver.extensions.service.timelinessactivity.selectonediamondprize.SelectoneDiamondPrizeExtension
3225:            12            192  com.altratek.altraserver.extensions.service.timelinessactivity.snboss.SnBossExtension
3226:            12            192  com.altratek.altraserver.extensions.service.timelinessactivity.superflowerstar.SuperFlowerStarExtension
3227:            12            192  com.altratek.altraserver.extensions.service.timelinessactivity.supergodgiftpack.SuperGodGiftPackExtension
3228:            12            192  com.altratek.altraserver.extensions.service.timelinessactivity.superlifeking.SuperLifeKingExtension
3229:            12            192  com.altratek.altraserver.extensions.service.timelinessactivity.tianmanwangultraevolve.TianManWangUltraevolveExtension
3230:            12            192  com.altratek.altraserver.extensions.service.timelinessactivity.ultraevolvegift.UltraEvolveGiftExtension
3231:            12            192  com.altratek.altraserver.extensions.service.timelinessactivity.windwing.WindWingExtension
3232:            12            192  com.altratek.altraserver.extensions.service.timelinessactivity.xiaofanpartneraction.XiaoFanPartnerActionExtension
3233:            12            192  com.altratek.altraserver.extensions.service.timelinessactivity.xiaomengtaier.XiaoMengTaiErExtension
3234:            12            192  com.altratek.altraserver.extensions.service.timelinessactivity.xiaoxiumoney20150731.XiaoxiuMoney20150731Extension
3235:            12            192  com.altratek.altraserver.extensions.service.timelinessactivity.xingchengsuperevolve.XingChengSuperEvolveExtension
3236:            12            192  com.altratek.altraserver.extensions.service.timelinessactivity.yearface.YearFaceExtension
3237:            12            192  com.altratek.altraserver.extensions.service.timelinessactivity.zhounian.ZhouNianExtension
3238:            12            192  com.altratek.altraserver.extensions.service.title.UserTitles
3239:            12            192  com.altratek.altraserver.extensions.service.tower.exptower2016.ExpTowerExtension
3240:            12            192  com.altratek.altraserver.extensions.service.tower.exptower2016.autoexptower.AutoExpTowerExtension
3241:            12            192  com.altratek.altraserver.extensions.service.tower.levelup.LevelUpTowerExtension
3242:            12            192  com.altratek.altraserver.extensions.service.tower.magic.MagicTowerExtension
3243:            12            192  com.altratek.altraserver.extensions.service.tower.zhandouli.ZhanDouLiTowerExtension
3244:            12            192  com.altratek.altraserver.extensions.service.treasurehall.TreasureHallExtension
3245:             6            192  com.altratek.altraserver.extensions.service.treasurehall.level.MaterialDefine
3246:             8            192  com.altratek.altraserver.extensions.service.treasurehall.limit.LayerNumLimitParam
3247:            12            192  com.altratek.altraserver.extensions.service.union.UnionMsgExtension
3248:            12            192  com.altratek.altraserver.extensions.service.union.UnionSalaryExtension
3249:             3            192  com.altratek.altraserver.extensions.service.union.UnionTaskDefine
3250:            12            192  com.altratek.altraserver.extensions.service.union.activity.donate.UnionDonateExtension
3251:             6            192  com.altratek.altraserver.extensions.service.union.activity.sign.USSignActivityConfig$ZDLPrize
3252:            12            192  com.altratek.altraserver.extensions.service.union.activity.sign.USSignActivityExtension
3253:            12            192  com.altratek.altraserver.extensions.service.union.activity.store.UnionStoreExtension
3254:            12            192  com.altratek.altraserver.extensions.service.union.activity.unionfight.UnionFightExtension
3255:            12            192  com.altratek.altraserver.extensions.service.union.activity.weapon.UnionWeaponExtension
3256:            12            192  com.altratek.altraserver.extensions.service.union.task.cleanwindow.CleanWindowExtension
3257:            12            192  com.altratek.altraserver.extensions.service.union.task.cropdonate.CropDonateExtension
3258:            12            192  com.altratek.altraserver.extensions.service.union.task.defendingwarrior.DefendingWarriorExtension
3259:            12            192  com.altratek.altraserver.extensions.service.union.task.groupphoto.GroupPhotoExtension
3260:            12            192  com.altratek.altraserver.extensions.service.union.task.lotterytree.LotteryTreeExtension
3261:            12            192  com.altratek.altraserver.extensions.service.union.task.playdice.PlayDiceExtension
3262:            12            192  com.altratek.altraserver.extensions.service.userbuff.UserBuffActions
3263:            12            192  com.altratek.altraserver.extensions.service.userdisplay.AoQiMasterUserInfo
3264:            12            192  com.altratek.altraserver.extensions.service.vip.activity.firstcharge150529.FirstCharge150529Extension
3265:            12            192  com.altratek.altraserver.extensions.service.vip.activity.newyearvip20140129.NewYear20140129Extension
3266:            12            192  com.altratek.altraserver.extensions.service.vip.activity.va130823.VipActivity130823Extension
3267:            12            192  com.altratek.altraserver.extensions.service.vip.activity.va130830.VipActivity130830Extension
3268:            12            192  com.altratek.altraserver.extensions.service.vip.activity.va130906.va99diamondfree.VA99DiamondFreeExtension
3269:            12            192  com.altratek.altraserver.extensions.service.vip.activity.va130906.vaflytrip.VAFlyTripExtension
3270:            12            192  com.altratek.altraserver.extensions.service.vip.activity.va130906.vagiftcontinue.VAGiftContinueExtension
3271:            12            192  com.altratek.altraserver.extensions.service.vip.activity.va131101.badian.BaDiAnExtension
3272:            12            192  com.altratek.altraserver.extensions.service.vip.activity.va141226.Va141226Extension
3273:             6            192  com.altratek.altraserver.extensions.service.vip.activity.va160304.firstcharge.FirstCharge160304Config$ChangeRaceDefine
3274:            12            192  com.altratek.altraserver.extensions.service.vip.activity.va20140425.Va20140425Extension
3275:            12            192  com.altratek.altraserver.extensions.service.vip.activity.va20xx.Pay20xxExtension
3276:            12            192  com.altratek.altraserver.extensions.service.vip.activity.val140101.firstcharge.FirstCharge20140101Extension
3277:            12            192  com.altratek.altraserver.extensions.service.vip.activity.val140101.skyhorse.SkyHorseExtension
3278:            12            192  com.altratek.altraserver.extensions.service.vip.activity.val140328.Val20140328Extension
3279:            12            192  com.altratek.altraserver.extensions.service.vip.activity.val140620.Val140620Extension
3280:            12            192  com.altratek.altraserver.extensions.service.vip.activity.val150828.Val150828Extension
3281:            12            192  com.altratek.altraserver.extensions.service.vip.activity.val151127.Val151127Extension
3282:            12            192  com.altratek.altraserver.extensions.service.vip.activity.val160122.Val160122Exception
3283:            12            192  com.altratek.altraserver.extensions.service.vip.activity.val170616.FirstCharge170616Extension
3284:            12            192  com.altratek.altraserver.extensions.service.vip.activity.val170818.FirstCharge170818Extension
3285:            12            192  com.altratek.altraserver.extensions.service.vip.activity.val170929.Val170929Extension
3286:            12            192  com.altratek.altraserver.extensions.service.vip.activity.val171013.firstcharge.FirstCharge171013Extension
3287:            12            192  com.altratek.altraserver.extensions.service.vip.activity.val171013.firstexchange.FirstExcharge171013Extension
3288:            12            192  com.altratek.altraserver.extensions.service.vip.activity.val2014.Pay2014Extension
3289:            12            192  com.altratek.altraserver.extensions.service.vip.activity.vipactivity20140228.VipActivity20140228Extension
3290:            12            192  com.altratek.altraserver.extensions.service.vip.activity.vipgivefriend.VipGiveFriendExtension
3291:            12            192  com.altratek.altraserver.extensions.service.vip.activity.viporder.VipOrderExtension
3292:            12            192  com.altratek.altraserver.extensions.service.vip.activity.yearpay2017.YearPay2017Extension
3293:            12            192  com.altratek.altraserver.extensions.service.vip.charge.VipChargeExtension
3294:            12            192  com.altratek.altraserver.extensions.service.vip.chargereturn.VipChargeReturnExtension
3295:            12            192  com.altratek.altraserver.extensions.state.donecouter.cache.UserDoneCountCache
3296:             6            192  com.aobi.common.utils.PoolThreadFactory
3297:             8            192  com.caucho.hessian.io.UnsafeSerializer$ObjectFieldSerializer
3298:             8            192  com.pjx.battle.server.battle.buff.DoEffectFactory_CasterTargetHasBenefitBuff
3299:             6            192  com.pjx.battle.server.battle.buff.DoEffectFactory_CasterTargetPetNum
3300:            12            192  com.pjx.battle.server.battle.buff.DoEffectFactory_IsHit
3301:             6            192  com.pjx.battle.server.battle.buff.ext.ExtraDamageV2BuffFactory
3302:             6            192  com.pjx.battle.server.battle.buff.ext.Id1065BuffFactory
3303:             8            192  com.pjx.battle.server.battle.buff.ext.Id5517BuffFactory$TargetUnit
3304:             8            192  com.pjx.battle.server.battle.buff.ext.ImmunityDamageBuffFactory
3305:             8            192  com.pjx.battle.server.battle.buff.ext.PowerLimitByMaxHpBuffFactory
3306:             8            192  com.pjx.battle.server.battle.buff.ext.PropertyChangeExtBuffFactory$RateMulti
3307:             4            192  com.pjx.battle.server.battle.buff.ext.PropertyChangeExtBuffFactory$StarGodPowerDoubleValue
3308:             6            192  com.pjx.battle.server.battle.buff.ext.PropertyRangeChangeBuffFactory
3309:             8            192  com.pjx.battle.server.battle.buff.ext.PropertyRangeChangeBuffFactory$Range
3310:             6            192  com.pjx.battle.server.battle.buff.ext.RandomTransformBuffFactory
3311:             8            192  com.pjx.battle.server.battle.buff.ext.SuckDamageThenReBoundBuffFactory
3312:             8            192  com.pjx.common.scheduler.MultiThreadQueueWorker$ValueQueueWrap
3313:             8            192  com.pjx.module.creature.equipment.bean.JobEquipmentDefine
3314:             8            192  com.pjx.module.creature.genius.GeniusType
3315:             6            192  com.pjx.rmi.obj.treasure.TreasureType
3316:             6            192  com.pjx.service.homeland.define.facility.FacilityStyle
3317:             6            192  com.pjx.service.homeland.homelandparty.HomeLandPartyRole
3318:             6            192  java.lang.OutOfMemoryError
3319:             6            192  java.lang.StringCoding$StringDecoder
3320:             6            192  java.lang.StringCoding$StringEncoder
3321:             6            192  java.lang.invoke.LambdaForm$BasicType
3322:             8            192  java.lang.invoke.MethodHandleImpl$Intrinsic
3323:             8            192  java.math.RoundingMode
3324:             6            192  java.time.format.TextStyle
3325:            12            192  java.util.Formatter$Flags
3326:             3            192  java.util.regex.Matcher
3327:             6            192  java.util.regex.Pattern$BnM
3328:             8            192  javax.crypto.CryptoPermissionCollection
3329:             6            192  javax.management.MBeanConstructorInfo
3330:             8            192  jdk.net.SocketFlow$Status
3331:             8            192  org.dom4j.tree.DefaultCDATA
3332:             2            192  sun.security.jgss.SunProvider
3333:             3            192  sun.security.provider.NativePRNG$RandomIO
3334:             2            192  sun.security.provider.Sun
3335:             1            184  [Lcom.altratek.altraserver.extensions.service.petpark.PetParkResult;
3336:             6            184  [Lcom.altratek.altraserver.extensions.service.singleboss.MonsterCharacter;
3337:             5            184  [Lcom.altratek.altraserver.extensions.service.tower.magic.MagicTowerFloorDefine;
3338:             6            176  [Lcom.altratek.altraserver.extensions.service.family.exchequer.FamilyExchequerLotteryDefine$BoxAndRate;
3339:             1            176  [Lcom.altratek.altraserver.extensions.service.pay.DiamondExchangeTarget;
3340:             2            176  [Lcom.pjx.battle.server.battle.buff.ext.BuffCreateOccasionsBuffFactory$Occasion;
3341:             2            176  [Lcom.pjx.battle.server.battle.buff.ext.BuffCreateV2BuffFactory$Occasion;
3342:             2            176  [Lcom.pjx.battle.server.battle.buff.ext.PoisionBuffFactory$Occasion;
3343:             2            176  [Lcom.pjx.rmi.obj.family.Op;
3344:             1            176  [Ljava.sql.JDBCType;
3345:            11            176  com.altratek.altraserver.extensions.idgen.UserIdInfo
3346:            11            176  com.altratek.altraserver.extensions.util.BitState
3347:             2            176  com.pjx.common.scheduler.ScheduleDbLogAsynHandler
3348:            11            176  com.sun.proxy.$Proxy28
3349:            11            176  java.text.NumberFormat$Field
3350:             2            176  java.util.jar.JarVerifier
3351:            11            176  jxl.CellType
3352:            11            176  org.apache.commons.pool2.impl.DefaultEvictionPolicy
3353:            11            176  org.apache.commons.pool2.impl.InterruptibleReentrantLock
3354:            11            176  redis.clients.jedis.ShardedJedisPool
3355:             2            176  sun.net.www.http.HttpClient
3356:             7            168  [Lcom.altratek.altraserver.extensions.service.tempactivity.xiunuocombine.XiuNuoCombineConfig$TimeLimit;
3357:             3            168  [Lcom.altratek.altraserver.extensions.service.timeliness_activity.act.act2016.act20161028.halloweentower.HalloweenTowerConfig$TowerGuard;
3358:             2            168  [Ljava.time.LocalDateTime;
3359:             1            168  [[Ljava.math.BigInteger;
3360:             7            168  com.altratek.altraserver.extensions.behavior.Behavior
3361:             7            168  com.altratek.altraserver.extensions.schedulers.MultiThreadProcessor$Runnable_MultiThProc_Schedule
3362:             7            168  com.altratek.altraserver.extensions.service.activity.freshmangift.fmg170217.Fmg170217Handler$Result
3363:             7            168  com.altratek.altraserver.extensions.service.activity.freshmangift.fmg170818.Fmg170818Handler$Result
3364:             7            168  com.altratek.altraserver.extensions.service.activity.suikongsuperevolve.SuiKongEvolutionConfig$Boss
3365:             7            168  com.altratek.altraserver.extensions.service.activity.zhanhun.ZhanHunTeamDefine$AddBuff
3366:             7            168  com.altratek.altraserver.extensions.service.challenge.buffgetter.ext.BuffGetter_100_AddBuff
3367:             7            168  com.altratek.altraserver.extensions.service.challenge.buffgetter.ext.BuffGetter_104_AddMyBuff
3368:             7            168  com.altratek.altraserver.extensions.service.challenge.buffgetter.ext.BuffGetter_39_AddEnemyBuff
3369:             7            168  com.altratek.altraserver.extensions.service.challenge.prizeprocessor.Prize_GainMaterial
3370:             7            168  com.altratek.altraserver.extensions.service.challenge.teamselecter.ext.Selecter_87_LinearBoss$Range
3371:             7            168  com.altratek.altraserver.extensions.service.family.RoleDefine
3372:             7            168  com.altratek.altraserver.extensions.service.family.revoked.FamilyRevokedConfig$ContributionPrizeConfig
3373:             7            168  com.altratek.altraserver.extensions.service.farm.collect.FarmCollectDefine
3374:             3            168  com.altratek.altraserver.extensions.service.fight.activity.beihuofight.BeiHuoFightConfig$StageDefine
3375:             7            168  com.altratek.altraserver.extensions.service.fight.activity.chaseghostcat.ChaseGhostCatConfig$Damage2Score
3376:             7            168  com.altratek.altraserver.extensions.service.fight.activity.chaseghostcat.ChaseGhostCatConfig$Range
3377:             7            168  com.altratek.altraserver.extensions.service.fight.activity.fivegodpetfit.FiveGodPetFitConfig$Damage2PowerDefine
3378:             7            168  com.altratek.altraserver.extensions.service.fight.activity.fivegodpetfit.FiveGodPetFitConfig$Range
3379:             7            168  com.altratek.altraserver.extensions.service.fight.activity.rabbitgodsupergodevolve.RabbitGodSuperGodEvolveConfig$Range
3380:             7            168  com.altratek.altraserver.extensions.service.fight.activity.shanggulingzhunevolve.conf.FarmExtractConf
3381:             7            168  com.altratek.altraserver.extensions.service.fight.activity.thesword.TheswordConfig$StageConfig
3382:             7            168  com.altratek.altraserver.extensions.service.fishery.FisheryLvl2Exp
3383:             7            168  com.altratek.altraserver.extensions.service.heroisland.draw.DrawInfo
3384:             7            168  com.altratek.altraserver.extensions.service.heroisland.fairy.Hero.HeroType
3385:             7            168  com.altratek.altraserver.extensions.service.heroisland.fb.FbType
3386:             7            168  com.altratek.altraserver.extensions.service.heroisland.herofriend.HeroIslandFriendInfo
3387:             1            168  com.altratek.altraserver.extensions.service.nobleclub.fans.NobleFansDao
3388:             7            168  com.altratek.altraserver.extensions.service.petpark.fossilbreed.define.HighGradeActivatePolicy
3389:             1            168  com.altratek.altraserver.extensions.service.pjx.creature.pet.PetDao
3390:             7            168  com.altratek.altraserver.extensions.service.pjx.dragon.define.DragonColorDefine
3391:             7            168  com.altratek.altraserver.extensions.service.pjx.dragon.define.DragonSkillTypeDefine
3392:             7            168  com.altratek.altraserver.extensions.service.pjx.kingroad.KingRoadXML$Drop
3393:             7            168  com.altratek.altraserver.extensions.service.pjx.kingroad.KingRoadXML$GuarderInfo
3394:             7            168  com.altratek.altraserver.extensions.service.qiqi.scoremall.mood.MoodDefine
3395:             7            168  com.altratek.altraserver.extensions.service.temp.prize.MutexRandomCounterPrize
3396:             7            168  com.altratek.altraserver.extensions.service.tempactivity.moxiuerevolution.MoXiuErEvolutionConfig$Boss
3397:             7            168  com.altratek.altraserver.extensions.service.tempactivity.xiunuocombine.XiuNuoCombineConfig$DateAndTimeLimit
3398:             7            168  com.altratek.altraserver.extensions.service.timeliness_activity.act.act2017.act20171020.wanyaozhen.WanYaoZhenConfig$StageConfig
3399:             7            168  com.altratek.altraserver.extensions.service.timelinessactivity.diamondsword.DiamondSwordActivity
3400:             7            168  com.altratek.altraserver.extensions.service.timelinessactivity.diamondsword.DiamondSwordConfig$IronConfig
3401:             3            168  com.altratek.altraserver.extensions.service.timelinessactivity.diamondsword.DiamondSwordInfo
3402:             3            168  com.altratek.altraserver.extensions.service.timelinessactivity.dreamguarder.DreamGuarderStage
3403:             7            168  com.altratek.altraserver.extensions.service.vip.activity.va130906.vagiftcontinue.VAGiftContinueConfig$Choice
3404:             7            168  com.altratek.altraserver.extensions.util.DateRage
3405:             7            168  com.caucho.hessian.io.UnsafeSerializer$LongFieldSerializer
3406:             7            168  com.pjx.battle.server.battle.buff.BuffDefine$Benefit
3407:             7            168  com.pjx.battle.server.battle.buff.ext.BuffVigourChangeImmuneBuffFactory$BuffCasterLimit
3408:             7            168  com.pjx.battle.server.battle.buff.ext.ClearBuffByIdBuffFactory$MyEffectSide
3409:             7            168  com.pjx.battle.server.battle.buff.ext.ConfuseBuffFactory
3410:             7            168  com.pjx.battle.server.battle.buff.ext.IngoreDefenseV2BuffFactory$IgnoreType
3411:             3            168  com.pjx.common.scheduler.MultiThreadLoopWorker
3412:             7            168  com.pjx.module.buff.skill.limit.creature.SkillCreatureLimitFactory_RaceEffected$SkillCreatureEffectLimit_RaceEffected
3413:             7            168  com.pjx.module.buff.skill.limit.creature.SkillCreatureLimitFactory_StargodEffected$SkillCreatureEffectLimit_StargodEffected
3414:             3            168  com.pjx.rmi.obj.stall.StallSellingDao
3415:             7            168  com.pjx.service.compete.CompeteConfig$PrizeType
3416:             7            168  com.pjx.service.compete2.CompeteV2Config$PrizeType
3417:             7            168  com.sun.management.VMOption$Origin
3418:             7            168  com.sun.org.apache.xerces.internal.util.FeatureState
3419:             7            168  java.net.NetPermission
3420:             3            168  java.net.SocketPermission
3421:             7            168  java.time.DayOfWeek
3422:             7            168  java.time.ZoneOffset
3423:             7            168  sun.reflect.generics.scope.MethodScope
3424:             3            168  sun.rmi.transport.tcp.TCPConnection
3425:             7            168  sun.security.x509.NetscapeCertTypeExtension$MapEntry
3426:             3            168  sun.security.x509.X509CertInfo
3427:             4            160  [Lcom.altratek.altraserver.extensions.service.npcbuddy.Bless_Battle$LevelInfo;
3428:             4            160  [Lcom.altratek.altraserver.extensions.service.timelinessactivity.clothesofking.KingClothesDefine;
3429:             4            160  [Lcom.altratek.altraserver.extensions.service.union.activity.boss.IPrize;
3430:             4            160  [Ljava.lang.annotation.ElementType;
3431:             2            160  [[Ljava.lang.String;
3432:             5            160  com.alibaba.fastjson.parser.SymbolTable$Entry
3433:             5            160  com.altratek.altraserver.extensions.service.activity.callback.cb20150710.BackAndInvite150710Config$SelectDefine
3434:             5            160  com.altratek.altraserver.extensions.service.activity.dragonboat.DragonBoatConfig$MyWish
3435:             5            160  com.altratek.altraserver.extensions.service.activity.dream_team.DreamTeam
3436:             5            160  com.altratek.altraserver.extensions.service.activity.dreamdevilfight.dreamdevilattack.DreamDevilFightConfig$DreamDevilBoss
3437:             5            160  com.altratek.altraserver.extensions.service.activity.freshmangift.fmg160527.prize.FmgPrize160527Const$BonusDefine
3438:             5            160  com.altratek.altraserver.extensions.service.activity.freshmangift.fmg170217.Fmg170217Const$BonusDefine
3439:             5            160  com.altratek.altraserver.extensions.service.activity.freshmangift.fmg170818.Fmg170818Const$BonusDefine
3440:             5            160  com.altratek.altraserver.extensions.service.activity.legenddragon.LegendDragonConfig$LegendDragon
3441:            10            160  com.altratek.altraserver.extensions.service.activity.leiyan.event.GainPrizeEvent
3442:             5            160  com.altratek.altraserver.extensions.service.activity.longyansuperevolve.bosses.BossServiceEntry$BossTriel
3443:             5            160  com.altratek.altraserver.extensions.service.activity.shenchongzhizun.ShenChong
3444:             5            160  com.altratek.altraserver.extensions.service.activity.weizhentianxiamerge.phases.ext.phase2.WZTX_Phase2BossInfo
3445:             4            160  com.altratek.altraserver.extensions.service.boss.BossDefine$MonsterCharacter
3446:            10            160  com.altratek.altraserver.extensions.service.boss.current.CurrentBossHandler$DamagePrize
3447:             4            160  com.altratek.altraserver.extensions.service.breachformation.BF_Difficulty
3448:             5            160  com.altratek.altraserver.extensions.service.challenge.buffgetter.BuffGetter_RaceIdExcept
3449:             5            160  com.altratek.altraserver.extensions.service.challenge.buffgetter.ext.BuffGetter_124_MaxHp
3450:             5            160  com.altratek.altraserver.extensions.service.challenge.extprocessor.ext.Ext_16_KillIce
3451:             5            160  com.altratek.altraserver.extensions.service.challenge.extprocessor.ext.Ext_19_SignUp
3452:             5            160  com.altratek.altraserver.extensions.service.challenge.extprocessor.ext.Ext_35_BuyLoveHeart
3453:             5            160  com.altratek.altraserver.extensions.service.challenge.extprocessor.ext.Ext_35_OpenEvolve
3454:             5            160  com.altratek.altraserver.extensions.service.challenge.extprocessor.ext.Ext_35_ValidPet
3455:             5            160  com.altratek.altraserver.extensions.service.challenge.extprocessor.ext.Ext_47_CheckCanFight
3456:             5            160  com.altratek.altraserver.extensions.service.challenge.extprocessor.ext.Ext_4_CheckAlive
3457:             5            160  com.altratek.altraserver.extensions.service.challenge.extprocessor.ext.Ext_4_CheckDie
3458:             5            160  com.altratek.altraserver.extensions.service.challenge.extprocessor.ext.Ext_4_CheckDieOrAlive
3459:             5            160  com.altratek.altraserver.extensions.service.challenge.extprocessor.ext.Ext_53_GainBuff
3460:             5            160  com.altratek.altraserver.extensions.service.challenge.extprocessor.ext.Ext_56_KillPet
3461:             5            160  com.altratek.altraserver.extensions.service.challenge.extprocessor.ext.Ext_61_Fight
3462:             5            160  com.altratek.altraserver.extensions.service.challenge.extprocessor.ext.Ext_65_BuyItem
3463:             5            160  com.altratek.altraserver.extensions.service.challenge.extprocessor.ext.Ext_79_SelectBuff
3464:             5            160  com.altratek.altraserver.extensions.service.challenge.extprocessor.ext.Ext_7_Lottery$ExpRange
3465:             5            160  com.altratek.altraserver.extensions.service.challenge.extprocessor.ext.Ext_83_BanDeadPetId
3466:             5            160  com.altratek.altraserver.extensions.service.challenge.extprocessor.ext.Ext_97_Rank
3467:             5            160  com.altratek.altraserver.extensions.service.challenge.occasion.Occasion_ChallengeAndInteract
3468:             4            160  com.altratek.altraserver.extensions.service.challenge.teamselecter.Selecter_No6
3469:             4            160  com.altratek.altraserver.extensions.service.farm.Crop$GrowPhase
3470:             5            160  com.altratek.altraserver.extensions.service.fight.activity.fivegodpetfit.FiveGodPetFitConfig$MaterialDefine
3471:             4            160  com.altratek.altraserver.extensions.service.fight.activity.gamengmengsuperevolve.GAMengMengSuperEvolveConfig$PhaseDefine
3472:             5            160  com.altratek.altraserver.extensions.service.fight.activity.supergodmozun.SuperGodMoZunConfig$StarGodRange
3473:             4            160  com.altratek.altraserver.extensions.service.fishery.Barb
3474:             4            160  com.altratek.altraserver.extensions.service.fishery.fishingmaster.ModeInfo$ModeType
3475:             4            160  com.altratek.altraserver.extensions.service.petpark.archlgy.ArchlgyConfig$Map
3476:             5            160  com.altratek.altraserver.extensions.service.petpark.beforetask.BeforeTaskDefine
3477:             5            160  com.altratek.altraserver.extensions.service.petpark.score.ScorePetParkConfig$RandomScore
3478:             5            160  com.altratek.altraserver.extensions.service.pjx.equipmentmaterial.Activity0331Service$TimeRange
3479:             4            160  com.altratek.altraserver.extensions.service.pjx.hatch.SingleHatcherInfo
3480:             4            160  com.altratek.altraserver.extensions.service.pjx.stargod.guarder.SGG_BossDefine$MonsterCharacter
3481:             5            160  com.altratek.altraserver.extensions.service.prize.PetEquipmentPrize
3482:             4            160  com.altratek.altraserver.extensions.service.prize.PetStarGodPrize
3483:             5            160  com.altratek.altraserver.extensions.service.record.DailyRecord
3484:             4            160  com.altratek.altraserver.extensions.service.routine.limit.TodayDoneCountLimit
3485:             4            160  com.altratek.altraserver.extensions.service.singleboss.djinn.DjinnMonsterDefine
3486:            10            160  com.altratek.altraserver.extensions.service.smallgame.GameCommonOperate
3487:             5            160  com.altratek.altraserver.extensions.service.superstar.flowerlottery.FlowerLotteryConfig$OneOffPrize
3488:             5            160  com.altratek.altraserver.extensions.service.tempactivity.guttler20131101.DataDefine$Prize
3489:             5            160  com.altratek.altraserver.extensions.service.tempactivity.guttler20131101.DataDefine$ProcessPrize
3490:             5            160  com.altratek.altraserver.extensions.service.tempactivity.knighterrant20140124.KnightErrantConfig$GateConfig
3491:             5            160  com.altratek.altraserver.extensions.service.texaspoker.PokerConfig$ChipPrize
3492:             5            160  com.altratek.altraserver.extensions.service.timeliness_activity.act.act2016.act20160603.newhandtask160603.TaskPrizeGroup
3493:             5            160  com.altratek.altraserver.extensions.service.timeliness_activity.act.act2017.act20170210.godprofessionmiaodui.game.MiaoGameConst$FishDefine
3494:             5            160  com.altratek.altraserver.extensions.service.timeliness_activity.act.act2017.act20170210.lanternfestivaldraw.LF_Act
3495:             4            160  com.altratek.altraserver.extensions.service.timeliness_activity.act.act2017.act20170630.allfightupgift.AllFightUpGift
3496:             5            160  com.altratek.altraserver.extensions.service.timeliness_activity.act.act2017.act20170707.lingyingmiao.LingYingMiaoConst$FishDefine
3497:             5            160  com.altratek.altraserver.extensions.service.timeliness_activity.act.act2017.act20170825.creategodfight.CreateGodFightConfig$StageConfig
3498:             5            160  com.altratek.altraserver.extensions.service.timeliness_activity.act.act2017.act20170825.creategodfight.CreateGodFightConfig$ValidBuff
3499:             5            160  com.altratek.altraserver.extensions.service.timeliness_activity.act.act2017.act20170922.fivekingheadframe.FiveKingHeadFrameConfig$FiveKings
3500:             5            160  com.altratek.altraserver.extensions.service.timeliness_activity.act.act2017.act20170922.petgiftdraw.PetGiftDrawConfig$DrawBonus
3501:             4            160  com.altratek.altraserver.extensions.service.timeliness_activity.act.act2017.act20170929.gainpandora.GainPandoraConfig$CollectItem
3502:             4            160  com.altratek.altraserver.extensions.service.timeliness_activity.act.act2017.act20170929.rabbitgodgodjob.RabbitGodGodJobConfig$Times2Material
3503:             5            160  com.altratek.altraserver.extensions.service.treasure.TreasureMonster
3504:             5            160  com.altratek.altraserver.extensions.service.user.CheatHandler$BanInfo
3505:             5            160  com.altratek.altraserver.extensions.service.userdisplay.UserDisplayStateSwitchKey
3506:             5            160  com.altratek.altraserver.extensions.service.vip.VipYearType
3507:             4            160  com.altratek.altraserver.extensions.service.vip.chargereturn.ReturnPhase
3508:            10            160  com.caucho.hessian.client.HessianURLConnectionFactory
3509:             5            160  com.pjx.battle.server.battle.buff.ext.FinalDamageChangeBuffFactory
3510:             5            160  com.pjx.battle.server.battle.buff.ext.Id4456BuffFactory
3511:             4            160  com.pjx.battle.server.battle.buff.ext.Id4955BuffFactory
3512:             4            160  com.pjx.battle.server.battle.buff.ext.Id6480BuffFactory$NumValue
3513:             5            160  com.pjx.battle.server.battle.buff.ext.ImmunityJobsBuffFactory
3514:             4            160  com.pjx.battle.server.battle.buff.ext.PoisionV2BuffFactory
3515:             4            160  com.pjx.battle.server.battle.buff.ext.PropertyRateChangedByHpRateBuffFactory$ChangeConfig
3516:             5            160  com.pjx.battle.server.battle.buff.ext.SpurtBuffFactory
3517:             4            160  com.pjx.battle.server.battle.item.CatchItemDefine
3518:             5            160  com.pjx.module.creature.equipment.cstrategy.quality.EquipmentQualityGenRandomStrategy$SubInfo
3519:             5            160  com.pjx.module.define.enumdefine.PosAppendType
3520:             5            160  com.pjx.rmi.obj.chat.ChatType
3521:             4            160  com.pjx.rmi.obj.texas_poker.CardGameType$GameTypeDefine
3522:             5            160  com.sun.org.apache.xpath.internal.objects.XNumber
3523:             4            160  java.lang.invoke.DirectMethodHandle$Constructor
3524:             4            160  java.lang.invoke.MethodHandleImpl$AsVarargsCollector
3525:             5            160  javax.management.StandardEmitterMBean
3526:             4            160  sun.reflect.UnsafeQualifiedStaticLongFieldAccessorImpl
3527:             5            160  sun.util.locale.provider.LocaleProviderAdapter$Type
3528:             3            152  [Lcom.pjx.module.creature.property.PropertyIndex;
3529:             6            144  [Lcom.altratek.altraserver.extensions.service.singleboss.Monster;
3530:             6            144  [Lcom.pjx.battle.server.battle.buff.DoEffectFactory_CasterTargetHasBuffs$AndItem;
3531:             2            144  [Lcom.pjx.battle.server.battle.buff.ext.HasBuffThenAddBuffFactory$Occasion;
3532:             2            144  [Lcom.pjx.battle.server.battle.buff.ext.Occasion;
3533:             2            144  [Lcom.pjx.service.homeland.HomeLandOp;
3534:             2            144  [Ljava.math.BigDecimal;
3535:             6            144  com.altratek.altraserver.extensions.base.UserStateNotify$LoginHandler
3536:             6            144  com.altratek.altraserver.extensions.event.ext.AsynEventBigDataUserPetChanged$PetChangedType
3537:             6            144  com.altratek.altraserver.extensions.event.ext.SynEventUSNUserLogin
3538:             6            144  com.altratek.altraserver.extensions.service.achievement.detectext.A_DetectCollectCreatureAny$DetectProgressCollectCreatureAny
3539:             6            144  com.altratek.altraserver.extensions.service.activity.dragonboat.DragonBoatConfig$DamageBonus
3540:             2            144  com.altratek.altraserver.extensions.service.activity.godracetypewake.superwake.SuperWakeConfig$WakeDefine
3541:             3            144  com.altratek.altraserver.extensions.service.activity.luosa.LuoSaDefine
3542:             6            144  com.altratek.altraserver.extensions.service.activity.onlinedeliver160205.OnlineDeliver160205Config$BonusMaterial
3543:             6            144  com.altratek.altraserver.extensions.service.allroundpk.AllRoundPKConfig$WeeklyBonusDefine
3544:             6            144  com.altratek.altraserver.extensions.service.allstar.UserInfo
3545:             6            144  com.altratek.altraserver.extensions.service.arena.FR_FormulaLimitFactory_TopRank$FR_FormulaLimit_TopRank
3546:             6            144  com.altratek.altraserver.extensions.service.challenge.buffgetter.ext.BuffGetter_17_AddEnemyBuff
3547:             6            144  com.altratek.altraserver.extensions.service.challenge.buffgetter.ext.BuffGetter_17_AddMyBuff
3548:             6            144  com.altratek.altraserver.extensions.service.challenge.buffgetter.ext.BuffGetter_77_AddEnemyBuff
3549:             6            144  com.altratek.altraserver.extensions.service.challenge.strategy.Strategy_Period$PeriodCost
3550:             6            144  com.altratek.altraserver.extensions.service.challenge.teamselecter.ext.Selecter_ResistRevenge$ActivityTime
3551:             6            144  com.altratek.altraserver.extensions.service.configurable_activity.ConfigurableActivityTypeAggregate$PetLimitType
3552:             6            144  com.altratek.altraserver.extensions.service.configurable_activity.ConfigurableActivityTypeAggregate$VipLimitType
3553:             6            144  com.altratek.altraserver.extensions.service.configurable_activity.Limit_AntiAddiction
3554:             1            144  com.altratek.altraserver.extensions.service.family.FamilyDao
3555:             6            144  com.altratek.altraserver.extensions.service.farm.magic.FarmMagicDefine
3556:             6            144  com.altratek.altraserver.extensions.service.farm.magic.FarmWishDefine
3557:             6            144  com.altratek.altraserver.extensions.service.fight.activity.leidunfight.LeiDunFightConfig$Range
3558:             6            144  com.altratek.altraserver.extensions.service.fight.activity.lingfengfight.LingFengFightConfig$Range
3559:             6            144  com.altratek.altraserver.extensions.service.fight.activity.lyhesuperevolve.LYHESuperEvolveConfig$PrizeType
3560:             6            144  com.altratek.altraserver.extensions.service.fight.activity.yingdragon.YingDragonConfig$Range
3561:             6            144  com.altratek.altraserver.extensions.service.fight.helper.fightbuff.ext.WithRacesBuffWrapContainer
3562:             3            144  com.altratek.altraserver.extensions.service.fishery.material.item.FisheryItem
3563:             2            144  com.altratek.altraserver.extensions.service.heroisland.character.CharacterDTONew
3564:             6            144  com.altratek.altraserver.extensions.service.heroisland.fairy.Hero.HeroSpecial
3565:             6            144  com.altratek.altraserver.extensions.service.mainpetultraevolve.MainPetUltraEvolveConfig$LuckyLotteryConfig
3566:             6            144  com.altratek.altraserver.extensions.service.material.bonus.ValidFactory_UserDuoDuoId$Valid_UserDuoDuoId
3567:             6            144  com.altratek.altraserver.extensions.service.material.manager.MaterialCommonCache
3568:             3            144  com.altratek.altraserver.extensions.service.nobleclub.hirepet.NobleHirePetConfig$HirePet
3569:             9            144  com.altratek.altraserver.extensions.service.petbar.PetBarKey
3570:             6            144  com.altratek.altraserver.extensions.service.petpark.specialsalestore.SpecialSaleStoreHandler$Result
3571:             6            144  com.altratek.altraserver.extensions.service.pjx.dragon.define.combine.DragonCombineGeneDefine
3572:             6            144  com.altratek.altraserver.extensions.service.rename.State
3573:             6            144  com.altratek.altraserver.extensions.service.richman.RichManConfig$ItemScore
3574:             3            144  com.altratek.altraserver.extensions.service.task.data.step.StepCatchPet
3575:             3            144  com.altratek.altraserver.extensions.service.task.data.step.StepCostMaterial
3576:             3            144  com.altratek.altraserver.extensions.service.task.data.step.StepRecyclePackPet
3577:             6            144  com.altratek.altraserver.extensions.service.temp.prize.MutexRandomPrize
3578:             6            144  com.altratek.altraserver.extensions.service.tempactivity.diamondexchange20140207.PetWakePrize
3579:             6            144  com.altratek.altraserver.extensions.service.tempactivity.diamondexchange20140207.PotentialPrize
3580:             6            144  com.altratek.altraserver.extensions.service.tempactivity.xiunuocombine.XiuNuoCombineConfig$HPDefine
3581:             6            144  com.altratek.altraserver.extensions.service.timeliness_activity.act.act2016.act20160129.zdlgiftbag.ZdlGiftBagConfig$BonusDefine
3582:             6            144  com.altratek.altraserver.extensions.service.timeliness_activity.act.act2016.act20160226.zdlgiftbag.ZdlGiftBagConfig$BonusDefine
3583:             6            144  com.altratek.altraserver.extensions.service.timeliness_activity.act.act2016.act20160624.flashsalehhzs.drawlottery.info.DoneCounterType
3584:             9            144  com.altratek.altraserver.extensions.service.timeliness_activity.act.act2016.act20160624.flashsalehhzs.drawlottery.info.DrawLotteryGlobalInfo
3585:             9            144  com.altratek.altraserver.extensions.service.timeliness_activity.act.act2016.act20160624.flashsalehhzs.drawlottery.info.PersistentDC
3586:             6            144  com.altratek.altraserver.extensions.service.timeliness_activity.act.act2016.act20160701.formulamachine.FormulaMachineConfig$SuitDefine
3587:             6            144  com.altratek.altraserver.extensions.service.timeliness_activity.act.act2016.act20161209.fightgongben.FightGongBenUserInfo
3588:             6            144  com.altratek.altraserver.extensions.service.timeliness_activity.act.act2016.act20161209.fightgongben.FightGongBenUserInfo$FightInfo
3589:             6            144  com.altratek.altraserver.extensions.service.timeliness_activity.act.act2017.act20170210.godprofessionmiaodui.game.MiaoGameHandler$Result
3590:             6            144  com.altratek.altraserver.extensions.service.timeliness_activity.act.act2017.act20170505.heropetslottery.HeroPetsLotteryConst$BonusDefine
3591:             6            144  com.altratek.altraserver.extensions.service.timeliness_activity.act.act2017.act20170707.lingyingmiao.LingYingMiaoHandler$Result
3592:             6            144  com.altratek.altraserver.extensions.service.timeliness_activity.act.act2017.act20171020.signforlingfeng.BonusDefine
3593:             6            144  com.altratek.altraserver.extensions.service.timelinessactivity.classicspet.ClassicsPetConst$Invitation
3594:             6            144  com.altratek.altraserver.extensions.service.timelinessactivity.headoflangya.HeadOfLangYaConfig$BonusDefine
3595:             3            144  com.altratek.altraserver.extensions.service.timelinessactivity.monthnewlogin.monthnewdraw20170901.MonthNewDrawConfig$DrawGiftConfig
3596:             6            144  com.altratek.altraserver.extensions.service.timelinessactivity.powerup23w5.PowerUp23w5Task
3597:             6            144  com.altratek.altraserver.extensions.service.timelinessactivity.snboss.HpPrize
3598:             2            144  com.altratek.altraserver.extensions.service.tower_thunder.TTTowerDefine
3599:             6            144  com.altratek.altraserver.extensions.service.union.activity.sign.USSignActivityConfig$CommonPrize
3600:             9            144  com.altratek.altraserver.extensions.service.userbuff.UserBuffActionEffectivePeriod$UserBuffActionCreator_EffectivePeriod
3601:             9            144  com.altratek.altraserver.extensions.service.userdisplay.UserDisplayPKService$PK_Request
3602:             6            144  com.altratek.altraserver.extensions.service.vip.activity.va160304.firstcharge.FirstCharge160304Config$SelectDefine
3603:             6            144  com.altratek.altraserver.extensions.service.vip.activity.va20xx.SuitPrize$Suit
3604:             6            144  com.altratek.altraserver.extensions.service.vip.activity.val2014.MaterialChoicePrize
3605:             9            144  com.altratek.altraserver.extensions.util.sql.ColOperater$ColSet
3606:             6            144  com.bt.game.common.cache.DefaultCacheHolderFactory$CacheObj
3607:             6            144  com.caucho.hessian.io.UnsafeSerializer
3608:             6            144  com.pjx.battle.server.battle.buff.DoEffectFactory_CasterTargetHasBuffs
3609:             6            144  com.pjx.battle.server.battle.buff.DoEffectFactory_CasterTargetHasBuffs$AndItem
3610:             6            144  com.pjx.battle.server.battle.buff.DoEffectFactory_CasterTargetHasBuffs$OrItem
3611:             6            144  com.pjx.battle.server.battle.buff.DoEffectFactory_Counter$CompareOperate
3612:             9            144  com.pjx.battle.server.battle.buff.DoEffectFactory_CurStepCasterCritical
3613:             6            144  com.pjx.battle.server.battle.buff.ext.BuffCount2DamageBuffFactory$MyEffectSide
3614:             6            144  com.pjx.battle.server.battle.buff.ext.ClearBuffByBuffBenefitBuffFactory$EffectSide
3615:             6            144  com.pjx.battle.server.battle.buff.ext.ClearBuffByBuffBenefitBuffFactory$Occasion
3616:             6            144  com.pjx.battle.server.battle.buff.ext.HPTransferBuffFactory$TransferDirection
3617:             6            144  com.pjx.battle.server.battle.buff.ext.Id3903BuffFactory$CreateBuffElement
3618:             6            144  com.pjx.battle.server.battle.buff.ext.Id4411_4412BuffFactory
3619:             6            144  com.pjx.battle.server.battle.buff.ext.Id6071_77_82BuffFactory
3620:             6            144  com.pjx.battle.server.battle.buff.ext.Id6073_78_83BuffFactory
3621:             6            144  com.pjx.battle.server.battle.buff.ext.ImmunityNotCriticalBuffFactory
3622:             6            144  com.pjx.battle.server.battle.buff.ext.Property2DamageBuffFactory$MyEffectSide
3623:             6            144  com.pjx.battle.server.battle.skill.SkillDefine$PowerAttackType
3624:             6            144  com.pjx.battle.server.battle.target.Target_MySide_RaceTypes
3625:             6            144  com.pjx.common.scheduler.MultiThreadLoopWorker$MyRunnable
3626:             9            144  com.pjx.module.buff.skill.limit.creature.SkillCreatureLimitFactory_LogicExpression
3627:             6            144  com.pjx.module.creature.equipment.cstrategy.lv.EquipmentLvGenRandomStrategy
3628:             6            144  com.pjx.rmi.obj.anniversaryarena.AnniversaryArenaState
3629:             6            144  com.pjx.rmi.obj.family.IpAndPort
3630:             6            144  com.pjx.service.compete.CompeteValidators$Validator_Date
3631:             3            144  com.pjx.service.compete2.CompeteV2Config
3632:             6            144  com.sun.org.apache.xerces.internal.util.Status
3633:             6            144  com.sun.org.apache.xml.internal.utils.NSInfo
3634:             6            144  java.io.ObjectStreamClass$ClassDataSlot
3635:             3            144  java.lang.ThreadGroup
3636:             6            144  java.util.concurrent.ConcurrentLinkedQueue$Node
3637:             6            144  sun.misc.PerfCounter
3638:             2            144  sun.nio.ch.EPollArrayWrapper
3639:             2            144  sun.nio.ch.EPollSelectorImpl
3640:             1            144  sun.reflect.MethodAccessorGenerator
3641:             9            144  sun.reflect.generics.tree.TypeVariableSignature
3642:             2            144  sun.rmi.transport.ConnectionInputStream
3643:             6            144  sun.rmi.transport.ObjectEndpoint
3644:             6            144  sun.security.util.Cache$EqualByteArray
3645:             6            144  sun.security.util.DisabledAlgorithmConstraints$KeySizeConstraint$Operator
3646:             2            136  [Ljava.time.LocalTime;
3647:             1            136  [Ljava.time.temporal.ChronoField;
3648:             2            136  [[J
3649:             1            136  com.altratek.altraserver.extensions.config.ExtConfig
3650:             1            136  com.altratek.altraserver.extensions.service.activity.cookgod.CookGodConfig
3651:             1            136  com.altratek.altraserver.extensions.service.activity.yinfenggain.YinFengGainConfig
3652:             1            136  com.altratek.altraserver.extensions.service.arena.globalarena.GlobalArenaConfig
3653:             1            136  com.altratek.altraserver.extensions.service.material.define.MaterialDefineManager
3654:             2            128  [Lcom.altratek.altraserver.extensions.service.configurable_activity.ConfigurableActivityTypeAggregate$DoneCountType;
3655:             4            128  [Lcom.altratek.altraserver.extensions.service.fight.activity.ziyafight.ZiYaFightConfig$ChallengeConfig;
3656:             5            128  [Lcom.altratek.altraserver.extensions.service.tempactivity.doctor.DoctorConfig$BuffInfo;
3657:             2            128  [Lcom.pjx.battle.server.battle.buff.ext.AddCounterBuffFactory$AddOccasion;
3658:             1            128  [Lcom.pjx.battle.server.battle.buff.ext.BuffCreateBuffFactory$MyEffectSide;
3659:             2            128  [Lcom.pjx.rmi.obj.chat.ext.show.ShowType;
3660:             2            128  [Lcom.pjx.rmi.obj.richman.RichManRemoteResult;
3661:             4            128  [Ljava.rmi.server.Operation;
3662:             6            128  [Ljava.security.CodeSigner;
3663:             4            128  com.altratek.altraserver.extensions.service.activity.aoyiluosa.AoYiLuoSaConfig$BossInfo
3664:             8            128  com.altratek.altraserver.extensions.service.activity.compete.CompeteInfo
3665:             4            128  com.altratek.altraserver.extensions.service.activity.freshmangift.fmg140425.FreshManGift140425Config$FmgAccordingToDate
3666:             4            128  com.altratek.altraserver.extensions.service.activity.onlinedeliver150710.OnlineDeliver150710Config$ProgressBonusDefine
3667:             4            128  com.altratek.altraserver.extensions.service.activity.totallead.TotalLeadConfig$BonusDefine
3668:             4            128  com.altratek.altraserver.extensions.service.boss.BossDefine$SeaKingMonster
3669:             4            128  com.altratek.altraserver.extensions.service.buddy.nearbuddy.seniorbuddy.SeniorBuddyIdentity
3670:             4            128  com.altratek.altraserver.extensions.service.campaign.Campain_DateOfWeek
3671:             4            128  com.altratek.altraserver.extensions.service.challenge.act.act101.Act101Config$PutCarotDefine
3672:             4            128  com.altratek.altraserver.extensions.service.challenge.buffgetter.BuffGetter_PositionRace
3673:             4            128  com.altratek.altraserver.extensions.service.challenge.extprocessor.Ext_RestartPhase
3674:             4            128  com.altratek.altraserver.extensions.service.challenge.extprocessor.ext.Ext_12_BeginGame
3675:             4            128  com.altratek.altraserver.extensions.service.challenge.extprocessor.ext.Ext_12_BuyChance
3676:             4            128  com.altratek.altraserver.extensions.service.challenge.extprocessor.ext.Ext_12_EndGame
3677:             4            128  com.altratek.altraserver.extensions.service.challenge.extprocessor.ext.Ext_15_SelectBuff
3678:             4            128  com.altratek.altraserver.extensions.service.challenge.extprocessor.ext.Ext_16_SetIce
3679:             4            128  com.altratek.altraserver.extensions.service.challenge.extprocessor.ext.Ext_27_ConstructMyPlayer
3680:             4            128  com.altratek.altraserver.extensions.service.challenge.extprocessor.ext.Ext_45_ChangeTeam
3681:             4            128  com.altratek.altraserver.extensions.service.challenge.extprocessor.ext.Ext_54_3PhaseClearBuff
3682:             4            128  com.altratek.altraserver.extensions.service.challenge.extprocessor.ext.Ext_73_SecondPhaseDiePetNum
3683:             4            128  com.altratek.altraserver.extensions.service.challenge.extprocessor.ext.Ext_91_BuffNextLayer$BuffLayerDefine
3684:             4            128  com.altratek.altraserver.extensions.service.challenge.prizeprocessor.Prize_PutPetsAndSuperGodCombine
3685:             8            128  com.altratek.altraserver.extensions.service.challenge.strategy.ext.Strategy_Custom10
3686:             4            128  com.altratek.altraserver.extensions.service.configurable_activity.Balance_DispatchActivityGuideEvent
3687:             4            128  com.altratek.altraserver.extensions.service.configurable_activity.Limit_UserClothes
3688:             4            128  com.altratek.altraserver.extensions.service.configurable_activity.Selector_Now
3689:             4            128  com.altratek.altraserver.extensions.service.configurable_activity.Selector_Vip
3690:             2            128  com.altratek.altraserver.extensions.service.family.FamilyMyInfo
3691:             4            128  com.altratek.altraserver.extensions.service.fight.activity.deerking.DataConfig$ZdlItem
3692:             4            128  com.altratek.altraserver.extensions.service.fight.activity.fightfengci.FightFengCiConfig$PhaseDefine
3693:             1            128  com.altratek.altraserver.extensions.service.fight.activity.fivegodpetfit.FiveGodPetFitConfig
3694:             4            128  com.altratek.altraserver.extensions.service.fight.activity.hotbloodmengmengsuperevolve.HotBloodMengMengSuperEvolveConfig$StageDefine
3695:             4            128  com.altratek.altraserver.extensions.service.fight.activity.kaisasuperevolve.KaiSaSuperEvolveConfig$StageConfig
3696:             4            128  com.altratek.altraserver.extensions.service.fight.activity.mozunfight.phases.MZF_PhaseType
3697:             8            128  com.altratek.altraserver.extensions.service.fight.activity.supergodmozun.phase.SuperGodMoZunPhase1Info
3698:             4            128  com.altratek.altraserver.extensions.service.followpet.FollowPet
3699:             2            128  com.altratek.altraserver.extensions.service.heroisland.buff.ext.MyselfSkill_AttackIncRatioByRandom
3700:             2            128  com.altratek.altraserver.extensions.service.heroisland.buff.ext.MyselfSkill_HpIncRatio
3701:             4            128  com.altratek.altraserver.extensions.service.homeland.homelandparty.HomeLandPartyActiveBonusInfo
3702:             4            128  com.altratek.altraserver.extensions.service.homeland.map.UserHomeLandMapInfo
3703:             4            128  com.altratek.altraserver.extensions.service.homeland.task.HomeLandCommonTask$CommonTaskState
3704:             4            128  com.altratek.altraserver.extensions.service.homeland.task.HomeLandRandomTask$RandomTaskState
3705:             4            128  com.altratek.altraserver.extensions.service.livecommenting.LiveCommentTarget$TargetFormat
3706:             4            128  com.altratek.altraserver.extensions.service.pay.activity.diamondexchange.SpecailPrizeConfig
3707:             4            128  com.altratek.altraserver.extensions.service.pay.activity.pay160909.PayActivity160909Config$PrizeConfig
3708:             4            128  com.altratek.altraserver.extensions.service.petpark.newarchlgy.map.NewArchlgyGridColor
3709:             8            128  com.altratek.altraserver.extensions.service.pjx.creature.pet.PetDTONews
3710:             4            128  com.altratek.altraserver.extensions.service.pjx.dragon.DragonLocation
3711:             4            128  com.altratek.altraserver.extensions.service.pjx.equipmentmaterial.Activity0331Service$RandomParam
3712:             4            128  com.altratek.altraserver.extensions.service.pjx.stargod.guarder.SGG_BossDefine$SGG_Monster
3713:             4            128  com.altratek.altraserver.extensions.service.prize.PetLevelPrize
3714:             4            128  com.altratek.altraserver.extensions.service.qiqi.scoremall.FormulaOneOff
3715:             4            128  com.altratek.altraserver.extensions.service.qiqi.scoremall.PrizeOneOff
3716:             8            128  com.altratek.altraserver.extensions.service.ridepet.ConditionHandler_Vip
3717:             8            128  com.altratek.altraserver.extensions.service.ridepet.Handler_Default
3718:             4            128  com.altratek.altraserver.extensions.service.temp.prize.AccumulateCountPrize
3719:             8            128  com.altratek.altraserver.extensions.service.tempactivity.activityguide.ActivityGuideDataConfig$GameLimit_DailyLimit
3720:             4            128  com.altratek.altraserver.extensions.service.tempactivity.aruisiultraevolve.Config$Session
3721:             4            128  com.altratek.altraserver.extensions.service.tempactivity.mediumpetseries.PetGainDefine$LotteryDefine
3722:             4            128  com.altratek.altraserver.extensions.service.tempactivity.petvote.PetVoteConfig$TermInfo
3723:             4            128  com.altratek.altraserver.extensions.service.tempactivity.xiaomingwang.XiaoMingWangConfig$Range
3724:             4            128  com.altratek.altraserver.extensions.service.timeliness_activity.act.act2016.act20160401.snapcoolphoto.SnapCoolPhotoConst$BonusDefine
3725:             4            128  com.altratek.altraserver.extensions.service.timeliness_activity.act.act2016.act20161202.stargodlottery.StarGodLotteryConfig$GiftBagDefine
3726:             4            128  com.altratek.altraserver.extensions.service.timeliness_activity.act.act2016.act20161202.stargodlottery.StarGodLotteryConfig$LotteryDefine
3727:             4            128  com.altratek.altraserver.extensions.service.timeliness_activity.act.act2017.act20170818.liehunmiaogodjob.LieHunMiaoGodJobConfig$CoinPackage
3728:             4            128  com.altratek.altraserver.extensions.service.timeliness_activity.act.act2017.act20171013.petbox.PetBoxConfig$PetBoxPrize
3729:             4            128  com.altratek.altraserver.extensions.service.timelinessactivity.aoqihotelwar.define.Friend
3730:             4            128  com.altratek.altraserver.extensions.service.timelinessactivity.chenchenpartner.ChenChenPartnerConfig$BonusDefine
3731:             4            128  com.altratek.altraserver.extensions.service.timelinessactivity.classicspet.bounsconfig.EquipmentBonus$EquipmentInfo
3732:             4            128  com.altratek.altraserver.extensions.service.timelinessactivity.clothesofking.KingClothesSeries
3733:             4            128  com.altratek.altraserver.extensions.service.timelinessactivity.wordmaker.WordMaker$WordType
3734:             4            128  com.altratek.altraserver.extensions.service.timelinessactivity.xiaomengtaier.XiaoMengTaiErConfig$StarPrize
3735:             4            128  com.altratek.altraserver.extensions.service.undercity.xml.UnderCityType
3736:             4            128  com.altratek.altraserver.extensions.service.union.activity.boss.UnionBossConfig$RateRange
3737:             4            128  com.altratek.altraserver.extensions.service.union.activity.sign.USSignActivityConfig$BoxPrize
3738:             4            128  com.altratek.altraserver.extensions.service.vip.activity.val170929.PrizeDefine
3739:             1            128  com.altratek.altraserver.extensions.service.vip.tempvipactivity.StarliPalaceConst
3740:             4            128  com.mysql.jdbc.RowDataStatic
3741:             4            128  com.pjx.battle.server.battle.buff.ext.AbsorbHarmToVigourBuffFactory
3742:             4            128  com.pjx.battle.server.battle.buff.ext.ChangePower4PlayerBuffFactory
3743:             4            128  com.pjx.battle.server.battle.buff.ext.HPV3BuffFactory
3744:             4            128  com.pjx.battle.server.battle.buff.ext.Id2289BuffFactory
3745:             4            128  com.pjx.battle.server.battle.buff.ext.Id5354_5355BuffFactory
3746:             8            128  com.pjx.battle.server.battle.buff.ext.Id5601BuffFactory
3747:             4            128  com.pjx.battle.server.battle.buff.ext.Id5794_95BuffFactory
3748:             4            128  com.pjx.battle.server.battle.buff.ext.SplitDamageThenAddBuffBuffFactory
3749:             4            128  com.pjx.battle.server.battle.skill.SkillDefine$PowerBaseType
3750:             8            128  com.pjx.battle.server.battle.validator.CharacterValidator$BuffExpress
3751:             4            128  com.pjx.module.creature.property.PropertyType$PropType_Container
3752:             4            128  com.pjx.rmi.obj.family.Job
3753:             4            128  com.pjx.service.dragon.DragonQuality
3754:             4            128  com.pjx.service.homeland.HomeLandRole
3755:             4            128  com.pjx.service.homeland.define.facility.AbstractMemberFacilityDefine$BuyType
3756:             4            128  com.pjx.service.homeland.homelandparty.HomeLandPartyPledegeState
3757:             4            128  com.pjx.service.pk.pkprocessor.PKFieldState
3758:             4            128  com.pjx.service.stargod.StarGodOpType
3759:             4            128  com.pjx.service.userstate.UserState
3760:             4            128  com.sun.jmx.mbeanserver.DefaultMXBeanMappingFactory$ArrayMapping
3761:             8            128  com.sun.org.apache.xerces.internal.dom.DeferredDocumentImpl$RefCount
3762:             2            128  java.io.ExpiringCache$1
3763:             4            128  java.io.PrintStream
3764:             2            128  java.security.SecureRandom
3765:             4            128  java.util.ArrayList$Itr
3766:             4            128  java.util.concurrent.FutureTask
3767:             2            128  org.apache.log4j.ConsoleAppender
3768:             2            128  sun.nio.ch.FileChannelImpl
3769:             4            128  sun.rmi.transport.tcp.TCPTransport
3770:             4            128  sun.rmi.transport.tcp.TCPTransport$AcceptLoop
3771:             3            120  [Lcom.altratek.altraserver.extensions.service.allstar.monsterhelper.Monster;
3772:             3            120  [Lcom.altratek.altraserver.extensions.service.timeliness_activity.act.act2016.act20160205.havocinheaven.PrizeConfig;
3773:             3            120  com.alibaba.fastjson.util.FieldInfo
3774:             5            120  com.altratek.altraserver.extensions.event.ext.SynEventUSNUserExit
3775:             5            120  com.altratek.altraserver.extensions.mycache.write.WritableCache_Memcached
3776:             5            120  com.altratek.altraserver.extensions.service.achievement.detectext.A_DetectCollectCreatureNum$DetectProgressCollectCreatureNum
3777:             5            120  com.altratek.altraserver.extensions.service.activity.activestar.ActiveStarConfig$ActiveStarBonusDefine
3778:             3            120  com.altratek.altraserver.extensions.service.activity.activestar.GameConfigManager$GameConfig
3779:             3            120  com.altratek.altraserver.extensions.service.activity.bamboo.Monster
3780:             3            120  com.altratek.altraserver.extensions.service.activity.bamboo.Monster$MonsterCharacter
3781:             5            120  com.altratek.altraserver.extensions.service.activity.cookgod.xml.PerfectStar
3782:             5            120  com.altratek.altraserver.extensions.service.activity.getpet.GetPetConfig$WS_Gain
3783:             5            120  com.altratek.altraserver.extensions.service.activity.goodbuddyxiaomo.WuWangInfo
3784:             1            120  com.altratek.altraserver.extensions.service.activity.kongfupenguin.KongFuPenguinConfig
3785:             5            120  com.altratek.altraserver.extensions.service.activity.legenddragon.LegendDragonConfig$HpRange
3786:             3            120  com.altratek.altraserver.extensions.service.activity.longyansuperevolve.bosses.boss3.Boss3Config$RandRoundItem
3787:             5            120  com.altratek.altraserver.extensions.service.activity.onlinedeliver150710.OnlineDeliver150710Config$PetDefine
3788:             3            120  com.altratek.altraserver.extensions.service.activity.signin.SignInInfo
3789:             5            120  com.altratek.altraserver.extensions.service.activity.yuanguwuwangdeliver.YuanGuWuWangDeliverConfig$YuanGuWuWang
3790:             5            120  com.altratek.altraserver.extensions.service.activity.yuansufashi.YuanSuFaShiConfig$YuanSuFaShi
3791:             3            120  com.altratek.altraserver.extensions.service.activity.zhanhun.ZhanHunDefine
3792:             5            120  com.altratek.altraserver.extensions.service.arena.FR_FormulaLimitFactory_DailyDoneCount$FR_FormulaLimit_DailyDoneCount
3793:             1            120  com.altratek.altraserver.extensions.service.arena.globalarena.GlobalArenaDao
3794:             1            120  com.altratek.altraserver.extensions.service.buddomain.BudDomainDefineData
3795:             5            120  com.altratek.altraserver.extensions.service.buddy.Block
3796:             3            120  com.altratek.altraserver.extensions.service.buddy.nearbuddy.seniorbuddy.SeniorBuddyGroup
3797:             5            120  com.altratek.altraserver.extensions.service.challenge.buffgetter.ext.BuffGetter_19_AddMyBuff
3798:             5            120  com.altratek.altraserver.extensions.service.challenge.buffgetter.ext.BuffGetter_36_AddEnemyBuff
3799:             5            120  com.altratek.altraserver.extensions.service.challenge.buffgetter.ext.BuffGetter_36_AddMyBuff
3800:             5            120  com.altratek.altraserver.extensions.service.challenge.buffgetter.ext.BuffGetter_81_AddBuff
3801:             5            120  com.altratek.altraserver.extensions.service.challenge.buffgetter.ext.BuffGetter_92_AddBuff
3802:             3            120  com.altratek.altraserver.extensions.service.challenge.extprocessor.ext.Ext_23_GainClothes
3803:             5            120  com.altratek.altraserver.extensions.service.challenge.occasion.ext.Occasion_30_Handler$PetDefine
3804:             5            120  com.altratek.altraserver.extensions.service.challenge.occasion.ext.Occasion_30_Handler$Range
3805:             3            120  com.altratek.altraserver.extensions.service.challenge.teamselecter.Selecter_DailyLinearTeam
3806:             3            120  com.altratek.altraserver.extensions.service.challenge.teamselecter.Selecter_DailyRandomOne
3807:             3            120  com.altratek.altraserver.extensions.service.challenge.teamselecter.Selecter_ExpTowerChooseGate
3808:             5            120  com.altratek.altraserver.extensions.service.configurable_activity.Balance_Strength$StrengthType
3809:             5            120  com.altratek.altraserver.extensions.service.configurable_activity.ConfigurableActivityTypeAggregate$ActivityBehaviorType
3810:             5            120  com.altratek.altraserver.extensions.service.configurable_activity.ConfigurableActivityTypeAggregate$BindingType
3811:             5            120  com.altratek.altraserver.extensions.service.configurable_activity.ConfigurableActivityTypeAggregate$ContextTempBalanceType
3812:             5            120  com.altratek.altraserver.extensions.service.configurable_activity.ConfigurableActivityTypeAggregate$DoneCountCompareLimitType
3813:             5            120  com.altratek.altraserver.extensions.service.configurable_activity.ConfigurableActivityTypeAggregate$PetBalanceType
3814:             5            120  com.altratek.altraserver.extensions.service.configurable_activity.ConfigurableActivityTypeAggregate$TodayDoneCountBalanceType
3815:             5            120  com.altratek.altraserver.extensions.service.family.LimitSecretSecurity
3816:             5            120  com.altratek.altraserver.extensions.service.family.UserFamilyInfo
3817:             5            120  com.altratek.altraserver.extensions.service.farm.FarmTableCol
3818:             5            120  com.altratek.altraserver.extensions.service.fight.activity.chaseghostcat.ChaseGhostCatConfig$WishBuffDefine
3819:             5            120  com.altratek.altraserver.extensions.service.fight.activity.fivegodpetfit.FiveGodPetFitConfig$BossDefine
3820:             5            120  com.altratek.altraserver.extensions.service.fight.activity.fivegodpetfit.FiveGodPetFitConfig$WishBuffDefine
3821:             1            120  com.altratek.altraserver.extensions.service.fight.activity.lyhesuperevolve.LYHESuperEvolveConfig
3822:             5            120  com.altratek.altraserver.extensions.service.fishery.fishingmaster.FishingConst$MiaoDefine
3823:             3            120  com.altratek.altraserver.extensions.service.greatsearoute.TreasureBox
3824:             5            120  com.altratek.altraserver.extensions.service.heroisland.buff.EffectGroup
3825:             1            120  com.altratek.altraserver.extensions.service.login.activity.la131001.LoginActivity131001Config
3826:             3            120  com.altratek.altraserver.extensions.service.material.service.use.ext.UseHandler_AddExpPercent
3827:             5            120  com.altratek.altraserver.extensions.service.npcbuddy.Bless_GainMaterial$LevelInfo
3828:             5            120  com.altratek.altraserver.extensions.service.pjx.creature.CreatureType
3829:             5            120  com.altratek.altraserver.extensions.service.pjx.equipment.EquipConst$RandomValueDefine
3830:             5            120  com.altratek.altraserver.extensions.service.pjx.equipment.EquipConst$Range
3831:             3            120  com.altratek.altraserver.extensions.service.pjx.equipment.formula.EquipFormulaConfig$FormulaDefine
3832:             3            120  com.altratek.altraserver.extensions.service.pjx.equipmentmaterial.PetBall
3833:             5            120  com.altratek.altraserver.extensions.service.pjx.systemhirepet.HirePetActivity
3834:             5            120  com.altratek.altraserver.extensions.service.singleboss.djinn.Damage2IncLevel
3835:             5            120  com.altratek.altraserver.extensions.service.temp.limit.LongTimeDoneCompareLimit$Operator
3836:             5            120  com.altratek.altraserver.extensions.service.temp.limit.TodayDoneCompareLimit$Operator
3837:             3            120  com.altratek.altraserver.extensions.service.temp.prize.Prize_MengMengAoYi
3838:             3            120  com.altratek.altraserver.extensions.service.tempactivity.diamondexchange20140613.DataConfig$GiftConfig
3839:             3            120  com.altratek.altraserver.extensions.service.tempactivity.fightqinglong.FightQingLongConfig$LevelConfig
3840:             5            120  com.altratek.altraserver.extensions.service.tempactivity.kinginlight.KingInLightConfig$DamageRange
3841:             5            120  com.altratek.altraserver.extensions.service.tempactivity.mediumpetseries.PetUpDefine$GeniusUpInfo
3842:             5            120  com.altratek.altraserver.extensions.service.timeliness_activity.act.act2016.act20160129.zdlgiftbag.ZdlGiftBagHandler$Result
3843:             5            120  com.altratek.altraserver.extensions.service.timeliness_activity.act.act2016.act20160311.scorecompete.ScoreCompeteConfig$BonusDefine
3844:             5            120  com.altratek.altraserver.extensions.service.timeliness_activity.act.act2016.act20160401.herocase.HeroCaseConfig$RandPolicy
3845:             5            120  com.altratek.altraserver.extensions.service.timeliness_activity.act.act2016.act20161202.stargodlottery.StarGodLotteryConfig$BonusDefine
3846:             5            120  com.altratek.altraserver.extensions.service.timeliness_activity.act.act2016.act20161209.flipcardgainpet.FlipCardGainPetConfig$LotteryDefine
3847:             5            120  com.altratek.altraserver.extensions.service.timeliness_activity.act.act2017.act20170505.heropetslottery.HeroPetsLotteryHandler$LuckyRecord
3848:             3            120  com.altratek.altraserver.extensions.service.timeliness_activity.act.act2017.act20170804.masonryexchange.MasonryExchangeConfig$PetDefine
3849:             3            120  com.altratek.altraserver.extensions.service.timeliness_activity.act.act2017.act20170901.tmkinggodjob.TMKingGodJobConfig$StageConfig
3850:             5            120  com.altratek.altraserver.extensions.service.timeliness_activity.act.act2017.act20170915.shadowsontransform.GameState
3851:             3            120  com.altratek.altraserver.extensions.service.timeliness_activity.act.act2017.act20170922.gaindiamondticket.Ticket
3852:             3            120  com.altratek.altraserver.extensions.service.timeliness_activity.act.act2017.act20170929.rabbitgodgodjob.RabbitGodGodJobConfig$Material2Cost
3853:             5            120  com.altratek.altraserver.extensions.service.timeliness_activity.act.act2017.act20171013.mengchong.MengChongConst$PrizeConfig
3854:             5            120  com.altratek.altraserver.extensions.service.timelinessactivity.diamondexchange0731.DiamondExchange20150731Config$SecondPrize
3855:             5            120  com.altratek.altraserver.extensions.service.timelinessactivity.fight.huolie.FightTeam1
3856:             1            120  com.altratek.altraserver.extensions.service.timelinessactivity.snboss.SnBossConfig
3857:             5            120  com.altratek.altraserver.extensions.service.timelinessactivity.superflowerstar.ValueToPrize
3858:             5            120  com.altratek.altraserver.extensions.service.timelinessactivity.xingchengsuperevolve.fight.FightAndAddBuff
3859:             3            120  com.altratek.altraserver.extensions.service.tower.fengshen.info.FengShenTowerInfo
3860:             5            120  com.altratek.altraserver.extensions.service.tower.magic.MagicTowerDefine
3861:             5            120  com.altratek.altraserver.extensions.service.tower_thunder.TTPetLvlUpScore
3862:             5            120  com.altratek.altraserver.extensions.service.userbuff.UserBuffActionObserver_Transfiguration
3863:             5            120  com.altratek.altraserver.extensions.service.vip.activity.va20xx.SuperEvolvePetPrize
3864:             5            120  com.altratek.altraserver.extensions.service.vip.activity.yearpay2017.YearPay2017Handler$Result
3865:             5            120  com.altratek.altraserver.extensions.state.DoneCounterType
3866:             5            120  com.mysql.jdbc.StringUtils$SearchMode
3867:             5            120  com.pjx.adapter.battle.rmi.obj.EquipmentSimpleInfo$EquipmentQuality
3868:             5            120  com.pjx.adapter.globalconfig.GlobalPropertiesSetter$ConfigEntry
3869:             5            120  com.pjx.battle.server.battle.buff.ext.ClearBuffBySignBuffFactory$MyEffectSide
3870:             5            120  com.pjx.battle.server.battle.buff.ext.DamageChangeBuffFactory
3871:             3            120  com.pjx.battle.server.battle.buff.ext.DamageSplashBuffFactory
3872:             5            120  com.pjx.battle.server.battle.buff.ext.HpCompareAddBuffBuffFactory$CompareType
3873:             5            120  com.pjx.battle.server.battle.buff.ext.Id2551BuffFactory
3874:             3            120  com.pjx.battle.server.battle.buff.ext.Id4917_4918BuffFactory
3875:             5            120  com.pjx.battle.server.battle.buff.ext.MultiHitBuffFactory
3876:             3            120  com.pjx.battle.server.battle.buff.ext.RandomTransformBuffFactory$TransformInfo
3877:             3            120  com.pjx.battle.server.battle.skill.ext.Sk_BloodSuck
3878:             3            120  com.pjx.battle.server.battle.skill.ext.Sk_ContHit
3879:             5            120  com.pjx.common.daobase.builder.FieldCache
3880:             5            120  com.pjx.rmi.obj.buddomain.UseType
3881:             5            120  com.pjx.rmi.obj.heroisland.GameType
3882:             3            120  com.pjx.rmi.obj.richman.RichManMode
3883:             3            120  com.pjx.rmi.obj.texas_poker.CardGameType
3884:             3            120  com.pjx.rmi.obj.texas_poker.UserGameData
3885:             3            120  com.pjx.service.compete2.CompeteV2Define
3886:             3            120  com.pjx.service.compete2.CompeteV2Table
3887:             5            120  com.pjx.service.homeland.HomeLandLimitSecretSecurity
3888:             3            120  com.pjx.service.homeland.define.task.HomeLandRandomTaskDefine
3889:             3            120  com.pjx.service.union.UnionRole
3890:             5            120  com.sun.org.apache.xalan.internal.utils.FeaturePropertyBase$State
3891:             5            120  com.sun.org.apache.xerces.internal.util.PropertyState
3892:             5            120  com.sun.org.apache.xerces.internal.utils.XMLSecurityManager$State
3893:             5            120  com.sun.org.apache.xerces.internal.utils.XMLSecurityPropertyManager$State
3894:             3            120  java.lang.invoke.BoundMethodHandle$Species_LL
3895:             5            120  java.sql.SQLPermission
3896:             5            120  java.time.Instant
3897:             5            120  java.time.format.SignStyle
3898:             5            120  java.util.concurrent.ConcurrentLinkedQueue
3899:             5            120  java.util.stream.StreamOpFlag$Type
3900:             5            120  javax.xml.namespace.QName
3901:             3            120  org.apache.log4j.helpers.CountingQuietWriter
3902:             5            120  sun.misc.FloatingDecimal$PreparedASCIIToBinaryBuffer
3903:             3            120  sun.rmi.transport.tcp.TCPTransport$ConnectionHandler
3904:             5            120  sun.security.jca.ServiceId
3905:             3            120  sun.security.x509.AuthorityKeyIdentifierExtension
3906:             1            112  [Lcom.altratek.altraserver.extensions.service.buddy.BuddyResult;
3907:             2            112  [Lcom.altratek.altraserver.extensions.service.configurable_activity.ConfigurableActivityTypeAggregate$DoneCountLimitType;
3908:             3            112  [Lcom.altratek.altraserver.extensions.service.fight.activity.mrsuperfight.MrSuperFightConfig$ChallengeConfig;
3909:             1            112  [Lcom.altratek.altraserver.extensions.service.fight.helper.myform.MyFormService;
3910:             3            112  [Lcom.altratek.altraserver.extensions.service.tempactivity.xiunuocombine.XiuNuoCombineConfig$RankDefine;
3911:             2            112  [Lcom.altratek.altraserver.extensions.service.tower.exptower2016.ExpTowerTableCol;
3912:             1            112  [Lcom.altratek.altraserver.extensions.service.union.activity.boss.IPrize$CommonPrize;
3913:             3            112  [Lcom.pjx.adapter.battle.rmi.obj.EquipmentSimpleInfo$EquipmentQuality;
3914:             2            112  [Lcom.pjx.battle.server.battle.buff.ext.BuffCount2DamageBuffFactory$Occasion;
3915:             2            112  [Lcom.pjx.battle.server.battle.buff.ext.Property2DamageBuffFactory$Occasion;
3916:             2            112  [Ljava.lang.invoke.MethodType;
3917:             2            112  [Ljava.security.CryptoPrimitive;
3918:             2            112  [Ljava.time.ZoneOffset;
3919:             7            112  [Lsun.reflect.generics.tree.TypeSignature;
3920:             1            112  com.altratek.altraserver.extensions.config.data.PJXConfig
3921:             1            112  com.altratek.altraserver.extensions.service.activity.xicongtianjiang.XiCongTianJiangConfig
3922:             1            112  com.altratek.altraserver.extensions.service.fight.activity.rabbitgodsupergodevolve.RabbitGodSuperGodEvolveConfig
3923:             7            112  com.altratek.altraserver.extensions.service.fishery.fishingmaster.ScoreTool
3924:             7            112  com.altratek.altraserver.extensions.service.heroisland.fb.exchange.FbExchangeInfo
3925:             7            112  com.altratek.altraserver.extensions.service.heroisland.masspresent.MassPresentInfo
3926:             7            112  com.altratek.altraserver.extensions.service.material.constant.MaterialCountEffectType
3927:             1            112  com.altratek.altraserver.extensions.service.material.define.MaterialDefineDao
3928:             7            112  com.altratek.altraserver.extensions.service.section.function.RatePrizeFunction
3929:             7            112  com.altratek.altraserver.extensions.service.temp.limit.VipLevelLimit
3930:             7            112  com.altratek.altraserver.extensions.service.tempactivity.xiunuocombine.XiuNuoCombineConfig$TimeLimits
3931:             7            112  com.altratek.altraserver.extensions.service.timelinessactivity.aoqihotelwar.CDInfo
3932:             1            112  com.altratek.altraserver.extensions.service.timelinessactivity.xingchengsuperevolve.XingChengSuperEvolveConfig
3933:             7            112  com.altratek.altraserver.extensions.state.donecouter.cache.CacheDcDBWeeklyKey
3934:             1            112  com.baitian.datacollection.interfaces.ClientMonitorModel
3935:             2            112  com.pjx.battle.server.battle.buff.ext.BuffCount2PowerBuffFactory
3936:             7            112  com.pjx.battle.server.battle.buff.ext.CounterBuffFactory
3937:             2            112  com.pjx.common.scheduler.MultiThreadQueueWorker
3938:             7            112  com.pjx.module.buff.skill.limit.creature.SkillCreatureLimitFactory_RaceEffected
3939:             7            112  com.pjx.module.buff.skill.limit.creature.SkillCreatureLimitFactory_StargodEffected
3940:             2            112  com.pjx.service.homeland.define.facility.BackgroundFacilityDefine
3941:             2            112  java.io.ObjectInputStream$BlockDataInputStream
3942:             7            112  java.util.LinkedHashMap$LinkedKeySet
3943:             2            112  java.util.logging.ConsoleHandler
3944:             2            112  org.dom4j.tree.ConcurrentReaderHashMap
3945:             2            112  sun.nio.cs.US_ASCII$Encoder
3946:             1            104  [Lcom.alibaba.fastjson.serializer.SerializerFeature;
3947:             1            104  [Lcom.altratek.altraserver.extensions.service.allroundpk.AllRoundPKService$Result;
3948:             4            104  [Lcom.altratek.altraserver.extensions.service.buddy.nearbuddy.seniorbuddy.SeniorBuddyIdentity;
3949:             1            104  [Lcom.altratek.altraserver.extensions.service.fight.activity.yuanhuangfight.YuanHuangFightHandler$Result;
3950:             1            104  [Lcom.altratek.altraserver.extensions.service.timeliness_activity.act.act2017.act20170616.developmenttasks.DevelopmenttasksConfig$Task;
3951:             1            104  [Lcom.pjx.service.union.UnionOps;
3952:             1            104  [Lcom.pjx.service.userstate.UserStateOperate;
3953:             1            104  com.altratek.altraserver.extensions.service.activity.tianlin.TianLinConfig
3954:             1            104  com.altratek.altraserver.extensions.service.farm.potentialfruit.PotentialFruitDao
3955:             1            104  com.altratek.altraserver.extensions.service.login.activity.la131011.LoginActivity131011Config
3956:             1            104  com.altratek.altraserver.extensions.service.timelinessactivity.fight.supermengmeng.MengSuperConfig
3957:             2             96  [Lcom.altratek.altraserver.extensions.event.AsynEventType;
3958:             3             96  [Lcom.altratek.altraserver.extensions.service.activity.luosa.MonsterTeam;
3959:             1             96  [Lcom.altratek.altraserver.extensions.service.challenge.act.act101.LucklyInfo;
3960:             2             96  [Lcom.altratek.altraserver.extensions.service.configurable_activity.ConfigurableActivityTypeAggregate$TempValueBalanceType;
3961:             3             96  [Lcom.altratek.altraserver.extensions.service.nobleclub.hirepet.NobleHirePetConfig$StarGodInfo;
3962:             1             96  [Lcom.altratek.altraserver.extensions.service.pjx.kingroad150515.KingRoad150515Handler$Result;
3963:             4             96  [Lcom.altratek.altraserver.extensions.service.section.function.ChoosePrizeFunction$ChoosePrizeItem;
3964:             3             96  [Lcom.altratek.altraserver.extensions.service.tempactivity.strenthenstar.Difficulty;
3965:             1             96  [Lcom.altratek.altraserver.extensions.service.timelinessactivity.powerup26w.PowerUp26wTask;
3966:             2             96  [Lcom.pjx.rmi.obj.family.Role;
3967:             2             96  [Lcom.pjx.service.compete.CompeteConfig$PrizeType;
3968:             2             96  [Lcom.pjx.service.compete2.CompeteV2Config$PrizeType;
3969:             4             96  [Ljava.io.ObjectStreamClass$ClassDataSlot;
3970:             4             96  [Ljava.lang.reflect.Constructor;
3971:             1             96  [Ljava.text.NumberFormat;
3972:             2             96  [Ljava.time.DayOfWeek;
3973:             2             96  [Ljava.util.concurrent.TimeUnit;
3974:             4             96  com.altratek.altraserver.extensions.asynlog.DbLogAsynWriter_MergeParams
3975:             4             96  com.altratek.altraserver.extensions.service.activity.bosschallenge.BossChallengeConfig$CD
3976:             2             96  com.altratek.altraserver.extensions.service.activity.callback.cb20160311.Days30BackHirePetConfig$HirePet
3977:             4             96  com.altratek.altraserver.extensions.service.activity.compete.athletic.Bonus$MaterialBonus
3978:             4             96  com.altratek.altraserver.extensions.service.activity.cookgod.medal.MedalPrize$ThreeLevel
3979:             4             96  com.altratek.altraserver.extensions.service.activity.cookgod.xml.CookType
3980:             4             96  com.altratek.altraserver.extensions.service.activity.cow_devil.CowDevilConfig$Unit
3981:             1             96  com.altratek.altraserver.extensions.service.activity.darkmooneye.DarkMoonEyeConfig
3982:             4             96  com.altratek.altraserver.extensions.service.activity.diamondexchange.wxlversion.Config151023$PrizeInfo
3983:             3             96  com.altratek.altraserver.extensions.service.activity.dishitianclothes.DiShiTianClothesConfig$GiftBagDefine
3984:             4             96  com.altratek.altraserver.extensions.service.activity.freshmangift.fmg140310.FreshManGift140310Config$FmgAccordingToDate
3985:             3             96  com.altratek.altraserver.extensions.service.activity.freshmangift.fmg170217.Fmg170217Const$GoodsDefine
3986:             4             96  com.altratek.altraserver.extensions.service.activity.freshmangift.fmg170217.Fmg170217Const$PetDefine
3987:             3             96  com.altratek.altraserver.extensions.service.activity.freshmangift.fmg170818.Fmg170818Const$GoodsDefine
3988:             4             96  com.altratek.altraserver.extensions.service.activity.godracetypewake.taobao.GodRaceTaoBaoItem$ItemType
3989:             4             96  com.altratek.altraserver.extensions.service.activity.holycreature.xiaotiantianshancombine.DataDefine$DamageExtraPrize
3990:             3             96  com.altratek.altraserver.extensions.service.activity.investment.InvestDefine$InvestItem
3991:             4             96  com.altratek.altraserver.extensions.service.activity.jipinzhandouli.JiPinZhanDouLiConfig$Bonus
3992:             4             96  com.altratek.altraserver.extensions.service.activity.jipinzhandouliv2.JiPinZhanDouLiConfig$Bonus
3993:             6             96  com.altratek.altraserver.extensions.service.activity.leiyan.event.FightEvent
3994:             3             96  com.altratek.altraserver.extensions.service.activity.lightking.phases.PhaseHandlerProvider$Phase
3995:             3             96  com.altratek.altraserver.extensions.service.activity.luan_dou_pet.LuanDouPet
3996:             4             96  com.altratek.altraserver.extensions.service.activity.sanguo.rendespirit.PrizeData
3997:             1             96  com.altratek.altraserver.extensions.service.activity.starbluedragon.StarBlueDragonConfig
3998:             3             96  com.altratek.altraserver.extensions.service.activity.teamfight.Team
3999:             1             96  com.altratek.altraserver.extensions.service.activity.tianmanwang.TianManWangConfig
4000:             4             96  com.altratek.altraserver.extensions.service.activity.totallead.TotalLeadConfig$LeadedActivityDefine
4001:             3             96  com.altratek.altraserver.extensions.service.activity.xiaohuanheyuanxiao.XiaoHuanHeYuanXiaoConfig$FestivalLantern
4002:             4             96  com.altratek.altraserver.extensions.service.activity.xywsleeptrain.XYWSleepTrainConfig$XYW_BonusInfo
4003:             3             96  com.altratek.altraserver.extensions.service.allstar.TeamFbDefine
4004:             4             96  com.altratek.altraserver.extensions.service.arena.arena.ArenaState
4005:             4             96  com.altratek.altraserver.extensions.service.arena.globalarena.SpaceDefineManager$SpaceDefine
4006:             3             96  com.altratek.altraserver.extensions.service.buddomain.BudDomainDefineData$ExpandDomainDefine
4007:             4             96  com.altratek.altraserver.extensions.service.buddy.nearbuddy.shop.NearBuddyGiftUserInfo
4008:             4             96  com.altratek.altraserver.extensions.service.challenge.buffgetter.ext.BuffGetter_106_AddBuff
4009:             4             96  com.altratek.altraserver.extensions.service.challenge.buffgetter.ext.BuffGetter_10_AddBuff
4010:             3             96  com.altratek.altraserver.extensions.service.challenge.extprocessor.Ext_GetRecommendFormation
4011:             3             96  com.altratek.altraserver.extensions.service.challenge.extprocessor.Ext_SuperFormation
4012:             3             96  com.altratek.altraserver.extensions.service.challenge.extprocessor.ext.Ext_27_ChoosePets
4013:             3             96  com.altratek.altraserver.extensions.service.challenge.extprocessor.ext.Ext_27_SetFormation
4014:             3             96  com.altratek.altraserver.extensions.service.challenge.extprocessor.ext.Ext_27_UseBullet
4015:             3             96  com.altratek.altraserver.extensions.service.challenge.extprocessor.ext.Ext_28_AddCureCnt
4016:             3             96  com.altratek.altraserver.extensions.service.challenge.extprocessor.ext.Ext_28_AddDieCnt
4017:             3             96  com.altratek.altraserver.extensions.service.challenge.extprocessor.ext.Ext_59_ExpandRange
4018:             3             96  com.altratek.altraserver.extensions.service.challenge.extprocessor.ext.Ext_60_Strength
4019:             3             96  com.altratek.altraserver.extensions.service.challenge.extprocessor.ext.Ext_64_Restart
4020:             3             96  com.altratek.altraserver.extensions.service.challenge.extprocessor.ext.Ext_64_SelectBuff
4021:             3             96  com.altratek.altraserver.extensions.service.challenge.extprocessor.ext.Ext_80_SelectBuff
4022:             4             96  com.altratek.altraserver.extensions.service.challenge.extprocessor.ext.Ext_86_ChoosePets$Config$HelperDefine
4023:             3             96  com.altratek.altraserver.extensions.service.challenge.extprocessor.ext.Ext_8_AddDie
4024:             4             96  com.altratek.altraserver.extensions.service.challenge.extprocessor.ext.Ext_91_BuffNextLayer$Range
4025:             4             96  com.altratek.altraserver.extensions.service.challenge.occasion.Occasion_GetPrizeAfterFinish
4026:             4             96  com.altratek.altraserver.extensions.service.challenge.prizeprocessor.Prize_PutPetsAndSuperGodCombine$ChaoShenBiConfig
4027:             3             96  com.altratek.altraserver.extensions.service.challenge.prizeprocessor.Prize_SuperGodNoCoin
4028:             3             96  com.altratek.altraserver.extensions.service.challenge.teamselecter.Selecter_CustomTeamV2
4029:             6             96  com.altratek.altraserver.extensions.service.chat.UserBattleResultCache
4030:             3             96  com.altratek.altraserver.extensions.service.configurable_activity.Balance_UserVar
4031:             4             96  com.altratek.altraserver.extensions.service.configurable_activity.ConfigurableActivityTypeAggregate$VipType
4032:             2             96  com.altratek.altraserver.extensions.service.configurable_activity.Limit_DoneCountCompare
4033:             6             96  com.altratek.altraserver.extensions.service.detect.DetectorVIP$DetectProgressVIP
4034:             4             96  com.altratek.altraserver.extensions.service.family.arena.FamilyArenaDefine$BonusRange
4035:             3             96  com.altratek.altraserver.extensions.service.farm.FarmAction
4036:             4             96  com.altratek.altraserver.extensions.service.farm.FarmItemDefine$UseType
4037:             4             96  com.altratek.altraserver.extensions.service.farm.buddyrank.FarmInterest$Interest
4038:             3             96  com.altratek.altraserver.extensions.service.farm.potentialfruit.Box$BoxState
4039:             3             96  com.altratek.altraserver.extensions.service.fight.activity.angelheartsuperevolve.AngelHeartSuperEvolveConfig$StageDefine
4040:             3             96  com.altratek.altraserver.extensions.service.fight.activity.binglingwangevolve.BingLingWangEvolveDao$EncounterFight
4041:             3             96  com.altratek.altraserver.extensions.service.fight.activity.binglingwangfight.phases.BLW_PhaseType
4042:             1             96  com.altratek.altraserver.extensions.service.fight.activity.chaseghostcat.ChaseGhostCatConfig
4043:             4             96  com.altratek.altraserver.extensions.service.fight.activity.chaseghostcat.ChaseGhostCatConfig$FeedBuffDefine
4044:             3             96  com.altratek.altraserver.extensions.service.fight.activity.duolaevolve.DuoLaEvolveConfig$StageDefine
4045:             3             96  com.altratek.altraserver.extensions.service.fight.activity.huanhuangsupergodevolve.HuanHuangSuperGodEvolveConfig$OneKeyPassStage
4046:             4             96  com.altratek.altraserver.extensions.service.fight.activity.kaisasuperevolve.KaiSaSuperEvolveConfig$OneKeyPassStage
4047:             4             96  com.altratek.altraserver.extensions.service.fight.activity.kuangbiergain.KuangBiErGainConfig$YuanSuDefine
4048:             3             96  com.altratek.altraserver.extensions.service.fight.activity.miqilinevolve.MiQiLinEvolveConfig$StageDefine
4049:             4             96  com.altratek.altraserver.extensions.service.fight.activity.moonshadowevolve.MoonShadowEvolveCofig$StageDefine
4050:             4             96  com.altratek.altraserver.extensions.service.fight.activity.moonshadowking.MoonShadowKingConfig$EvolveDefine
4051:             3             96  com.altratek.altraserver.extensions.service.fight.activity.nuoyanewsuperevolve.NuoYaNewSuperEvolveHandler$FightHandlerType
4052:             3             96  com.altratek.altraserver.extensions.service.fight.activity.shanggulingzhunevolve.conf.PhaseConf
4053:             1             96  com.altratek.altraserver.extensions.service.fight.activity.superdreamevolve.SuperDreamEvolveConfig
4054:             3             96  com.altratek.altraserver.extensions.service.fight.activity.timedragon.TimeDragonConfig$StageDefine
4055:             3             96  com.altratek.altraserver.extensions.service.fight.activity.woodfishfight.phases.WFF_PhaseType
4056:             3             96  com.altratek.altraserver.extensions.service.fight.activity.zerozeroevolve.ZeroZeroEvolveConfig$PhaseDefine
4057:             3             96  com.altratek.altraserver.extensions.service.fight.activity.zhuquesuperevolve.ZhuQueSuperEvolveConfig$StageDefine
4058:             4             96  com.altratek.altraserver.extensions.service.fight.activity.ziyafight.ZiYaFightConfig$StageConfig
4059:             6             96  com.altratek.altraserver.extensions.service.fight.helper.phase.HandleResult
4060:             1             96  com.altratek.altraserver.extensions.service.login.activity.la130927.LoginActivity130927Config
4061:             1             96  com.altratek.altraserver.extensions.service.mainpetultraevolve.lanluultraevolve.LanLuDataDefine
4062:             3             96  com.altratek.altraserver.extensions.service.master_apprenticev2.MasterApprenticeV2Info
4063:             4             96  com.altratek.altraserver.extensions.service.material.extend.combination.TypeAndIdList
4064:             4             96  com.altratek.altraserver.extensions.service.material.extend.flower.Flower$MessageType
4065:             4             96  com.altratek.altraserver.extensions.service.material.extend.materialcount.MCountExtraHandler_NPCBattleBless
4066:             4             96  com.altratek.altraserver.extensions.service.material.extend.materialcount.MCountExtraType
4067:             4             96  com.altratek.altraserver.extensions.service.material.manager.MaterialCommonDb$1
4068:             6             96  com.altratek.altraserver.extensions.service.material.service.goods.FormulaShareLimit$Share_Daily
4069:             4             96  com.altratek.altraserver.extensions.service.npcbuddy.Bless_Battle
4070:             4             96  com.altratek.altraserver.extensions.service.petpark.PetParkRookieConfig$CounterTarget
4071:             2             96  com.altratek.altraserver.extensions.service.petpark.global.GlobalInfo
4072:             3             96  com.altratek.altraserver.extensions.service.petpark.petfeedplan.PetFeedPlanInfo$PlanState
4073:             3             96  com.altratek.altraserver.extensions.service.petpark.score.ScorePetParkConfig$Weather
4074:             3             96  com.altratek.altraserver.extensions.service.pjx.dragon.DragonGene
4075:             4             96  com.altratek.altraserver.extensions.service.pjx.dragon.define.combine.DragonCombineQualityDefine
4076:             6             96  com.altratek.altraserver.extensions.service.pjx.familybless.BlessOpenDefine
4077:             3             96  com.altratek.altraserver.extensions.service.pjx.kingroad.kungfu.KungFuDefine$Monster
4078:             3             96  com.altratek.altraserver.extensions.service.pjx.kingroad.ninja.NinjaDefine$Monster
4079:             3             96  com.altratek.altraserver.extensions.service.pjx.kingroad150515.KingHallConfig$BuffDefineSelf
4080:             4             96  com.altratek.altraserver.extensions.service.pjx.mainpet.GroupPracticeState
4081:             4             96  com.altratek.altraserver.extensions.service.prize.PetGeniusPrize
4082:             4             96  com.altratek.altraserver.extensions.service.qiqi.QiQiTransfer
4083:             6             96  com.altratek.altraserver.extensions.service.rankv2.entity.CommonConvertV2
4084:             3             96  com.altratek.altraserver.extensions.service.routine.balance.MaterialBalance
4085:             4             96  com.altratek.altraserver.extensions.service.section.function.ChoosePrizeFunction
4086:             3             96  com.altratek.altraserver.extensions.service.section.predicate.SetGainPredicate$SetGainPredicateType
4087:             4             96  com.altratek.altraserver.extensions.service.singleboss.djinn.ZhanDouLi2HelperRates
4088:             3             96  com.altratek.altraserver.extensions.service.superstar.flowerlottery.FlowerLotteryConfig$LevelRatePrize
4089:             4             96  com.altratek.altraserver.extensions.service.task.data.bonus.TaskBonus_DayOfWeek
4090:             2             96  com.altratek.altraserver.extensions.service.task.data.step.StepClearHouseRubbish
4091:             3             96  com.altratek.altraserver.extensions.service.temp.limit.LongTimeDoneCompareLimit
4092:             4             96  com.altratek.altraserver.extensions.service.temp.limit.OneoffAnyLimit
4093:             4             96  com.altratek.altraserver.extensions.service.temp.prize.LongTimeDoneIncreasePrize
4094:             4             96  com.altratek.altraserver.extensions.service.temp.prize.OneoffPrize
4095:             4             96  com.altratek.altraserver.extensions.service.temp.prize.Prize_WanDouSheShou$Stone
4096:             3             96  com.altratek.altraserver.extensions.service.tempactivity.birdofwonder.BirdOfWonderConfig$GateConfig
4097:             4             96  com.altratek.altraserver.extensions.service.tempactivity.diamondexchange20140207.PetEquipmentPrize
4098:             3             96  com.altratek.altraserver.extensions.service.tempactivity.guttler20131101.DataDefine$RandomEvent
4099:             3             96  com.altratek.altraserver.extensions.service.tempactivity.newstarwelfare0704.NewStarWelfareUserInfo
4100:             3             96  com.altratek.altraserver.extensions.service.tempactivity.wisdomcompete20140808.UserCompeteInfo$AnswerState
4101:             4             96  com.altratek.altraserver.extensions.service.timeliness_activity.act.act2016.act20160401.herocase.HeroCaseConfig$CaseDefine
4102:             3             96  com.altratek.altraserver.extensions.service.timeliness_activity.act.act2016.act20160513.allpeoplelottery.AllPeopleLotteryConfig$RateDefine
4103:             4             96  com.altratek.altraserver.extensions.service.timeliness_activity.act.act2016.act20160708.monkeycat.MoneyCatHandle$Result
4104:             4             96  com.altratek.altraserver.extensions.service.timeliness_activity.act.act2016.act20161202.stargodlottery.StarGodLotteryConfig$Range
4105:             4             96  com.altratek.altraserver.extensions.service.timeliness_activity.act.act2017.act20170217.autoequipmentmaterial.AutoEquipmentMaterialHandler$FinishReason
4106:             3             96  com.altratek.altraserver.extensions.service.timeliness_activity.act.act2017.act20170217.newhandtask170217.ChallengePetNode
4107:             3             96  com.altratek.altraserver.extensions.service.timeliness_activity.act.act2017.act20170217.schoolopeninvest.SchoolOpenInvestType
4108:             4             96  com.altratek.altraserver.extensions.service.timeliness_activity.act.act2017.act20170217.schoolopeninvest.prize.PerfectPokemonPrize
4109:             3             96  com.altratek.altraserver.extensions.service.timeliness_activity.act.act2017.act20170407.crazybuyqueenskin.CrazyBuyQueenSkinHandler$GainState
4110:             3             96  com.altratek.altraserver.extensions.service.timeliness_activity.act.act2017.act20170421.xiuersuperjob.XiuErSuperJobConfig$EvolveDefine
4111:             3             96  com.altratek.altraserver.extensions.service.timeliness_activity.act.act2017.act20170825.crazystadium.CrazyStadiumConfig$StadiumGame
4112:             3             96  com.altratek.altraserver.extensions.service.timeliness_activity.act.act2017.act20170825.creategodfight.CreateGodFightConfig$HpConfig
4113:             3             96  com.altratek.altraserver.extensions.service.timeliness_activity.act.act2017.act20170825.creategodfight.CreateGodFightConfig$ValidPetSword
4114:             3             96  com.altratek.altraserver.extensions.service.timeliness_activity.act.act2017.act20170922.diamondexchangeprize.DiamondExchangePrizeInfo
4115:             3             96  com.altratek.altraserver.extensions.service.timeliness_activity.act.act2017.act20170922.petgiftdraw.PGDPrize
4116:             4             96  com.altratek.altraserver.extensions.service.timeliness_activity.act.act2017.act20171020.yuanshoulottery.LotteryConfig$IncrQualityValue
4117:             3             96  com.altratek.altraserver.extensions.service.timelinessactivity.aoqiexpsend.AoQiExpSendConfig$BonusDefine
4118:             4             96  com.altratek.altraserver.extensions.service.timelinessactivity.christmasturkeychef.ChristmasTurkeyChefConfig$BonusDefine
4119:             6             96  com.altratek.altraserver.extensions.service.timelinessactivity.holypetexchange.IGetPetHandlerManager$GetPet4Challenge
4120:             3             96  com.altratek.altraserver.extensions.service.timelinessactivity.luckysuperevovle.fight.LuckyFightConfig$Difficulty
4121:             4             96  com.altratek.altraserver.extensions.service.timelinessactivity.luckysuperevovle.interact.LuckyInteractConfig$Clock
4122:             3             96  com.altratek.altraserver.extensions.service.timelinessactivity.monthnewlogin.monthnewdraw20170901.MonthNewDrawConfig$BonusConfig
4123:             3             96  com.altratek.altraserver.extensions.service.timelinessactivity.rainbowflower.RainbowFlowerService$RainbowFlower
4124:             4             96  com.altratek.altraserver.extensions.service.timelinessactivity.xiaofanpartneraction.XiaoFanPartnerActionConfig$Prize
4125:             6             96  com.altratek.altraserver.extensions.service.title.TitleValidPeriod_VIP
4126:             4             96  com.altratek.altraserver.extensions.service.union.activity.boss.IPrize$BuildingLvPrize
4127:             4             96  com.altratek.altraserver.extensions.service.union.activity.boss.UnionBossConfig$AddBuffDefine
4128:             3             96  com.altratek.altraserver.extensions.service.union.activity.boss.UnionBossConfig$PhaseDefine
4129:             3             96  com.altratek.altraserver.extensions.service.union.activity.donate.UnionDonateConfig$DonateBoxDefine
4130:             2             96  com.altratek.altraserver.extensions.service.union.activity.weapon.UnionWeaponDefine
4131:             4             96  com.altratek.altraserver.extensions.service.user.SessionState
4132:             4             96  com.altratek.altraserver.extensions.service.userbuff.BuffActionType
4133:             6             96  com.altratek.altraserver.extensions.service.userbuff.UserBuffActionObserver_Common
4134:             4             96  com.altratek.altraserver.extensions.service.vip.VipDetail
4135:             4             96  com.altratek.altraserver.extensions.service.vip.activity.va150930.Va150930Config$BonusDefine
4136:             3             96  com.altratek.altraserver.extensions.service.vip.activity.val170714.Val170714Type
4137:             3             96  com.altratek.altraserver.extensions.service.vip.activity.yearpay2017.YearPay2017Handler$Suggest
4138:             4             96  com.altratek.altraserver.extensions.util.ExtraErrorCodeHelper$ExtraCodeType
4139:             6             96  com.bt.game.common.cache.CacheMap
4140:             2             96  com.mysql.jdbc.exceptions.jdbc4.CommunicationsException
4141:             4             96  com.pjx.battle.server.battle.Battle$Phase
4142:             6             96  com.pjx.battle.server.battle.buff.DoEffectFactory_CasterTargetGender
4143:             4             96  com.pjx.battle.server.battle.buff.DoEffectFactory_HpWhenAddOrRemove
4144:             4             96  com.pjx.battle.server.battle.buff.ext.AbsorbDamageToHealBuffFactory
4145:             4             96  com.pjx.battle.server.battle.buff.ext.AddVigourBuffFactory$AddTime
4146:             4             96  com.pjx.battle.server.battle.buff.ext.BePoisonedBuffFactory
4147:             3             96  com.pjx.battle.server.battle.buff.ext.BuffNum2BuffBuffFactory
4148:             4             96  com.pjx.battle.server.battle.buff.ext.BuffVigourChangeImmuneBuffFactory$VigourChangeType
4149:             3             96  com.pjx.battle.server.battle.buff.ext.BurnByBuffNumBuffFactory
4150:             3             96  com.pjx.battle.server.battle.buff.ext.ClearBuffByBuffBenefitBuffFactory
4151:             4             96  com.pjx.battle.server.battle.buff.ext.ClearBuffBySignBuffFactory
4152:             3             96  com.pjx.battle.server.battle.buff.ext.Id1077_9BuffFactory
4153:             4             96  com.pjx.battle.server.battle.buff.ext.Id1307BuffFactory$DamageConfig
4154:             3             96  com.pjx.battle.server.battle.buff.ext.Id3939BuffFactory
4155:             3             96  com.pjx.battle.server.battle.buff.ext.Id3939BuffFactory$TransformInfo
4156:             4             96  com.pjx.battle.server.battle.buff.ext.Id4067BuffFactory
4157:             4             96  com.pjx.battle.server.battle.buff.ext.Id4317_4320BuffFactory
4158:             4             96  com.pjx.battle.server.battle.buff.ext.Id4949BuffFactory
4159:             4             96  com.pjx.battle.server.battle.buff.ext.Id5265BuffFactory
4160:             4             96  com.pjx.battle.server.battle.buff.ext.Id5281_4BuffFactory
4161:             4             96  com.pjx.battle.server.battle.buff.ext.Id5517BuffFactory
4162:             3             96  com.pjx.battle.server.battle.buff.ext.Id5890_5897BuffFactory
4163:             6             96  com.pjx.battle.server.battle.buff.ext.Id6174BuffFactory
4164:             3             96  com.pjx.battle.server.battle.buff.ext.Id6229BuffFactory
4165:             2             96  com.pjx.battle.server.battle.buff.ext.IncDamageV1BuffFactory$IncConfig
4166:             3             96  com.pjx.battle.server.battle.buff.ext.IngoreDefenseV2BuffFactory
4167:             3             96  com.pjx.battle.server.battle.buff.ext.MultiSuckProperty2PropertyBuffFactory
4168:             4             96  com.pjx.battle.server.battle.buff.ext.MultiSuckProperty2PropertyBuffFactory$CharacterType
4169:             3             96  com.pjx.battle.server.battle.buff.ext.MultiSuckProperty2PropertyBuffFactory$TargetsConfig
4170:             4             96  com.pjx.battle.server.battle.buff.ext.PowerChangeBuffFactory$ValueType
4171:             4             96  com.pjx.battle.server.battle.buff.ext.PowerChangeByVigourBuffFactory$ValueType
4172:             4             96  com.pjx.battle.server.battle.buff.ext.RandomDamageBuffFactory
4173:             4             96  com.pjx.battle.server.battle.buff.ext.RandomDamageBuffFactory$Range
4174:             3             96  com.pjx.battle.server.battle.buff.ext.SpiltDamage2TargetsBuffFactory
4175:             3             96  com.pjx.battle.server.battle.buff.ext.SpringDamageBuffFactory
4176:             3             96  com.pjx.battle.server.battle.buff.ext.SpringDamageBuffFactory$NumRateVariate
4177:             4             96  com.pjx.battle.server.battle.buff.ext.SuckX2PropertyBuffFactory$CharacterType
4178:             4             96  com.pjx.battle.server.battle.helper.EffectSide
4179:             2             96  com.pjx.battle.server.battle.item.BomItemDefine
4180:             4             96  com.pjx.battle.server.battle.player.CharacterJob$AttackType
4181:             4             96  com.pjx.battle.server.battle.player.CharacterWrapper$OneCircleCasterType
4182:             4             96  com.pjx.battle.server.battle.player.HpVariate$Type
4183:             4             96  com.pjx.battle.server.battle.player.Properties$Obj
4184:             4             96  com.pjx.battle.server.battle.player.Properties$Type
4185:             3             96  com.pjx.battle.server.battle.player.playerbuffcontroller.PlayerBuffType
4186:             4             96  com.pjx.battle.server.battle.result.ResultType
4187:             4             96  com.pjx.battle.server.battle.skill.SkillDefine$FunctionType
4188:             4             96  com.pjx.battle.server.battle.skill.SkillDefine$SkillTypeLabel
4189:             4             96  com.pjx.battle.server.battle.skill.affix.BuffAffixDefine$TargetType
4190:             3             96  com.pjx.battle.server.battle.skill.affix.LimitFactory_IfHasAttrDeadBeTarget$Limit_IfHasDeadBeTarget
4191:             4             96  com.pjx.battle.server.battle.skill.affix.LimitFactory_IfHasAttrDeadBeTarget$Place
4192:             4             96  com.pjx.battle.server.battle.skill.affix.LimitFactory_IfHasDeadBeTarget$Place
4193:             4             96  com.pjx.battle.server.battle.skill.affix.LimitFactory_IfHasGender$Place
4194:             4             96  com.pjx.battle.server.battle.skill.affix.LimitFactory_IfHasJob$Place
4195:             4             96  com.pjx.battle.server.battle.skill.affix.LimitFactory_IfHasRaceId$Place
4196:             4             96  com.pjx.battle.server.battle.skill.affix.LimitFactory_IfHasRaceType$Place
4197:             4             96  com.pjx.battle.server.battle.skill.affix.LimitFactory_IfHasSign$Place
4198:             4             96  com.pjx.battle.server.battle.skill.affix.LimitFactory_IfHasSignDeadBeTarget$Place
4199:             4             96  com.pjx.battle.server.battle.skill.affix.LimitFactory_IfHasSignKindNum$Place
4200:             4             96  com.pjx.battle.server.battle.skill.ext.Sk_BodyBomb
4201:             3             96  com.pjx.battle.server.battle.skill.ext.Sk_HpCritical$HpCondition
4202:             3             96  com.pjx.battle.server.battle.skill.ext.Sk_Vigour
4203:             6             96  com.pjx.battle.server.battle.target4buff.BuffTarget_EnemySide_Random
4204:             6             96  com.pjx.common.scheduler.MultiThreadQueueWorker$WorkRunnable
4205:             4             96  com.pjx.module.buff.originalbuffgetter.OriginalBuffRaceGetter
4206:             3             96  com.pjx.module.creature.equipment.CreatureEquipmentSlot$SlotState
4207:             3             96  com.pjx.module.creature.genius.GeniusPower
4208:             6             96  com.pjx.module.creature.stargod.StarGodLevelGenStrategyRandom
4209:             6             96  com.pjx.module.define.enumdefine.CreatureAttackType
4210:             3             96  com.pjx.module.define.enumdefine.NearBuddyPetHireType
4211:             3             96  com.pjx.service.compete2.CompeteV2Dao
4212:             4             96  com.pjx.service.globalarena.GlobalArenaZoneDefine$FightType
4213:             4             96  com.pjx.service.homeland.define.HomeLandRoleDefine
4214:             1             96  com.sun.crypto.provider.SunJCE
4215:             3             96  com.sun.jmx.mbeanserver.DefaultMXBeanMappingFactory$CollectionMapping
4216:             3             96  com.sun.jmx.mbeanserver.DefaultMXBeanMappingFactory$EnumMapping
4217:             2             96  com.sun.jmx.mbeanserver.MBeanIntrospector$MBeanInfoMap
4218:             2             96  com.sun.jmx.mbeanserver.MBeanIntrospector$PerInterfaceMap
4219:             1             96  com.sun.net.ssl.internal.ssl.Provider
4220:             3             96  com.sun.org.apache.xerces.internal.utils.XMLSecurityManager$NameMap
4221:             6             96  com.sun.proxy.$Proxy49
4222:             6             96  com.sun.proxy.$Proxy58
4223:             6             96  com.sun.proxy.$Proxy71
4224:             1             96  com.sun.security.sasl.Provider
4225:             4             96  com.zaxxer.hikari.pool.HikariProxyResultSet
4226:             4             96  java.math.MathContext
4227:             4             96  java.net.InetAddress
4228:             4             96  java.net.ServerSocket
4229:             4             96  java.sql.DriverInfo
4230:             4             96  java.text.Normalizer$Form
4231:             4             96  java.time.format.DateTimeFormatterBuilder$OffsetIdPrinterParser
4232:             4             96  java.time.format.DateTimeFormatterBuilder$SettingsParser
4233:             4             96  java.util.BitSet
4234:             3             96  java.util.Formatter
4235:             4             96  java.util.Formatter$FixedString
4236:             3             96  java.util.concurrent.atomic.AtomicReferenceFieldUpdater$AtomicReferenceFieldUpdaterImpl
4237:             4             96  java.util.stream.StreamShape
4238:             2             96  javax.management.openmbean.TabularType
4239:             4             96  org.apache.log4j.spi.ThrowableInformation
4240:             1             96  org.jcp.xml.dsig.internal.dom.XMLDSigRI
4241:             1             96  sun.font.AttributeValues
4242:             2             96  sun.management.GarbageCollectorImpl
4243:             4             96  sun.misc.FormattedFloatingDecimal$Form
4244:             1             96  sun.misc.Launcher$AppClassLoader
4245:             3             96  sun.net.spi.DefaultProxySelector$NonProxyInfo
4246:             4             96  sun.net.www.MessageHeader
4247:             1             96  sun.nio.ch.ServerSocketChannelImpl
4248:             2             96  sun.nio.cs.US_ASCII$Decoder
4249:             3             96  sun.rmi.server.UnicastServerRef
4250:             3             96  sun.rmi.server.UnicastServerRef2
4251:             6             96  sun.rmi.server.WeakClassHashMap$ValueCell
4252:             3             96  sun.rmi.transport.StreamRemoteCall
4253:             1             96  sun.security.ec.SunEC
4254:             1             96  sun.security.jca.ProviderList$1
4255:             1             96  sun.security.rsa.SunRsaSign
4256:             1             96  sun.security.smartcardio.SunPCSC
4257:             4             96  sun.security.util.BitArray
4258:             6             96  sun.security.x509.KeyIdentifier
4259:             3             96  sun.security.x509.SubjectKeyIdentifierExtension
4260:             3             96  sun.util.locale.provider.LocaleServiceProviderPool
4261:             1             88  [Lcom.altratek.altraserver.extensions.service.fight.activity.chaseghostcat.ChaseGhostCatHandler$Result;
4262:             1             88  [Lcom.altratek.altraserver.extensions.service.fight.activity.miqilinevolve.MiQiLinEvolveHandler$Result;
4263:             1             88  [Lcom.altratek.altraserver.extensions.service.fight.activity.xingluo.XingLuoHandler$Result;
4264:             1             88  [Lcom.altratek.altraserver.extensions.service.fight.activity.zerozeroevolve.ZeroZeroEvolveHandler$Result;
4265:             1             88  [Lcom.altratek.altraserver.extensions.service.material.helper.AuditLogCollectorHelper$OpType;
4266:             1             88  [Lcom.altratek.altraserver.extensions.service.pjx.equipmentmaterial.UseItem;
4267:             1             88  [Lcom.pjx.battle.server.battle.buff.BuffFeature$DecTimesOccasion;
4268:             1             88  [Lcom.pjx.battle.server.battle.buff.ext.BuffCreateOccasionsBuffFactory$MyEffectSide;
4269:             1             88  [Ljxl.biff.CountryCode;
4270:             1             88  [Lsun.security.util.ObjectIdentifier;
4271:             1             88  [[Ljava.lang.Byte;
4272:             1             88  com.altratek.altraserver.extensions.service.activity.bingcheng.BingChengConfig
4273:             1             88  com.altratek.altraserver.extensions.service.activity.fourheroking.FourHeroKingConfig
4274:             1             88  com.altratek.altraserver.extensions.service.activity.heronuoya.HeroNuoYaConfig
4275:             1             88  com.altratek.altraserver.extensions.service.activity.superanying.SuperAnYingConfig
4276:             1             88  com.altratek.altraserver.extensions.service.activity.yanbupo.YanBuPoConfig
4277:             1             88  com.altratek.altraserver.extensions.service.fight.activity.hotbloodmengmengsuperevolve.HotBloodMengMengSuperEvolveConfig
4278:             1             88  com.altratek.altraserver.extensions.service.fight.activity.yingdragon.YingDragonConfig
4279:             1             88  com.altratek.altraserver.extensions.service.timeliness_activity.act.act2017.act20170505.lucklylottery.LucklyLotteryConfig$BonusConfig
4280:             1             88  com.altratek.altraserver.extensions.service.union.UnionDao
4281:             1             88  java.util.logging.FileHandler
4282:             1             88  sun.misc.Launcher$ExtClassLoader
4283:             2             80  [Lcom.altratek.altraserver.extensions.service.activity.diamondexchange.wxlversion.prize.IPrize;
4284:             5             80  [Lcom.altratek.altraserver.extensions.service.boss.UserBossInfo;
4285:             2             80  [Lcom.altratek.altraserver.extensions.service.configurable_activity.Balance_Strength$StrengthType;
4286:             2             80  [Lcom.altratek.altraserver.extensions.service.configurable_activity.ConfigurableActivityTypeAggregate$ActivityBehaviorType;
4287:             2             80  [Lcom.altratek.altraserver.extensions.service.configurable_activity.ConfigurableActivityTypeAggregate$BindingType;
4288:             2             80  [Lcom.altratek.altraserver.extensions.service.configurable_activity.ConfigurableActivityTypeAggregate$ContextTempBalanceType;
4289:             2             80  [Lcom.altratek.altraserver.extensions.service.configurable_activity.ConfigurableActivityTypeAggregate$DoneCountCompareLimitType;
4290:             2             80  [Lcom.altratek.altraserver.extensions.service.configurable_activity.ConfigurableActivityTypeAggregate$PetBalanceType;
4291:             2             80  [Lcom.altratek.altraserver.extensions.service.configurable_activity.ConfigurableActivityTypeAggregate$PetLimitType;
4292:             2             80  [Lcom.altratek.altraserver.extensions.service.configurable_activity.ConfigurableActivityTypeAggregate$TodayDoneCountBalanceType;
4293:             2             80  [Lcom.altratek.altraserver.extensions.service.configurable_activity.ConfigurableActivityTypeAggregate$VipLimitType;
4294:             1             80  [Lcom.altratek.altraserver.extensions.service.farm.CropTableCol;
4295:             1             80  [Lcom.altratek.altraserver.extensions.service.fight.activity.nuoyanewsuperevolve.NuoYaNewSuperEvolveResult;
4296:             2             80  [Lcom.altratek.altraserver.extensions.service.pjx.systemhirepet.HirePetActivity;
4297:             1             80  [Lcom.altratek.altraserver.extensions.service.timelinessactivity.newhandpowerup.NewHandPowerUpTask;
4298:             2             80  [Lcom.altratek.altraserver.extensions.service.union.activity.sign.USSignActivityConfig$CommonPrize;
4299:             2             80  [Lcom.altratek.altraserver.extensions.service.union.activity.sign.USSignActivityConfig$ZDLPrize;
4300:             2             80  [Lcom.altratek.altraserver.extensions.service.vip.VipYearType;
4301:             2             80  [Lcom.mysql.jdbc.StringUtils$SearchMode;
4302:             2             80  [Lcom.pjx.battle.server.battle.buff.DoEffectFactory_Counter$CompareOperate;
4303:             2             80  [Lcom.pjx.battle.server.battle.buff.ext.ClearBuffByBuffBenefitBuffFactory$Occasion;
4304:             2             80  [Lcom.pjx.battle.server.battle.buff.ext.HpCompareAddBuffBuffFactory$CompareType;
4305:             2             80  [Lcom.pjx.common.daobase.define.ColumnType;
4306:             2             80  [Lcom.pjx.rmi.obj.chat.ChatType;
4307:             2             80  [Lcom.pjx.rmi.obj.chat.ChatUseType;
4308:             1             80  [Lcom.pjx.service.union.IColName$MemberCol;
4309:             1             80  [Ljava.time.temporal.ChronoUnit;
4310:             2             80  [Ljava.util.stream.StreamOpFlag$Type;
4311:             5             80  com.altratek.altraserver.extensions.service.achievement.detectext.A_DetectEmpty$DetectProgressEmpty
4312:             1             80  com.altratek.altraserver.extensions.service.activity.aoqichamberlain.AoqiChamberlainDao
4313:             5             80  com.altratek.altraserver.extensions.service.activity.callback.cb20170630.CB170630Task
4314:             2             80  com.altratek.altraserver.extensions.service.activity.cow_devil.CowDevilMonsterDefine$Character
4315:             1             80  com.altratek.altraserver.extensions.service.activity.peipeigaoget.PeiPeiGaoGetConfig
4316:             2             80  com.altratek.altraserver.extensions.service.activity.personalboss.PersonalBossDefine$MonsterCharacter
4317:             1             80  com.altratek.altraserver.extensions.service.activity.shenchongzhizun.ShenChongZhiZunManager
4318:             1             80  com.altratek.altraserver.extensions.service.activity.shimmeryfairy.ShimmeryFairyManager
4319:             1             80  com.altratek.altraserver.extensions.service.activity.xiaoyanevolve.thesecondtrain.TheSecondTrainManager
4320:             2             80  com.altratek.altraserver.extensions.service.aoqilabel.SimpleLabel
4321:             1             80  com.altratek.altraserver.extensions.service.arena.globalarena.summerarena.SummerArenaDao
4322:             5             80  com.altratek.altraserver.extensions.service.challenge.act.act101.Act101Config$LotteryDefine
4323:             2             80  com.altratek.altraserver.extensions.service.challenge.extprocessor.Ext_PutPetMarkOneOff
4324:             2             80  com.altratek.altraserver.extensions.service.challenge.teamselecter.Selecter_ChoosePet
4325:             2             80  com.altratek.altraserver.extensions.service.challenge.teamselecter.Selecter_LinearBoss
4326:             2             80  com.altratek.altraserver.extensions.service.configurable_activity.Balance_ChallengeLongTimeValue
4327:             1             80  com.altratek.altraserver.extensions.service.family.FamilyDefine
4328:             1             80  com.altratek.altraserver.extensions.service.fight.activity.angelheartsuperevolve.AngelHeartSuperEvolveConfig
4329:             1             80  com.altratek.altraserver.extensions.service.fight.activity.duolaevolve.DuoLaEvolveConfig
4330:             1             80  com.altratek.altraserver.extensions.service.fight.activity.gamengmengsuperevolve.GAMengMengSuperEvolveConfig
4331:             1             80  com.altratek.altraserver.extensions.service.fight.activity.huanhuangsupergodevolve.HuanHuangSuperGodEvolveConfig
4332:             1             80  com.altratek.altraserver.extensions.service.fight.activity.qianniaosuperevolve.QianNiaoSuperEvolveConfig
4333:             1             80  com.altratek.altraserver.extensions.service.fight.activity.shikongsuperevolve.ShiKongConfig
4334:             1             80  com.altratek.altraserver.extensions.service.heroisland.buff.ext.LeaderSkill_AtcIncWhenHasSpecialPet
4335:             2             80  com.altratek.altraserver.extensions.service.mainpetultraevolve.lanluultraevolve.LanLuDataDefine$PlayGameConfig
4336:             1             80  com.altratek.altraserver.extensions.service.master_apprenticev2.MasterApprenticeV2Config
4337:             2             80  com.altratek.altraserver.extensions.service.material.extend.perioditem.PeriodItem
4338:             2             80  com.altratek.altraserver.extensions.service.material.service.use.ext.UseHandler_SingleMultiExp
4339:             2             80  com.altratek.altraserver.extensions.service.pay.DiamondConsumeTarget
4340:             5             80  com.altratek.altraserver.extensions.service.pay.activity.diamondexchange.DiamondExchangeSetGain
4341:             2             80  com.altratek.altraserver.extensions.service.petpark.fossilbreed.db.FossilInfo
4342:             5             80  com.altratek.altraserver.extensions.service.pjx.stargod.StarGodLocation
4343:             5             80  com.altratek.altraserver.extensions.service.rankv2.entity.HomelandConvertV2
4344:             5             80  com.altratek.altraserver.extensions.service.rankv2.entity.UserWithHomelandConvert
4345:             2             80  com.altratek.altraserver.extensions.service.routine.RoutineMonsterXmlConfig$RoutineMonster
4346:             5             80  com.altratek.altraserver.extensions.service.routine.limit.ZeroIncomeLimit
4347:             2             80  com.altratek.altraserver.extensions.service.routine.process.SwitchProcess
4348:             2             80  com.altratek.altraserver.extensions.service.superstar.boysandgirls.BoyOrGirl
4349:             2             80  com.altratek.altraserver.extensions.service.temp.prize.LongTimeDoneSetPrize
4350:             1             80  com.altratek.altraserver.extensions.service.tempactivity.encounter20130830.DataDefine
4351:             2             80  com.altratek.altraserver.extensions.service.tempactivity.wumangbattle.mingyezhuiying.MingYeZhuiYingConfig$Stage1
4352:             2             80  com.altratek.altraserver.extensions.service.timeliness_activity.act.act2017.act20170120.goldbeantree.Glove
4353:             2             80  com.altratek.altraserver.extensions.service.timeliness_activity.act.act2017.act20170922.petgiftdraw.PetBonus
4354:             2             80  com.altratek.altraserver.extensions.service.timeliness_activity.act.act2017.act20170929.gainpandora.GainPandoraConfig$StrengthenPrize
4355:             2             80  com.altratek.altraserver.extensions.service.timeliness_activity.act.act2017.act20170929.rabbitgodgodjob.RabbitGodGodJobConfig$MoonCake
4356:             2             80  com.altratek.altraserver.extensions.service.union.UnionSimpleInfo
4357:             1             80  com.altratek.altraserver.extensions.service.userdisplay.UserDisplayPKService
4358:             5             80  com.altratek.altraserver.extensions.service.vip.activity.va130823.VipActivity130823Config$GiftBag
4359:             5             80  com.altratek.altraserver.extensions.service.vip.activity.viporder.VipOrderInfo
4360:             2             80  com.altratek.altraserver.util.ServerStat$Counters
4361:             5             80  com.caucho.hessian.io.JavaDeserializer$StringFieldDeserializer
4362:             5             80  com.pjx.battle.server.battle.buff.DoEffectFactory_AttackFrom
4363:             5             80  com.pjx.battle.server.battle.buff.DoEffectFactory_CasterFullPokemon
4364:             5             80  com.pjx.battle.server.battle.buff.DoEffectFactory_CasterTargetFormationSame
4365:             2             80  com.pjx.battle.server.battle.buff.ext.FlexRateImmunityBuffFactory
4366:             2             80  com.pjx.battle.server.battle.buff.ext.HPTransferBuffFactory
4367:             2             80  com.pjx.battle.server.battle.buff.ext.HasRaceIdThenAddBuffBuffFactory
4368:             2             80  com.pjx.battle.server.battle.buff.ext.Id2802BuffFactory
4369:             2             80  com.pjx.battle.server.battle.buff.ext.Id4714_4715BuffFactory
4370:             2             80  com.pjx.battle.server.battle.buff.ext.Id7019BuffFactory$IncConfig
4371:             2             80  com.pjx.battle.server.battle.buff.ext.SuckMaxHPBuffFactory
4372:             2             80  com.pjx.battle.server.battle.skill.ext.Sk_AddBuffIfHasBuff
4373:             5             80  com.pjx.battle.server.battle.target.Target_EnemySide_Random
4374:             1             80  com.pjx.module.define.PJXCommonModuleDefineManager
4375:             2             80  com.pjx.rmi.obj.bestpetrank.BestPetRankInfo
4376:             2             80  com.pjx.service.globalarena.GlobalArenaMcService
4377:             2             80  com.sun.jmx.mbeanserver.DefaultMXBeanMappingFactory$TabularMapping
4378:             5             80  com.sun.proxy.$Proxy1
4379:             5             80  com.sun.proxy.$Proxy2
4380:             5             80  com.sun.proxy.$Proxy73
4381:             2             80  java.io.ExpiringCache
4382:             2             80  java.lang.reflect.InvocationTargetException
4383:             2             80  java.util.Collections$SingletonMap
4384:             2             80  java.util.Formatter$FormatSpecifier
4385:             2             80  java.util.Locale$Category
4386:             2             80  java.util.PropertyResourceBundle
4387:             5             80  java.util.concurrent.Executors$FinalizableDelegatedExecutorService
4388:             2             80  sun.management.MemoryManagerImpl
4389:             2             80  sun.security.provider.DSAPublicKeyImpl
4390:             2             80  sun.security.rsa.RSAPublicKeyImpl
4391:             1             72  [Lcom.alibaba.fastjson.parser.Feature;
4392:             3             72  [Lcom.altratek.altraserver.extensions.service.activity.bamboo.Monster$MonsterCharacter;
4393:             2             72  [Lcom.altratek.altraserver.extensions.service.activity.callback.cb20160311.Days30BackHirePetConfig$StarGodInfo;
4394:             1             72  [Lcom.altratek.altraserver.extensions.service.activity.stargodpet.OperationResult;
4395:             1             72  [Lcom.altratek.altraserver.extensions.service.buddy.nearbuddy.familarity.FamilarityItem;
4396:             1             72  [Lcom.altratek.altraserver.extensions.service.fight.activity.hotbloodmengmengsuperevolve.HotBloodMengMengSuperEvolveHandler$Result;
4397:             1             72  [Lcom.altratek.altraserver.extensions.service.fight.helper.myplayer.MyPlayer;
4398:             2             72  [Lcom.altratek.altraserver.extensions.service.greatsearoute.SeaEvent;
4399:             1             72  [Lcom.altratek.altraserver.extensions.service.pjx.kingroad150515.KingHallConfig$FormationType;
4400:             1             72  [Lcom.altratek.altraserver.extensions.service.timeliness_activity.act.act2017.act20170217.clergystar.ClergyStarHandler$Result;
4401:             1             72  [Lcom.altratek.altraserver.extensions.service.timelinessactivity.chenchenpartner.ChenChenPartnerHandler$Result;
4402:             1             72  [Lcom.altratek.altraserver.extensions.service.timelinessactivity.petskin.summary.PetSkinEnum;
4403:             3             72  [Lcom.pjx.battle.server.battle.buff.DoEffectFactory_CasterTargetHasNotBuffs$AndItem;
4404:             1             72  [Lcom.pjx.battle.server.battle.buff.ext.BuffCreateV2BuffFactory$MyEffectSide;
4405:             3             72  [Lcom.pjx.rmi.obj.bestpetrank.BestPetRankSortType;
4406:             1             72  [Lcom.sun.org.apache.xml.internal.dtm.ref.ExtendedType;
4407:             1             72  [Ljava.lang.invoke.LambdaFormEditor$Transform$Kind;
4408:             3             72  [Ljava.net.InetAddress;
4409:             1             72  [Ljavax.management.openmbean.SimpleType;
4410:             2             72  [Lsun.security.jca.ProviderConfig;
4411:             1             72  com.alibaba.fastjson.util.ASMClassLoader
4412:             3             72  com.altratek.altraserver.extensions.event.AsynEventProcessPriority
4413:             3             72  com.altratek.altraserver.extensions.event.SynEventProcessPriority
4414:             1             72  com.altratek.altraserver.extensions.msgs.PostOffice
4415:             3             72  com.altratek.altraserver.extensions.reload.CommonReloaders$DbOutputReloader
4416:             3             72  com.altratek.altraserver.extensions.service.achievement.detectext.A_DetectAchieveProgress$DetectProgressAchieveProgress
4417:             3             72  com.altratek.altraserver.extensions.service.achievement.detectext.A_DetectArenaContCount$DetectProgressArenaContCount
4418:             3             72  com.altratek.altraserver.extensions.service.achievement.detectext.A_DetectHuangDeShengYan$DetectHuangDeShengYan
4419:             3             72  com.altratek.altraserver.extensions.service.activity.aoqisecretcompete.AoqiSecretCompeteConfig$Activity
4420:             3             72  com.altratek.altraserver.extensions.service.activity.aoqisecretcompete.AoqiSecretCompeteConfig$Time
4421:             3             72  com.altratek.altraserver.extensions.service.activity.callback.cb20150902.ThirtyDaysBackConfig$BonusDefine
4422:             3             72  com.altratek.altraserver.extensions.service.activity.cookgod.xml.PrizeType
4423:             1             72  com.altratek.altraserver.extensions.service.activity.dragonboat.DragonBoatConfig
4424:             1             72  com.altratek.altraserver.extensions.service.activity.dreamdevilfight.shenyuan.ShenYuanConfig
4425:             3             72  com.altratek.altraserver.extensions.service.activity.holyweenfullvldeliver.DiffRate
4426:             3             72  com.altratek.altraserver.extensions.service.activity.holyweenfullvldeliver.HolyweenFullLvlDeliverFight
4427:             3             72  com.altratek.altraserver.extensions.service.activity.holyweenfullvldeliver.PetsRate
4428:             1             72  com.altratek.altraserver.extensions.service.activity.konghuangstrength.KongHuangStrengthManager
4429:             1             72  com.altratek.altraserver.extensions.service.activity.leiyan.LieYanConfig
4430:             1             72  com.altratek.altraserver.extensions.service.activity.linzun.LingZunConfig
4431:             1             72  com.altratek.altraserver.extensions.service.activity.luosa.LuoSaService
4432:             3             72  com.altratek.altraserver.extensions.service.activity.luosa.MonsterTeam$AddBuff
4433:             3             72  com.altratek.altraserver.extensions.service.activity.michelin.FoodDefine
4434:             1             72  com.altratek.altraserver.extensions.service.activity.sendgodpet.SendGodPetConfig
4435:             3             72  com.altratek.altraserver.extensions.service.activity.sixonecoloregg.SixOneColorEggConfig$RandPet
4436:             3             72  com.altratek.altraserver.extensions.service.activity.weizhentianxiamerge.WeiZhenTianXiaMergeHandler$PhaseType
4437:             1             72  com.altratek.altraserver.extensions.service.activity.xiaohuanheyuanxiao.XiaoHuanHeYuanXiaoConfig
4438:             1             72  com.altratek.altraserver.extensions.service.activity.yuanguwuwangdeliver.YuanGuWuWangDeliverConfig
4439:             1             72  com.altratek.altraserver.extensions.service.allroundpk.AllRoundPKConfig
4440:             3             72  com.altratek.altraserver.extensions.service.allroundpk.AllRoundPKMessage$MsgState
4441:             3             72  com.altratek.altraserver.extensions.service.arena.globalarena.VictoryOrDefeat
4442:             3             72  com.altratek.altraserver.extensions.service.arena.globalarena.dragonfight.ArenaDragonFightHandler$Result
4443:             3             72  com.altratek.altraserver.extensions.service.card.CardLimitFactory_CardAnyOneOff
4444:             3             72  com.altratek.altraserver.extensions.service.card.CardLimitFactory_DailyCounterLimit
4445:             3             72  com.altratek.altraserver.extensions.service.challenge.buffgetter.ext.BuffGetter_102_AddEnemyBuff
4446:             3             72  com.altratek.altraserver.extensions.service.challenge.buffgetter.ext.BuffGetter_20_AddBossBuff
4447:             3             72  com.altratek.altraserver.extensions.service.challenge.buffgetter.ext.BuffGetter_64_AddMyBuff
4448:             3             72  com.altratek.altraserver.extensions.service.challenge.buffgetter.ext.BuffGetter_64_AddMyBuff$Buff
4449:             3             72  com.altratek.altraserver.extensions.service.challenge.buffgetter.ext.BuffGetter_77_AddEnemyBuff$BuffDefine
4450:             3             72  com.altratek.altraserver.extensions.service.challenge.extprocessor.ext.Ext_130_ChoosePets$Config$HelperDefine
4451:             3             72  com.altratek.altraserver.extensions.service.challenge.extprocessor.ext.Ext_59_ExpandRange$ExpandConfig
4452:             3             72  com.altratek.altraserver.extensions.service.challenge.occasion.ext.Occasion_42_Handler$PhaseDefine
4453:             3             72  com.altratek.altraserver.extensions.service.challenge.occasion.ext.Occasion_95_Handler$Range
4454:             3             72  com.altratek.altraserver.extensions.service.challenge.occasion.ext.Occasion_95_Handler$RankBonusDefine
4455:             3             72  com.altratek.altraserver.extensions.service.challenge.strategy.Strategy_Period
4456:             3             72  com.altratek.altraserver.extensions.service.chat.ext.timingnotice.TimingNoticeManager$NoticeType
4457:             3             72  com.altratek.altraserver.extensions.service.competev2.CompeteRankV2Info
4458:             3             72  com.altratek.altraserver.extensions.service.configurable_activity.Balance_PixelLostCity
4459:             3             72  com.altratek.altraserver.extensions.service.configurable_activity.ConfigurableActivityTypeAggregate$ActionCalledType
4460:             3             72  com.altratek.altraserver.extensions.service.configurable_activity.ConfigurableActivityTypeAggregate$ContextParamType
4461:             3             72  com.altratek.altraserver.extensions.service.configurable_activity.ConfigurableActivityTypeAggregate$DateTimeType
4462:             3             72  com.altratek.altraserver.extensions.service.configurable_activity.ConfigurableActivityTypeAggregate$DoneCountBalanceValueType
4463:             3             72  com.altratek.altraserver.extensions.service.configurable_activity.ConfigurableActivityTypeAggregate$LongTimeDoneCountBalanceType
4464:             3             72  com.altratek.altraserver.extensions.service.configurable_activity.ConfigurableActivityTypeAggregate$NowType
4465:             3             72  com.altratek.altraserver.extensions.service.configurable_activity.ConfigurableActivityTypeAggregate$TaskLimitType
4466:             3             72  com.altratek.altraserver.extensions.service.configurable_activity.ConfigurableActivityTypeAggregate$ValueOriginType
4467:             3             72  com.altratek.altraserver.extensions.service.detect.DetectorArenaChallenge$DetectProgressArenaChallenge
4468:             3             72  com.altratek.altraserver.extensions.service.farm.Crop$CropState
4469:             3             72  com.altratek.altraserver.extensions.service.fight.activity.aresgodjob.AresGodJobConfig$StageConfig
4470:             1             72  com.altratek.altraserver.extensions.service.fight.activity.baibansuperevolve.BaiBanSuperEvolveConfig
4471:             1             72  com.altratek.altraserver.extensions.service.fight.activity.darkmengmengsuperevolve.DarkMengMengSuperEvolveConfig
4472:             1             72  com.altratek.altraserver.extensions.service.fight.activity.dishitiansuperevolve.DSTSuperEvolveConfig
4473:             3             72  com.altratek.altraserver.extensions.service.fight.activity.hantiansupergodevolve.HanTianSuperGodEvolveConfig$OneKeyPassStage
4474:             3             72  com.altratek.altraserver.extensions.service.fight.activity.hantiansupergodevolve.HanTianSuperGodEvolveConfig$StageConfig
4475:             3             72  com.altratek.altraserver.extensions.service.fight.activity.miqilinevolve.MiQiLinEvolveConfig$ImproveBuffDefine
4476:             1             72  com.altratek.altraserver.extensions.service.fight.activity.moonshadowevolve.MoonShadowEvolveCofig
4477:             3             72  com.altratek.altraserver.extensions.service.fight.activity.mrsuperfight.MrSuperFightConfig$StageConfig
4478:             3             72  com.altratek.altraserver.extensions.service.fight.activity.oddimmortal.OddImmortalConfig$StageDefine
4479:             3             72  com.altratek.altraserver.extensions.service.fight.activity.sgflsuperevolution.SgflsuperevolutionConfig$StageDefine
4480:             1             72  com.altratek.altraserver.extensions.service.fight.activity.whitetigersuperevolve.WhiteTigerSuperEvolveConfig
4481:             3             72  com.altratek.altraserver.extensions.service.fight.activity.whitetigersuperevolve.WhiteTigerSuperEvolveConfig$StageDefine
4482:             3             72  com.altratek.altraserver.extensions.service.fight.activity.yeyeevolve.YeyeEvolveConfig$StageDefine
4483:             3             72  com.altratek.altraserver.extensions.service.freshman.ContLoginDefine
4484:             3             72  com.altratek.altraserver.extensions.service.greatsearoute.SeaEventEffect
4485:             3             72  com.altratek.altraserver.extensions.service.heroisland.buff.ext.LeaderSkill_AtcIncWhenHasSpecialPet$HeroAttributeClazz
4486:             1             72  com.altratek.altraserver.extensions.service.heroisland.buff.ext.LeaderSkill_HpAffectAttack
4487:             1             72  com.altratek.altraserver.extensions.service.heroisland.buff.ext.LeaderSkill_ReboundDamage
4488:             1             72  com.altratek.altraserver.extensions.service.homeland.HomeLandDao
4489:             3             72  com.altratek.altraserver.extensions.service.house.HouseVisitType
4490:             1             72  com.altratek.altraserver.extensions.service.mainpetultraevolve.dragonultraevolve.DragonDataDefine
4491:             3             72  com.altratek.altraserver.extensions.service.master_apprenticev2.MasterApprenticeV2Dao$CandidateInfo
4492:             3             72  com.altratek.altraserver.extensions.service.material.bonus.ListBonus
4493:             3             72  com.altratek.altraserver.extensions.service.material.extend.clothes.ClothCollectService$SuitPrize
4494:             3             72  com.altratek.altraserver.extensions.service.pay.DiamondExchangeType
4495:             1             72  com.altratek.altraserver.extensions.service.petpark.archlgy.ArchlgyConfig
4496:             3             72  com.altratek.altraserver.extensions.service.petpark.archlgy.ArchlgyConfig$DigTimesAndBonus
4497:             3             72  com.altratek.altraserver.extensions.service.petpark.fossilbreed.define.PrimaryActivate
4498:             3             72  com.altratek.altraserver.extensions.service.petpark.petfeedplan.PetFeedPlanConfig$PetFeedLottery
4499:             1             72  com.altratek.altraserver.extensions.service.pjx.base.define.StorablePlayer
4500:             3             72  com.altratek.altraserver.extensions.service.pjx.battle.EffectSide
4501:             3             72  com.altratek.altraserver.extensions.service.pjx.battle.define.BattleSceneCreepLimit$IncType
4502:             3             72  com.altratek.altraserver.extensions.service.pjx.creature.pet.petcontract.MaterialConsumeInfo$ConsumeType
4503:             1             72  com.altratek.altraserver.extensions.service.pjx.kingroad150515.KingRoad150515Config
4504:             3             72  com.altratek.altraserver.extensions.service.pjx.stargod.StarGodHelper$OpenCollectGridConfig
4505:             3             72  com.altratek.altraserver.extensions.service.pjx.stargod.guarder.SGG_BossDefine$SGG_Monster_Guarder
4506:             3             72  com.altratek.altraserver.extensions.service.routine.RoutineMonsterXmlConfig$Character
4507:             3             72  com.altratek.altraserver.extensions.service.routine.selector.OneoffSelector
4508:             3             72  com.altratek.altraserver.extensions.service.section.function.PetStarGodsFunction
4509:             3             72  com.altratek.altraserver.extensions.service.section.function.SetGainFunction
4510:             3             72  com.altratek.altraserver.extensions.service.section.predicate.SetGainPredicate
4511:             3             72  com.altratek.altraserver.extensions.service.singleboss.SingleBossOneOffKey
4512:             3             72  com.altratek.altraserver.extensions.service.singleboss.djinn.DjinnPhase
4513:             3             72  com.altratek.altraserver.extensions.service.temp.prize.CommonBonusPrize
4514:             3             72  com.altratek.altraserver.extensions.service.tempactivity.doctor.DoctorConfig$AddOccasion
4515:             3             72  com.altratek.altraserver.extensions.service.tempactivity.knighterrant20140124.KnightErrantConfig$GateType
4516:             3             72  com.altratek.altraserver.extensions.service.tempactivity.mediumpetseries.jixing.JiXingConfig$JiXingBoss
4517:             3             72  com.altratek.altraserver.extensions.service.tempactivity.wuyuetianultraevolve20140228.Const$TestInfo
4518:             3             72  com.altratek.altraserver.extensions.service.tempactivity.xiunuocombine.XiuNuoCombineConfig$PetTypeDefine
4519:             3             72  com.altratek.altraserver.extensions.service.texaspoker.PokerUserInfo
4520:             3             72  com.altratek.altraserver.extensions.service.timeliness_activity.act.act2016.act20160513.allpeoplelottery.AllPeopleLotteryConfig$Range
4521:             3             72  com.altratek.altraserver.extensions.service.timeliness_activity.act.act2017.act20170210.firemap.FightActivity
4522:             3             72  com.altratek.altraserver.extensions.service.timeliness_activity.act.act2017.act20170505.heropetslottery.HeroPetsLotteryConst$PetDefine
4523:             3             72  com.altratek.altraserver.extensions.service.timeliness_activity.act.act2017.act20170728.magicformation.MagicFormationInfo
4524:             3             72  com.altratek.altraserver.extensions.service.timeliness_activity.act.act2017.act20170908.luciferpay.LuciferPayConfig$GoodsPackage
4525:             3             72  com.altratek.altraserver.extensions.service.timeliness_activity.act.act2017.act20171006.natureforguyaowang.NatureForGuYaoWangConfig$VerifyDefine
4526:             1             72  com.altratek.altraserver.extensions.service.timelinessactivity.chenchenpartner.ChenChenPartnerConfig
4527:             3             72  com.altratek.altraserver.extensions.service.timelinessactivity.classicspet.bounsconfig.EquipmentBonus$EquipmentRange
4528:             3             72  com.altratek.altraserver.extensions.service.timelinessactivity.diamondsword.DiamondSwordConfig$DiamondSwordPrize
4529:             1             72  com.altratek.altraserver.extensions.service.timelinessactivity.godspoor.GodSpoorReaderXml
4530:             3             72  com.altratek.altraserver.extensions.service.timelinessactivity.kingofbrightness.DataConfig$FengYinBlockDefine
4531:             3             72  com.altratek.altraserver.extensions.service.timelinessactivity.kingofbrightness.FengYinBlockInfo$BeatState
4532:             3             72  com.altratek.altraserver.extensions.service.timelinessactivity.luckysuperevovle.fight.LuckyFightConfig$Range
4533:             3             72  com.altratek.altraserver.extensions.service.timelinessactivity.newhandpowerup.NewHandPowerUpInfo
4534:             3             72  com.altratek.altraserver.extensions.service.timelinessactivity.petskin.summary.ext.SkinCanBuyCommonWrapper
4535:             3             72  com.altratek.altraserver.extensions.service.timelinessactivity.powerup23w5.PowerUp23w5Info
4536:             3             72  com.altratek.altraserver.extensions.service.userbuff.UserBuffActionFixedEndDateTime$UserBuffActionCreator_FixedEndDateTime
4537:             3             72  com.altratek.altraserver.extensions.service.vip.activity.val140101.firstcharge.FirstChargeConfig$PrizeInfo
4538:             3             72  com.altratek.altraserver.extensions.service.vip.activity.val2014.GodRacePet
4539:             3             72  com.altratek.altraserver.extensions.service.vip.activity.val2014.VipEndDateChoiceMaterialPrize
4540:             3             72  com.baitian.aoqi.client.ServiceProxy$MyProxy
4541:             3             72  com.baitian.app.common.server.MethodSign
4542:             3             72  com.baitian.heartbeat.data.ActiveUrl
4543:             3             72  com.baitian.heartbeat.data.UrlInfo
4544:             3             72  com.caucho.hessian.io.MapDeserializer
4545:             3             72  com.caucho.hessian.io.SqlDateDeserializer
4546:             3             72  com.pjx.adapter.battle.rmi.obj.PlayerType
4547:             3             72  com.pjx.battle.server.battle.buff.DoEffectFactory_AttackFrom$AttackFrom
4548:             3             72  com.pjx.battle.server.battle.buff.DoEffectFactory_CasterTargetHasNotBuffs
4549:             3             72  com.pjx.battle.server.battle.buff.DoEffectFactory_CasterTargetHasNotBuffs$AndItem
4550:             3             72  com.pjx.battle.server.battle.buff.DoEffectFactory_CasterTargetHasNotBuffs$OrItem
4551:             3             72  com.pjx.battle.server.battle.buff.DoEffectFactory_CasterTargetRaceTypeV2
4552:             3             72  com.pjx.battle.server.battle.buff.DoEffectFactory_Common$BooleanOperate
4553:             3             72  com.pjx.battle.server.battle.buff.ext.AddBuffToSummonBuffFactory
4554:             3             72  com.pjx.battle.server.battle.buff.ext.ChangeFinalDamageBuffFactory
4555:             3             72  com.pjx.battle.server.battle.buff.ext.CopyPropertyBuffFactory
4556:             3             72  com.pjx.battle.server.battle.buff.ext.CriticalThenAddBuffBuffFactory
4557:             3             72  com.pjx.battle.server.battle.buff.ext.HP4281BuffFactory
4558:             3             72  com.pjx.battle.server.battle.buff.ext.Id2675BuffFactory$EffectState
4559:             3             72  com.pjx.battle.server.battle.buff.ext.Id2709BuffFactory
4560:             3             72  com.pjx.battle.server.battle.buff.ext.Id2992BuffFactory$EffectState
4561:             3             72  com.pjx.battle.server.battle.buff.ext.Id4633BuffFactory
4562:             3             72  com.pjx.battle.server.battle.buff.ext.Id5362_5374BuffFactory
4563:             3             72  com.pjx.battle.server.battle.buff.ext.Id5571_5574BuffFactory
4564:             3             72  com.pjx.battle.server.battle.buff.ext.Id6097_6101BuffFactory
4565:             3             72  com.pjx.battle.server.battle.buff.ext.Id6515_17BuffFactory
4566:             3             72  com.pjx.battle.server.battle.buff.ext.Id7020BuffFactory
4567:             3             72  com.pjx.battle.server.battle.buff.ext.PoisionV2BuffFactory$DamageConfig
4568:             1             72  com.pjx.battle.server.battle.buff.ext.PowerChangeByVigourBuffFactory$PowerChange
4569:             3             72  com.pjx.battle.server.battle.buff.ext.PowerRangeChangeBuffFactory$ValueType
4570:             3             72  com.pjx.battle.server.battle.buff.ext.PropertyFixImmuneBuffFactory$FixEffectType
4571:             3             72  com.pjx.battle.server.battle.buff.ext.PropertyTransferBuffFactory$TransferDirection
4572:             3             72  com.pjx.battle.server.battle.buff.ext.ReviveAndAddBuffBuffFactory
4573:             1             72  com.pjx.battle.server.battle.buff.ext.SuckProperty2PropertyV2BuffFactory$SuckPropertyConfig
4574:             3             72  com.pjx.battle.server.battle.buff.ext.SuckX2PropertyBuffFactory$ToHpConfig
4575:             3             72  com.pjx.battle.server.battle.fight.FightType
4576:             3             72  com.pjx.battle.server.battle.item.ItemDefine$Type
4577:             3             72  com.pjx.battle.server.battle.skill.affix.LimitFactory_IfHasBuff$MyTargetType
4578:             3             72  com.pjx.battle.server.battle.skill.affix.LimitFactory_IfNoBuff$MyTargetType
4579:             3             72  com.pjx.battle.server.battle.skill.affix.LimitFactory_LogicExpression$LogicOperator
4580:             3             72  com.pjx.battle.server.battle.skill.ext.Sk_HealSL
4581:             3             72  com.pjx.battle.server.battle.skill.ext.Sk_HpCritical
4582:             3             72  com.pjx.battle.server.battle.skill.ext.Sk_HpCritical$HpCondition$HpNum
4583:             3             72  com.pjx.battle.server.battle.skill.ext.Sk_HpCritical$HpCondition$HpRate
4584:             3             72  com.pjx.battle.server.battle.skill.ext.Sk_SLAttack
4585:             3             72  com.pjx.battle.server.battle.skill.ext.Sk_ThrowAsUltimate
4586:             3             72  com.pjx.battle.server.battle.skill.summonskill.skilleffect.SkillEffectFactory_LogicExpression$LogicOperator
4587:             3             72  com.pjx.battle.server.battle.target4buff.BuffTarget_MySide_RaceType
4588:             3             72  com.pjx.battle.server.battle.validator.CharacterValidator$BuffCountExpress$Op
4589:             3             72  com.pjx.module.buff.skill.limit.LogicOperator
4590:             3             72  com.pjx.module.creature.stargod.CreatureStarGodSlot$SlotState
4591:             3             72  com.pjx.module.define.enumdefine.Gender
4592:             3             72  com.pjx.rmi.obj.buddomain.QualityType
4593:             3             72  com.pjx.rmi.obj.nobleclub.NobleState
4594:             3             72  com.pjx.service.compete2.CompeteV2Config$OpenDate
4595:             1             72  com.pjx.service.homeland.define.HomeLandDefine
4596:             3             72  com.pjx.service.pk.invite.event.InviteEventType
4597:             1             72  java.awt.geom.AffineTransform
4598:             3             72  java.lang.annotation.RetentionPolicy
4599:             3             72  java.net.Proxy$Type
4600:             3             72  java.security.KeyRep$Type
4601:             3             72  java.security.SecurityPermission
4602:             3             72  java.time.format.ResolverStyle
4603:             3             72  java.util.Base64$Encoder
4604:             1             72  java.util.ResourceBundle$RBClassLoader
4605:             3             72  java.util.concurrent.atomic.AtomicMarkableReference$Pair
4606:             1             72  java.util.logging.LogManager$RootLogger
4607:             3             72  java.util.stream.Collector$Characteristics
4608:             3             72  javax.crypto.CryptoPermissions
4609:             3             72  sun.misc.FloatingDecimal$ExceptionalBinaryToASCIIBuffer
4610:             3             72  sun.misc.Signal
4611:             3             72  sun.net.www.protocol.http.HttpURLConnection$TunnelState
4612:             3             72  sun.security.provider.NativePRNG$Variant
4613:             3             72  sun.security.x509.CertificateExtensions
4614:             3             72  sun.security.x509.CertificateValidity
4615:             1             72  sun.util.locale.provider.JRELocaleProviderAdapter
4616:             3             72  sun.util.resources.ParallelListResourceBundle$KeySet
4617:             2             64  [Lcom.altratek.altraserver.extensions.event.AsynEventProcessPriority;
4618:             2             64  [Lcom.altratek.altraserver.extensions.event.SynEventProcessPriority;
4619:             1             64  [Lcom.altratek.altraserver.extensions.service.activity.onlinedeliver160205.OnlineDeliver160205Handler$Result;
4620:             1             64  [Lcom.altratek.altraserver.extensions.service.aoqilabel.LabelType;
4621:             2             64  [Lcom.altratek.altraserver.extensions.service.challenge.extprocessor.Ext_PutPetMarkOneOff$Validater;
4622:             2             64  [Lcom.altratek.altraserver.extensions.service.competev2.CompeteRankV2BuilderType;
4623:             2             64  [Lcom.altratek.altraserver.extensions.service.configurable_activity.ConfigurableActivityTypeAggregate$ActionCalledType;
4624:             2             64  [Lcom.altratek.altraserver.extensions.service.configurable_activity.ConfigurableActivityTypeAggregate$ContextParamType;
4625:             2             64  [Lcom.altratek.altraserver.extensions.service.configurable_activity.ConfigurableActivityTypeAggregate$DateTimeType;
4626:             2             64  [Lcom.altratek.altraserver.extensions.service.configurable_activity.ConfigurableActivityTypeAggregate$DoneCountBalanceValueType;
4627:             2             64  [Lcom.altratek.altraserver.extensions.service.configurable_activity.ConfigurableActivityTypeAggregate$LongTimeDoneCountBalanceType;
4628:             2             64  [Lcom.altratek.altraserver.extensions.service.configurable_activity.ConfigurableActivityTypeAggregate$NowType;
4629:             2             64  [Lcom.altratek.altraserver.extensions.service.configurable_activity.ConfigurableActivityTypeAggregate$TaskLimitType;
4630:             2             64  [Lcom.altratek.altraserver.extensions.service.configurable_activity.ConfigurableActivityTypeAggregate$ValueOriginType;
4631:             2             64  [Lcom.altratek.altraserver.extensions.service.configurable_activity.ConfigurableActivityTypeAggregate$VipType;
4632:             1             64  [Lcom.altratek.altraserver.extensions.service.heroisland.buff.BuffType;
4633:             2             64  [Lcom.altratek.altraserver.extensions.service.heroisland.buff.ext.LeaderSkill_AtcIncWhenHasSpecialPet$HeroAttributeClazz;
4634:             2             64  [Lcom.altratek.altraserver.extensions.service.petbar.PetBarSortStrategy;
4635:             2             64  [Lcom.altratek.altraserver.extensions.service.timeliness_activity.act.act2016.act20161028.halloweentower.HalloweenTower;
4636:             1             64  [Lcom.altratek.altraserver.extensions.service.timeliness_activity.act.act2017.act20170120.sgflsuperjobevolve.SGFLSuperJobEvolveHandler$Result;
4637:             2             64  [Lcom.altratek.altraserver.extensions.service.timeliness_activity.act.act2017.act20170210.firemap.AddBuffStrategy;
4638:             1             64  [Lcom.altratek.altraserver.extensions.service.timeliness_activity.act.act2017.act20170217.newhandtask170217.NewHandTask170217Handler$Behavior;
4639:             1             64  [Lcom.altratek.altraserver.extensions.service.timeliness_activity.act.act2017.act20170922.petgiftdraw.PetGiftDrawConfig$DrawCost;
4640:             2             64  [Lcom.altratek.altraserver.extensions.service.timelinessactivity.aoqihotelwar.define.Friend;
4641:             2             64  [Lcom.altratek.altraserver.extensions.service.timelinessactivity.luckysuperevovle.fight.LuckyFightConfig$Difficulty;
4642:             1             64  [Lcom.altratek.altraserver.extensions.service.treasurehall.TreasureHallResult;
4643:             2             64  [Lcom.pjx.battle.server.battle.buff.DoEffectFactory_CasterTargetBuffNum$CompareType;
4644:             2             64  [Lcom.pjx.battle.server.battle.buff.DoEffectFactory_CasterTargetPetNum$CompareType;
4645:             2             64  [Lcom.pjx.battle.server.battle.buff.ext.AddVigourBuffFactory$AddTime;
4646:             2             64  [Lcom.pjx.battle.server.battle.fight.FightType;
4647:             2             64  [Lcom.pjx.battle.server.battle.helper.EffectSide;
4648:             2             64  [Lcom.pjx.battle.server.battle.result.ResultType;
4649:             2             64  [Lcom.pjx.battle.server.battle.skill.SkillDefine$SkillTypeLabel;
4650:             1             64  [Lcom.pjx.battle.server.battle.skill.round.RoundStates$SkillExecuteState;
4651:             2             64  [Lcom.pjx.battle.server.battle.validator.CharacterValidator$BuffCountExpress$Op;
4652:             2             64  [Lcom.pjx.service.globalarena.GlobalArenaZoneDefine$FightType;
4653:             2             64  [Lcom.pjx.service.homeland.HomeLandRole;
4654:             2             64  [Lcom.pjx.service.homeland.define.facility.MemberFacilityType;
4655:             2             64  [Lcom.pjx.service.homeland.homelandparty.HomeLandPartyPledegeState;
4656:             2             64  [Lcom.pjx.service.pk.invite.event.InviteEventType;
4657:             1             64  [Lcom.pjx.service.union.IColName$UnionCol;
4658:             2             64  [Ljava.lang.annotation.RetentionPolicy;
4659:             2             64  [Ljava.lang.ref.WeakReference;
4660:             2             64  [Ljava.security.KeyRep$Type;
4661:             1             64  [Ljava.text.DateFormat;
4662:             2             64  [Ljava.util.stream.Collector$Characteristics;
4663:             2             64  com.altratek.altraserver.PoolThreadFactory
4664:             1             64  com.altratek.altraserver.extensions.config.ProcessGlobalData
4665:             2             64  com.altratek.altraserver.extensions.msgs.PostOffice$SingleRouter
4666:             4             64  com.altratek.altraserver.extensions.mycache.write.WritableState
4667:             4             64  com.altratek.altraserver.extensions.service.accountbinding.AccountBindingHandler$Prize_CommonMaterial
4668:             2             64  com.altratek.altraserver.extensions.service.activity.callback.cb20170630.CB170630Const$FormulaDefine
4669:             2             64  com.altratek.altraserver.extensions.service.activity.cow_devil.CowDevilMonsterDefine$Monster
4670:             2             64  com.altratek.altraserver.extensions.service.activity.diamondexchange.DiamondExchangeConfig$BonusDefine
4671:             2             64  com.altratek.altraserver.extensions.service.activity.dreamdevilfight.shenyuan.ShenYuanConfig$ShenYuanLevelBoss
4672:             2             64  com.altratek.altraserver.extensions.service.activity.godracetypewake.PutMaterialType
4673:             2             64  com.altratek.altraserver.extensions.service.activity.holycreature.xiaotiantianshancombine.DataDefine$PutPetInfo
4674:             1             64  com.altratek.altraserver.extensions.service.activity.jipinzhandouli.JiPinZhanDouLiConfig
4675:             1             64  com.altratek.altraserver.extensions.service.activity.jipinzhandouliv2.JiPinZhanDouLiConfig
4676:             4             64  com.altratek.altraserver.extensions.service.activity.leiyan.event.BuffEvent
4677:             4             64  com.altratek.altraserver.extensions.service.activity.linzun.fight.FightMonsterTerm
4678:             2             64  com.altratek.altraserver.extensions.service.activity.personalboss.PersonalBossDefine$PersonalBossMonster
4679:             1             64  com.altratek.altraserver.extensions.service.activity.sanguo.rendespirit.RendeSpiritConfig
4680:             1             64  com.altratek.altraserver.extensions.service.activity.suikongsuperevolve.SuiKongEvolutionConfig
4681:             2             64  com.altratek.altraserver.extensions.service.activity.yeyuefight.fight.AttributeFight
4682:             2             64  com.altratek.altraserver.extensions.service.activity.yeyuefight.fight.EvolveFight
4683:             2             64  com.altratek.altraserver.extensions.service.allroundpk.AllRoundPKService$PkMode
4684:             2             64  com.altratek.altraserver.extensions.service.aoqilabel.RankType
4685:             1             64  com.altratek.altraserver.extensions.service.buddomain.BudDomainDao
4686:             4             64  com.altratek.altraserver.extensions.service.card.CardLimitFactory_DuoDuoKa
4687:             4             64  com.altratek.altraserver.extensions.service.card.CardLimitFactory_DuoDuoKa$CardLimit_DuoDuoKa
4688:             4             64  com.altratek.altraserver.extensions.service.card.CardLimitFactory_ListContainer
4689:             4             64  com.altratek.altraserver.extensions.service.card.CardLimitFactory_ListContainer$CardLimit_ListContainer
4690:             2             64  com.altratek.altraserver.extensions.service.challenge.buffgetter.ext.BuffGetter_111_AddEnemyBuff
4691:             4             64  com.altratek.altraserver.extensions.service.challenge.extprocessor.Ext_PutPetMarkOneOff$Validater$1$$Lambda$111/1265268762
4692:             2             64  com.altratek.altraserver.extensions.service.challenge.extprocessor.ext.Ext_107_GetClothes
4693:             2             64  com.altratek.altraserver.extensions.service.challenge.extprocessor.ext.Ext_20_ClearRound
4694:             4             64  com.altratek.altraserver.extensions.service.challenge.finishcondition.Condition_None
4695:             2             64  com.altratek.altraserver.extensions.service.challenge.prizeprocessor.Prize_SuperEvolve
4696:             2             64  com.altratek.altraserver.extensions.service.challenge.strategy.ext.Strategy_Custom101
4697:             2             64  com.altratek.altraserver.extensions.service.challenge.teamselecter.Selecter_LinearNoLost
4698:             2             64  com.altratek.altraserver.extensions.service.challenge.teamselecter.ext.Selecter_82_Selecter
4699:             2             64  com.altratek.altraserver.extensions.service.configurable_activity.MsgBoxListener
4700:             4             64  com.altratek.altraserver.extensions.service.detect.DetectorPetLevelUp$DetectProgressPetLevelUp
4701:             2             64  com.altratek.altraserver.extensions.service.family.FamilyCommonInfo
4702:             1             64  com.altratek.altraserver.extensions.service.farm.activity.fa130816.FarmActivity130816Config
4703:             2             64  com.altratek.altraserver.extensions.service.fight.activity.binglingwangevolve.ModeType
4704:             1             64  com.altratek.altraserver.extensions.service.fight.activity.leidunfight.LeiDunFightConfig
4705:             1             64  com.altratek.altraserver.extensions.service.fight.activity.lingfengfight.LingFengFightConfig
4706:             1             64  com.altratek.altraserver.extensions.service.fight.activity.liudaolunhuifight.LiuDaoLunHuiFightConfig
4707:             2             64  com.altratek.altraserver.extensions.service.fight.activity.lyhesuperevolve.LYHESuperEvolveConfig$OnlinePrizeType
4708:             2             64  com.altratek.altraserver.extensions.service.fight.activity.nuoyanewsuperevolve.fight.fight12.Fight12Config$StageDefine
4709:             2             64  com.altratek.altraserver.extensions.service.fight.activity.nuoyanewsuperevolve.fight.fight12.Fight12Handler$ResultHandlerType
4710:             1             64  com.altratek.altraserver.extensions.service.fight.activity.shanggulingzhunevolve.ShangGuLuingZhunEolveConfig
4711:             4             64  com.altratek.altraserver.extensions.service.fight.activity.supergodmozun.phase.SuperGodMoZunFinishPhase
4712:             1             64  com.altratek.altraserver.extensions.service.fight.activity.tianyanmerge.TianYanMergeConfig
4713:             1             64  com.altratek.altraserver.extensions.service.fight.activity.xiuersuperevolve.XiuErSuperEvolveConfig
4714:             1             64  com.altratek.altraserver.extensions.service.fight.activity.yeyeevolve.YeyeEvolveConfig
4715:             1             64  com.altratek.altraserver.extensions.service.fight.activity.yuanhuangfight.YuanHuangFightConfig
4716:             1             64  com.altratek.altraserver.extensions.service.fight.activity.zhuquesuperevolve.ZhuQueSuperEvolveConfig
4717:             2             64  com.altratek.altraserver.extensions.service.fight.helper.fightbuff.ext.WithAllByRaceTypeNumBuffWrapContainer
4718:             1             64  com.altratek.altraserver.extensions.service.greatsearoute.GreatSeaRouteDao
4719:             2             64  com.altratek.altraserver.extensions.service.heroisland.fairy.team.HeroTeam
4720:             2             64  com.altratek.altraserver.extensions.service.kapufight.InitData
4721:             1             64  com.altratek.altraserver.extensions.service.mainpetultraevolve.kulaultraevolve.KuLaDataDefine
4722:             1             64  com.altratek.altraserver.extensions.service.master_apprenticev2.MasterApprenticeV2Dao
4723:             1             64  com.altratek.altraserver.extensions.service.nobleclub.wishtable.WishTableManager
4724:             2             64  com.altratek.altraserver.extensions.service.npcbuddy.NpcBuddyDefine$NpcFightGroupType
4725:             2             64  com.altratek.altraserver.extensions.service.pay.charge.PayChargeDao$PayOpId
4726:             1             64  com.altratek.altraserver.extensions.service.petpark.stablebreed.db.StableBreedDao
4727:             2             64  com.altratek.altraserver.extensions.service.pjx.battle.define.BattleSceneCreepLimit
4728:             1             64  com.altratek.altraserver.extensions.service.pjx.creature.pet.petcontract.ContractUserInfo$1
4729:             2             64  com.altratek.altraserver.extensions.service.pjx.player.Player$OpenMessengerType
4730:             2             64  com.altratek.altraserver.extensions.service.pjx.player.PlayerPackType
4731:             2             64  com.altratek.altraserver.extensions.service.qiqi.scoremall.FormulaLongTimeDoneCounter
4732:             4             64  com.altratek.altraserver.extensions.service.ridepet.ConditionHandler_FamilyRole
4733:             2             64  com.altratek.altraserver.extensions.service.section.function.PetSkinFunction
4734:             2             64  com.altratek.altraserver.extensions.service.section.function.factory.MaterialGainFunctionFactory$GainStrategyType
4735:             2             64  com.altratek.altraserver.extensions.service.section.function.factory.OneOffFunctionFactory$OneOffStrategyType
4736:             2             64  com.altratek.altraserver.extensions.service.singleboss.winebibber.WinebibberDefine
4737:             2             64  com.altratek.altraserver.extensions.service.superteam.SuperTeamPlayer
4738:             4             64  com.altratek.altraserver.extensions.service.temp.limit.PetPackContainsPetLimit
4739:             4             64  com.altratek.altraserver.extensions.service.temp.limit.PetPackContainsPetLimit$PetLimit_RaceId
4740:             2             64  com.altratek.altraserver.extensions.service.tempactivity.aruisiultraevolve.Config$OrderItem
4741:             2             64  com.altratek.altraserver.extensions.service.tempactivity.fulllevel20160115.DateLimit$FullLvlType
4742:             2             64  com.altratek.altraserver.extensions.service.tempactivity.knighterrant20140124.KnightErrantConfig$GameConfig
4743:             2             64  com.altratek.altraserver.extensions.service.tempactivity.mediumpetseries.GameDefine$GameInfo
4744:             2             64  com.altratek.altraserver.extensions.service.tempactivity.mediumpetseries.MediumPetSeriesConfig$ActivityDefine
4745:             2             64  com.altratek.altraserver.extensions.service.tempactivity.mediumpetseries.PetGainDefine$FightInfoDefine
4746:             2             64  com.altratek.altraserver.extensions.service.tempactivity.wisdomcompete20140808.CompeteItem$CompeteState
4747:             2             64  com.altratek.altraserver.extensions.service.tempactivity.xiunuocombine.SupriseType
4748:             2             64  com.altratek.altraserver.extensions.service.tempactivity.yuanguexp20140523.Config$Group
4749:             2             64  com.altratek.altraserver.extensions.service.timeliness_activity.act.act2016.act20160212.monkeyclothersrob.ShopItem
4750:             2             64  com.altratek.altraserver.extensions.service.timeliness_activity.act.act2016.act20160415.wings2nearbuddy.Wings2NearBuddyConfig$SelectDefine
4751:             1             64  com.altratek.altraserver.extensions.service.timeliness_activity.act.act2016.act20161118.tankgame.TankGameConfig
4752:             1             64  com.altratek.altraserver.extensions.service.timeliness_activity.act.act2016.act20161125.sqlxsupergodevolve.SQLXSuperGodEvolveConfig
4753:             2             64  com.altratek.altraserver.extensions.service.timeliness_activity.act.act2016.act20161209.flipcardgainpet.FlipCardGainPetConfig$CardType
4754:             2             64  com.altratek.altraserver.extensions.service.timeliness_activity.act.act2016.act20161223.wechatcharge.Exchange_Clothes
4755:             2             64  com.altratek.altraserver.extensions.service.timeliness_activity.act.act2017.act20170126.zodiacflop.LotteryNode
4756:             2             64  com.altratek.altraserver.extensions.service.timeliness_activity.act.act2017.act20170825.creategodfight.CreateGodFightConfig$BuffConfig
4757:             2             64  com.altratek.altraserver.extensions.service.timeliness_activity.act.act2017.act20170929.gainpandora.GainPandoraInfo
4758:             2             64  com.altratek.altraserver.extensions.service.timeliness_activity.act.act2017.act20170929.rabbitgodgodjob.RabbitGodGodJobConfig$Game
4759:             2             64  com.altratek.altraserver.extensions.service.timeliness_activity.act.act2017.act20171013.summonerpower.SummonerPowerConfig$PetConfig
4760:             4             64  com.altratek.altraserver.extensions.service.timelinessactivity.classicspet.ClassicsPetSetGain
4761:             1             64  com.altratek.altraserver.extensions.service.timelinessactivity.halloweenpkcontest.HalloweenPKContestConfig
4762:             2             64  com.altratek.altraserver.extensions.service.timelinessactivity.kingofbrightness.DataConfig$ModeDefine
4763:             1             64  com.altratek.altraserver.extensions.service.timelinessactivity.kuangdao.KuangDaoConfig
4764:             2             64  com.altratek.altraserver.extensions.service.timelinessactivity.tianmanwangultraevolve.phase.TMWPhase3Info$BossInfo
4765:             2             64  com.altratek.altraserver.extensions.service.union.UnionFinanceService$PersonalFinanceSimpleInfo
4766:             2             64  com.altratek.altraserver.extensions.service.union.UnionSalaryLastWeekSnapshot
4767:             4             64  com.aobi.common.db.asynwriter.DbLogAsynHandler$1
4768:             1             64  com.baitian.heartbeat.config.HeartbeatConfig
4769:             4             64  com.caucho.hessian.io.CollectionDeserializer
4770:             2             64  com.caucho.hessian.io.JavaDeserializer
4771:             4             64  com.pjx.battle.server.battle.buff.DoEffectFactory_CasterTargetFullHp
4772:             2             64  com.pjx.battle.server.battle.buff.ext.AddBuffEachRateBuffFactory
4773:             2             64  com.pjx.battle.server.battle.buff.ext.DamageLinkBuffFactory
4774:             2             64  com.pjx.battle.server.battle.buff.ext.Id1108BuffFactory$ReboundOccasion
4775:             2             64  com.pjx.battle.server.battle.buff.ext.Id3063BuffFactory
4776:             2             64  com.pjx.battle.server.battle.buff.ext.Id3252BuffFactory
4777:             2             64  com.pjx.battle.server.battle.buff.ext.Id3417BuffFactory
4778:             2             64  com.pjx.battle.server.battle.buff.ext.Id3715And3733BuffFactory
4779:             2             64  com.pjx.battle.server.battle.buff.ext.Id3903BuffFactory
4780:             2             64  com.pjx.battle.server.battle.buff.ext.Id4000BuffFactory
4781:             2             64  com.pjx.battle.server.battle.buff.ext.Id4060BuffFactory
4782:             2             64  com.pjx.battle.server.battle.buff.ext.Id4080_4082BuffFactory
4783:             2             64  com.pjx.battle.server.battle.buff.ext.Id4271BuffFactory
4784:             2             64  com.pjx.battle.server.battle.buff.ext.Id4291BuffFactory
4785:             2             64  com.pjx.battle.server.battle.buff.ext.Id4311BuffFactory
4786:             2             64  com.pjx.battle.server.battle.buff.ext.Id4343BuffFactory
4787:             4             64  com.pjx.battle.server.battle.buff.ext.Id4820BuffFactory
4788:             2             64  com.pjx.battle.server.battle.buff.ext.Id4940BuffFactory
4789:             2             64  com.pjx.battle.server.battle.buff.ext.Id5251_5252BuffFactory
4790:             2             64  com.pjx.battle.server.battle.buff.ext.Id5273_5274BuffFactory
4791:             2             64  com.pjx.battle.server.battle.buff.ext.Id5440_5441BuffFactory
4792:             2             64  com.pjx.battle.server.battle.buff.ext.Id5629_30BuffFactory
4793:             2             64  com.pjx.battle.server.battle.buff.ext.Id5689BuffFactory
4794:             2             64  com.pjx.battle.server.battle.buff.ext.Id5958BuffFactory
4795:             2             64  com.pjx.battle.server.battle.buff.ext.Id6121BuffFactory
4796:             2             64  com.pjx.battle.server.battle.buff.ext.Id6464_6484BuffFactory
4797:             2             64  com.pjx.battle.server.battle.buff.ext.Id6480BuffFactory
4798:             2             64  com.pjx.battle.server.battle.buff.ext.Id6684_V2BuffFactory
4799:             2             64  com.pjx.battle.server.battle.buff.ext.Id7002BuffFactory
4800:             2             64  com.pjx.battle.server.battle.buff.ext.Id7329BuffFactory
4801:             2             64  com.pjx.battle.server.battle.buff.ext.MissBuffFactory
4802:             2             64  com.pjx.battle.server.battle.buff.ext.TargetChangeV2BuffFactory
4803:             4             64  com.pjx.battle.server.battle.target.Target_EnemySide_AfterTargetVertical_Random
4804:             4             64  com.pjx.battle.server.battle.target4buff.BuffTarget_TargetSide_AroundTargetRandom
4805:             4             64  com.pjx.battle.server.battle.validator.CharacterValidator$DeadExpress
4806:             4             64  com.pjx.common.daobase.builder.DataGetter$IntGetter
4807:             2             64  com.pjx.module.buff.teambuff.TeamBuffCreatorFactory_BaseOnRaceType$TeamBuffCreator_BaseOnRaceType
4808:             2             64  com.pjx.module.creature.equipment.cstrategy.id.EquipmentIdGenRandomStrategy$SubInfo
4809:             2             64  com.pjx.module.creature.potential.PotentialLvUpConsumeStrategyDefine$PotentialConsumeType
4810:             2             64  com.pjx.module.define.enumdefine.GridType
4811:             2             64  com.pjx.rmi.obj.appjungle.paohuantask.MultipleType
4812:             2             64  com.pjx.rmi.obj.bestpetrank.BestPetRankType
4813:             2             64  com.pjx.rmi.obj.petparkmarket.HoleInfo
4814:             2             64  com.pjx.service.homeland.define.facility.BackgroundFacilityLevelDefine
4815:             1             64  com.pjx.service.homeland.homelandremaindata.HomeLandRemainDataDao
4816:             2             64  com.pjx.service.union.UnionJoinRequestType
4817:             1             64  com.sun.crypto.provider.CipherCore
4818:             2             64  com.sun.org.apache.xerces.internal.dom.NodeListCache
4819:             2             64  com.sun.org.apache.xerces.internal.utils.XMLSecurityPropertyManager$Property
4820:             2             64  com.sun.org.apache.xpath.internal.objects.XBooleanStatic
4821:             4             64  com.sun.proxy.$Proxy54
4822:             2             64  java.io.ObjectInputStream$HandleTable
4823:             2             64  java.lang.ClassValue$Entry
4824:             2             64  java.lang.VirtualMachineError
4825:             2             64  java.lang.ref.ReferenceQueue$Null
4826:             2             64  java.net.SocketException
4827:             2             64  java.security.AlgorithmParameters
4828:             2             64  java.text.FieldPosition
4829:             2             64  java.time.format.DateTimeFormatterBuilder$TextPrinterParser
4830:             2             64  java.time.temporal.IsoFields$Unit
4831:             2             64  java.util.PropertyPermission
4832:             4             64  java.util.WeakHashMap$Values
4833:             4             64  java.util.logging.ErrorManager
4834:             1             64  javax.crypto.Cipher
4835:             4             64  javax.security.auth.x500.X500Principal
4836:             2             64  javax.sql.rowset.spi.ProviderImpl
4837:             2             64  org.apache.log4j.spi.LocationInfo
4838:             2             64  org.dom4j.tree.ConcurrentReaderHashMap$Entry
4839:             2             64  sun.misc.GC$LatencyRequest
4840:             1             64  sun.net.www.http.ChunkedInputStream
4841:             2             64  sun.net.www.http.KeepAliveKey
4842:             4             64  sun.net.www.protocol.jar.Handler
4843:             2             64  sun.nio.ch.AllocatedNativeObject
4844:             2             64  sun.nio.ch.FileKey
4845:             2             64  sun.reflect.UnsafeIntegerFieldAccessorImpl
4846:             2             64  sun.reflect.UnsafeQualifiedObjectFieldAccessorImpl
4847:             2             64  sun.rmi.transport.Transport$1
4848:             2             64  sun.security.util.MemoryCache
4849:             2             64  sun.security.x509.BasicConstraintsExtension
4850:             2             64  sun.security.x509.NetscapeCertTypeExtension
4851:             2             64  sun.util.locale.provider.LocaleResources
4852:             1             56  [Lcom.altratek.altraserver.extensions.service.activity.callback.cb20170630.CB170630Handler$Result;
4853:             1             56  [Lcom.altratek.altraserver.extensions.service.activity.getpet.GetPetError;
4854:             1             56  [Lcom.altratek.altraserver.extensions.service.activity.getpet.GetPetTableCol;
4855:             1             56  [Lcom.altratek.altraserver.extensions.service.buddy.nearbuddy.familarity.FamilarityLv;
4856:             1             56  [Lcom.altratek.altraserver.extensions.service.petpark.fossil3to1.Fossil3To1Handler$Result;
4857:             1             56  [Lcom.altratek.altraserver.extensions.service.pjx.equipment.formula.EquipFormulaHandler$Result;
4858:             1             56  [Lcom.altratek.altraserver.extensions.service.tempactivity.mediumpetseries.PetUpDefine$LevelUpInfo;
4859:             1             56  [Lcom.altratek.altraserver.extensions.service.tempactivity.strenthenstar.TaskType;
4860:             2             56  [Lcom.altratek.altraserver.extensions.service.timeliness_activity.act.act2016.act20160401.herocase.HeroCaseConfig$RandPolicy;
4861:             1             56  [Lcom.altratek.altraserver.extensions.service.timeliness_activity.act.act2017.act20170505.heropetslottery.HeroPetsLotteryHandler$Result;
4862:             1             56  [Lcom.altratek.altraserver.extensions.service.timeliness_activity.act.act2017.act20170512.petcollect.PetCollectHandler$RaceConfig;
4863:             1             56  [Lcom.altratek.altraserver.extensions.service.timeliness_activity.act.act2017.act20170623.diamondtask.TaskDefine;
4864:             1             56  [Lcom.altratek.altraserver.extensions.service.timeliness_activity.act.act2017.act20170811.xuanwugodjob.XuanWuGodJobConfig$ChallengeConfig;
4865:             1             56  [Lcom.altratek.altraserver.extensions.service.tower.exptower2016.SecretEventTrigger$FloorGroup;
4866:             1             56  [Lcom.altratek.altraserver.extensions.service.treasurehall.achievement.ConditionDefine;
4867:             1             56  [Lcom.pjx.battle.server.battle.buff.ext.ClearBuffByIdV2BuffFactory$MyEffectSide;
4868:             1             56  [Lcom.pjx.battle.server.battle.buff.ext.CounterReboundBuffFactory$DamageSide;
4869:             1             56  [Lcom.pjx.battle.server.battle.buff.ext.Id3417BuffFactory$Prop;
4870:             1             56  [Lcom.pjx.battle.server.battle.buff.ext.SuckProperty2PropertyBuffFactory$Occasion;
4871:             1             56  [Lcom.pjx.battle.server.battle.buff.ext.SuckProperty2PropertyV2BuffFactory$Occasion;
4872:             1             56  [Lcom.pjx.battle.server.battle.player.Properties$State;
4873:             2             56  [Lcom.pjx.battle.server.battle.skill.SkillDefine$PowerBaseType;
4874:             1             56  [Lcom.pjx.battle.server.battle.skill.round.SkillPower_Damage$Type;
4875:             1             56  [Lcom.pjx.battle.server.battle.skill.round.SkillPower_Heal$Type;
4876:             1             56  [Lcom.pjx.service.homeland.define.HomeLandLevelDefine;
4877:             1             56  [Lcom.pjx.service.union.UnionBuildingDefine;
4878:             1             56  [Ljava.lang.Runnable;
4879:             1             56  [Ljava.nio.file.StandardOpenOption;
4880:             1             56  [Ljava.text.Format;
4881:             1             56  [Ljava.util.Locale;
4882:             1             56  [Lorg.apache.commons.pool2.PooledObjectState;
4883:             1             56  [Lsun.util.logging.PlatformLogger$Level;
4884:             1             56  com.alibaba.druid.mock.MockDriver
4885:             1             56  com.altratek.altraserver.extensions.config.data.GreatSeaRouteConfig
4886:             1             56  com.altratek.altraserver.extensions.service.activity.activestar.ActiveStarConfig
4887:             1             56  com.altratek.altraserver.extensions.service.activity.anniversaryherotest.AnniversaryHeroTestConfig
4888:             1             56  com.altratek.altraserver.extensions.service.activity.anniversaryherotest.AnniversaryHeroTestManager
4889:             1             56  com.altratek.altraserver.extensions.service.activity.aoqisecretcompete.AoqiSecretCompeteConfig
4890:             1             56  com.altratek.altraserver.extensions.service.activity.busixing.BuSiXingDefine
4891:             1             56  com.altratek.altraserver.extensions.service.activity.callback.cb20140404.BackAndInvite0404Config
4892:             1             56  com.altratek.altraserver.extensions.service.activity.legenddragon.LegendDragonConfig
4893:             1             56  com.altratek.altraserver.extensions.service.activity.sanguo.draw.SanguoDrawConfig
4894:             1             56  com.altratek.altraserver.extensions.service.activity.shimmeryfairy.ShimmeryFairyDao
4895:             1             56  com.altratek.altraserver.extensions.service.activity.signsendpet.SignSendPetManager
4896:             1             56  com.altratek.altraserver.extensions.service.activity.xiaomocomeon.XiaoMoComeOnConfig
4897:             1             56  com.altratek.altraserver.extensions.service.activity.xiaoyanevolve.thesecondtrain.TheSecondTrainConfig
4898:             1             56  com.altratek.altraserver.extensions.service.activity.yuangupetlottery.YuanGuPetLotteryConfig
4899:             1             56  com.altratek.altraserver.extensions.service.family.exchequer.FamilyExchequerLotteryDefine
4900:             1             56  com.altratek.altraserver.extensions.service.farm.FarmDefineManager
4901:             1             56  com.altratek.altraserver.extensions.service.fb.FbConfig
4902:             1             56  com.altratek.altraserver.extensions.service.fight.activity.baixingfight.BaiXingFightConfig
4903:             1             56  com.altratek.altraserver.extensions.service.fight.activity.binglingwangevolve.BingLingWangEvolveConfig
4904:             1             56  com.altratek.altraserver.extensions.service.fight.activity.calabash.CalabashConfig
4905:             1             56  com.altratek.altraserver.extensions.service.fight.activity.fightfengci.FightFengCiConfig
4906:             1             56  com.altratek.altraserver.extensions.service.fight.activity.lingfengsuperevolve.LingFengSuperEvolveConfig
4907:             1             56  com.altratek.altraserver.extensions.service.fight.activity.miqilinevolve.MiQiLinEvolveConfig
4908:             1             56  com.altratek.altraserver.extensions.service.fight.activity.mrsuperfight.MrSuperFightConfig
4909:             1             56  com.altratek.altraserver.extensions.service.fight.activity.nuoyanewsuperevolve.NuoYaNewSuperEvolveConfig
4910:             1             56  com.altratek.altraserver.extensions.service.fight.activity.qilinsuperevolve.QiLinSuperEvolveConfig
4911:             1             56  com.altratek.altraserver.extensions.service.petpark.archlgy.ArchlgyInfo
4912:             1             56  com.altratek.altraserver.extensions.service.pjx.equipment.EquipDao
4913:             1             56  com.altratek.altraserver.extensions.service.task.dao.TaskDb
4914:             1             56  com.altratek.altraserver.extensions.service.task.data.step.Step_20121102_SeizeGhost_JianDing
4915:             1             56  com.altratek.altraserver.extensions.service.tempactivity.moxiuerevolution.MoXiuErEvolutionConfig
4916:             1             56  com.altratek.altraserver.extensions.service.timeliness_activity.act.act2016.act20160429.anniversarylottery.AnniversaryLotteryConfig
4917:             1             56  com.altratek.altraserver.extensions.service.timelinessactivity.bestherozerozero.BestHeroZeroZeroConfig
4918:             1             56  com.altratek.altraserver.extensions.service.timelinessactivity.callandinvite.CallAndInviteConfig
4919:             1             56  com.altratek.altraserver.extensions.service.timelinessactivity.godspoor.DipPUnit
4920:             1             56  com.altratek.altraserver.extensions.service.timelinessactivity.headoflangya.HeadOfLangYaConfig
4921:             1             56  com.altratek.altraserver.extensions.service.timelinessactivity.kingofbrightness.KingOfBrightnessSuperEvolveHandler
4922:             1             56  com.altratek.altraserver.extensions.service.timelinessactivity.settleaction.SettleActionConfig
4923:             1             56  com.altratek.altraserver.extensions.service.timelinessactivity.xiaomengtaier.XiaoMengTaiErConfig
4924:             1             56  com.caucho.hessian.io.ContextSerializerFactory
4925:             1             56  com.pjx.service.compete.CombineConfig
4926:             1             56  java.lang.invoke.LambdaFormEditor$Transform
4927:             1             56  java.util.logging.LogManager
4928:             1             56  sun.rmi.runtime.Log$InternalStreamHandler
4929:             1             56  sun.security.provider.SHA
4930:             1             56  sun.security.rsa.RSAPrivateCrtKeyImpl
4931:             1             48  [Lcom.altratek.altraserver.extensions.AdminExtension$Cmd;
4932:             1             48  [Lcom.altratek.altraserver.extensions.service.activity.aruievolve.TruthState;
4933:             1             48  [Lcom.altratek.altraserver.extensions.service.activity.freshmangift.fmg170217.Fmg170217Handler$Result;
4934:             1             48  [Lcom.altratek.altraserver.extensions.service.activity.freshmangift.fmg170818.Fmg170818Handler$Result;
4935:             2             48  [Lcom.altratek.altraserver.extensions.service.aoqilabel.RankType;
4936:             1             48  [Lcom.altratek.altraserver.extensions.service.buddy.BuddyGroup;
4937:             1             48  [Lcom.altratek.altraserver.extensions.service.challenge.constant.BranchInfoTarget;
4938:             1             48  [Lcom.altratek.altraserver.extensions.service.challenge.teamselecter.ext.Selecter_87_LinearBoss$Range;
4939:             2             48  [Lcom.altratek.altraserver.extensions.service.configurable_activity.Balance_DreamWorld$OperateType;
4940:             2             48  [Lcom.altratek.altraserver.extensions.service.configurable_activity.Balance_PixelLostCity$OperateType;
4941:             2             48  [Lcom.altratek.altraserver.extensions.service.configurable_activity.ConfigurableActivityTypeAggregate$ActionBehaviorType;
4942:             2             48  [Lcom.altratek.altraserver.extensions.service.configurable_activity.ConfigurableActivityTypeAggregate$AntiAddictionType;
4943:             2             48  [Lcom.altratek.altraserver.extensions.service.configurable_activity.ConfigurableActivityTypeAggregate$DiamondTicketType;
4944:             2             48  [Lcom.altratek.altraserver.extensions.service.configurable_activity.ConfigurableActivityTypeAggregate$KeyOrValue;
4945:             2             48  [Lcom.altratek.altraserver.extensions.service.configurable_activity.ConfigurableActivityTypeAggregate$LongTimeCommonDoneCountBalanceType;
4946:             2             48  [Lcom.altratek.altraserver.extensions.service.configurable_activity.ConfigurableActivityTypeAggregate$MaterialBalanceType;
4947:             2             48  [Lcom.altratek.altraserver.extensions.service.configurable_activity.ConfigurableActivityTypeAggregate$MaterialLimitType;
4948:             2             48  [Lcom.altratek.altraserver.extensions.service.configurable_activity.ConfigurableActivityTypeAggregate$OneoffBalanceType;
4949:             2             48  [Lcom.altratek.altraserver.extensions.service.configurable_activity.ConfigurableActivityTypeAggregate$OneoffLimitType;
4950:             2             48  [Lcom.altratek.altraserver.extensions.service.configurable_activity.ConfigurableActivityTypeAggregate$SelectorSaveType;
4951:             2             48  [Lcom.altratek.altraserver.extensions.service.configurable_activity.ConfigurableActivityTypeAggregate$TaskSelectType;
4952:             2             48  [Lcom.altratek.altraserver.extensions.service.configurable_activity.ConfigurableActivityTypeAggregate$WeeklyDoneCountBalanceType;
4953:             1             48  [Lcom.altratek.altraserver.extensions.service.fight.activity.thesword.TheswordConfig$StageConfig;
4954:             1             48  [Lcom.altratek.altraserver.extensions.service.freshman.FreshManError;
4955:             1             48  [Lcom.altratek.altraserver.extensions.service.heroisland.fairy.Hero.HeroType;
4956:             1             48  [Lcom.altratek.altraserver.extensions.service.heroisland.fb.FbType;
4957:             2             48  [Lcom.altratek.altraserver.extensions.service.material.bonus.progressbonus.MarkBonusType;
4958:             1             48  [Lcom.altratek.altraserver.extensions.service.petpark.newarchlgy.map.NewArchlgyEvent;
4959:             2             48  [Lcom.altratek.altraserver.extensions.service.tempactivity.mediumpetseries.PetGainDefine$LotteryDefine;
4960:             1             48  [Lcom.altratek.altraserver.extensions.service.tempactivity.roadofduoduoka20130919.ExtraPrizeType;
4961:             1             48  [Lcom.altratek.altraserver.extensions.service.timeliness_activity.act.act2016.act20160819.stargodmutation.ActivityEnergy;
4962:             1             48  [Lcom.altratek.altraserver.extensions.service.timeliness_activity.act.act2016.act20160826.aoqitreasure.GoodWish;
4963:             2             48  [Lcom.altratek.altraserver.extensions.service.timeliness_activity.act.act2017.act20170210.firemap.FightValidStrategy;
4964:             1             48  [Lcom.altratek.altraserver.extensions.service.timeliness_activity.act.act2017.act20170210.godprofessionmiaodui.GodProfessionMiaoDuiPetInfo;
4965:             1             48  [Lcom.altratek.altraserver.extensions.service.timeliness_activity.act.act2017.act20170317.shifeiherobattle.ShiFeiHeroBattleConst$SchedulePrize;
4966:             1             48  [Lcom.altratek.altraserver.extensions.service.timeliness_activity.act.act2017.act20170616.developmenttasks.DevelopmenttasksConfig$TasksGrop;
4967:             1             48  [Lcom.altratek.altraserver.extensions.service.timeliness_activity.act.act2017.act20170811.xuanwugodjob.XuanWuGodJobConfig$OneKeyGetConfig;
4968:             1             48  [Lcom.altratek.altraserver.extensions.service.timelinessactivity.diamondsword.DiamondSwordActivity;
4969:             1             48  [Lcom.altratek.altraserver.extensions.service.timelinessactivity.firstcharge20150130.FirstCharge20150130handler$Prize;
4970:             1             48  [Lcom.altratek.altraserver.extensions.service.union.task.defendingwarrior.DefendingWarriorPrize;
4971:             1             48  [Lcom.pjx.battle.server.battle.buff.BuffDefine$Benefit;
4972:             2             48  [Lcom.pjx.battle.server.battle.buff.DoEffectFactory_CasterBlock$CompareOperate;
4973:             2             48  [Lcom.pjx.battle.server.battle.buff.DoEffectFactory_CasterCritical$CompareOperate;
4974:             2             48  [Lcom.pjx.battle.server.battle.buff.DoEffectFactory_CasterDodge$CompareOperate;
4975:             2             48  [Lcom.pjx.battle.server.battle.buff.DoEffectFactory_CasterTargetFormationType$BooleanOperate;
4976:             2             48  [Lcom.pjx.battle.server.battle.buff.DoEffectFactory_CasterTargetPetNum$PetNumType;
4977:             2             48  [Lcom.pjx.battle.server.battle.buff.DoEffectFactory_CurStepCasterCritical$BooleanOperate;
4978:             2             48  [Lcom.pjx.battle.server.battle.buff.DoEffectFactory_IsHit$BooleanOperate;
4979:             2             48  [Lcom.pjx.battle.server.battle.buff.DoEffectFactory_SkillType$BooleanOperate;
4980:             2             48  [Lcom.pjx.battle.server.battle.buff.ext.BuffCreateToHitTargetsBuffFactory$TargetType;
4981:             1             48  [Lcom.pjx.battle.server.battle.buff.ext.BuffVigourChangeImmuneBuffFactory$BuffCasterLimit;
4982:             1             48  [Lcom.pjx.battle.server.battle.buff.ext.ClearBuffByIdBuffFactory$MyEffectSide;
4983:             2             48  [Lcom.pjx.battle.server.battle.buff.ext.ExcludeTargetBuffFactory$BuffEffectType;
4984:             2             48  [Lcom.pjx.battle.server.battle.buff.ext.HasRaceTypeThenAddBuffBuffFactory$Occasion;
4985:             2             48  [Lcom.pjx.battle.server.battle.buff.ext.HasSignAddVigourToHighUltimateBuffFactory$Occasion;
4986:             2             48  [Lcom.pjx.battle.server.battle.buff.ext.Id1065BuffFactory$Occasion;
4987:             1             48  [Lcom.pjx.battle.server.battle.buff.ext.IngoreDefenseV2BuffFactory$IgnoreType;
4988:             2             48  [Lcom.pjx.battle.server.battle.buff.ext.RandomSpreadDemageBuffFactory$EffectSide;
4989:             2             48  [Lcom.pjx.battle.server.battle.buff.ext.RandomSpreadDemageBuffFactory$Occassion;
4990:             2             48  [Lcom.pjx.battle.server.battle.buff.ext.SpringDamageBuffFactory$Occasion;
4991:             2             48  [Lcom.pjx.battle.server.battle.buff.ext.TargetChangeByBuffBuffFactory$BuffEffectType;
4992:             2             48  [Lcom.pjx.battle.server.battle.util.Oc;
4993:             1             48  [Lcom.pjx.module.creature.genius.GeniusType;
4994:             1             48  [Lcom.pjx.module.formation.SimpleFormation;
4995:             2             48  [Lcom.pjx.service.compete.CompeteValidators$Validator_Date$DateCmp;
4996:             1             48  [Lcom.pjx.service.homeland.define.task.HomeLandTaskType;
4997:             1             48  [Lcom.sun.beans.util.Cache$CacheEntry;
4998:             1             48  [Lcom.sun.management.VMOption$Origin;
4999:             1             48  [Lcom.sun.org.apache.xerces.internal.utils.XMLSecurityManager$Limit;
5000:             1             48  [Ljava.beans.WeakIdentityMap$Entry;
5001:             3             48  [Ljava.lang.annotation.Annotation;
5002:             1             48  [Ljava.lang.invoke.MethodHandleImpl$Intrinsic;
5003:             1             48  [Ljava.math.RoundingMode;
5004:             2             48  [Ljava.security.cert.X509Certificate;
5005:             1             48  [Ljdk.net.SocketFlow$Status;
5006:             1             48  [Lsun.security.x509.NetscapeCertTypeExtension$MapEntry;
5007:             2             48  baitian.service.manager.ProxyTarget
5008:             2             48  com.alibaba.fastjson.parser.deserializer.StringFieldDeserializer
5009:             2             48  com.altratek.altraserver.extensions.base.CommandFilter$FilterMode
5010:             2             48  com.altratek.altraserver.extensions.checkxtcmd.XtcmdErrorType
5011:             1             48  com.altratek.altraserver.extensions.config.DBConfig
5012:             1             48  com.altratek.altraserver.extensions.event.AsynEventDispatcher
5013:             2             48  com.altratek.altraserver.extensions.helper.ServerHelper$NameType
5014:             3             48  com.altratek.altraserver.extensions.reload.CommonReloaders$AllReloader
5015:             3             48  com.altratek.altraserver.extensions.reload.CommonReloaders$PrintReloader
5016:             2             48  com.altratek.altraserver.extensions.schedulers.MultiThreadProcessor$Runnable_MultiThProc
5017:             1             48  com.altratek.altraserver.extensions.service.activity.aoqichamberlain.AoqiChamberlainManager
5018:             1             48  com.altratek.altraserver.extensions.service.activity.aoyiluosa.AoYiLuoSaConfig
5019:             2             48  com.altratek.altraserver.extensions.service.activity.blowing_balloons.BlowingBalloonsConfig$Balloon2ExpConfig
5020:             1             48  com.altratek.altraserver.extensions.service.activity.callback.cb20140404.dao.BackAndInvite0404Dao
5021:             2             48  com.altratek.altraserver.extensions.service.activity.callback.cb20151231.ThirtyDaysBack151231Config$BonusDefine
5022:             1             48  com.altratek.altraserver.extensions.service.activity.diamondtask0906.DiamondTaskConfig
5023:             2             48  com.altratek.altraserver.extensions.service.activity.dragonboat.DragonBoatConfig$LimitType
5024:             1             48  com.altratek.altraserver.extensions.service.activity.fourheroking.FourHeroKingManager
5025:             1             48  com.altratek.altraserver.extensions.service.activity.golddragon.GoldDragonManager
5026:             1             48  com.altratek.altraserver.extensions.service.activity.goodbuddyxiaomo.GoodBuddyXiaoMoConfig
5027:             2             48  com.altratek.altraserver.extensions.service.activity.longyansuperevolve.bosses.BossUtil$XOutOfX
5028:             2             48  com.altratek.altraserver.extensions.service.activity.onlinedeliver160205.OnlineDeliver160205Config$BonusMaterialWithSpecialMaterial
5029:             1             48  com.altratek.altraserver.extensions.service.activity.sendgodpet.SendGodPetManager
5030:             1             48  com.altratek.altraserver.extensions.service.activity.shenchongzhizun.ShenChongZhiZunConfig
5031:             2             48  com.altratek.altraserver.extensions.service.activity.shouhushichange.xml.Burnish
5032:             2             48  com.altratek.altraserver.extensions.service.activity.shouhushichange.xml.Incise
5033:             1             48  com.altratek.altraserver.extensions.service.activity.sixonecoloregg.SixOneColorEggConfig
5034:             2             48  com.altratek.altraserver.extensions.service.activity.spacecreater.AdvancePetLearnAbilityConfig$Cost
5035:             1             48  com.altratek.altraserver.extensions.service.activity.suikong.SuiKongBossDefine
5036:             3             48  com.altratek.altraserver.extensions.service.activity.superanying.fight.OneFight
5037:             1             48  com.altratek.altraserver.extensions.service.activity.superevolvegive.SuperEvolveGiveConfig
5038:             1             48  com.altratek.altraserver.extensions.service.activity.superevolvegivesecond.SuperEvolveGiveSecondConfig
5039:             2             48  com.altratek.altraserver.extensions.service.activity.weizhentianxiamerge.util.EffectSide
5040:             2             48  com.altratek.altraserver.extensions.service.activity.weizhentianxiamerge.util.ext.WithAllBuffWrapContainer
5041:             2             48  com.altratek.altraserver.extensions.service.activity.weizhentianxiamerge.util.ext.WithNorRaceTypeBuffWrapContainer
5042:             2             48  com.altratek.altraserver.extensions.service.activity.weizhentianxiamerge.util.ext.WithRaceTypeBuffWrapContainer
5043:             1             48  com.altratek.altraserver.extensions.service.activity.yanbupo.YanBuPoManager
5044:             1             48  com.altratek.altraserver.extensions.service.activity.yeyuefight.YeYueFightConfig
5045:             1             48  com.altratek.altraserver.extensions.service.activity.yuangupetfl.YuanGuPetFLConfig
5046:             3             48  com.altratek.altraserver.extensions.service.activity.yuangupetfl.YuanGuPetFLConfig$YuanGuRaceLimit
5047:             1             48  com.altratek.altraserver.extensions.service.activity.yuansufashi.YuanSuFaShiConfig
5048:             2             48  com.altratek.altraserver.extensions.service.allstar.AllStarTimeDefineManager$TimeInfo
5049:             3             48  com.altratek.altraserver.extensions.service.allstar.monsterhelper.MonsterTeam
5050:             2             48  com.altratek.altraserver.extensions.service.arena.FR_FormulaLimitFactory_WeeklyDoneCount$FR_FormulaLimit_WeeklyDoneCount
5051:             1             48  com.altratek.altraserver.extensions.service.arena.globalarena.GlobalArenaHandler
5052:             2             48  com.altratek.altraserver.extensions.service.buddy.HandleRequestAction
5053:             1             48  com.altratek.altraserver.extensions.service.buddy.invite.messenger.MessengerConfig
5054:             3             48  com.altratek.altraserver.extensions.service.card.CardLimitFactory_CardAnyOneOff$CardLimit_CardOneOff
5055:             3             48  com.altratek.altraserver.extensions.service.card.CardLimitFactory_DailyCounterLimit$CardLimit_DailyCounter
5056:             3             48  com.altratek.altraserver.extensions.service.card.CardLimitFactory_LongTimeDoneCounterV2Limit
5057:             3             48  com.altratek.altraserver.extensions.service.card.CardLimitFactory_LongTimeDoneCounterV2Limit$CardLimit_LongTimeDoneCounterV2Limit
5058:             3             48  com.altratek.altraserver.extensions.service.card.CardLimitFactory_OnlineTimeLimit
5059:             3             48  com.altratek.altraserver.extensions.service.card.CardLimitFactory_OnlineTimeLimit$CardLimit_OnlineTimeLimit
5060:             2             48  com.altratek.altraserver.extensions.service.challenge.extprocessor.Ext_PutMultiPetMarkOneOff$OneOffConfig
5061:             3             48  com.altratek.altraserver.extensions.service.challenge.extprocessor.Ext_PutPetMarkOneOff$Validater$2$$Lambda$112/102641310
5062:             2             48  com.altratek.altraserver.extensions.service.challenge.occasion.Occasion_ResistRevenge
5063:             2             48  com.altratek.altraserver.extensions.service.challenge.strategy.ext.Strategy_ShenLingDiscount
5064:             1             48  com.altratek.altraserver.extensions.service.challenge.teamselecter.Selecter_RangeDamageBoss
5065:             1             48  com.altratek.altraserver.extensions.service.challenge.teamselecter.ext.Selecter_87_LinearBoss
5066:             3             48  com.altratek.altraserver.extensions.service.chat.validate.MaterialValidate
5067:             1             48  com.altratek.altraserver.extensions.service.configurable_activity.Balance_LongTimeDoneCount_WithValueControl
5068:             1             48  com.altratek.altraserver.extensions.service.configurable_activity.Balance_PetLearnAbility
5069:             1             48  com.altratek.altraserver.extensions.service.configurable_activity.Balance_PetStarGod2
5070:             2             48  com.altratek.altraserver.extensions.service.configurable_activity.Balance_PixelLostCity$OperateType
5071:             2             48  com.altratek.altraserver.extensions.service.configurable_activity.ConfigurableActivityTypeAggregate$ActionBehaviorType
5072:             2             48  com.altratek.altraserver.extensions.service.configurable_activity.ConfigurableActivityTypeAggregate$AntiAddictionType
5073:             2             48  com.altratek.altraserver.extensions.service.configurable_activity.ConfigurableActivityTypeAggregate$KeyOrValue
5074:             2             48  com.altratek.altraserver.extensions.service.configurable_activity.ConfigurableActivityTypeAggregate$LongTimeCommonDoneCountBalanceType
5075:             2             48  com.altratek.altraserver.extensions.service.configurable_activity.ConfigurableActivityTypeAggregate$MaterialBalanceType
5076:             2             48  com.altratek.altraserver.extensions.service.configurable_activity.ConfigurableActivityTypeAggregate$MaterialLimitType
5077:             2             48  com.altratek.altraserver.extensions.service.configurable_activity.ConfigurableActivityTypeAggregate$OneoffBalanceType
5078:             2             48  com.altratek.altraserver.extensions.service.configurable_activity.ConfigurableActivityTypeAggregate$OneoffLimitType
5079:             2             48  com.altratek.altraserver.extensions.service.configurable_activity.ConfigurableActivityTypeAggregate$SelectorSaveType
5080:             2             48  com.altratek.altraserver.extensions.service.configurable_activity.ConfigurableActivityTypeAggregate$TaskSelectType
5081:             2             48  com.altratek.altraserver.extensions.service.configurable_activity.ConfigurableActivityTypeAggregate$WeeklyDoneCountBalanceType
5082:             2             48  com.altratek.altraserver.extensions.service.detect.DetectorCollectCreature$DetectProgressCollectMultiShapeCreature
5083:             2             48  com.altratek.altraserver.extensions.service.detect.DetectorDigStone$DetectProgressDigStone
5084:             2             48  com.altratek.altraserver.extensions.service.detect.DetectorJoinCamp$DetectProgressJoinCamp
5085:             1             48  com.altratek.altraserver.extensions.service.family.FamilyHandler
5086:             2             48  com.altratek.altraserver.extensions.service.fight.activity.binglingwangfight.phases.ext.BLW_Phase12Handler
5087:             2             48  com.altratek.altraserver.extensions.service.fight.activity.duolaevolve.DuoLaEvolveConfig$OnlineBonusDefine
5088:             1             48  com.altratek.altraserver.extensions.service.fight.activity.hantiansupergodevolve.HanTianSuperGodEvolveConfig
5089:             1             48  com.altratek.altraserver.extensions.service.fight.activity.jigongfight.JiGongFightConfig
5090:             1             48  com.altratek.altraserver.extensions.service.fight.activity.kaisasuperevolve.KaiSaSuperEvolveConfig
5091:             1             48  com.altratek.altraserver.extensions.service.fight.activity.kuangbiergain.KuangBiErGainConfig
5092:             1             48  com.altratek.altraserver.extensions.service.fight.activity.legenddragonsuperevolve.LegendDragonSuperEvolveConfig
5093:             1             48  com.altratek.altraserver.extensions.service.fight.activity.longyangodsuperevolve.LongYanGodSuperEvolveConfig
5094:             1             48  com.altratek.altraserver.extensions.service.fight.activity.moonshadowking.MoonShadowKingConfig
5095:             2             48  com.altratek.altraserver.extensions.service.fight.activity.moonshadowking.MoonShadowKingConfig$PhaseDefine
5096:             2             48  com.altratek.altraserver.extensions.service.fight.activity.mozunfight.phases.ext.phase123.MZF_Phase12Handler
5097:             2             48  com.altratek.altraserver.extensions.service.fight.activity.mrsuperfight.MrSuperFightConfig$OnlinePrizeConfig
5098:             1             48  com.altratek.altraserver.extensions.service.fight.activity.nuoyanewsuperevolve.fight.fight3.Fight3Config
5099:             1             48  com.altratek.altraserver.extensions.service.fight.activity.sgflsuperevolution.SgflsuperevolutionConfig
5100:             1             48  com.altratek.altraserver.extensions.service.fight.activity.shouhumozunSuperEvolve.ShouHuMoZunSuperEvolveInfo
5101:             2             48  com.altratek.altraserver.extensions.service.fight.activity.thesword.TheswordConfig$EvolveDefine
5102:             1             48  com.altratek.altraserver.extensions.service.fight.activity.timedragon.TimeDragonConfig
5103:             2             48  com.altratek.altraserver.extensions.service.fight.activity.timedragon.TimeDragonConfig$MatchRaceIds
5104:             1             48  com.altratek.altraserver.extensions.service.fight.activity.xuanwusuperevolve.XuanWuSuperEvolveConfig
5105:             2             48  com.altratek.altraserver.extensions.service.fight.helper.fightbuff.EffectSide
5106:             2             48  com.altratek.altraserver.extensions.service.fight.helper.fightbuff.ext.WithGenderBuffWrapContainer
5107:             2             48  com.altratek.altraserver.extensions.service.fight.helper.fightbuff.ext.WithJobBuffWrapContainer
5108:             2             48  com.altratek.altraserver.extensions.service.fight.helper.fightbuff.ext.WithNorRaceTypeBuffWrapContainer
5109:             2             48  com.altratek.altraserver.extensions.service.fight.helper.fightbuff.ext.WithRaceTypeV2BuffWrapContainer
5110:             3             48  com.altratek.altraserver.extensions.service.fightactivity.StageInfoBuilder
5111:             1             48  com.altratek.altraserver.extensions.service.fishery.FisheryDefine
5112:             3             48  com.altratek.altraserver.extensions.service.fishery.fishingmaster.FishEggTool
5113:             1             48  com.altratek.altraserver.extensions.service.greatsearoute.GreatSeaRouteMc
5114:             1             48  com.altratek.altraserver.extensions.service.greatsearoute.GreatSeaRouteService
5115:             1             48  com.altratek.altraserver.extensions.service.heroisland.HeroIslandReadXmlConfig
5116:             2             48  com.altratek.altraserver.extensions.service.heroisland.buff.BuffOperate
5117:             2             48  com.altratek.altraserver.extensions.service.heroisland.buff.Occasion
5118:             2             48  com.altratek.altraserver.extensions.service.heroisland.fairy.Hero.HeroLocation
5119:             2             48  com.altratek.altraserver.extensions.service.heroisland.formation.HeroFormation
5120:             1             48  com.altratek.altraserver.extensions.service.homeland.homelandparty.HomeLandPartyConfig
5121:             2             48  com.altratek.altraserver.extensions.service.login.activity.la140129.LoginActivity140129Config$DateRange
5122:             2             48  com.altratek.altraserver.extensions.service.login.activity.la140214.LoginActivity140214Config$DateRange
5123:             2             48  com.altratek.altraserver.extensions.service.mainpetultraevolve.lanluultraevolve.LanLuDataDefine$WaterHeartInjectConfig
5124:             3             48  com.altratek.altraserver.extensions.service.material.bonus.ValidFactory_Challenge$Valid_Challenge
5125:             3             48  com.altratek.altraserver.extensions.service.material.bonus.ValidFactory_OneOffWithOutKey$Valid_OneOffWithOutKey
5126:             2             48  com.altratek.altraserver.extensions.service.material.data.MaterialParam
5127:             3             48  com.altratek.altraserver.extensions.service.material.doublecrop.DoubleCrops
5128:             2             48  com.altratek.altraserver.extensions.service.material.doublecrop.SpecialDoubleCrop
5129:             2             48  com.altratek.altraserver.extensions.service.material.doublecrop.UserDoubleCrop
5130:             1             48  com.altratek.altraserver.extensions.service.material.extend.clothes.ClothesDao
5131:             1             48  com.altratek.altraserver.extensions.service.material.extend.guardstone.GuardStoneDao
5132:             3             48  com.altratek.altraserver.extensions.service.material.extend.materialcount.MCountExtraCommonHandler
5133:             1             48  com.altratek.altraserver.extensions.service.material.extend.materialcount.MaterialCountDb
5134:             1             48  com.altratek.altraserver.extensions.service.material.extend.nicknamecard.NickNameCardDao
5135:             1             48  com.altratek.altraserver.extensions.service.material.extend.petegg.PetEggDao
5136:             2             48  com.altratek.altraserver.extensions.service.pet_collection.petracestatistics.CreatureCountDimensionType
5137:             2             48  com.altratek.altraserver.extensions.service.petpark.archlgy.ArchlgyConfig$Time
5138:             2             48  com.altratek.altraserver.extensions.service.petpark.beforetask.BeforeTaskInfo
5139:             2             48  com.altratek.altraserver.extensions.service.petpark.fossilbreed.db.FossilBreedCache
5140:             1             48  com.altratek.altraserver.extensions.service.petpark.fossilbreed.db.FossilBreedDao
5141:             1             48  com.altratek.altraserver.extensions.service.petpark.marketv2.MarketV2Config
5142:             1             48  com.altratek.altraserver.extensions.service.petpark.petfeedplan.PetFeedPlanConfig
5143:             2             48  com.altratek.altraserver.extensions.service.petpark.stablebreed.db.SBPetInfoCache
5144:             3             48  com.altratek.altraserver.extensions.service.pjx.creature.pet.PetRank
5145:             3             48  com.altratek.altraserver.extensions.service.pjx.creature.pet.PetSwitch
5146:             1             48  com.altratek.altraserver.extensions.service.pjx.dragon.DragonDefineManager
5147:             2             48  com.altratek.altraserver.extensions.service.pjx.dragon.define.DragonSkillTypeDefine$Ocasion
5148:             2             48  com.altratek.altraserver.extensions.service.pjx.dragonsoul.v2.UserDragonSouls
5149:             3             48  com.altratek.altraserver.extensions.service.pjx.equipmentmaterial.Activity0331Service$MyTask
5150:             1             48  com.altratek.altraserver.extensions.service.pjx.equipmentmaterial.EquipmentMaterialUserInfo
5151:             1             48  com.altratek.altraserver.extensions.service.pjx.formation.FormationDao
5152:             1             48  com.altratek.altraserver.extensions.service.pjx.kingroad.qizhiyin.QiZhiYinConfig
5153:             1             48  com.altratek.altraserver.extensions.service.pjx.kingroad.qizhiyin.QiZhiYinManager
5154:             1             48  com.altratek.altraserver.extensions.service.pjx.player.PlayerDao
5155:             2             48  com.altratek.altraserver.extensions.service.prize.PetEvolveSuperJobPrize$EvolveSuperJobDetail
5156:             2             48  com.altratek.altraserver.extensions.service.qiqi.MsgBoxCentra$SpecialActivityInfo
5157:             1             48  com.altratek.altraserver.extensions.service.rank.LocalRankService
5158:             1             48  com.altratek.altraserver.extensions.service.rankv2.LocalRankV2Service
5159:             2             48  com.altratek.altraserver.extensions.service.ridepet.ConditionHandler_TeamRole$TeamType
5160:             2             48  com.altratek.altraserver.extensions.service.routine.selector.TodayDoneCountSelector
5161:             2             48  com.altratek.altraserver.extensions.service.section.function.OneOffFunction
5162:             2             48  com.altratek.altraserver.extensions.service.section.predicate.OneOffPredicate
5163:             3             48  com.altratek.altraserver.extensions.service.section.predicate.PerfectPetStarGodPredicate
5164:             2             48  com.altratek.altraserver.extensions.service.smallgame.GameState
5165:             1             48  com.altratek.altraserver.extensions.service.superteam.PlayerDetail
5166:             2             48  com.altratek.altraserver.extensions.service.task.data.bonus.TaskBonus_NewHandTaskUltraEvolve
5167:             1             48  com.altratek.altraserver.extensions.service.task.data.step.StepDigStone
5168:             1             48  com.altratek.altraserver.extensions.service.task.data.step.StepHomesteadChallenge
5169:             1             48  com.altratek.altraserver.extensions.service.task.data.step.StepPassWarriorTower
5170:             1             48  com.altratek.altraserver.extensions.service.task.data.step.Step_20121102_SeizeGhost_JinHua
5171:             2             48  com.altratek.altraserver.extensions.service.task.handler.ext.StepHandler_Client
5172:             2             48  com.altratek.altraserver.extensions.service.temp.consume.Consume_AiXinJieZhaoCaiLiao
5173:             2             48  com.altratek.altraserver.extensions.service.temp.limit.EmissaryLimit
5174:             3             48  com.altratek.altraserver.extensions.service.temp.prize.NothingPrize
5175:             1             48  com.altratek.altraserver.extensions.service.tempactivity.contractbrother.ContractBrotherConfig$Stage
5176:             1             48  com.altratek.altraserver.extensions.service.tempactivity.contractbrother.ContractBrotherConfig$Stage1
5177:             1             48  com.altratek.altraserver.extensions.service.tempactivity.contractbrother.ContractBrotherConfig$Stage2
5178:             2             48  com.altratek.altraserver.extensions.service.tempactivity.diamondexchange20140207.PetSuperJobEvolvePrize
5179:             1             48  com.altratek.altraserver.extensions.service.tempactivity.knighterrant20140124.KnightErrantHandler
5180:             2             48  com.altratek.altraserver.extensions.service.tempactivity.mediumpetseries.PetGainDefine
5181:             2             48  com.altratek.altraserver.extensions.service.tempactivity.mediumpetseries.PetGainDefine$WishInfoDefine
5182:             2             48  com.altratek.altraserver.extensions.service.tempactivity.petvote.PetVoteConfig$ActivityInfo
5183:             2             48  com.altratek.altraserver.extensions.service.tempactivity.wumangbattle.mingyezhuiying.MingYeZhuiYingConfig$Report
5184:             1             48  com.altratek.altraserver.extensions.service.tempactivity.xiaomingwang.XiaoMingWangConfig
5185:             1             48  com.altratek.altraserver.extensions.service.tempactivity.xiunuocombine.XiuNuoCombineConfig
5186:             2             48  com.altratek.altraserver.extensions.service.timeliness_activity.act.act2016.act20160129.monkeyyearvowtree.MonkeyYearVowTreeConfig$Wish
5187:             2             48  com.altratek.altraserver.extensions.service.timeliness_activity.act.act2016.act20160205.havocinheaven.boxHandler.CommonBoxHandler
5188:             2             48  com.altratek.altraserver.extensions.service.timeliness_activity.act.act2016.act20160205.scwhl.ScwhlConfig
5189:             2             48  com.altratek.altraserver.extensions.service.timeliness_activity.act.act2016.act20160401.herocase.HeroCaseConfig$CommonCase
5190:             2             48  com.altratek.altraserver.extensions.service.timeliness_activity.act.act2016.act20160401.herocase.HeroCaseConfig$ContinueCase
5191:             1             48  com.altratek.altraserver.extensions.service.timeliness_activity.act.act2016.act20160513.allpeoplelottery.AllPeopleLotteryConfig
5192:             2             48  com.altratek.altraserver.extensions.service.timeliness_activity.act.act2016.act20161209.flipcardgainpet.FlipCardGainPetConfig$CardsDefine
5193:             2             48  com.altratek.altraserver.extensions.service.timeliness_activity.act.act2016.act20161209.flipcardgainpet.FlipCardGainPetConfig$LotteryCostDefine
5194:             2             48  com.altratek.altraserver.extensions.service.timeliness_activity.act.act2016.act20161209.flipcardgainpet.FlipCardGainPetConfig$Range
5195:             1             48  com.altratek.altraserver.extensions.service.timeliness_activity.act.act2017.act20170217.clergystar.ClergyStarConfig$1
5196:             1             48  com.altratek.altraserver.extensions.service.timeliness_activity.act.act2017.act20170217.clergystar.ClergyStarConfig$2
5197:             2             48  com.altratek.altraserver.extensions.service.timeliness_activity.act.act2017.act20170217.newhandtask170217.NewHandTaskPrizes$LvUpPrize
5198:             2             48  com.altratek.altraserver.extensions.service.timeliness_activity.act.act2017.act20170217.newhandtask170217.NewHandTaskPrizes$MaterialPrize
5199:             2             48  com.altratek.altraserver.extensions.service.timeliness_activity.act.act2017.act20170505.catsale.CatSaleConst$EvolveDefine
5200:             3             48  com.altratek.altraserver.extensions.service.timeliness_activity.act.act2017.act20170825.creategodfight.SingleBossFightHanlder
5201:             2             48  com.altratek.altraserver.extensions.service.timeliness_activity.act.act2017.act20170922.pandorabox.PandoraBoxConfig$PetPrize
5202:             2             48  com.altratek.altraserver.extensions.service.timeliness_activity.act.act2017.act20170929.gainpandora.GainPandoraInfo$HeartInfo
5203:             1             48  com.altratek.altraserver.extensions.service.timelinessactivity.classicspet.ClassicsPetInfo
5204:             2             48  com.altratek.altraserver.extensions.service.timelinessactivity.classicspet.bounsconfig.BonusInfo$Range
5205:             2             48  com.altratek.altraserver.extensions.service.timelinessactivity.fight.huolie.FightTeam2
5206:             1             48  com.altratek.altraserver.extensions.service.timelinessactivity.godpetdraw.GodPetDrawConfig
5207:             1             48  com.altratek.altraserver.extensions.service.timelinessactivity.lionsuperevolve.LionSuperEvolveConfig
5208:             2             48  com.altratek.altraserver.extensions.service.timelinessactivity.luckysuperevovle.LuckySuperEvovleConfig$Transfer
5209:             2             48  com.altratek.altraserver.extensions.service.timelinessactivity.luckysuperevovle.interact.LuckyInteractConfig$During
5210:             1             48  com.altratek.altraserver.extensions.service.timelinessactivity.pandaevolve.PandaEvolveConfig
5211:             1             48  com.altratek.altraserver.extensions.service.timelinessactivity.petskin.PetSkinDao
5212:             2             48  com.altratek.altraserver.extensions.service.timelinessactivity.petskin.summary.ext.SkinCannotBuyCommonWrapper
5213:             1             48  com.altratek.altraserver.extensions.service.timelinessactivity.xiaofanpartneraction.XiaoFanPartnerActionConfig
5214:             2             48  com.altratek.altraserver.extensions.service.timelinessactivity.xingchengsuperevolve.fight.FightByDeadNum
5215:             1             48  com.altratek.altraserver.extensions.service.title.TitleDao
5216:             2             48  com.altratek.altraserver.extensions.service.title.TitleService$TitleApproach
5217:             1             48  com.altratek.altraserver.extensions.service.undercity.UnderCityDao
5218:             2             48  com.altratek.altraserver.extensions.service.union.MemberSimpleInfo
5219:             2             48  com.altratek.altraserver.extensions.service.union.UnionDisplayService$UnionDisplaySimpleInfo
5220:             2             48  com.altratek.altraserver.extensions.service.union.UnionMemberService$PersonalMemberSimpleInfo
5221:             2             48  com.altratek.altraserver.extensions.service.union.UnionSalaryInfo
5222:             1             48  com.altratek.altraserver.extensions.service.union.activity.boss.UnionBossConfig
5223:             2             48  com.altratek.altraserver.extensions.service.union.activity.sign.USSignActivityConfig$BuildingLvPrize
5224:             2             48  com.altratek.altraserver.extensions.service.userbuff.BuffStructType
5225:             2             48  com.altratek.altraserver.extensions.service.vip.VipType
5226:             1             48  com.altratek.altraserver.extensions.service.vip.activity.va130830.VipActivity130830Config
5227:             2             48  com.altratek.altraserver.extensions.service.vip.activity.va130830.VipActivity130830Config$Choice0
5228:             3             48  com.altratek.altraserver.extensions.service.vip.activity.va130906.vagiftcontinue.VAGiftContinueConfig$GiftBag
5229:             2             48  com.altratek.altraserver.extensions.service.vip.activity.va20xx.GodRacePet
5230:             2             48  com.altratek.altraserver.extensions.service.vip.activity.va20xx.SuitPrize
5231:             2             48  com.altratek.altraserver.extensions.service.vip.activity.va20xx.SuperEvolveChoicePrize
5232:             2             48  com.altratek.altraserver.extensions.service.vip.activity.yearpay2016.YearPay2016Config$BonusDefine
5233:             1             48  com.altratek.altraserver.extensions.state.ChallengeDoneCount
5234:             1             48  com.altratek.altraserver.extensions.state.LongTimeDoneCounter
5235:             1             48  com.altratek.altraserver.extensions.state.PersistenceDoneCounter
5236:             1             48  com.altratek.altraserver.extensions.state.WeeklyDoneCounter
5237:             1             48  com.altratek.altraserver.extensions.state.donecouter.cache.DBPermanentDoneCounter
5238:             1             48  com.altratek.altraserver.extensions.state.donecouter.cache.DBWeeklyDoneCounter
5239:             1             48  com.altratek.altraserver.rmi.interfaces.Message
5240:             2             48  com.baitian.heartbeat.service.CheckInactiveService$1
5241:             3             48  com.bt.game.common.cache.Operation
5242:             2             48  com.bt.game.common.thread.WeakRefMap
5243:             2             48  com.bt.tech.wordfilter.SplitWordFilter
5244:             3             48  com.caucho.hessian.io.CollectionSerializer
5245:             3             48  com.caucho.hessian.io.SqlDateSerializer
5246:             2             48  com.caucho.hessian.io.UnsafeDeserializer$LongFieldDeserializer
5247:             2             48  com.pjx.adapter.globalconfig.GlobalPropertiesSetter$ConfigInitWay
5248:             2             48  com.pjx.battle.server.battle.buff.DoEffectFactory_CasterCritical$CompareOperate
5249:             2             48  com.pjx.battle.server.battle.buff.DoEffectFactory_CasterTargetFormationType$BooleanOperate
5250:             2             48  com.pjx.battle.server.battle.buff.DoEffectFactory_CasterTargetGender$GenderCompareType
5251:             2             48  com.pjx.battle.server.battle.buff.DoEffectFactory_CasterTargetHasBenefitBuff$IncludeType
5252:             2             48  com.pjx.battle.server.battle.buff.DoEffectFactory_CasterTargetRaceId$CludeType
5253:             2             48  com.pjx.battle.server.battle.buff.DoEffectFactory_CasterTargetRaceType$CludeType
5254:             2             48  com.pjx.battle.server.battle.buff.DoEffectFactory_CasterTargetRaceTypeV2$CludeType
5255:             2             48  com.pjx.battle.server.battle.buff.DoEffectFactory_CurStepCasterCritical$BooleanOperate
5256:             2             48  com.pjx.battle.server.battle.buff.DoEffectFactory_IsHit$BooleanOperate
5257:             2             48  com.pjx.battle.server.battle.buff.DoEffectFactory_SideHasCharacter
5258:             2             48  com.pjx.battle.server.battle.buff.DoEffectFactory_SkillType$BooleanOperate
5259:             2             48  com.pjx.battle.server.battle.buff.RandomContainerBuffFactory
5260:             2             48  com.pjx.battle.server.battle.buff.ext.AbsorbDemageExcludeBuffFactory
5261:             2             48  com.pjx.battle.server.battle.buff.ext.AddHeartForBossBuffFactory
5262:             2             48  com.pjx.battle.server.battle.buff.ext.ChangePower4PlayerBuffFactory$MyEffectSide
5263:             2             48  com.pjx.battle.server.battle.buff.ext.ClearBuffByIdV2BuffFactory
5264:             2             48  com.pjx.battle.server.battle.buff.ext.ClearBuffByIdV2BuffFactory$ClearItem
5265:             2             48  com.pjx.battle.server.battle.buff.ext.CounterAttackBuffFactory
5266:             2             48  com.pjx.battle.server.battle.buff.ext.DizzyHorizontalBuffFactory
5267:             2             48  com.pjx.battle.server.battle.buff.ext.ExcludeTargetBuffFactory$BuffEffectType
5268:             2             48  com.pjx.battle.server.battle.buff.ext.ExtraDamageBuffFactory$RandomDamageParam
5269:             2             48  com.pjx.battle.server.battle.buff.ext.HPTransferBuffFactory$HPType
5270:             2             48  com.pjx.battle.server.battle.buff.ext.HasRaceTypeThenAddBuffBuffFactory$Occasion
5271:             2             48  com.pjx.battle.server.battle.buff.ext.HasSignAddBuffBuffFactory
5272:             2             48  com.pjx.battle.server.battle.buff.ext.HasSignAddVigourToHighUltimateBuffFactory$Occasion
5273:             2             48  com.pjx.battle.server.battle.buff.ext.HealWhenDieBuffFactory
5274:             2             48  com.pjx.battle.server.battle.buff.ext.Id1065BuffFactory$Occasion
5275:             2             48  com.pjx.battle.server.battle.buff.ext.Id1233_4BuffFactory
5276:             2             48  com.pjx.battle.server.battle.buff.ext.Id1351BuffFactory
5277:             2             48  com.pjx.battle.server.battle.buff.ext.Id2490BuffFactory
5278:             2             48  com.pjx.battle.server.battle.buff.ext.Id2579BuffFactory
5279:             2             48  com.pjx.battle.server.battle.buff.ext.Id2984BuffFactory$TouchTime
5280:             2             48  com.pjx.battle.server.battle.buff.ext.Id3935BuffFactory
5281:             2             48  com.pjx.battle.server.battle.buff.ext.Id4133BuffFactory
5282:             2             48  com.pjx.battle.server.battle.buff.ext.Id4139BuffFactory
5283:             2             48  com.pjx.battle.server.battle.buff.ext.Id4256BuffFactory
5284:             3             48  com.pjx.battle.server.battle.buff.ext.Id4454BuffFactory
5285:             2             48  com.pjx.battle.server.battle.buff.ext.Id4708BuffFactory
5286:             2             48  com.pjx.battle.server.battle.buff.ext.Id4792BuffFactory
5287:             2             48  com.pjx.battle.server.battle.buff.ext.Id4933BuffFactory
5288:             2             48  com.pjx.battle.server.battle.buff.ext.Id5017_5018BuffFactory
5289:             2             48  com.pjx.battle.server.battle.buff.ext.Id5329BuffFactory
5290:             2             48  com.pjx.battle.server.battle.buff.ext.Id5570_5573BuffFactory
5291:             2             48  com.pjx.battle.server.battle.buff.ext.Id5649_50BuffFactory
5292:             2             48  com.pjx.battle.server.battle.buff.ext.Id5777BuffFactory
5293:             2             48  com.pjx.battle.server.battle.buff.ext.Id5815_5816BuffFactory
5294:             2             48  com.pjx.battle.server.battle.buff.ext.Id5968BuffFactory
5295:             2             48  com.pjx.battle.server.battle.buff.ext.Id6094_95BuffFactory
5296:             2             48  com.pjx.battle.server.battle.buff.ext.Id6109BuffFactory
5297:             2             48  com.pjx.battle.server.battle.buff.ext.Id6110BuffFactory
5298:             2             48  com.pjx.battle.server.battle.buff.ext.Id6141BuffFactory
5299:             2             48  com.pjx.battle.server.battle.buff.ext.Id6188BuffFactory
5300:             3             48  com.pjx.battle.server.battle.buff.ext.Id6230BuffFactory
5301:             2             48  com.pjx.battle.server.battle.buff.ext.Id6307BuffFactory
5302:             2             48  com.pjx.battle.server.battle.buff.ext.Id6491_6494BuffFactory
5303:             2             48  com.pjx.battle.server.battle.buff.ext.Id6492_6495BuffFactory
5304:             2             48  com.pjx.battle.server.battle.buff.ext.Id6549BuffFactory
5305:             2             48  com.pjx.battle.server.battle.buff.ext.Id6596BuffFactory
5306:             2             48  com.pjx.battle.server.battle.buff.ext.Id6619_6620BuffFactory
5307:             2             48  com.pjx.battle.server.battle.buff.ext.Id6640BuffFactory
5308:             2             48  com.pjx.battle.server.battle.buff.ext.Id6698BuffFactory
5309:             2             48  com.pjx.battle.server.battle.buff.ext.Id6698BuffFactory$ChangeConfig
5310:             2             48  com.pjx.battle.server.battle.buff.ext.Id6808BuffFactory
5311:             2             48  com.pjx.battle.server.battle.buff.ext.Id6971BuffFactory
5312:             2             48  com.pjx.battle.server.battle.buff.ext.Id7016BuffFactory
5313:             2             48  com.pjx.battle.server.battle.buff.ext.Id7146_7147BuffFactory
5314:             2             48  com.pjx.battle.server.battle.buff.ext.Id7393BuffFactory
5315:             3             48  com.pjx.battle.server.battle.buff.ext.Id966_8BuffFactory
5316:             2             48  com.pjx.battle.server.battle.buff.ext.ImmunityDamageByHPBuffFactory
5317:             2             48  com.pjx.battle.server.battle.buff.ext.ImmunityDamageFromPetBuffFactory
5318:             2             48  com.pjx.battle.server.battle.buff.ext.ImmunityJobsBuffFactory$ImmunityType
5319:             2             48  com.pjx.battle.server.battle.buff.ext.ImmunityRaceTypeBuffFactory$ImmunityType
5320:             3             48  com.pjx.battle.server.battle.buff.ext.ImmunityReboundDamageBuffFactory
5321:             2             48  com.pjx.battle.server.battle.buff.ext.LittleStrongBuffFactory
5322:             2             48  com.pjx.battle.server.battle.buff.ext.MissBuffFactory$MissType
5323:             2             48  com.pjx.battle.server.battle.buff.ext.MustDoBuffFactory$DoWhat
5324:             2             48  com.pjx.battle.server.battle.buff.ext.PoisionAfterAttackBuffFactory$PoisonType
5325:             1             48  com.pjx.battle.server.battle.buff.ext.PowerRangeChangeBuffFactory$PowerChange
5326:             2             48  com.pjx.battle.server.battle.buff.ext.PropertyChangeExtBuffFactory$ZhanDouLiValueType
5327:             2             48  com.pjx.battle.server.battle.buff.ext.PropertyRateChangedByHpRateBuffFactory
5328:             2             48  com.pjx.battle.server.battle.buff.ext.PushEnergyBuffFactory
5329:             2             48  com.pjx.battle.server.battle.buff.ext.RandomSpreadDemageBuffFactory$EffectSide
5330:             2             48  com.pjx.battle.server.battle.buff.ext.ReboundBuffBuffFactory$ReboundTarget
5331:             3             48  com.pjx.battle.server.battle.buff.ext.ReboundDamageBuffFactory$NotRaceType
5332:             3             48  com.pjx.battle.server.battle.buff.ext.ReboundDamageBuffFactory$PowerType
5333:             2             48  com.pjx.battle.server.battle.buff.ext.SuckDamage2HealBuffFactory
5334:             1             48  com.pjx.battle.server.battle.buff.ext.SuckDamage2PropertySpecialBuffFactory$SuckDamageConfig
5335:             3             48  com.pjx.battle.server.battle.buff.ext.SuckVigour2VigourBuffFactory
5336:             2             48  com.pjx.battle.server.battle.buff.ext.TargetChangeByBuffBuffFactory$BuffEffectType
5337:             2             48  com.pjx.battle.server.battle.buff.ext.VigourTransferBuffFactory$TransferDirection
5338:             2             48  com.pjx.battle.server.battle.helper.NumOrRate
5339:             2             48  com.pjx.battle.server.battle.player.CharacterJob$JobType
5340:             2             48  com.pjx.battle.server.battle.player.playerbuffcontroller.PlayerBuffType$PlayerBuffFightType
5341:             2             48  com.pjx.battle.server.battle.result.NumResult$BuffDisplayType
5342:             2             48  com.pjx.battle.server.battle.result.OneRoundResultType
5343:             2             48  com.pjx.battle.server.battle.skill.SkillDefine$AttackType
5344:             2             48  com.pjx.battle.server.battle.skill.affix.LimitFactory_IfHasOneOfBuffs$Limit_IfHasOneOfBuffs
5345:             2             48  com.pjx.battle.server.battle.skill.affix.LimitFactory_IfHasOneOfBuffs$SkillBuffAffixTargetType
5346:             2             48  com.pjx.battle.server.battle.skill.affix.LimitFactory_IfHpCondition$CompareType
5347:             2             48  com.pjx.battle.server.battle.skill.affix.LimitFactory_IfHpCondition$NumType
5348:             2             48  com.pjx.battle.server.battle.skill.affix.LimitFactory_IfHpCondition$SkillBuffAffixTargetType
5349:             3             48  com.pjx.battle.server.battle.target.Target_EnemySide_Single
5350:             2             48  com.pjx.battle.server.battle.target.Target_MySide_RaceType
5351:             3             48  com.pjx.battle.server.battle.target4buff.BuffTarget_MySide_Horizontal
5352:             2             48  com.pjx.battle.server.battle.team.Team$TeamId
5353:             2             48  com.pjx.battle.server.battle.util.Oc
5354:             2             48  com.pjx.module.buff.teambuff.TeamBuffCreatorFactory_BaseOnSign$TeamBuffCreator_BaseOnSign
5355:             1             48  com.pjx.module.creature.equipment.EquipCommonService
5356:             1             48  com.pjx.module.creature.equipment.EquipConfig
5357:             2             48  com.pjx.module.creature.equipment.cstrategy.quality.EquipmentQualityGenRandomStrategy
5358:             2             48  com.pjx.module.formation.FormationCreaturePosStrategy
5359:             2             48  com.pjx.module.formation.FormationReviseStrategy
5360:             2             48  com.pjx.rmi.obj.bestpetrank.BestPetRankSortType
5361:             2             48  com.pjx.rmi.obj.buddomain.EffectType
5362:             2             48  com.pjx.rmi.obj.chat.RemoteEvent_GlobalChat
5363:             2             48  com.pjx.rmi.obj.texas_poker.CardGameType$ChipType
5364:             2             48  com.pjx.rmi.obj.treasure.TreasureType$OutPutType
5365:             2             48  com.pjx.service.compete.CombineConfig$Game
5366:             2             48  com.pjx.service.compete.CompeteValidators$Validator_Date$DateCmp
5367:             2             48  com.pjx.service.express.Express$AndExpress
5368:             3             48  com.pjx.service.express.SymbolReserve
5369:             1             48  com.pjx.service.homeland.define.task.HomeLandTaskDefineManager
5370:             1             48  com.pjx.service.union.UnionErrorLogService
5371:             2             48  com.qqlogin.manager.ProxyTarget
5372:             2             48  com.qqlogin.manager.RemoteInvocationHandler$FailCount
5373:             2             48  com.sun.jmx.mbeanserver.ClassLoaderRepositorySupport$LoaderEntry
5374:             1             48  com.sun.jmx.mbeanserver.DefaultMXBeanMappingFactory$Mappings
5375:             2             48  com.sun.jmx.mbeanserver.StandardMBeanSupport
5376:             2             48  com.sun.jmx.mbeanserver.WeakIdentityHashMap
5377:             3             48  com.sun.org.apache.xerces.internal.impl.dv.dtd.ListDatatypeValidator
5378:             1             48  com.sun.org.apache.xerces.internal.util.URI
5379:             3             48  com.sun.proxy.$Proxy20
5380:             3             48  com.sun.proxy.$Proxy22
5381:             3             48  com.sun.proxy.$Proxy50
5382:             3             48  com.sun.proxy.$Proxy51
5383:             3             48  com.sun.proxy.$Proxy65
5384:             3             48  com.sun.proxy.$Proxy72
5385:             2             48  java.io.File$PathStatus
5386:             2             48  java.io.ObjectInputStream$PeekInputStream
5387:             2             48  java.io.ObjectStreamClass$ExceptionInfo
5388:             3             48  java.lang.Boolean
5389:             1             48  java.lang.invoke.BoundMethodHandle$Species_L4
5390:             2             48  java.lang.invoke.MethodHandles$Lookup
5391:             2             48  java.lang.reflect.Proxy$KeyX
5392:             2             48  java.lang.reflect.ReflectPermission
5393:             2             48  java.net.InetAddress$Cache
5394:             2             48  java.net.InetAddress$Cache$Type
5395:             2             48  java.net.InetAddress$CacheEntry
5396:             2             48  java.net.SocketPermissionCollection
5397:             2             48  java.net.StandardProtocolFamily
5398:             2             48  java.nio.charset.CoderResult
5399:             3             48  java.nio.charset.CodingErrorAction
5400:             2             48  java.security.CodeSigner
5401:             1             48  java.sql.SQLException
5402:             3             48  java.text.AttributedCharacterIterator$Attribute
5403:             2             48  java.time.format.DateTimeFormatterBuilder$1
5404:             2             48  java.time.format.DateTimeFormatterBuilder$ZoneIdPrinterParser
5405:             2             48  java.time.format.DateTimeTextProvider$LocaleStore
5406:             3             48  java.util.Base64$Decoder
5407:             3             48  java.util.Collections$SingletonSet
5408:             3             48  java.util.concurrent.atomic.AtomicMarkableReference
5409:             1             48  java.util.concurrent.locks.ReentrantReadWriteLock$FairSync
5410:             2             48  java.util.logging.Logger$LoggerBundle
5411:             2             48  java.util.regex.Pattern$SliceI
5412:             1             48  org.apache.log4j.Hierarchy
5413:             2             48  org.dom4j.Namespace
5414:             2             48  org.dom4j.tree.QNameCache
5415:             2             48  org.dom4j.util.SimpleSingleton
5416:             2             48  sun.management.ManagementFactoryHelper$1
5417:             2             48  sun.misc.JarIndex
5418:             2             48  sun.misc.NativeSignalHandler
5419:             1             48  sun.net.www.http.KeepAliveCache
5420:             1             48  sun.net.www.protocol.http.HttpURLConnection$HttpInputStream
5421:             2             48  sun.nio.ch.NativeThreadSet
5422:             2             48  sun.nio.ch.SharedFileLockTable
5423:             2             48  sun.nio.cs.Surrogate$Parser
5424:             2             48  sun.rmi.registry.RegistryImpl
5425:             3             48  sun.rmi.transport.tcp.TCPTransport$ConnectionHandler$$Lambda$88/1518593837
5426:             2             48  sun.security.jca.ProviderList
5427:             2             48  sun.security.jca.ProviderList$3
5428:             2             48  sun.security.provider.DSAParameters
5429:             2             48  sun.security.provider.certpath.X509CertPath
5430:             3             48  sun.security.x509.CertificateAlgorithmId
5431:             3             48  sun.security.x509.CertificateSerialNumber
5432:             3             48  sun.security.x509.CertificateVersion
5433:             3             48  sun.security.x509.CertificateX509Key
5434:             3             48  sun.security.x509.SerialNumber
5435:             3             48  sun.text.normalizer.NormalizerBase$QuickCheckResult
5436:             1             48  sun.text.resources.FormatData
5437:             1             48  sun.text.resources.en.FormatData_en
5438:             1             48  sun.text.resources.en.FormatData_en_US
5439:             1             40  [Lcom.altratek.altraserver.extensions.event.ext.AsynEventBigDataUserPetChanged$PetChangedType;
5440:             1             40  [Lcom.altratek.altraserver.extensions.service.activity.expweek.ExpWeekConfig;
5441:             1             40  [Lcom.altratek.altraserver.extensions.service.activity.getpet.GetPetConfig$WS_Gain;
5442:             1             40  [Lcom.altratek.altraserver.extensions.service.activity.godracetypewake.GodRaceType;
5443:             1             40  [Lcom.altratek.altraserver.extensions.service.activity.godracetypewake.superwake.GodRaceType;
5444:             1             40  [Lcom.altratek.altraserver.extensions.service.activity.legenddragon.LegendDragonConfig$HpRange;
5445:             1             40  [Lcom.altratek.altraserver.extensions.service.activity.longyansuperevolve.bosses.BossServiceEntry$BossTriel;
5446:             1             40  [Lcom.altratek.altraserver.extensions.service.activity.shenchongzhizun.ShenChong;
5447:             1             40  [Lcom.altratek.altraserver.extensions.service.activity.shenchongzhizun.SignPrize;
5448:             1             40  [Lcom.altratek.altraserver.extensions.service.arena.globalarena.video.FightFilter;
5449:             1             40  [Lcom.altratek.altraserver.extensions.service.challenge.act.act130.Act130Config$PrizeInfo;
5450:             1             40  [Lcom.altratek.altraserver.extensions.service.challenge.util.PetType;
5451:             1             40  [Lcom.altratek.altraserver.extensions.service.family.FamilyLevelDefine;
5452:             1             40  [Lcom.altratek.altraserver.extensions.service.family.LimitSecretSecurity;
5453:             1             40  [Lcom.altratek.altraserver.extensions.service.farm.FarmTableCol;
5454:             1             40  [Lcom.altratek.altraserver.extensions.service.farm.magic.FS_Steal$StealItem;
5455:             1             40  [Lcom.altratek.altraserver.extensions.service.fight.activity.hanjiabestpetdeliver.HanJiaBestPetDeliverService$BossKind;
5456:             1             40  [Lcom.altratek.altraserver.extensions.service.fight.activity.nvwafight.NvwaConfig$StageConfig;
5457:             1             40  [Lcom.altratek.altraserver.extensions.service.heroisland.buff.EffectGroup;
5458:             1             40  [Lcom.altratek.altraserver.extensions.service.heroisland.fairy.Hero.HeroSpecial;
5459:             1             40  [Lcom.altratek.altraserver.extensions.service.master_apprenticev2.MasterApprenticeV2Message$MsgState;
5460:             1             40  [Lcom.altratek.altraserver.extensions.service.npcbuddy.Bless_GainMaterial$LevelInfo;
5461:             1             40  [Lcom.altratek.altraserver.extensions.service.petpark.beforetask.BeforeTaskDefine;
5462:             1             40  [Lcom.altratek.altraserver.extensions.service.petpark.specialsalestore.SpecialSaleStoreHandler$Result;
5463:             1             40  [Lcom.altratek.altraserver.extensions.service.pjx.equipmentmaterial.Activity0331Service$TimeRange;
5464:             1             40  [Lcom.altratek.altraserver.extensions.service.qiqi.QiQiType;
5465:             1             40  [Lcom.altratek.altraserver.extensions.service.rename.State;
5466:             1             40  [Lcom.altratek.altraserver.extensions.service.temp.limit.LongTimeDoneCompareLimit$Operator;
5467:             1             40  [Lcom.altratek.altraserver.extensions.service.temp.limit.TodayDoneCompareLimit$Operator;
5468:             1             40  [Lcom.altratek.altraserver.extensions.service.tempactivity.coinweek.CoinWeekType;
5469:             1             40  [Lcom.altratek.altraserver.extensions.service.tempactivity.discountservice.DiscountActivity;
5470:             1             40  [Lcom.altratek.altraserver.extensions.service.tempactivity.greatpetwelfare.GreatPetWelfareService$GreatPet;
5471:             1             40  [Lcom.altratek.altraserver.extensions.service.tempactivity.mediumpetseries.PetUpDefine$GeniusUpInfo;
5472:             1             40  [Lcom.altratek.altraserver.extensions.service.tempactivity.xiunuocombine.PetType;
5473:             1             40  [Lcom.altratek.altraserver.extensions.service.tempactivity.xiunuocombine.XiuNuoCombineConfig$HPDefine;
5474:             1             40  [Lcom.altratek.altraserver.extensions.service.timeliness_activity.act.act2016.act20160129.zdlgiftbag.ZdlGiftBagHandler$Result;
5475:             1             40  [Lcom.altratek.altraserver.extensions.service.timeliness_activity.act.act2016.act20160603.newhandtask160603.TaskPrizeGroup;
5476:             1             40  [Lcom.altratek.altraserver.extensions.service.timeliness_activity.act.act2016.act20160624.flashsalehhzs.drawlottery.info.DoneCounterType;
5477:             1             40  [Lcom.altratek.altraserver.extensions.service.timeliness_activity.act.act2017.act20170210.godprofessionmiaodui.game.MiaoGameHandler$Result;
5478:             1             40  [Lcom.altratek.altraserver.extensions.service.timeliness_activity.act.act2017.act20170210.lanternfestivaldraw.LF_Act;
5479:             1             40  [Lcom.altratek.altraserver.extensions.service.timeliness_activity.act.act2017.act20170217.clergystar.ClergyRefresher;
5480:             1             40  [Lcom.altratek.altraserver.extensions.service.timeliness_activity.act.act2017.act20170512.petcollect.PetCollectHandler$PrizeConfig;
5481:             1             40  [Lcom.altratek.altraserver.extensions.service.timeliness_activity.act.act2017.act20170616.developmenttasks.DevelopmenttasksConfig$TType;
5482:             1             40  [Lcom.altratek.altraserver.extensions.service.timeliness_activity.act.act2017.act20170616.petsteps.StepsGroup;
5483:             1             40  [Lcom.altratek.altraserver.extensions.service.timeliness_activity.act.act2017.act20170623.diamondtask.WeeklyTaskDefine;
5484:             1             40  [Lcom.altratek.altraserver.extensions.service.timeliness_activity.act.act2017.act20170707.lingyingmiao.LingYingMiaoHandler$Result;
5485:             1             40  [Lcom.altratek.altraserver.extensions.service.timeliness_activity.act.act2017.act20170728.magicformation.MagicFormationFormation;
5486:             1             40  [Lcom.altratek.altraserver.extensions.service.timeliness_activity.act.act2017.act20170818.liehunmiaogodjob.LieHunMiaoGodJobConfig$PrizeDrawConfig;
5487:             1             40  [Lcom.altratek.altraserver.extensions.service.timeliness_activity.act.act2017.act20170825.creategodfight.CreateGodFightConfig$StageConfig;
5488:             1             40  [Lcom.altratek.altraserver.extensions.service.timeliness_activity.act.act2017.act20170825.creategodfight.CreateGodFightConfig$ValidBuff;
5489:             1             40  [Lcom.altratek.altraserver.extensions.service.timeliness_activity.act.act2017.act20170915.shadowsontransform.GameState;
5490:             1             40  [Lcom.altratek.altraserver.extensions.service.timeliness_activity.act.act2017.act20170922.fivekingheadframe.FiveKingHeadFrameConfig$FiveKings;
5491:             1             40  [Lcom.altratek.altraserver.extensions.service.timeliness_activity.act.act2017.act20170922.petgiftdraw.PetGiftDrawConfig$DrawBonus;
5492:             1             40  [Lcom.altratek.altraserver.extensions.service.timeliness_activity.act.act2017.act20170922.petgiftdraw.PetGiftDrawConfig$LuckyValue;
5493:             1             40  [Lcom.altratek.altraserver.extensions.service.timeliness_activity.act.act2017.act20170929.rabbitgodgodjob.RabbitGodGodJobConfig$Progress2Buff;
5494:             1             40  [Lcom.altratek.altraserver.extensions.service.timeliness_activity.act.act2017.act20171013.summonerpower.SummonerPowerConfig$PrizeConfig;
5495:             1             40  [Lcom.altratek.altraserver.extensions.service.treasurehall.level.MaterialDefine;
5496:             1             40  [Lcom.altratek.altraserver.extensions.service.userdisplay.UserDisplayStateSwitchKey;
5497:             1             40  [Lcom.altratek.altraserver.extensions.service.vip.activity.yearpay2017.YearPay2017Handler$Result;
5498:             1             40  [Lcom.altratek.altraserver.extensions.state.DoneCounterType;
5499:             1             40  [Lcom.pjx.battle.server.battle.buff.DoEffectFactory_CasterTargetHpV2$MyCompareType;
5500:             1             40  [Lcom.pjx.battle.server.battle.buff.ext.BuffCount2DamageBuffFactory$MyEffectSide;
5501:             1             40  [Lcom.pjx.battle.server.battle.buff.ext.ClearBuffByBuffBenefitBuffFactory$EffectSide;
5502:             1             40  [Lcom.pjx.battle.server.battle.buff.ext.ClearBuffBySignBuffFactory$MyEffectSide;
5503:             1             40  [Lcom.pjx.battle.server.battle.buff.ext.HPTransferBuffFactory$TransferDirection;
5504:             1             40  [Lcom.pjx.battle.server.battle.buff.ext.Property2DamageBuffFactory$MyEffectSide;
5505:             1             40  [Lcom.pjx.rmi.obj.anniversaryarena.AnniversaryArenaState;
5506:             1             40  [Lcom.pjx.rmi.obj.appjungle.XiuNuoDate;
5507:             1             40  [Lcom.pjx.rmi.obj.buddomain.UseType;
5508:             1             40  [Lcom.pjx.rmi.obj.heroisland.GameType;
5509:             1             40  [Lcom.pjx.service.activityinvite.ActivityInviteDefine;
5510:             1             40  [Lcom.pjx.service.homeland.HomeLandLimitSecretSecurity;
5511:             1             40  [Lcom.pjx.service.homeland.define.facility.FacilityStyle;
5512:             1             40  [Lcom.pjx.service.homeland.homelandparty.HomeLandPartyRole;
5513:             2             40  [Lcom.sun.jmx.mbeanserver.ClassLoaderRepositorySupport$LoaderEntry;
5514:             1             40  [Lcom.sun.org.apache.xalan.internal.utils.FeaturePropertyBase$State;
5515:             1             40  [Lcom.sun.org.apache.xerces.internal.util.Status;
5516:             1             40  [Lcom.sun.org.apache.xerces.internal.utils.XMLSecurityManager$State;
5517:             1             40  [Lcom.sun.org.apache.xerces.internal.utils.XMLSecurityPropertyManager$State;
5518:             1             40  [Ljava.lang.management.MemoryPoolMXBean;
5519:             1             40  [Ljava.time.format.SignStyle;
5520:             1             40  [Ljava.time.format.TextStyle;
5521:             1             40  [Ljava.util.stream.StreamOpFlag;
5522:             1             40  [Lsun.security.jca.ServiceId;
5523:             1             40  [Lsun.security.util.DisabledAlgorithmConstraints$KeySizeConstraint$Operator;
5524:             1             40  [Lsun.util.locale.provider.LocaleProviderAdapter$Type;
5525:             1             40  [[D
5526:             1             40  [[Ljava.lang.Integer;
5527:             1             40  [[Ljava.lang.invoke.LambdaForm$Name;
5528:             1             40  baitian.service.manager.HessianInvocationHandler
5529:             1             40  com.alibaba.fastjson.util.DeserializeBeanInfo
5530:             1             40  com.altratek.altraserver.extensions.db.DbGroupList
5531:             1             40  com.altratek.altraserver.extensions.event.SynEventDispatcher
5532:             1             40  com.altratek.altraserver.extensions.idgen.IdGenDao
5533:             1             40  com.altratek.altraserver.extensions.reload.PJXDefineReloaders
5534:             1             40  com.altratek.altraserver.extensions.service.activity.callback.cb20150710.BackAndInvite150710Config
5535:             1             40  com.altratek.altraserver.extensions.service.activity.callback.cb20150902.ThirtyDaysBackConfig
5536:             1             40  com.altratek.altraserver.extensions.service.activity.callback.cb20151231.ThirtyDaysBack151231Config
5537:             1             40  com.altratek.altraserver.extensions.service.activity.callback.cb20160115.BackAndInvite160115Config
5538:             1             40  com.altratek.altraserver.extensions.service.activity.cgcatchanllenge.CGCatChallengeExtraConfig
5539:             1             40  com.altratek.altraserver.extensions.service.activity.cityvote.CityVoteHandler
5540:             1             40  com.altratek.altraserver.extensions.service.activity.cookgod.xml.CookGodXmlReader
5541:             1             40  com.altratek.altraserver.extensions.service.activity.defenceluludan.DefenceLuLuDanConfig
5542:             1             40  com.altratek.altraserver.extensions.service.activity.digicefindtreasure.DigIceFindTreasureConfig
5543:             1             40  com.altratek.altraserver.extensions.service.activity.gainxiaotian.GainXiaoTianDao
5544:             1             40  com.altratek.altraserver.extensions.service.activity.heronuoya.HeroNuoYaManager
5545:             1             40  com.altratek.altraserver.extensions.service.activity.monstermobile.MonsterMobileConfig
5546:             1             40  com.altratek.altraserver.extensions.service.activity.personalboss.PersonalBossDefine
5547:             1             40  com.altratek.altraserver.extensions.service.activity.seaking.SeaKingDefine$MonsterCharacter
5548:             1             40  com.altratek.altraserver.extensions.service.activity.shadow_wing.ShadowWingConfig$GetConfig
5549:             1             40  com.altratek.altraserver.extensions.service.activity.shenchongzhizun.ShenChongZhiZunInfo
5550:             1             40  com.altratek.altraserver.extensions.service.activity.starbluedragon.StarBlueDragonRank
5551:             1             40  com.altratek.altraserver.extensions.service.activity.strengthdeliver.StrengthDeliverConfig
5552:             1             40  com.altratek.altraserver.extensions.service.activity.suikong.SuiKongBossDefine$MonsterCharacter
5553:             1             40  com.altratek.altraserver.extensions.service.activity.swordofking.SwordOfKingDefine
5554:             1             40  com.altratek.altraserver.extensions.service.activity.xiaomocomeon.XiaoMoComeOnManager
5555:             1             40  com.altratek.altraserver.extensions.service.allroundpk.AllRoundPKService
5556:             1             40  com.altratek.altraserver.extensions.service.arena.globalarena.honorrank.ArenaHonorRankDao$HonorRankInfo
5557:             1             40  com.altratek.altraserver.extensions.service.auctioncenter.AuctionCenterConfig
5558:             1             40  com.altratek.altraserver.extensions.service.breachformation.BF_PeriodDefine
5559:             1             40  com.altratek.altraserver.extensions.service.breachformation.BreachFormationDao
5560:             1             40  com.altratek.altraserver.extensions.service.buddy.nearbuddy.NearBuddyDao
5561:             1             40  com.altratek.altraserver.extensions.service.challenge.act.act130.Act130Config$PrizeInfo$1
5562:             1             40  com.altratek.altraserver.extensions.service.challenge.act.act130.Act130Config$PrizeInfo$2
5563:             1             40  com.altratek.altraserver.extensions.service.challenge.act.act130.Act130Config$PrizeInfo$3
5564:             1             40  com.altratek.altraserver.extensions.service.challenge.act.act130.Act130Config$PrizeInfo$4
5565:             1             40  com.altratek.altraserver.extensions.service.challenge.act.act130.Act130Config$PrizeInfo$5
5566:             1             40  com.altratek.altraserver.extensions.service.challenge.prizeprocessor.ext.Prize_30_SuperGodBuyCoin
5567:             1             40  com.altratek.altraserver.extensions.service.challenge.strategy.ext.Strategy_Custom40
5568:             1             40  com.altratek.altraserver.extensions.service.challenge.teamselecter.Selecter_ActiveRankLinearTeam
5569:             1             40  com.altratek.altraserver.extensions.service.challenge.teamselecter.Selecter_DailyBoss
5570:             1             40  com.altratek.altraserver.extensions.service.challenge.teamselecter.Selecter_LinearTeamLimitDate
5571:             1             40  com.altratek.altraserver.extensions.service.challenge.teamselecter.ext.Selecter_104_DailyBoss
5572:             1             40  com.altratek.altraserver.extensions.service.configurable_activity.Balance_PetStarGod
5573:             1             40  com.altratek.altraserver.extensions.service.configurable_activity.Limit_Task
5574:             1             40  com.altratek.altraserver.extensions.service.configurable_activity.Selector_DoneCountBalanceValue
5575:             1             40  com.altratek.altraserver.extensions.service.family.FamilyMc
5576:             1             40  com.altratek.altraserver.extensions.service.family.FamilyRemoteServiceProvider
5577:             1             40  com.altratek.altraserver.extensions.service.family.FamilyService
5578:             1             40  com.altratek.altraserver.extensions.service.farm.material.CropSeedManager
5579:             1             40  com.altratek.altraserver.extensions.service.fight.activity.aresgodjob.AresGodJobInfo
5580:             1             40  com.altratek.altraserver.extensions.service.fight.activity.binglingwangfight.BingLingWangFightConfig
5581:             1             40  com.altratek.altraserver.extensions.service.fight.activity.binglingwangfight.phases.ext.phase3.BLW_Phase3Config
5582:             1             40  com.altratek.altraserver.extensions.service.fight.activity.darkspiritfirepetfight.DarkSpiritFirePetFightConfig
5583:             1             40  com.altratek.altraserver.extensions.service.fight.activity.heroholyriderheart.HeroHolyRiderHeartConfig
5584:             1             40  com.altratek.altraserver.extensions.service.fight.activity.herorabbit.HeroRabbitConfig
5585:             1             40  com.altratek.altraserver.extensions.service.fight.activity.mozunfight.MoZunFightConfig
5586:             1             40  com.altratek.altraserver.extensions.service.fight.activity.nuoyanewsuperevolve.fight.fight12.Fight12Config
5587:             1             40  com.altratek.altraserver.extensions.service.fight.activity.nvwafight.NvwaConfig
5588:             1             40  com.altratek.altraserver.extensions.service.fight.activity.shanggulingzhunevolve.PhaseInfo
5589:             1             40  com.altratek.altraserver.extensions.service.fight.activity.yueshenlingfeng.YueShenLingFengConfig
5590:             1             40  com.altratek.altraserver.extensions.service.fight.activity.zerozeroevolve.ZeroZeroEvolveConfig
5591:             1             40  com.altratek.altraserver.extensions.service.fight.activity.ziyafight.ZiYaFightConfig
5592:             1             40  com.altratek.altraserver.extensions.service.fishery.material.FishManager
5593:             1             40  com.altratek.altraserver.extensions.service.fishery.material.item.FisheryItemDb
5594:             1             40  com.altratek.altraserver.extensions.service.heroisland.compete.HeroIslandCompeteRemoteServiceProvider
5595:             1             40  com.altratek.altraserver.extensions.service.homeland.HomeLandHandle
5596:             1             40  com.altratek.altraserver.extensions.service.homeland.HomeLandRemoteServiceProvider
5597:             1             40  com.altratek.altraserver.extensions.service.homeland.cache.HomeLandCacheDao
5598:             1             40  com.altratek.altraserver.extensions.service.homeland.homelanddragon.HomeLandDragonConfig
5599:             1             40  com.altratek.altraserver.extensions.service.homeland.homelandparty.HomeLandPartyDao
5600:             1             40  com.altratek.altraserver.extensions.service.homeland.map.HomeLandMapHandle
5601:             1             40  com.altratek.altraserver.extensions.service.login.activity.la130830.LoginActivity130830Config
5602:             1             40  com.altratek.altraserver.extensions.service.mainpetultraevolve.MainPetUltraEvolveConfig
5603:             1             40  com.altratek.altraserver.extensions.service.master_apprenticev2.MasterApprenticeV2Handler
5604:             1             40  com.altratek.altraserver.extensions.service.material.extend.antiquit.AntiquitManager
5605:             1             40  com.altratek.altraserver.extensions.service.material.extend.flower.FlowerDaoDb
5606:             1             40  com.altratek.altraserver.extensions.service.material.extend.fossil.FossilDao
5607:             1             40  com.altratek.altraserver.extensions.service.material.extend.item.ItemDb
5608:             1             40  com.altratek.altraserver.extensions.service.material.extend.nicknamecard.UserNickNameCard
5609:             1             40  com.altratek.altraserver.extensions.service.material.extend.nicknamecard.UserNickNameCardService
5610:             1             40  com.altratek.altraserver.extensions.service.material.extend.petegg.PetEggManager
5611:             1             40  com.altratek.altraserver.extensions.service.material.extend.score.ScoreDb
5612:             1             40  com.altratek.altraserver.extensions.service.nobleclub.hirepet.NobleHirePetConfig
5613:             1             40  com.altratek.altraserver.extensions.service.petpark.fossilbreed.FossilBreedConfig
5614:             1             40  com.altratek.altraserver.extensions.service.petpark.newarchlgy.NewArchlgyConfig
5615:             1             40  com.altratek.altraserver.extensions.service.petpark.specialsalestore.SpecialSaleStoreConfig
5616:             1             40  com.altratek.altraserver.extensions.service.petpark.stablebreed.StableBreedService
5617:             1             40  com.altratek.altraserver.extensions.service.petpark.stablebreed.db.SBPetInfo
5618:             1             40  com.altratek.altraserver.extensions.service.pjx.kingroad.fairy.Chapter2Define
5619:             1             40  com.altratek.altraserver.extensions.service.pjx.kingroad.jingzhiyin20140613.Chapter2Define
5620:             1             40  com.altratek.altraserver.extensions.service.pjx.kingroad.kungfu.KungFuDefine
5621:             1             40  com.altratek.altraserver.extensions.service.pjx.kingroad.lizhiyin.Chapter2Define
5622:             1             40  com.altratek.altraserver.extensions.service.pjx.kingroad.ninja.NinjaDefine
5623:             1             40  com.altratek.altraserver.extensions.service.pjx.kingroad.qizhiyin.Chapter2Define
5624:             1             40  com.altratek.altraserver.extensions.service.pjx.kingroad.super4.Chapter2Define
5625:             1             40  com.altratek.altraserver.extensions.service.pjx.kingroad.super5.Chapter2Define
5626:             1             40  com.altratek.altraserver.extensions.service.pjx.kingroad.super6.Chapter2Define
5627:             1             40  com.altratek.altraserver.extensions.service.pjx.kingroad.tianzhiyin140718.Chapter2Define
5628:             1             40  com.altratek.altraserver.extensions.service.pjx.kingroad150515.KingHallConfig
5629:             1             40  com.altratek.altraserver.extensions.service.pjx.stargod.StarGodDb
5630:             1             40  com.altratek.altraserver.extensions.service.stall.UserSellingDao
5631:             1             40  com.altratek.altraserver.extensions.service.stone.StoneManager
5632:             1             40  com.altratek.altraserver.extensions.service.swimming.SwimmingManager
5633:             1             40  com.altratek.altraserver.extensions.service.task.manager.TaskDefineManager
5634:             1             40  com.altratek.altraserver.extensions.service.temp.consume.Consume_IncLongTimeValue
5635:             1             40  com.altratek.altraserver.extensions.service.tempactivity.mediumpetseries.jixing.JiXingConfig
5636:             1             40  com.altratek.altraserver.extensions.service.tempactivity.wumangbattle.mingyezhuiying.MingYeZhuiYingConfig$Stage2
5637:             1             40  com.altratek.altraserver.extensions.service.texaspoker.PokerDao
5638:             1             40  com.altratek.altraserver.extensions.service.timeliness_activity.act.act2016.act20160219.invincibletangyuan.InvincibleTangYuanConfig
5639:             1             40  com.altratek.altraserver.extensions.service.timeliness_activity.act.act2016.act20160311.scorecompete.ScoreCompeteConfig
5640:             1             40  com.altratek.altraserver.extensions.service.timeliness_activity.act.act2016.act20160401.slingshotshoot.SlingshotShootConfig
5641:             1             40  com.altratek.altraserver.extensions.service.timeliness_activity.act.act2016.act20160415.starpartner.StarPartnerConfig
5642:             1             40  com.altratek.altraserver.extensions.service.timeliness_activity.act.act2016.act20160520.haisaisisupergodevolve.HaiSaiSiSuperEvolveConfig
5643:             1             40  com.altratek.altraserver.extensions.service.timeliness_activity.act.act2016.act20160520.removexiaoheidream.RemoveXiaoHeiDreamCinfig
5644:             1             40  com.altratek.altraserver.extensions.service.timeliness_activity.act.act2016.act20160708.dragonvsking.exp.DragonVsKingExpManager
5645:             1             40  com.altratek.altraserver.extensions.service.timeliness_activity.act.act2016.act20161202.stargodlottery.StarGodLotteryConfig
5646:             1             40  com.altratek.altraserver.extensions.service.timeliness_activity.act.act2017.act20170922.petgiftdraw.PetOpenBonus
5647:             1             40  com.altratek.altraserver.extensions.service.timelinessactivity.callandinvite.CallAndInviteDao
5648:             1             40  com.altratek.altraserver.extensions.service.timelinessactivity.christmasturkeychef.ChristmasTurkeyChefConfig
5649:             1             40  com.altratek.altraserver.extensions.service.timelinessactivity.clothesofking.ClothesOfKingDb
5650:             1             40  com.altratek.altraserver.extensions.service.timelinessactivity.luckysuperevovle.fight.LuckyFightConfig
5651:             1             40  com.altratek.altraserver.extensions.service.union.UnionConfig
5652:             1             40  com.altratek.altraserver.extensions.service.union.UnionHandler
5653:             1             40  com.altratek.altraserver.extensions.service.union.activity.boss.UnionBossConfig$LetterDefine
5654:             1             40  com.altratek.altraserver.extensions.service.union.activity.store.UnionStoreHandler
5655:             1             40  com.altratek.altraserver.extensions.service.user.OfflineMsg
5656:             1             40  com.altratek.altraserver.extensions.service.vip.charge.VipChargeDao
5657:             1             40  com.altratek.altraserver.extensions.service.vip.tempvipactivity.StarlitPalaceManager
5658:             1             40  com.altratek.altraserver.extensions.state.MonthDbDoneCounter
5659:             1             40  com.altratek.altraserver.extensions.state.TodayDbDoneCounter
5660:             1             40  com.altratek.altraserver.task.IdleConnCheckTask
5661:             1             40  com.baitian.app.common.server.CServer
5662:             1             40  com.baitian.gameonlinechat.webserver.gameservice.client.GameChatClient
5663:             1             40  com.baitian.heartbeat.PlainHttpProxy
5664:             1             40  com.baitian.logcollector.sdk.SimpleRingQueue
5665:             1             40  com.bt.game.common.thread.WeakRefMap$WeakRef
5666:             1             40  com.caucho.hessian.client.HessianURLConnection
5667:             1             40  com.pjx.battle.server.battle.buff.ext.BeAttackBuffFactory
5668:             1             40  com.pjx.battle.server.battle.buff.ext.BuffCount2DamageBuffFactory$DamageConfig
5669:             1             40  com.pjx.battle.server.battle.buff.ext.Id6587BuffFactory
5670:             1             40  com.pjx.battle.server.battle.buff.ext.Id6627BuffFactory
5671:             1             40  com.pjx.battle.server.battle.buff.ext.ImmunityV2BuffFactory
5672:             1             40  com.pjx.battle.server.battle.buff.ext.PowerClearNegativeBuffFactory
5673:             1             40  com.pjx.battle.server.battle.buff.ext.PowerLimitNewBuffFactory
5674:             1             40  com.pjx.battle.server.battle.buff.ext.Property2DamageBuffFactory$DamageConfig
5675:             1             40  com.pjx.common.daobase.builder.SQLAndParamBuilder
5676:             1             40  com.pjx.module.define.dbreader.DbReaderController
5677:             1             40  com.pjx.rmi.obj.homeland.facility.HomeLandMemberFacility
5678:             1             40  com.pjx.service.homeland.define.task.HomeLandRelayTaskDefine
5679:             1             40  com.pjx.service.pk.pkprocessor.MeleePKProcessor
5680:             1             40  com.pjx.service.union.UnionWeeklyStringState
5681:             1             40  com.qqlogin.manager.HessianInvocationHandler
5682:             1             40  com.sun.beans.finder.MethodFinder$1
5683:             1             40  com.sun.jmx.interceptor.DefaultMBeanServerInterceptor
5684:             1             40  com.sun.jmx.mbeanserver.JmxMBeanServer
5685:             1             40  com.sun.jmx.mbeanserver.MBeanServerDelegateImpl
5686:             1             40  com.zaxxer.hikari.pool.ProxyLeakTask$1
5687:             1             40  flex.messaging.io.ThrowableProxy
5688:             1             40  java.beans.WeakIdentityMap$Entry
5689:             1             40  java.io.PrintWriter
5690:             1             40  java.text.MessageFormat
5691:             1             40  java.time.format.DateTimeFormatterBuilder
5692:             1             40  java.time.zone.ZoneRules
5693:             1             40  java.util.ArrayList$SubList
5694:             1             40  java.util.HashMap$EntryIterator
5695:             1             40  java.util.HashMap$ValueIterator
5696:             1             40  java.util.ResourceBundle$1
5697:             1             40  javax.crypto.CryptoAllPermission
5698:             1             40  org.apache.log4j.spi.RootLogger
5699:             1             40  org.dom4j.tree.DefaultDocument
5700:             1             40  sun.awt.resources.awt
5701:             1             40  sun.management.DiagnosticCommandImpl
5702:             1             40  sun.nio.cs.StandardCharsets$Aliases
5703:             1             40  sun.nio.cs.StandardCharsets$Cache
5704:             1             40  sun.nio.cs.StandardCharsets$Classes
5705:             1             40  sun.nio.cs.ext.ExtendedCharsets
5706:             1             40  sun.util.logging.resources.logging
5707:             1             32  [Lcom.altratek.altraserver.extensions.service.accountbinding.AccountBindingHandler$IPrize;
5708:             1             32  [Lcom.altratek.altraserver.extensions.service.activity.aoqisecretcompete.AoqiSecretCompeteConfig$Activity;
5709:             1             32  [Lcom.altratek.altraserver.extensions.service.activity.aoqisecretcompete.AoqiSecretCompeteConfig$Time;
5710:             1             32  [Lcom.altratek.altraserver.extensions.service.activity.cookgod.xml.CookType;
5711:             1             32  [Lcom.altratek.altraserver.extensions.service.activity.cookgod.xml.PrizeType;
5712:             1             32  [Lcom.altratek.altraserver.extensions.service.activity.diamondexchange.wxlversion.Config151023$PrizeInfo;
5713:             1             32  [Lcom.altratek.altraserver.extensions.service.activity.godracetypewake.taobao.GodRaceTaoBaoItem$ItemType;
5714:             1             32  [Lcom.altratek.altraserver.extensions.service.activity.lightking.phases.PhaseHandlerProvider$Phase;
5715:             1             32  [Lcom.altratek.altraserver.extensions.service.activity.teamfight.Team;
5716:             1             32  [Lcom.altratek.altraserver.extensions.service.activity.weizhentianxiamerge.WeiZhenTianXiaMergeHandler$PhaseType;
5717:             1             32  [Lcom.altratek.altraserver.extensions.service.allroundpk.AllRoundPKMessage$MsgState;
5718:             1             32  [Lcom.altratek.altraserver.extensions.service.arena.arena.ArenaState;
5719:             1             32  [Lcom.altratek.altraserver.extensions.service.arena.globalarena.FightTypeWrap;
5720:             1             32  [Lcom.altratek.altraserver.extensions.service.arena.globalarena.VictoryOrDefeat;
5721:             1             32  [Lcom.altratek.altraserver.extensions.service.arena.globalarena.dragonfight.ArenaDragonFightHandler$Result;
5722:             1             32  [Lcom.altratek.altraserver.extensions.service.buddy.nearbuddy.seniorbuddy.SeniorBuddyGroup;
5723:             1             32  [Lcom.altratek.altraserver.extensions.service.family.arena.FamilyArenaDefine$BonusRange;
5724:             1             32  [Lcom.altratek.altraserver.extensions.service.farm.Crop$CropState;
5725:             1             32  [Lcom.altratek.altraserver.extensions.service.farm.Crop$GrowPhase;
5726:             1             32  [Lcom.altratek.altraserver.extensions.service.farm.FarmAction;
5727:             1             32  [Lcom.altratek.altraserver.extensions.service.farm.FarmItemDefine$UseType;
5728:             1             32  [Lcom.altratek.altraserver.extensions.service.farm.buddyrank.FarmInterest$Interest;
5729:             1             32  [Lcom.altratek.altraserver.extensions.service.farm.potentialfruit.Box$BoxState;
5730:             1             32  [Lcom.altratek.altraserver.extensions.service.farm.potentialfruit.WeekGroup;
5731:             1             32  [Lcom.altratek.altraserver.extensions.service.fight.activity.binglingwangevolve.BingLingWangEvolveDao$EncounterFight;
5732:             1             32  [Lcom.altratek.altraserver.extensions.service.fight.activity.binglingwangfight.phases.BLW_PhaseType;
5733:             1             32  [Lcom.altratek.altraserver.extensions.service.fight.activity.hantiansupergodevolve.HanTianSuperGodEvolveConfig$StageConfig;
5734:             1             32  [Lcom.altratek.altraserver.extensions.service.fight.activity.kaisasuperevolve.KaiSaSuperEvolveConfig$StageConfig;
5735:             1             32  [Lcom.altratek.altraserver.extensions.service.fight.activity.mozunfight.phases.MZF_PhaseType;
5736:             1             32  [Lcom.altratek.altraserver.extensions.service.fight.activity.mrsuperfight.MrSuperFightConfig$StageConfig;
5737:             1             32  [Lcom.altratek.altraserver.extensions.service.fight.activity.nuoyanewsuperevolve.NuoYaNewSuperEvolveHandler$FightHandlerType;
5738:             1             32  [Lcom.altratek.altraserver.extensions.service.fight.activity.woodfishfight.phases.WFF_PhaseType;
5739:             1             32  [Lcom.altratek.altraserver.extensions.service.fight.activity.ziyafight.ZiYaFightConfig$StageConfig;
5740:             1             32  [Lcom.altratek.altraserver.extensions.service.fishery.fishingmaster.ModeInfo$ModeType;
5741:             1             32  [Lcom.altratek.altraserver.extensions.service.fishery.fishingmaster.StrengthenSelector;
5742:             1             32  [Lcom.altratek.altraserver.extensions.service.greatsearoute.TreasureBox;
5743:             1             32  [Lcom.altratek.altraserver.extensions.service.homeland.task.HomeLandCommonTask$CommonTaskState;
5744:             1             32  [Lcom.altratek.altraserver.extensions.service.homeland.task.HomeLandRandomTask$RandomTaskState;
5745:             1             32  [Lcom.altratek.altraserver.extensions.service.homeland.task.HomeLandTaskKind;
5746:             1             32  [Lcom.altratek.altraserver.extensions.service.house.HouseVisitType;
5747:             1             32  [Lcom.altratek.altraserver.extensions.service.material.extend.flower.Flower$MessageType;
5748:             1             32  [Lcom.altratek.altraserver.extensions.service.petpark.newarchlgy.map.NewArchlgyGridColor;
5749:             1             32  [Lcom.altratek.altraserver.extensions.service.petpark.petfeedplan.PetFeedPlanInfo$PlanState;
5750:             1             32  [Lcom.altratek.altraserver.extensions.service.pjx.battle.EffectSide;
5751:             1             32  [Lcom.altratek.altraserver.extensions.service.pjx.battle.define.BattleSceneCreepLimit$IncType;
5752:             1             32  [Lcom.altratek.altraserver.extensions.service.pjx.creature.pet.petcontract.MaterialConsumeInfo$ConsumeType;
5753:             1             32  [Lcom.altratek.altraserver.extensions.service.pjx.creature.pet.service.PetPotentialService$UserPotential$PotentialLvUpResultType;
5754:             1             32  [Lcom.altratek.altraserver.extensions.service.pjx.dragon.DragonGene;
5755:             1             32  [Lcom.altratek.altraserver.extensions.service.pjx.dragon.DragonLocation;
5756:             1             32  [Lcom.altratek.altraserver.extensions.service.pjx.equipmentmaterial.Activity0331Service$RandomParam;
5757:             1             32  [Lcom.altratek.altraserver.extensions.service.pjx.equipmentmaterial.PetBall;
5758:             1             32  [Lcom.altratek.altraserver.extensions.service.pjx.mainpet.GroupPracticeState;
5759:             1             32  [Lcom.altratek.altraserver.extensions.service.prize.PetStarGodPrize;
5760:             1             32  [Lcom.altratek.altraserver.extensions.service.section.predicate.SetGainPredicate$SetGainPredicateType;
5761:             1             32  [Lcom.altratek.altraserver.extensions.service.singleboss.SingleBossOneOffKey;
5762:             1             32  [Lcom.altratek.altraserver.extensions.service.singleboss.djinn.DjinnPhase;
5763:             1             32  [Lcom.altratek.altraserver.extensions.service.tempactivity.doctor.DoctorConfig$AddOccasion;
5764:             1             32  [Lcom.altratek.altraserver.extensions.service.tempactivity.knighterrant20140124.KnightErrantConfig$GateType;
5765:             1             32  [Lcom.altratek.altraserver.extensions.service.tempactivity.wisdomcompete20140808.UserCompeteInfo$AnswerState;
5766:             1             32  [Lcom.altratek.altraserver.extensions.service.tempactivity.xiunuocombine.XiuNuoCombineConfig$PetTypeDefine;
5767:             1             32  [Lcom.altratek.altraserver.extensions.service.timeliness_activity.act.act2016.act20160708.monkeycat.MoneyCatHandle$Result;
5768:             1             32  [Lcom.altratek.altraserver.extensions.service.timeliness_activity.act.act2016.act20161021.huangdeshengyan.HDSYAchievement;
5769:             1             32  [Lcom.altratek.altraserver.extensions.service.timeliness_activity.act.act2017.act20170217.autoequipmentmaterial.AutoEquipmentMaterialHandler$FinishReason;
5770:             1             32  [Lcom.altratek.altraserver.extensions.service.timeliness_activity.act.act2017.act20170217.schoolopeninvest.SchoolOpenInvestType;
5771:             1             32  [Lcom.altratek.altraserver.extensions.service.timeliness_activity.act.act2017.act20170407.crazybuyqueenskin.CrazyBuyQueenSkinHandler$GainState;
5772:             1             32  [Lcom.altratek.altraserver.extensions.service.timeliness_activity.act.act2017.act20170630.allfightupgift.AllFightUpGift;
5773:             1             32  [Lcom.altratek.altraserver.extensions.service.timeliness_activity.act.act2017.act20170825.crazystadium.CrazyStadiumConfig$StadiumGame;
5774:             1             32  [Lcom.altratek.altraserver.extensions.service.timeliness_activity.act.act2017.act20170825.creategodfight.CreateGodFightConfig$HpConfig;
5775:             1             32  [Lcom.altratek.altraserver.extensions.service.timeliness_activity.act.act2017.act20170825.creategodfight.CreateGodFightConfig$ValidPetSword;
5776:             1             32  [Lcom.altratek.altraserver.extensions.service.timeliness_activity.act.act2017.act20170901.tmkinggodjob.TMKingGodJobConfig$StageConfig;
5777:             1             32  [Lcom.altratek.altraserver.extensions.service.timeliness_activity.act.act2017.act20170908.luciferpay.PackageHandler;
5778:             1             32  [Lcom.altratek.altraserver.extensions.service.timeliness_activity.act.act2017.act20170922.gaindiamondticket.Ticket;
5779:             1             32  [Lcom.altratek.altraserver.extensions.service.timeliness_activity.act.act2017.act20170929.gainpandora.GainPandoraConfig$CollectItem;
5780:             1             32  [Lcom.altratek.altraserver.extensions.service.timeliness_activity.act.act2017.act20170929.rabbitgodgodjob.RabbitGodGodJobConfig$Material2Cost;
5781:             1             32  [Lcom.altratek.altraserver.extensions.service.timeliness_activity.act.act2017.act20170929.rabbitgodgodjob.RabbitGodGodJobConfig$Times2Material;
5782:             1             32  [Lcom.altratek.altraserver.extensions.service.timelinessactivity.holypetexchange.EvolveType;
5783:             1             32  [Lcom.altratek.altraserver.extensions.service.timelinessactivity.holypetexchange.ExchangeType;
5784:             1             32  [Lcom.altratek.altraserver.extensions.service.timelinessactivity.kingofbrightness.DataConfig$FengYinBlockDefine;
5785:             1             32  [Lcom.altratek.altraserver.extensions.service.timelinessactivity.kingofbrightness.FengYinBlockInfo$BeatState;
5786:             1             32  [Lcom.altratek.altraserver.extensions.service.timelinessactivity.monthnewlogin.monthnewdraw20170901.MonthNewDrawConfig$BonusConfig;
5787:             1             32  [Lcom.altratek.altraserver.extensions.service.timelinessactivity.monthnewlogin.monthnewdraw20170901.MonthNewDrawConfig$DrawGiftConfig;
5788:             1             32  [Lcom.altratek.altraserver.extensions.service.timelinessactivity.rainbowflower.RainbowFlowerService$RainbowFlower;
5789:             1             32  [Lcom.altratek.altraserver.extensions.service.timelinessactivity.wordmaker.WordMaker$WordType;
5790:             1             32  [Lcom.altratek.altraserver.extensions.service.timelinessactivity.xiaofanpartneraction.XiaoFanPartnerActionConfig$Prize;
5791:             1             32  [Lcom.altratek.altraserver.extensions.service.tower.exptower2016.TowerMode;
5792:             1             32  [Lcom.altratek.altraserver.extensions.service.undercity.xml.UnderCityType;
5793:             1             32  [Lcom.altratek.altraserver.extensions.service.union.UnionTaskDefine;
5794:             1             32  [Lcom.altratek.altraserver.extensions.service.union.activity.boss.IPrize$BuildingLvPrize;
5795:             1             32  [Lcom.altratek.altraserver.extensions.service.union.activity.sign.USSignActivityConfig$BoxPrize;
5796:             1             32  [Lcom.altratek.altraserver.extensions.service.user.SessionState;
5797:             1             32  [Lcom.altratek.altraserver.extensions.service.vip.VipDetail;
5798:             1             32  [Lcom.altratek.altraserver.extensions.service.vip.activity.val170714.Val170714Type;
5799:             1             32  [Lcom.altratek.altraserver.extensions.service.vip.activity.val170929.PrizeType;
5800:             1             32  [Lcom.altratek.altraserver.extensions.service.vip.activity.yearpay2017.YearPay2017Handler$Suggest;
5801:             1             32  [Lcom.altratek.altraserver.extensions.util.ExtraErrorCodeHelper$ExtraCodeType;
5802:             1             32  [Lcom.pjx.adapter.battle.rmi.obj.PlayerType;
5803:             1             32  [Lcom.pjx.battle.server.battle.Battle$Phase;
5804:             1             32  [Lcom.pjx.battle.server.battle.buff.DoEffectFactory_AttackFrom$AttackFrom;
5805:             1             32  [Lcom.pjx.battle.server.battle.buff.DoEffectFactory_Common$BooleanOperate;
5806:             1             32  [Lcom.pjx.battle.server.battle.buff.ext.BuffVigourChangeImmuneBuffFactory$VigourChangeType;
5807:             1             32  [Lcom.pjx.battle.server.battle.buff.ext.DamageSplashBuffFactory$DamageType;
5808:             1             32  [Lcom.pjx.battle.server.battle.buff.ext.Id2675BuffFactory$EffectState;
5809:             1             32  [Lcom.pjx.battle.server.battle.buff.ext.Id2992BuffFactory$EffectState;
5810:             1             32  [Lcom.pjx.battle.server.battle.buff.ext.Id5305BuffFactory$State;
5811:             1             32  [Lcom.pjx.battle.server.battle.buff.ext.Id6897BuffFactory$Strategy;
5812:             1             32  [Lcom.pjx.battle.server.battle.buff.ext.MultiSuckProperty2PropertyBuffFactory$CharacterType;
5813:             1             32  [Lcom.pjx.battle.server.battle.buff.ext.PowerChangeBuffFactory$ValueType;
5814:             1             32  [Lcom.pjx.battle.server.battle.buff.ext.PowerChangeByVigourBuffFactory$ValueType;
5815:             1             32  [Lcom.pjx.battle.server.battle.buff.ext.PowerRangeChangeBuffFactory$ValueType;
5816:             1             32  [Lcom.pjx.battle.server.battle.buff.ext.PropertyFixImmuneBuffFactory$FixEffectType;
5817:             1             32  [Lcom.pjx.battle.server.battle.buff.ext.PropertyTransferBuffFactory$TransferDirection;
5818:             1             32  [Lcom.pjx.battle.server.battle.buff.ext.SuckX2PropertyBuffFactory$CharacterType;
5819:             1             32  [Lcom.pjx.battle.server.battle.helper.CompareType;
5820:             1             32  [Lcom.pjx.battle.server.battle.item.ItemDefine$Type;
5821:             1             32  [Lcom.pjx.battle.server.battle.player.CharacterJob$AttackType;
5822:             1             32  [Lcom.pjx.battle.server.battle.player.CharacterWrapper$OneCircleCasterType;
5823:             1             32  [Lcom.pjx.battle.server.battle.player.HpVariate$Type;
5824:             1             32  [Lcom.pjx.battle.server.battle.player.Properties$Obj;
5825:             1             32  [Lcom.pjx.battle.server.battle.player.Properties$Type;
5826:             1             32  [Lcom.pjx.battle.server.battle.player.playerbuffcontroller.PlayerBuffType;
5827:             1             32  [Lcom.pjx.battle.server.battle.skill.SkillDefine$FunctionType;
5828:             1             32  [Lcom.pjx.battle.server.battle.skill.affix.BuffAffixDefine$TargetType;
5829:             1             32  [Lcom.pjx.battle.server.battle.skill.affix.LimitFactory_IfHasAttrDeadBeTarget$Place;
5830:             1             32  [Lcom.pjx.battle.server.battle.skill.affix.LimitFactory_IfHasBuff$MyTargetType;
5831:             1             32  [Lcom.pjx.battle.server.battle.skill.affix.LimitFactory_IfHasDeadBeTarget$Place;
5832:             1             32  [Lcom.pjx.battle.server.battle.skill.affix.LimitFactory_IfHasGender$Place;
5833:             1             32  [Lcom.pjx.battle.server.battle.skill.affix.LimitFactory_IfHasJob$Place;
5834:             1             32  [Lcom.pjx.battle.server.battle.skill.affix.LimitFactory_IfHasRaceId$Place;
5835:             1             32  [Lcom.pjx.battle.server.battle.skill.affix.LimitFactory_IfHasRaceType$Place;
5836:             1             32  [Lcom.pjx.battle.server.battle.skill.affix.LimitFactory_IfHasSign$Place;
5837:             1             32  [Lcom.pjx.battle.server.battle.skill.affix.LimitFactory_IfHasSignDeadBeTarget$Place;
5838:             1             32  [Lcom.pjx.battle.server.battle.skill.affix.LimitFactory_IfHasSignKindNum$Place;
5839:             1             32  [Lcom.pjx.battle.server.battle.skill.affix.LimitFactory_IfNoBuff$MyTargetType;
5840:             1             32  [Lcom.pjx.battle.server.battle.skill.affix.LimitFactory_LogicExpression$LogicOperator;
5841:             1             32  [Lcom.pjx.battle.server.battle.skill.affix.SkillAffix$PhaseType;
5842:             1             32  [Lcom.pjx.battle.server.battle.skill.summonskill.skilleffect.SkillEffectFactory_LogicExpression$LogicOperator;
5843:             1             32  [Lcom.pjx.module.buff.skill.limit.LogicOperator;
5844:             1             32  [Lcom.pjx.module.creature.equipment.CreatureEquipmentSlot$SlotState;
5845:             1             32  [Lcom.pjx.module.creature.equipment.bean.Equipment;
5846:             1             32  [Lcom.pjx.module.creature.stargod.CreatureStarGodSlot$SlotState;
5847:             1             32  [Lcom.pjx.module.define.enumdefine.NearBuddyPetHireType;
5848:             1             32  [Lcom.pjx.rmi.obj.buddomain.QualityType;
5849:             1             32  [Lcom.pjx.rmi.obj.family.Job;
5850:             1             32  [Lcom.pjx.rmi.obj.nobleclub.NobleState;
5851:             1             32  [Lcom.pjx.rmi.obj.richman.RichManMode;
5852:             1             32  [Lcom.pjx.rmi.obj.texas_poker.CardGameType;
5853:             1             32  [Lcom.pjx.service.dragon.DragonQuality;
5854:             1             32  [Lcom.pjx.service.homeland.define.facility.AbstractMemberFacilityDefine$BuyType;
5855:             1             32  [Lcom.pjx.service.pk.pkprocessor.PKFieldState;
5856:             1             32  [Lcom.pjx.service.stargod.StarGodOpType;
5857:             1             32  [Lcom.pjx.service.union.UnionRole;
5858:             1             32  [Lcom.pjx.service.userstate.UserState;
5859:             1             32  [Lcom.sun.beans.util.Cache$Kind;
5860:             1             32  [Lcom.sun.org.apache.xerces.internal.utils.XMLSecurityManager$NameMap;
5861:             2             32  [Ljava.lang.Enum;
5862:             1             32  [Ljava.lang.OutOfMemoryError;
5863:             1             32  [Ljava.lang.ThreadGroup;
5864:             1             32  [Ljava.lang.management.MemoryManagerMXBean;
5865:             1             32  [Ljava.net.Proxy$Type;
5866:             1             32  [Ljava.text.Normalizer$Form;
5867:             1             32  [Ljava.time.format.DateTimeFormatterBuilder$SettingsParser;
5868:             1             32  [Ljava.time.format.ResolverStyle;
5869:             1             32  [Ljava.time.temporal.IsoFields$Field;
5870:             1             32  [Ljava.time.temporal.TemporalUnit;
5871:             1             32  [Ljava.util.Formatter$FormatString;
5872:             1             32  [Ljava.util.stream.StreamShape;
5873:             1             32  [Lsun.misc.FormattedFloatingDecimal$Form;
5874:             1             32  [Lsun.net.www.protocol.http.HttpURLConnection$TunnelState;
5875:             1             32  [Lsun.security.provider.NativePRNG$Variant;
5876:             1             32  baitian.service.manager.RemoteServiceManager
5877:             1             32  com.alibaba.druid.proxy.DruidDriver
5878:             1             32  com.alibaba.fastjson.parser.ParserConfig
5879:             1             32  com.alibaba.fastjson.parser.SymbolTable
5880:             1             32  com.alibaba.fastjson.parser.deserializer.JavaBeanDeserializer
5881:             1             32  com.altratek.altraserver.ChannelManager
5882:             1             32  com.altratek.altraserver.CmdArgs
5883:             2             32  com.altratek.altraserver.CopyAndClearList
5884:             1             32  com.altratek.altraserver.extensions.appmsgrouter.AppMsgRouterService
5885:             1             32  com.altratek.altraserver.extensions.asynlog.AsynLogHandler
5886:             1             32  com.altratek.altraserver.extensions.checkxtcmd.XtCmdFromClientCheckHandler
5887:             1             32  com.altratek.altraserver.extensions.cmd.debug.CmdDebugRooter
5888:             1             32  com.altratek.altraserver.extensions.config.ConfigProxy
5889:             2             32  com.altratek.altraserver.extensions.config.IpWhiteListDbConfigReader
5890:             1             32  com.altratek.altraserver.extensions.config.data.AntiFloodConfig
5891:             1             32  com.altratek.altraserver.extensions.giftbag.UserGiftBagDao
5892:             2             32  com.altratek.altraserver.extensions.giftbag.VipActivityGiftBagManager
5893:             1             32  com.altratek.altraserver.extensions.msgs.RemoteHandler
5894:             1             32  com.altratek.altraserver.extensions.rmi.RemoteServiceReloaders
5895:             1             32  com.altratek.altraserver.extensions.schedulers.ServerManager
5896:             1             32  com.altratek.altraserver.extensions.service.activity.blowing_balloons.BlowingBalloonsConfig
5897:             1             32  com.altratek.altraserver.extensions.service.activity.callback.cb20151120.BackAndInvite151120Config
5898:             1             32  com.altratek.altraserver.extensions.service.activity.callback.cb20160115.BackAndInvite160115Dao
5899:             1             32  com.altratek.altraserver.extensions.service.activity.callback.cb20160311.Days30BackHirePetHandler
5900:             1             32  com.altratek.altraserver.extensions.service.activity.callback.cb20170519.InviteNew170519Dao
5901:             2             32  com.altratek.altraserver.extensions.service.activity.callback.cb20170630.Compensation_MoYan
5902:             2             32  com.altratek.altraserver.extensions.service.activity.callback.cb20170630.Compensation_NoDieStar
5903:             2             32  com.altratek.altraserver.extensions.service.activity.callback.cb20170630.Compensation_None
5904:             2             32  com.altratek.altraserver.extensions.service.activity.callback.cb20170630.Compensation_StarGrid
5905:             2             32  com.altratek.altraserver.extensions.service.activity.callback.cb20170630.Compensation_WhiteTiger
5906:             2             32  com.altratek.altraserver.extensions.service.activity.callback.cb20170630.Compensation_YanBuPo
5907:             1             32  com.altratek.altraserver.extensions.service.activity.compete.budstar.BudStarManager
5908:             1             32  com.altratek.altraserver.extensions.service.activity.cookgod.CookGodManager
5909:             1             32  com.altratek.altraserver.extensions.service.activity.cow_devil.CowDevilConfig$FightGetConfig
5910:             2             32  com.altratek.altraserver.extensions.service.activity.diamondexchange.wxlversion.prize.ChoicePrize
5911:             1             32  com.altratek.altraserver.extensions.service.activity.exchgaobigivewuwang.ExchgAobiGiveWuWangConfig
5912:             1             32  com.altratek.altraserver.extensions.service.activity.fengshensevenweapon.FengShenSevenWeaponConfig
5913:             1             32  com.altratek.altraserver.extensions.service.activity.freshmangift.fmg140425.FreshManGift140425Config
5914:             1             32  com.altratek.altraserver.extensions.service.activity.freshmangift.fmg150710.FreshManGift150710Config
5915:             1             32  com.altratek.altraserver.extensions.service.activity.freshmangift.fmg150710.FreshManGift150710Handler
5916:             1             32  com.altratek.altraserver.extensions.service.activity.freshmangift.fmg150918.Fmg150918Config
5917:             1             32  com.altratek.altraserver.extensions.service.activity.freshmangift.fmg160115.Fmg160115Config
5918:             1             32  com.altratek.altraserver.extensions.service.activity.giantfight.GiantFightConfig
5919:             1             32  com.altratek.altraserver.extensions.service.activity.godracetypewake.GodRaceTypeWakeConfig
5920:             1             32  com.altratek.altraserver.extensions.service.activity.holycreature.xiaoyanyanshencombine.XYYSConfig
5921:             1             32  com.altratek.altraserver.extensions.service.activity.holyweenfullvldeliver.HolyweenFullLvlDeliverDefine
5922:             1             32  com.altratek.altraserver.extensions.service.activity.lightking.phases.ext.Phase3Handler$Phase1Config
5923:             1             32  com.altratek.altraserver.extensions.service.activity.longyansuperevolve.bosses.boss3.Boss3Config
5924:             1             32  com.altratek.altraserver.extensions.service.activity.longyansuperevolve.bosses.boss4.Boss4Config
5925:             1             32  com.altratek.altraserver.extensions.service.activity.onlinedeliver150710.OnlineDeliver150710Config
5926:             1             32  com.altratek.altraserver.extensions.service.activity.overflowpet.OverflowPetManager
5927:             1             32  com.altratek.altraserver.extensions.service.activity.scorepregame.ScorePreGameHandler
5928:             1             32  com.altratek.altraserver.extensions.service.activity.seaking.SeaKingDefine
5929:             1             32  com.altratek.altraserver.extensions.service.activity.seaking.SeaKingDefine$SeaKingMonster
5930:             1             32  com.altratek.altraserver.extensions.service.activity.shadow_wing.ShadowWingConfig$LevelUpConfig
5931:             1             32  com.altratek.altraserver.extensions.service.activity.starbluedragon.StarBlueDragonDao
5932:             1             32  com.altratek.altraserver.extensions.service.activity.suikong.SuiKongBossDefine$PersonalBossMonster
5933:             1             32  com.altratek.altraserver.extensions.service.activity.summonbestsound.SummonBestSoundConfig
5934:             1             32  com.altratek.altraserver.extensions.service.activity.superevolveseries.superevolveselect.SuperEvolveSelectManager
5935:             1             32  com.altratek.altraserver.extensions.service.activity.thunder_blade.ThunderBladeConfig$GameConfig
5936:             1             32  com.altratek.altraserver.extensions.service.activity.thunder_blade.ThunderBladeConfig$GetConfig
5937:             1             32  com.altratek.altraserver.extensions.service.activity.thunder_blade.ThunderBladeConfig$LevelUpConfig
5938:             1             32  com.altratek.altraserver.extensions.service.activity.weizhentianxiamerge.WeiZhenTianXiaMergeConfig
5939:             1             32  com.altratek.altraserver.extensions.service.activity.weizhentianxiamerge.phases.ext.WZTX_Phase3Handler$WZTX_Phase3Config
5940:             1             32  com.altratek.altraserver.extensions.service.activity.xuexilimanmanzhuan.XueXiLiManManZhuanHandler
5941:             1             32  com.altratek.altraserver.extensions.service.allroundpk.AllRoundPKRemoteServiceProvider
5942:             1             32  com.altratek.altraserver.extensions.service.aoqilabel.LabelType$1
5943:             1             32  com.altratek.altraserver.extensions.service.aoqilabel.LabelType$10
5944:             1             32  com.altratek.altraserver.extensions.service.aoqilabel.LabelType$11
5945:             1             32  com.altratek.altraserver.extensions.service.aoqilabel.LabelType$2
5946:             1             32  com.altratek.altraserver.extensions.service.aoqilabel.LabelType$3
5947:             1             32  com.altratek.altraserver.extensions.service.aoqilabel.LabelType$4
5948:             1             32  com.altratek.altraserver.extensions.service.aoqilabel.LabelType$5
5949:             1             32  com.altratek.altraserver.extensions.service.aoqilabel.LabelType$6
5950:             1             32  com.altratek.altraserver.extensions.service.aoqilabel.LabelType$7
5951:             1             32  com.altratek.altraserver.extensions.service.aoqilabel.LabelType$8
5952:             1             32  com.altratek.altraserver.extensions.service.aoqilabel.LabelType$9
5953:             1             32  com.altratek.altraserver.extensions.service.arena.globalarena.FightTypeWrap$1
5954:             1             32  com.altratek.altraserver.extensions.service.arena.globalarena.FightTypeWrap$2
5955:             1             32  com.altratek.altraserver.extensions.service.arena.globalarena.FightTypeWrap$3
5956:             1             32  com.altratek.altraserver.extensions.service.arena.globalarena.FightTypeWrap$4
5957:             1             32  com.altratek.altraserver.extensions.service.arena.globalarena.GlobalArenaDefineManager
5958:             1             32  com.altratek.altraserver.extensions.service.arena.globalarena.GlobalArenaService
5959:             1             32  com.altratek.altraserver.extensions.service.auctioncenter.tradecard.TradeCardConfig
5960:             1             32  com.altratek.altraserver.extensions.service.breachformation.BreachFormationDefineManager
5961:             1             32  com.altratek.altraserver.extensions.service.buddomain.BudDomainItemManager
5962:             1             32  com.altratek.altraserver.extensions.service.buddy.nearbuddy.shop.NearBuddyGiftDao
5963:             1             32  com.altratek.altraserver.extensions.service.challenge.act.act101.Act101Config$CarotExtraBonus
5964:             1             32  com.altratek.altraserver.extensions.service.challenge.act.act95.SealedPetManager
5965:             1             32  com.altratek.altraserver.extensions.service.challenge.buffgetter.BuffGetter_RivalNoRaceId
5966:             1             32  com.altratek.altraserver.extensions.service.challenge.buffgetter.BuffGetter_RivalRaceId
5967:             1             32  com.altratek.altraserver.extensions.service.challenge.extprocessor.Ext_PutMultiPetMarkOneOff
5968:             1             32  com.altratek.altraserver.extensions.service.challenge.extprocessor.ext.Ext_11_AddTime
5969:             1             32  com.altratek.altraserver.extensions.service.challenge.extprocessor.ext.Ext_11_Begin
5970:             1             32  com.altratek.altraserver.extensions.service.challenge.extprocessor.ext.Ext_11_GetSun
5971:             1             32  com.altratek.altraserver.extensions.service.challenge.extprocessor.ext.Ext_16_AddHp
5972:             1             32  com.altratek.altraserver.extensions.service.challenge.extprocessor.ext.Ext_18_CheckRound
5973:             1             32  com.altratek.altraserver.extensions.service.challenge.extprocessor.ext.Ext_18_CheckWin
5974:             1             32  com.altratek.altraserver.extensions.service.challenge.extprocessor.ext.Ext_22_CheckCanFight
5975:             1             32  com.altratek.altraserver.extensions.service.challenge.extprocessor.ext.Ext_25_AddCoagent
5976:             1             32  com.altratek.altraserver.extensions.service.challenge.extprocessor.ext.Ext_26_PlayVedio
5977:             1             32  com.altratek.altraserver.extensions.service.challenge.extprocessor.ext.Ext_45_GainPet
5978:             1             32  com.altratek.altraserver.extensions.service.challenge.extprocessor.ext.Ext_47_PutPet
5979:             1             32  com.altratek.altraserver.extensions.service.challenge.extprocessor.ext.Ext_4_InitBuff
5980:             1             32  com.altratek.altraserver.extensions.service.challenge.extprocessor.ext.Ext_50_AppointPet
5981:             1             32  com.altratek.altraserver.extensions.service.challenge.extprocessor.ext.Ext_50_PutAppointedPet
5982:             1             32  com.altratek.altraserver.extensions.service.challenge.extprocessor.ext.Ext_50_RandomPet
5983:             1             32  com.altratek.altraserver.extensions.service.challenge.extprocessor.ext.Ext_53_FightBossGainBuff
5984:             1             32  com.altratek.altraserver.extensions.service.challenge.extprocessor.ext.Ext_54_2PhaseAddTimes
5985:             1             32  com.altratek.altraserver.extensions.service.challenge.extprocessor.ext.Ext_54_2PhaseGainBuff
5986:             1             32  com.altratek.altraserver.extensions.service.challenge.extprocessor.ext.Ext_5_GetInfo
5987:             1             32  com.altratek.altraserver.extensions.service.challenge.extprocessor.ext.Ext_65_PutShengQi
5988:             1             32  com.altratek.altraserver.extensions.service.challenge.extprocessor.ext.Ext_73_ThirdPhasePutPet
5989:             1             32  com.altratek.altraserver.extensions.service.challenge.extprocessor.ext.Ext_74_RecordFailChallengeTimes
5990:             1             32  com.altratek.altraserver.extensions.service.challenge.extprocessor.ext.Ext_8_PutPet
5991:             1             32  com.altratek.altraserver.extensions.service.challenge.extprocessor.ext.Ext_8_Restart
5992:             1             32  com.altratek.altraserver.extensions.service.challenge.occasion.ext.Occasion_45_GetTitle
5993:             1             32  com.altratek.altraserver.extensions.service.challenge.occasion.ext.Occasion_61_ChallengeAndInteract
5994:             1             32  com.altratek.altraserver.extensions.service.challenge.prizeprocessor.Prize_SuperGodNoCoinWithMaterials
5995:             1             32  com.altratek.altraserver.extensions.service.challenge.prizeprocessor.ext.Prize_22_SuperGodBuyCoin
5996:             1             32  com.altratek.altraserver.extensions.service.challenge.prizeprocessor.ext.Prize_40_SuperGod
5997:             2             32  com.altratek.altraserver.extensions.service.challenge.prizeprocessor.ext.Prize_56And57_Handler
5998:             1             32  com.altratek.altraserver.extensions.service.challenge.prizeprocessor.ext.Prize_5_SuperGod
5999:             2             32  com.altratek.altraserver.extensions.service.challenge.strategy.ext.Strategy_Custom5
6000:             1             32  com.altratek.altraserver.extensions.service.challenge.teamselecter.Selecter_CustomTeam
6001:             1             32  com.altratek.altraserver.extensions.service.challenge.teamselecter.Selecter_DailyCustomTeam
6002:             1             32  com.altratek.altraserver.extensions.service.challenge.teamselecter.Selecter_ExpTower
6003:             1             32  com.altratek.altraserver.extensions.service.challenge.teamselecter.ext.Selecter_85_LinearTeam
6004:             1             32  com.altratek.altraserver.extensions.service.challenge.teamselecter.ext.Selecter_89_RandomFormation
6005:             1             32  com.altratek.altraserver.extensions.service.challenge.teamselecter.ext.Selecter_92_LinearTeam
6006:             1             32  com.altratek.altraserver.extensions.service.challenge.teamselecter.ext.Selecter_94_LinearTeam
6007:             1             32  com.altratek.altraserver.extensions.service.challenge.teamselecter.ext.Selecter_96_LinearTeam
6008:             1             32  com.altratek.altraserver.extensions.service.challenge.util.PetType$1
6009:             1             32  com.altratek.altraserver.extensions.service.challenge.util.PetType$2
6010:             1             32  com.altratek.altraserver.extensions.service.challenge.util.PetType$3
6011:             1             32  com.altratek.altraserver.extensions.service.challenge.util.PetType$4
6012:             1             32  com.altratek.altraserver.extensions.service.challenge.util.PetType$5
6013:             1             32  com.altratek.altraserver.extensions.service.chat.ChatService
6014:             1             32  com.altratek.altraserver.extensions.service.configurable_activity.Balance_MaterialAndGod
6015:             1             32  com.altratek.altraserver.extensions.service.configurable_activity.Balance_PetGenius
6016:             1             32  com.altratek.altraserver.extensions.service.configurable_activity.Judge_PetSign
6017:             1             32  com.altratek.altraserver.extensions.service.configurable_activity.Selector_SecurityBinding
6018:             1             32  com.altratek.altraserver.extensions.service.configurable_activity.Selector_Task
6019:             1             32  com.altratek.altraserver.extensions.service.detect.DetectDb
6020:             2             32  com.altratek.altraserver.extensions.service.detect.DetectorGainNewStarGod$DetectProgressGainNewStarGod
6021:             2             32  com.altratek.altraserver.extensions.service.detect.DetectorPetGeniusType$DetectProgressPetGeniusType
6022:             1             32  com.altratek.altraserver.extensions.service.family.FamilyPublicInfo
6023:             1             32  com.altratek.altraserver.extensions.service.family.revoked.FamilyRevokedHandler
6024:             2             32  com.altratek.altraserver.extensions.service.farm.CropEffector$MulExp
6025:             2             32  com.altratek.altraserver.extensions.service.farm.CropEffector$MulOutput
6026:             1             32  com.altratek.altraserver.extensions.service.farm.material.CropSeedDb
6027:             1             32  com.altratek.altraserver.extensions.service.farm.material.FarmItemManager
6028:             1             32  com.altratek.altraserver.extensions.service.farm.potentialfruit.PF_InviteInfo
6029:             1             32  com.altratek.altraserver.extensions.service.farm.potentialfruit.PotentialFruitUserInfo
6030:             1             32  com.altratek.altraserver.extensions.service.fight.activity.aresgodjob.AresGodJobConfig$Date2Cost
6031:             1             32  com.altratek.altraserver.extensions.service.fight.activity.beihuofight.BeiHuoFightConfig
6032:             1             32  com.altratek.altraserver.extensions.service.fight.activity.chaseghostcat.ChaseGhostCatConfig$FormulaDefine
6033:             1             32  com.altratek.altraserver.extensions.service.fight.activity.chaseghostcat.PerfectHandler
6034:             1             32  com.altratek.altraserver.extensions.service.fight.activity.ikkitousen.IkkitousenConfig
6035:             1             32  com.altratek.altraserver.extensions.service.fight.activity.mozunfight.phases.ext.phase4.MZF_Phase4Config
6036:             2             32  com.altratek.altraserver.extensions.service.fight.activity.nuoyanewsuperevolve.fight.fight12.Fight12Handler
6037:             1             32  com.altratek.altraserver.extensions.service.fight.activity.shanggulingzhunevolve.FengYingInfo
6038:             1             32  com.altratek.altraserver.extensions.service.fight.activity.shanggulingzhunevolve.ShangGuLingZhunEolveInfo
6039:             1             32  com.altratek.altraserver.extensions.service.fight.activity.starbluedragongodjob.StarBlueDragonGodJobInfo
6040:             1             32  com.altratek.altraserver.extensions.service.fight.activity.tongtianpozhenta.TTPZTFormService
6041:             1             32  com.altratek.altraserver.extensions.service.fight.activity.whitetigersuperevolve.WhiteTigerSuperEvolveHandler
6042:             1             32  com.altratek.altraserver.extensions.service.fight.activity.zhuquesuperevolve.ZhuQueSuperEvolveHandler
6043:             1             32  com.altratek.altraserver.extensions.service.fight.helper.fightbuff.ext.WithAllWhenJobExistBuffWrapContainer
6044:             1             32  com.altratek.altraserver.extensions.service.fight.helper.fightbuff.ext.WithAllWhenRaceExistAndByLvBuffWrapContainer
6045:             1             32  com.altratek.altraserver.extensions.service.fight.helper.fightbuff.ext.WithAllWhenSignsExistBuffWrapContainer
6046:             2             32  com.altratek.altraserver.extensions.service.fight.helper.mypetcollection.pethandler.ext.CurAndMaxHp_MyPetHandler
6047:             1             32  com.altratek.altraserver.extensions.service.fishery.fishingmaster.FishingMasterManager$SuperGodType$1
6048:             1             32  com.altratek.altraserver.extensions.service.fishery.fishingmaster.FishingMasterManager$SuperGodType$2
6049:             2             32  com.altratek.altraserver.extensions.service.fishery.fishingmaster.MaterialTool
6050:             1             32  com.altratek.altraserver.extensions.service.fishery.fishingmaster.StrengthenSelector$1
6051:             1             32  com.altratek.altraserver.extensions.service.fishery.fishingmaster.StrengthenSelector$2
6052:             1             32  com.altratek.altraserver.extensions.service.fishery.fishingmaster.StrengthenSelector$3
6053:             1             32  com.altratek.altraserver.extensions.service.fishery.fishingmaster.StrengthenSelector$4
6054:             1             32  com.altratek.altraserver.extensions.service.fishery.material.item.FisheryItemDao
6055:             2             32  com.altratek.altraserver.extensions.service.fishery.material.item.UseFisheryItemHandler_FeedCount
6056:             1             32  com.altratek.altraserver.extensions.service.heroisland.HeroislandYunYingFbConfg
6057:             1             32  com.altratek.altraserver.extensions.service.heroisland.compete.HeroIslandCompeteManager
6058:             1             32  com.altratek.altraserver.extensions.service.heroisland.herofriend.FriendlessValueDao
6059:             1             32  com.altratek.altraserver.extensions.service.homeland.HomeLandMc
6060:             1             32  com.altratek.altraserver.extensions.service.homeland.facility.HomeLandFacilityDao
6061:             1             32  com.altratek.altraserver.extensions.service.homeland.task.HomeLandTaskHandle
6062:             1             32  com.altratek.altraserver.extensions.service.homeland.task.HomeLandTaskKind$1
6063:             1             32  com.altratek.altraserver.extensions.service.homeland.task.HomeLandTaskKind$2
6064:             1             32  com.altratek.altraserver.extensions.service.homeland.task.HomeLandTaskKind$3
6065:             1             32  com.altratek.altraserver.extensions.service.homeland.task.HomeLandTaskKind$4
6066:             1             32  com.altratek.altraserver.extensions.service.login.activity.la140129.LoginActivity140129Config
6067:             1             32  com.altratek.altraserver.extensions.service.login.activity.la140214.LoginActivity140214Config
6068:             1             32  com.altratek.altraserver.extensions.service.login.activity.la140221.LoginActivity140221Config
6069:             1             32  com.altratek.altraserver.extensions.service.material.doublecrop.Config
6070:             1             32  com.altratek.altraserver.extensions.service.material.extend.antiquit.AntiquitDao
6071:             1             32  com.altratek.altraserver.extensions.service.material.extend.flower.FlowerDao
6072:             1             32  com.altratek.altraserver.extensions.service.material.extend.flower.FlowerManager
6073:             1             32  com.altratek.altraserver.extensions.service.material.extend.furniture.FurnitureDb
6074:             1             32  com.altratek.altraserver.extensions.service.material.extend.item.ItemDao
6075:             1             32  com.altratek.altraserver.extensions.service.material.extend.item.ItemManager
6076:             1             32  com.altratek.altraserver.extensions.service.material.extend.score.ScoreManager
6077:             1             32  com.altratek.altraserver.extensions.service.material.extend.shootcard.ShootCardDao
6078:             1             32  com.altratek.altraserver.extensions.service.material.extend.shootcard.ShootCardManager
6079:             1             32  com.altratek.altraserver.extensions.service.material.manager.ipl.DiamondManager
6080:             1             32  com.altratek.altraserver.extensions.service.material.service.gather.GatherService
6081:             1             32  com.altratek.altraserver.extensions.service.material.service.goods.card.RebateCardType
6082:             1             32  com.altratek.altraserver.extensions.service.material.service.recycle.learnabilityitem.LearnAbilityItemRecycleService
6083:             1             32  com.altratek.altraserver.extensions.service.material.service.use.AbstractUseHandler$1
6084:             1             32  com.altratek.altraserver.extensions.service.material.service.use.ext.UseHandler_ChaoFangRuShengAllFull
6085:             1             32  com.altratek.altraserver.extensions.service.material.service.use.ext.UseHandler_PetRevert
6086:             1             32  com.altratek.altraserver.extensions.service.pay.activity.diamondexchange.PrizeConfig20170609
6087:             1             32  com.altratek.altraserver.extensions.service.pay.activity.pa130823.PayActivity130823Config
6088:             1             32  com.altratek.altraserver.extensions.service.pay.activity.pay160909.PayActivity160909Config$SpecailPrizeConfig
6089:             1             32  com.altratek.altraserver.extensions.service.pay.charge.PayChargeDao
6090:             1             32  com.altratek.altraserver.extensions.service.pay.charge.PayChargeService$PayChargeType
6091:             1             32  com.altratek.altraserver.extensions.service.petbar.PetBarCommentInfo
6092:             1             32  com.altratek.altraserver.extensions.service.petgift.PetGiftService
6093:             1             32  com.altratek.altraserver.extensions.service.petpark.fossil3to1.Fossil3To1Config
6094:             1             32  com.altratek.altraserver.extensions.service.petpark.global.PocketMonsterRank
6095:             1             32  com.altratek.altraserver.extensions.service.petpark.score.ScorePetParkConfig
6096:             1             32  com.altratek.altraserver.extensions.service.petpark.stablebreed.StableBreedConfig
6097:             1             32  com.altratek.altraserver.extensions.service.pjx.base.define.PJXDefineManager
6098:             1             32  com.altratek.altraserver.extensions.service.pjx.creature.pet.petcontract.ContractDao$SummonInfo
6099:             1             32  com.altratek.altraserver.extensions.service.pjx.dragonsoul.v2.DragonSoulDefine
6100:             1             32  com.altratek.altraserver.extensions.service.pjx.dragonsoul.v2.UserDragonSoulDao
6101:             1             32  com.altratek.altraserver.extensions.service.pjx.equipmentmaterial.ItemUseInfo
6102:             1             32  com.altratek.altraserver.extensions.service.pjx.equipmentmaterial.UseItem$1
6103:             1             32  com.altratek.altraserver.extensions.service.pjx.equipmentmaterial.UseItem$10
6104:             1             32  com.altratek.altraserver.extensions.service.pjx.equipmentmaterial.UseItem$11
6105:             1             32  com.altratek.altraserver.extensions.service.pjx.equipmentmaterial.UseItem$12
6106:             1             32  com.altratek.altraserver.extensions.service.pjx.equipmentmaterial.UseItem$13
6107:             1             32  com.altratek.altraserver.extensions.service.pjx.equipmentmaterial.UseItem$14
6108:             1             32  com.altratek.altraserver.extensions.service.pjx.equipmentmaterial.UseItem$15
6109:             1             32  com.altratek.altraserver.extensions.service.pjx.equipmentmaterial.UseItem$16
6110:             1             32  com.altratek.altraserver.extensions.service.pjx.equipmentmaterial.UseItem$17
6111:             1             32  com.altratek.altraserver.extensions.service.pjx.equipmentmaterial.UseItem$2
6112:             1             32  com.altratek.altraserver.extensions.service.pjx.equipmentmaterial.UseItem$3
6113:             1             32  com.altratek.altraserver.extensions.service.pjx.equipmentmaterial.UseItem$4
6114:             1             32  com.altratek.altraserver.extensions.service.pjx.equipmentmaterial.UseItem$5
6115:             1             32  com.altratek.altraserver.extensions.service.pjx.equipmentmaterial.UseItem$6
6116:             1             32  com.altratek.altraserver.extensions.service.pjx.equipmentmaterial.UseItem$7
6117:             1             32  com.altratek.altraserver.extensions.service.pjx.equipmentmaterial.UseItem$8
6118:             1             32  com.altratek.altraserver.extensions.service.pjx.equipmentmaterial.UseItem$9
6119:             1             32  com.altratek.altraserver.extensions.service.pjx.hatch.HatcherDao
6120:             1             32  com.altratek.altraserver.extensions.service.pjx.kingroad.KingRoadDefine
6121:             1             32  com.altratek.altraserver.extensions.service.pjx.kingroad150515.KingHallConfig$BuffDefineRival
6122:             1             32  com.altratek.altraserver.extensions.service.pjx.kingroad150515.KingHallHandler
6123:             1             32  com.altratek.altraserver.extensions.service.pjx.specialpetids.UsePurpose
6124:             2             32  com.altratek.altraserver.extensions.service.pjx.stargod.StarGodHelper$1
6125:             1             32  com.altratek.altraserver.extensions.service.pjx.stargod.formula.campaign.StarGodCampaignService
6126:             1             32  com.altratek.altraserver.extensions.service.pjx.stargod.guarder.SGG_BossDefine
6127:             1             32  com.altratek.altraserver.extensions.service.prize.EquipmentPrize
6128:             2             32  com.altratek.altraserver.extensions.service.prize.NoPrize
6129:             1             32  com.altratek.altraserver.extensions.service.prize.PetEvolveSuperJobPrize
6130:             2             32  com.altratek.altraserver.extensions.service.prize.PetGodAttributePrize
6131:             1             32  com.altratek.altraserver.extensions.service.qiqi.scoremall.timelyformula.TimelyFormulaService$TimeFormulaConfig
6132:             2             32  com.altratek.altraserver.extensions.service.rankv2.entity.UnionConvert
6133:             1             32  com.altratek.altraserver.extensions.service.recommendformation.RecommendFormationService
6134:             1             32  com.altratek.altraserver.extensions.service.richman.RichManManager
6135:             1             32  com.altratek.altraserver.extensions.service.setgain.SetGainConfig$1
6136:             1             32  com.altratek.altraserver.extensions.service.setgain.SetGainConfig$10
6137:             1             32  com.altratek.altraserver.extensions.service.setgain.SetGainConfig$11
6138:             1             32  com.altratek.altraserver.extensions.service.setgain.SetGainConfig$12
6139:             1             32  com.altratek.altraserver.extensions.service.setgain.SetGainConfig$13
6140:             1             32  com.altratek.altraserver.extensions.service.setgain.SetGainConfig$14
6141:             1             32  com.altratek.altraserver.extensions.service.setgain.SetGainConfig$15
6142:             1             32  com.altratek.altraserver.extensions.service.setgain.SetGainConfig$16
6143:             1             32  com.altratek.altraserver.extensions.service.setgain.SetGainConfig$17
6144:             1             32  com.altratek.altraserver.extensions.service.setgain.SetGainConfig$18
6145:             1             32  com.altratek.altraserver.extensions.service.setgain.SetGainConfig$19
6146:             1             32  com.altratek.altraserver.extensions.service.setgain.SetGainConfig$2
6147:             1             32  com.altratek.altraserver.extensions.service.setgain.SetGainConfig$20
6148:             1             32  com.altratek.altraserver.extensions.service.setgain.SetGainConfig$21
6149:             1             32  com.altratek.altraserver.extensions.service.setgain.SetGainConfig$22
6150:             1             32  com.altratek.altraserver.extensions.service.setgain.SetGainConfig$23
6151:             1             32  com.altratek.altraserver.extensions.service.setgain.SetGainConfig$24
6152:             1             32  com.altratek.altraserver.extensions.service.setgain.SetGainConfig$25
6153:             1             32  com.altratek.altraserver.extensions.service.setgain.SetGainConfig$26
6154:             1             32  com.altratek.altraserver.extensions.service.setgain.SetGainConfig$27
6155:             1             32  com.altratek.altraserver.extensions.service.setgain.SetGainConfig$28
6156:             1             32  com.altratek.altraserver.extensions.service.setgain.SetGainConfig$29
6157:             1             32  com.altratek.altraserver.extensions.service.setgain.SetGainConfig$3
6158:             1             32  com.altratek.altraserver.extensions.service.setgain.SetGainConfig$30
6159:             1             32  com.altratek.altraserver.extensions.service.setgain.SetGainConfig$31
6160:             1             32  com.altratek.altraserver.extensions.service.setgain.SetGainConfig$32
6161:             1             32  com.altratek.altraserver.extensions.service.setgain.SetGainConfig$33
6162:             1             32  com.altratek.altraserver.extensions.service.setgain.SetGainConfig$34
6163:             1             32  com.altratek.altraserver.extensions.service.setgain.SetGainConfig$35
6164:             1             32  com.altratek.altraserver.extensions.service.setgain.SetGainConfig$36
6165:             1             32  com.altratek.altraserver.extensions.service.setgain.SetGainConfig$37
6166:             1             32  com.altratek.altraserver.extensions.service.setgain.SetGainConfig$38
6167:             1             32  com.altratek.altraserver.extensions.service.setgain.SetGainConfig$39
6168:             1             32  com.altratek.altraserver.extensions.service.setgain.SetGainConfig$4
6169:             1             32  com.altratek.altraserver.extensions.service.setgain.SetGainConfig$40
6170:             1             32  com.altratek.altraserver.extensions.service.setgain.SetGainConfig$41
6171:             1             32  com.altratek.altraserver.extensions.service.setgain.SetGainConfig$42
6172:             1             32  com.altratek.altraserver.extensions.service.setgain.SetGainConfig$43
6173:             1             32  com.altratek.altraserver.extensions.service.setgain.SetGainConfig$44
6174:             1             32  com.altratek.altraserver.extensions.service.setgain.SetGainConfig$45
6175:             1             32  com.altratek.altraserver.extensions.service.setgain.SetGainConfig$46
6176:             1             32  com.altratek.altraserver.extensions.service.setgain.SetGainConfig$47
6177:             1             32  com.altratek.altraserver.extensions.service.setgain.SetGainConfig$48
6178:             1             32  com.altratek.altraserver.extensions.service.setgain.SetGainConfig$49
6179:             1             32  com.altratek.altraserver.extensions.service.setgain.SetGainConfig$5
6180:             1             32  com.altratek.altraserver.extensions.service.setgain.SetGainConfig$50
6181:             1             32  com.altratek.altraserver.extensions.service.setgain.SetGainConfig$51
6182:             1             32  com.altratek.altraserver.extensions.service.setgain.SetGainConfig$52
6183:             1             32  com.altratek.altraserver.extensions.service.setgain.SetGainConfig$53
6184:             1             32  com.altratek.altraserver.extensions.service.setgain.SetGainConfig$54
6185:             1             32  com.altratek.altraserver.extensions.service.setgain.SetGainConfig$55
6186:             1             32  com.altratek.altraserver.extensions.service.setgain.SetGainConfig$56
6187:             1             32  com.altratek.altraserver.extensions.service.setgain.SetGainConfig$57
6188:             1             32  com.altratek.altraserver.extensions.service.setgain.SetGainConfig$58
6189:             1             32  com.altratek.altraserver.extensions.service.setgain.SetGainConfig$6
6190:             1             32  com.altratek.altraserver.extensions.service.setgain.SetGainConfig$7
6191:             1             32  com.altratek.altraserver.extensions.service.setgain.SetGainConfig$8
6192:             1             32  com.altratek.altraserver.extensions.service.setgain.SetGainConfig$9
6193:             1             32  com.altratek.altraserver.extensions.service.setgain.SetGainConfigV2$1
6194:             1             32  com.altratek.altraserver.extensions.service.setgain.SetGainConfigV2$10
6195:             1             32  com.altratek.altraserver.extensions.service.setgain.SetGainConfigV2$11
6196:             1             32  com.altratek.altraserver.extensions.service.setgain.SetGainConfigV2$12
6197:             1             32  com.altratek.altraserver.extensions.service.setgain.SetGainConfigV2$13
6198:             1             32  com.altratek.altraserver.extensions.service.setgain.SetGainConfigV2$14
6199:             1             32  com.altratek.altraserver.extensions.service.setgain.SetGainConfigV2$15
6200:             1             32  com.altratek.altraserver.extensions.service.setgain.SetGainConfigV2$16
6201:             1             32  com.altratek.altraserver.extensions.service.setgain.SetGainConfigV2$17
6202:             1             32  com.altratek.altraserver.extensions.service.setgain.SetGainConfigV2$18
6203:             1             32  com.altratek.altraserver.extensions.service.setgain.SetGainConfigV2$19
6204:             1             32  com.altratek.altraserver.extensions.service.setgain.SetGainConfigV2$2
6205:             1             32  com.altratek.altraserver.extensions.service.setgain.SetGainConfigV2$20
6206:             1             32  com.altratek.altraserver.extensions.service.setgain.SetGainConfigV2$21
6207:             1             32  com.altratek.altraserver.extensions.service.setgain.SetGainConfigV2$22
6208:             1             32  com.altratek.altraserver.extensions.service.setgain.SetGainConfigV2$23
6209:             1             32  com.altratek.altraserver.extensions.service.setgain.SetGainConfigV2$24
6210:             1             32  com.altratek.altraserver.extensions.service.setgain.SetGainConfigV2$25
6211:             1             32  com.altratek.altraserver.extensions.service.setgain.SetGainConfigV2$26
6212:             1             32  com.altratek.altraserver.extensions.service.setgain.SetGainConfigV2$27
6213:             1             32  com.altratek.altraserver.extensions.service.setgain.SetGainConfigV2$28
6214:             1             32  com.altratek.altraserver.extensions.service.setgain.SetGainConfigV2$29
6215:             1             32  com.altratek.altraserver.extensions.service.setgain.SetGainConfigV2$3
6216:             1             32  com.altratek.altraserver.extensions.service.setgain.SetGainConfigV2$30
6217:             1             32  com.altratek.altraserver.extensions.service.setgain.SetGainConfigV2$31
6218:             1             32  com.altratek.altraserver.extensions.service.setgain.SetGainConfigV2$32
6219:             1             32  com.altratek.altraserver.extensions.service.setgain.SetGainConfigV2$33
6220:             1             32  com.altratek.altraserver.extensions.service.setgain.SetGainConfigV2$34
6221:             1             32  com.altratek.altraserver.extensions.service.setgain.SetGainConfigV2$35
6222:             1             32  com.altratek.altraserver.extensions.service.setgain.SetGainConfigV2$36
6223:             1             32  com.altratek.altraserver.extensions.service.setgain.SetGainConfigV2$37
6224:             1             32  com.altratek.altraserver.extensions.service.setgain.SetGainConfigV2$38
6225:             1             32  com.altratek.altraserver.extensions.service.setgain.SetGainConfigV2$39
6226:             1             32  com.altratek.altraserver.extensions.service.setgain.SetGainConfigV2$4
6227:             1             32  com.altratek.altraserver.extensions.service.setgain.SetGainConfigV2$40
6228:             1             32  com.altratek.altraserver.extensions.service.setgain.SetGainConfigV2$41
6229:             1             32  com.altratek.altraserver.extensions.service.setgain.SetGainConfigV2$42
6230:             1             32  com.altratek.altraserver.extensions.service.setgain.SetGainConfigV2$43
6231:             1             32  com.altratek.altraserver.extensions.service.setgain.SetGainConfigV2$44
6232:             1             32  com.altratek.altraserver.extensions.service.setgain.SetGainConfigV2$45
6233:             1             32  com.altratek.altraserver.extensions.service.setgain.SetGainConfigV2$46
6234:             1             32  com.altratek.altraserver.extensions.service.setgain.SetGainConfigV2$47
6235:             1             32  com.altratek.altraserver.extensions.service.setgain.SetGainConfigV2$48
6236:             1             32  com.altratek.altraserver.extensions.service.setgain.SetGainConfigV2$49
6237:             1             32  com.altratek.altraserver.extensions.service.setgain.SetGainConfigV2$5
6238:             1             32  com.altratek.altraserver.extensions.service.setgain.SetGainConfigV2$50
6239:             1             32  com.altratek.altraserver.extensions.service.setgain.SetGainConfigV2$51
6240:             1             32  com.altratek.altraserver.extensions.service.setgain.SetGainConfigV2$52
6241:             1             32  com.altratek.altraserver.extensions.service.setgain.SetGainConfigV2$53
6242:             1             32  com.altratek.altraserver.extensions.service.setgain.SetGainConfigV2$54
6243:             1             32  com.altratek.altraserver.extensions.service.setgain.SetGainConfigV2$55
6244:             1             32  com.altratek.altraserver.extensions.service.setgain.SetGainConfigV2$56
6245:             1             32  com.altratek.altraserver.extensions.service.setgain.SetGainConfigV2$57
6246:             1             32  com.altratek.altraserver.extensions.service.setgain.SetGainConfigV2$58
6247:             1             32  com.altratek.altraserver.extensions.service.setgain.SetGainConfigV2$59
6248:             1             32  com.altratek.altraserver.extensions.service.setgain.SetGainConfigV2$6
6249:             1             32  com.altratek.altraserver.extensions.service.setgain.SetGainConfigV2$60
6250:             1             32  com.altratek.altraserver.extensions.service.setgain.SetGainConfigV2$61
6251:             1             32  com.altratek.altraserver.extensions.service.setgain.SetGainConfigV2$62
6252:             1             32  com.altratek.altraserver.extensions.service.setgain.SetGainConfigV2$63
6253:             1             32  com.altratek.altraserver.extensions.service.setgain.SetGainConfigV2$64
6254:             1             32  com.altratek.altraserver.extensions.service.setgain.SetGainConfigV2$65
6255:             1             32  com.altratek.altraserver.extensions.service.setgain.SetGainConfigV2$66
6256:             1             32  com.altratek.altraserver.extensions.service.setgain.SetGainConfigV2$67
6257:             1             32  com.altratek.altraserver.extensions.service.setgain.SetGainConfigV2$68
6258:             1             32  com.altratek.altraserver.extensions.service.setgain.SetGainConfigV2$69
6259:             1             32  com.altratek.altraserver.extensions.service.setgain.SetGainConfigV2$7
6260:             1             32  com.altratek.altraserver.extensions.service.setgain.SetGainConfigV2$70
6261:             1             32  com.altratek.altraserver.extensions.service.setgain.SetGainConfigV2$71
6262:             1             32  com.altratek.altraserver.extensions.service.setgain.SetGainConfigV2$72
6263:             1             32  com.altratek.altraserver.extensions.service.setgain.SetGainConfigV2$73
6264:             1             32  com.altratek.altraserver.extensions.service.setgain.SetGainConfigV2$74
6265:             1             32  com.altratek.altraserver.extensions.service.setgain.SetGainConfigV2$75
6266:             1             32  com.altratek.altraserver.extensions.service.setgain.SetGainConfigV2$76
6267:             1             32  com.altratek.altraserver.extensions.service.setgain.SetGainConfigV2$77
6268:             1             32  com.altratek.altraserver.extensions.service.setgain.SetGainConfigV2$78
6269:             1             32  com.altratek.altraserver.extensions.service.setgain.SetGainConfigV2$79
6270:             1             32  com.altratek.altraserver.extensions.service.setgain.SetGainConfigV2$8
6271:             1             32  com.altratek.altraserver.extensions.service.setgain.SetGainConfigV2$80
6272:             1             32  com.altratek.altraserver.extensions.service.setgain.SetGainConfigV2$81
6273:             1             32  com.altratek.altraserver.extensions.service.setgain.SetGainConfigV2$82
6274:             1             32  com.altratek.altraserver.extensions.service.setgain.SetGainConfigV2$83
6275:             1             32  com.altratek.altraserver.extensions.service.setgain.SetGainConfigV2$84
6276:             1             32  com.altratek.altraserver.extensions.service.setgain.SetGainConfigV2$85
6277:             1             32  com.altratek.altraserver.extensions.service.setgain.SetGainConfigV2$86
6278:             1             32  com.altratek.altraserver.extensions.service.setgain.SetGainConfigV2$87
6279:             1             32  com.altratek.altraserver.extensions.service.setgain.SetGainConfigV2$88
6280:             1             32  com.altratek.altraserver.extensions.service.setgain.SetGainConfigV2$89
6281:             1             32  com.altratek.altraserver.extensions.service.setgain.SetGainConfigV2$9
6282:             1             32  com.altratek.altraserver.extensions.service.setgain.SetGainConfigV2$90
6283:             1             32  com.altratek.altraserver.extensions.service.setgain.SetGainConfigV2$91
6284:             1             32  com.altratek.altraserver.extensions.service.setgain.SetGainConfigV2$92
6285:             1             32  com.altratek.altraserver.extensions.service.setgain.SetGainConfigV2$93
6286:             1             32  com.altratek.altraserver.extensions.service.setgain.SetGainConfigV2$94
6287:             1             32  com.altratek.altraserver.extensions.service.smallgame.GameDao
6288:             1             32  com.altratek.altraserver.extensions.service.stall.StallDistribute$ServiceProvider
6289:             1             32  com.altratek.altraserver.extensions.service.superstar.flower.FlowerManager$GetFlowerCharmValueByIdAndDate
6290:             1             32  com.altratek.altraserver.extensions.service.superstar.flower.FlowerManager$GetFlowerSendValueByIdAndDate
6291:             1             32  com.altratek.altraserver.extensions.service.superstar.flowerlottery.FlowerLotteryConfig$LevelAvgPrize
6292:             1             32  com.altratek.altraserver.extensions.service.task.dao.TaskDefineDao
6293:             1             32  com.altratek.altraserver.extensions.service.temp.consume.PetLocationChange
6294:             2             32  com.altratek.altraserver.extensions.service.temp.limit.HolidayOrWorkdayLimit
6295:             1             32  com.altratek.altraserver.extensions.service.temp.limit.LongTimeDoneAnyLimit
6296:             2             32  com.altratek.altraserver.extensions.service.temp.limit.PetFollowLimit
6297:             1             32  com.altratek.altraserver.extensions.service.temp.limit.PetPackContainsPetLimit$PetLimit_StarGod
6298:             2             32  com.altratek.altraserver.extensions.service.temp.limit.VipEndDateLimit
6299:             1             32  com.altratek.altraserver.extensions.service.temp.prize.GeniusStrengthenPrize
6300:             1             32  com.altratek.altraserver.extensions.service.tempactivity.birdofwonder.BirdOfWonderHandler
6301:             1             32  com.altratek.altraserver.extensions.service.tempactivity.chimonster20140214.ChiMonsterConfig
6302:             1             32  com.altratek.altraserver.extensions.service.tempactivity.diamondexchange20140207.PetLevelUpPrize
6303:             1             32  com.altratek.altraserver.extensions.service.tempactivity.mediumpetseries.MediumPetSeriesConfig
6304:             1             32  com.altratek.altraserver.extensions.service.tempactivity.onlinepet1001.OnLinePetConfig
6305:             1             32  com.altratek.altraserver.extensions.service.tempactivity.qingmonster20140117.QingMonsterConfig
6306:             1             32  com.altratek.altraserver.extensions.service.tempactivity.strenthenstar.Difficulty$1
6307:             1             32  com.altratek.altraserver.extensions.service.tempactivity.strenthenstar.Difficulty$2
6308:             1             32  com.altratek.altraserver.extensions.service.tempactivity.strenthenstar.Difficulty$3
6309:             1             32  com.altratek.altraserver.extensions.service.tempactivity.strenthenstar.Difficulty$4
6310:             1             32  com.altratek.altraserver.extensions.service.tempactivity.strenthenstar.StrenthenStarConfig$TaskDefineType
6311:             1             32  com.altratek.altraserver.extensions.service.tempactivity.xiaokong20130117.XiaokongHandler
6312:             1             32  com.altratek.altraserver.extensions.service.tempactivity.xiunuocombine.PetType$1
6313:             1             32  com.altratek.altraserver.extensions.service.tempactivity.xiunuocombine.PetType$2
6314:             1             32  com.altratek.altraserver.extensions.service.tempactivity.xiunuocombine.PetType$3
6315:             1             32  com.altratek.altraserver.extensions.service.tempactivity.xiunuocombine.PetType$4
6316:             1             32  com.altratek.altraserver.extensions.service.tempactivity.xiunuocombine.PetType$5
6317:             1             32  com.altratek.altraserver.extensions.service.timeliness_activity.act.act2016.act20160129.monkeyyearvowtree.MonkeyYearVowTreeConfig
6318:             1             32  com.altratek.altraserver.extensions.service.timeliness_activity.act.act2016.act20160205.havocinheaven.boxHandler.MoonBoxHandler
6319:             1             32  com.altratek.altraserver.extensions.service.timeliness_activity.act.act2016.act20160205.huandongpose2miyou.HuanDongPose2MiYouHandler
6320:             1             32  com.altratek.altraserver.extensions.service.timeliness_activity.act.act2016.act20160226.zdlgiftbag.ZdlGiftBagHandler
6321:             1             32  com.altratek.altraserver.extensions.service.timeliness_activity.act.act2016.act20160401.herocase.HeroCaseConfig
6322:             1             32  com.altratek.altraserver.extensions.service.timeliness_activity.act.act2016.act20160401.kiterisk.KiteRiskConfig
6323:             1             32  com.altratek.altraserver.extensions.service.timeliness_activity.act.act2016.act20160415.wings2nearbuddy.Wings2NearBuddyConfig
6324:             1             32  com.altratek.altraserver.extensions.service.timeliness_activity.act.act2016.act20160422.fourthanniversary.FourthAnniversaryConfig
6325:             1             32  com.altratek.altraserver.extensions.service.timeliness_activity.act.act2016.act20160520.mengjingmizong.MengJingMiZongConfig
6326:             1             32  com.altratek.altraserver.extensions.service.timeliness_activity.act.act2016.act20160708.monkeycat.MoneyCatConfig
6327:             1             32  com.altratek.altraserver.extensions.service.timeliness_activity.act.act2016.act20161014.YaoQianGuAndPhoenix.LotteryPet$1
6328:             1             32  com.altratek.altraserver.extensions.service.timeliness_activity.act.act2016.act20161014.YaoQianGuAndPhoenix.LotteryPet$2
6329:             1             32  com.altratek.altraserver.extensions.service.timeliness_activity.act.act2016.act20161028.halloweentower.HalloweenTower$1
6330:             1             32  com.altratek.altraserver.extensions.service.timeliness_activity.act.act2016.act20161028.halloweentower.HalloweenTower$2
6331:             1             32  com.altratek.altraserver.extensions.service.timeliness_activity.act.act2016.act20161028.halloweentower.HalloweenTower$3
6332:             1             32  com.altratek.altraserver.extensions.service.timeliness_activity.act.act2016.act20161209.flipcardgainpet.FlipCardGainPetConfig
6333:             2             32  com.altratek.altraserver.extensions.service.timeliness_activity.act.act2016.act20161223.wechatcharge.Exchange_Clothes$ClothLimit
6334:             1             32  com.altratek.altraserver.extensions.service.timeliness_activity.act.act2016.act20161223.wechatcharge.Exchange_Material
6335:             1             32  com.altratek.altraserver.extensions.service.timeliness_activity.act.act2017.act20170113.baijifu.seatreasure.SeaTreasureDao
6336:             1             32  com.altratek.altraserver.extensions.service.timeliness_activity.act.act2017.act20170120.sgflsuperjobevolve.SGFLSuperJobEvolveHandler$EquipmentDefine
6337:             1             32  com.altratek.altraserver.extensions.service.timeliness_activity.act.act2017.act20170126.zodiacflop.ZodiacFlopConfig
6338:             1             32  com.altratek.altraserver.extensions.service.timeliness_activity.act.act2017.act20170217.newhandtask170217.PetNodes$BsxSuperJob
6339:             1             32  com.altratek.altraserver.extensions.service.timeliness_activity.act.act2017.act20170217.newhandtask170217.PetNodes$SgflSuperGod
6340:             1             32  com.altratek.altraserver.extensions.service.timeliness_activity.act.act2017.act20170217.newhandtask170217.PetNodes$SgflSuperJob
6341:             1             32  com.altratek.altraserver.extensions.service.timeliness_activity.act.act2017.act20170303.openschoolgifts.OpenSchoolGiftsDao
6342:             1             32  com.altratek.altraserver.extensions.service.timeliness_activity.act.act2017.act20170505.lucklylottery.LucklyLotteryDao
6343:             1             32  com.altratek.altraserver.extensions.service.timeliness_activity.act.act2017.act20170616.developmenttasks.DevelopmenttasksConfig$TType$1
6344:             1             32  com.altratek.altraserver.extensions.service.timeliness_activity.act.act2017.act20170616.developmenttasks.DevelopmenttasksConfig$TType$2
6345:             1             32  com.altratek.altraserver.extensions.service.timeliness_activity.act.act2017.act20170616.developmenttasks.DevelopmenttasksConfig$TType$3
6346:             1             32  com.altratek.altraserver.extensions.service.timeliness_activity.act.act2017.act20170616.developmenttasks.DevelopmenttasksConfig$TType$4
6347:             1             32  com.altratek.altraserver.extensions.service.timeliness_activity.act.act2017.act20170616.developmenttasks.DevelopmenttasksConfig$TType$5
6348:             1             32  com.altratek.altraserver.extensions.service.timeliness_activity.act.act2017.act20170616.developmenttasks.DevelopmenttasksConfig$TType$6
6349:             1             32  com.altratek.altraserver.extensions.service.timeliness_activity.act.act2017.act20170901.tmkinggodjob.TMKingGodJobConfig$ValidPetSword
6350:             1             32  com.altratek.altraserver.extensions.service.timeliness_activity.act.act2017.act20170908.collectwinegetpet.CollectWineGetPetInfo
6351:             1             32  com.altratek.altraserver.extensions.service.timeliness_activity.act.act2017.act20170922.diamondexchangeprize.DiamondExchangePrizeConfig$PetPrize
6352:             1             32  com.altratek.altraserver.extensions.service.timeliness_activity.act.act2017.act20170922.diamondexchangeprize.DiamondExchangePrizeConfig$SpecailPrizeDefine
6353:             1             32  com.altratek.altraserver.extensions.service.timeliness_activity.act.act2017.act20170922.gaindiamondticket.GainTicketLess
6354:             1             32  com.altratek.altraserver.extensions.service.timeliness_activity.act.act2017.act20170922.gaindiamondticket.GainTicketMany
6355:             1             32  com.altratek.altraserver.extensions.service.timeliness_activity.act.act2017.act20170922.gaindiamondticket.GainTicketOther
6356:             1             32  com.altratek.altraserver.extensions.service.timeliness_activity.act.act2017.act20171020.yuanshoulottery.YuanShouLotteryInfo
6357:             1             32  com.altratek.altraserver.extensions.service.timelinessactivity.aoqiexpsend.AoQiExpSendConfig
6358:             1             32  com.altratek.altraserver.extensions.service.timelinessactivity.diamondexchange0731.DiamondExchange20150731Config
6359:             1             32  com.altratek.altraserver.extensions.service.timelinessactivity.holypetexchange.ExchangeType$1
6360:             1             32  com.altratek.altraserver.extensions.service.timelinessactivity.holypetexchange.ExchangeType$2
6361:             1             32  com.altratek.altraserver.extensions.service.timelinessactivity.holypetexchange.ExchangeType$3
6362:             1             32  com.altratek.altraserver.extensions.service.timelinessactivity.holypetexchange.ExchangeType$4
6363:             1             32  com.altratek.altraserver.extensions.service.timelinessactivity.holypetexchange.HolyPetExchangeConfig
6364:             1             32  com.altratek.altraserver.extensions.service.timelinessactivity.huandong.HuanDongHandler
6365:             1             32  com.altratek.altraserver.extensions.service.timelinessactivity.huandongpose.HuanDongPoseHandler
6366:             1             32  com.altratek.altraserver.extensions.service.timelinessactivity.luckysuperevovle.LuckySuperEvovleConfig
6367:             1             32  com.altratek.altraserver.extensions.service.timelinessactivity.luckysuperevovle.interact.LuckyInteractConfig
6368:             1             32  com.altratek.altraserver.extensions.service.timelinessactivity.movezerozero.MoveZeroZeroConfig
6369:             1             32  com.altratek.altraserver.extensions.service.timelinessactivity.outfairysummerhappy.OutFairySummerHappyConfig
6370:             1             32  com.altratek.altraserver.extensions.service.timelinessactivity.petdesigngame.PetDesignGameConfig
6371:             2             32  com.altratek.altraserver.extensions.service.timelinessactivity.powerup23w5.Compensation_None
6372:             1             32  com.altratek.altraserver.extensions.service.title.TitleService
6373:             2             32  com.altratek.altraserver.extensions.service.title.TitleValidPeriod_MasterApprenticeV2
6374:             1             32  com.altratek.altraserver.extensions.service.tower.fengshen.define.FengShenTowerConfig
6375:             1             32  com.altratek.altraserver.extensions.service.tower_warrior.WarriorTowerManager
6376:             1             32  com.altratek.altraserver.extensions.service.treasure.TreasureConfig
6377:             2             32  com.altratek.altraserver.extensions.service.union.UnionBuildingService$UnionBuildingSimpleInfo
6378:             2             32  com.altratek.altraserver.extensions.service.union.UnionFinanceService$UnionFinanceSimpleInfo
6379:             1             32  com.altratek.altraserver.extensions.service.union.UnionMemberHandler
6380:             2             32  com.altratek.altraserver.extensions.service.union.UnionMemberService$UnionMemberSimpleInfo
6381:             1             32  com.altratek.altraserver.extensions.service.union.UnionPublicInfo
6382:             1             32  com.altratek.altraserver.extensions.service.union.UnionRemoteServiceProvider
6383:             2             32  com.altratek.altraserver.extensions.service.union.activity.donate.CommonMaterialManager
6384:             1             32  com.altratek.altraserver.extensions.service.union.activity.donate.UnionDonateHandler
6385:             1             32  com.altratek.altraserver.extensions.service.union.activity.weapon.UserUnionWeapon
6386:             2             32  com.altratek.altraserver.extensions.service.user.UserDao
6387:             2             32  com.altratek.altraserver.extensions.service.userbuff.UserBuffActionObserver_ExperienceVIP
6388:             1             32  com.altratek.altraserver.extensions.service.userdisplay.UserDisplayDb
6389:             1             32  com.altratek.altraserver.extensions.service.vip.activity.val2014.ClothesChoicePrize
6390:             2             32  com.altratek.altraserver.extensions.service.vip.charge.VCRecordFactory_Common$VCRecord_Common
6391:             1             32  com.altratek.altraserver.extensions.service.vip.chargereturn.ReturnActivity
6392:             1             32  com.altratek.altraserver.handler.InMsgHandlerWorkPool
6393:             2             32  com.altratek.altraserver.logger.SimpleLogFileFormatter
6394:             1             32  com.aobi.common.config.DbConfigReader
6395:             1             32  com.aobi.common.db.tablemap.DefaultPartTableMapStrategy
6396:             1             32  com.baitian.app.server.AppServer
6397:             1             32  com.baitian.app.server.AppServer$MySystemRemote
6398:             1             32  com.baitian.common.reloader.Reloader
6399:             1             32  com.baitian.datacollection.interfaces.DatacollectionServerProxy
6400:             1             32  com.baitian.gameonlinechat.webserver.gameservice.entity.ClientMetaData
6401:             1             32  com.baitian.heartbeat.service.DaemonThreadFactory
6402:             1             32  com.baitian.questionnaire.gameclient.client.GameClient
6403:             1             32  com.bt.game.common.cache.CacheWriteBackHelper
6404:             1             32  com.bt.game.common.cache.DefaultMapCache
6405:             1             32  com.bt.game.common.cache.PartDBMapCacheSource
6406:             1             32  com.bt.game.common.cache.SqlProvider
6407:             1             32  com.caucho.hessian.io.RemoteDeserializer
6408:             1             32  com.caucho.hessian.io.StackTraceElementDeserializer
6409:             1             32  com.pjx.battle.server.battle.BattleServiceConfig
6410:             2             32  com.pjx.battle.server.battle.buff.DoEffectFactory_AttributeRestraint
6411:             2             32  com.pjx.battle.server.battle.buff.DoEffectFactory_CasterTargetRow
6412:             2             32  com.pjx.battle.server.battle.buff.DoEffectFactory_CurStepTargetBlock
6413:             1             32  com.pjx.battle.server.battle.buff.ext.AbsorbDamage2HpAndMaxHpBuffFactory
6414:             1             32  com.pjx.battle.server.battle.buff.ext.AbsorbDamage2ShieldBuffFactory
6415:             1             32  com.pjx.battle.server.battle.buff.ext.BuffCount2DamageBuffFactory
6416:             1             32  com.pjx.battle.server.battle.buff.ext.BuffVigourChangeImmuneBuffFactory
6417:             1             32  com.pjx.battle.server.battle.buff.ext.DamageShiftBuffFactory
6418:             1             32  com.pjx.battle.server.battle.buff.ext.DecDamageByPowerTypeBuffFactory
6419:             1             32  com.pjx.battle.server.battle.buff.ext.FatalConnectBuffFactory
6420:             1             32  com.pjx.battle.server.battle.buff.ext.HPV2BuffFactory
6421:             1             32  com.pjx.battle.server.battle.buff.ext.HasRaceTypeThenAddBuffBuffFactory
6422:             1             32  com.pjx.battle.server.battle.buff.ext.HasSignAddVigourToHighUltimateBuffFactory
6423:             1             32  com.pjx.battle.server.battle.buff.ext.Id103BuffFactory
6424:             1             32  com.pjx.battle.server.battle.buff.ext.Id1579BuffFactory
6425:             2             32  com.pjx.battle.server.battle.buff.ext.Id2060BuffFactory
6426:             2             32  com.pjx.battle.server.battle.buff.ext.Id2791BuffFactory
6427:             2             32  com.pjx.battle.server.battle.buff.ext.Id3871BuffFactory
6428:             1             32  com.pjx.battle.server.battle.buff.ext.Id4122BuffFactory
6429:             2             32  com.pjx.battle.server.battle.buff.ext.Id4275BuffFactory
6430:             2             32  com.pjx.battle.server.battle.buff.ext.Id4331BuffFactory
6431:             1             32  com.pjx.battle.server.battle.buff.ext.Id4492BuffFactory
6432:             2             32  com.pjx.battle.server.battle.buff.ext.Id4814BuffFactory
6433:             2             32  com.pjx.battle.server.battle.buff.ext.Id5098BuffFactory
6434:             1             32  com.pjx.battle.server.battle.buff.ext.Id5629_30BuffFactory$TransformInfo
6435:             1             32  com.pjx.battle.server.battle.buff.ext.Id5753BuffFactory
6436:             1             32  com.pjx.battle.server.battle.buff.ext.Id5753BuffFactory$TransformInfo
6437:             2             32  com.pjx.battle.server.battle.buff.ext.Id580BuffFactory
6438:             2             32  com.pjx.battle.server.battle.buff.ext.Id5885BuffFactory
6439:             1             32  com.pjx.battle.server.battle.buff.ext.Id6080BuffFactory
6440:             1             32  com.pjx.battle.server.battle.buff.ext.Id6630BuffFactory
6441:             1             32  com.pjx.battle.server.battle.buff.ext.Id6632BuffFactory
6442:             1             32  com.pjx.battle.server.battle.buff.ext.Id6897BuffFactory
6443:             1             32  com.pjx.battle.server.battle.buff.ext.Id6914BuffFactory
6444:             1             32  com.pjx.battle.server.battle.buff.ext.Id7094BuffFactory
6445:             2             32  com.pjx.battle.server.battle.buff.ext.Id7189BuffFactory
6446:             1             32  com.pjx.battle.server.battle.buff.ext.Id7213BuffFactory
6447:             2             32  com.pjx.battle.server.battle.buff.ext.IgnoreImmunityBuffFactory
6448:             2             32  com.pjx.battle.server.battle.buff.ext.ImmunityNorSkillDamageBuffFactory
6449:             1             32  com.pjx.battle.server.battle.buff.ext.IncDamageV2BuffFactory
6450:             2             32  com.pjx.battle.server.battle.buff.ext.JustReliveBuffFactory
6451:             1             32  com.pjx.battle.server.battle.buff.ext.MockBuffFactory
6452:             1             32  com.pjx.battle.server.battle.buff.ext.PoisionV2BuffFactory$HealConfig
6453:             1             32  com.pjx.battle.server.battle.buff.ext.PowerRangeChangeBuffFactory$Range
6454:             1             32  com.pjx.battle.server.battle.buff.ext.Property2DamageBuffFactory
6455:             1             32  com.pjx.battle.server.battle.buff.ext.RandomSpreadDemageBuffFactory
6456:             2             32  com.pjx.battle.server.battle.buff.ext.SleepBuffFactory
6457:             1             32  com.pjx.battle.server.battle.buff.ext.SuckDamage2PropertySpecialBuffFactory
6458:             1             32  com.pjx.battle.server.battle.buff.ext.SuckProperty2PropertyV2BuffFactory
6459:             2             32  com.pjx.battle.server.battle.buff.ext.UnRecoverBuffFactory
6460:             2             32  com.pjx.battle.server.battle.buff.ext.WatsonBuffFactory
6461:             2             32  com.pjx.battle.server.battle.target.Target_EnemySide_Horizontal_Last
6462:             2             32  com.pjx.battle.server.battle.target.Target_MySide_MinHpTwo
6463:             2             32  com.pjx.battle.server.battle.target.Target_MySide_RandomCountDead
6464:             2             32  com.pjx.battle.server.battle.target4buff.BuffTarget_EnemySide_Rand_Expt_Target
6465:             2             32  com.pjx.battle.server.battle.target4buff.BuffTarget_MySide_AttrMinHpRate
6466:             2             32  com.pjx.battle.server.battle.target4buff.BuffTarget_MySide_Jobs
6467:             2             32  com.pjx.common.scheduler.ScheduleDbLogAsynHandler$$Lambda$118/1096905086
6468:             1             32  com.pjx.module.buff.teambuff.TeamBuffCreatorFactory_BaseOnRaceIdAndFormation$TeamBuffCreator_BaseOnRaceIdAndFormation
6469:             1             32  com.pjx.module.buff.teambuff.TeamBuffCreatorFactory_BaseOnRaceIdRandom$TeamBuffCreator_BaseOnRaceIdRandom
6470:             2             32  com.pjx.module.buff.teambuff.TeamBuffCreatorFactory_BaseOnRaceType
6471:             2             32  com.pjx.module.buff.teambuff.TeamBuffCreatorFactory_BaseOnSign
6472:             1             32  com.pjx.module.creature.genius.GeniusStrategy$1
6473:             1             32  com.pjx.module.creature.genius.GeniusStrategy$2
6474:             2             32  com.pjx.service.express.Express$ReverseExpress
6475:             1             32  com.pjx.service.homeland.define.HomeLandDefineManager
6476:             1             32  com.pjx.service.homeland.define.facility.FacilityDefineManager
6477:             1             32  com.pjx.service.homeland.define.facility.MemberFacilityType$1
6478:             1             32  com.pjx.service.homeland.define.facility.MemberFacilityType$2
6479:             1             32  com.pjx.service.homeland.define.facility.MemberFacilityType$3
6480:             1             32  com.pjx.service.homeland.define.facility.MemberFacilityType$4
6481:             1             32  com.pjx.service.homeland.define.task.HomeLandTaskType$1
6482:             1             32  com.pjx.service.homeland.define.task.HomeLandTaskType$2
6483:             1             32  com.pjx.service.homeland.define.task.HomeLandTaskType$3
6484:             1             32  com.pjx.service.homeland.define.task.HomeLandTaskType$4
6485:             1             32  com.pjx.service.homeland.define.task.HomeLandTaskType$5
6486:             1             32  com.pjx.service.homeland.define.task.HomeLandTaskType$6
6487:             1             32  com.pjx.service.homeland.define.task.HomeLandTaskType$7
6488:             1             32  com.pjx.service.pk.invite.InviteProcessor
6489:             1             32  com.pjx.service.pk.pkprocessor.FastPKProcessor
6490:             1             32  com.pjx.service.union.UnionGlobalStringState
6491:             1             32  com.pjx.service.union.UnionWeeklyGlobalStringState
6492:             1             32  com.qqlogin.manager.RemoteServiceManager
6493:             2             32  com.sun.beans.WeakCache
6494:             1             32  com.sun.beans.finder.BeanInfoFinder
6495:             1             32  com.sun.jmx.mbeanserver.Repository
6496:             1             32  com.sun.org.apache.xalan.internal.utils.FeatureManager$Feature
6497:             1             32  com.sun.org.apache.xerces.internal.impl.XMLEntityScanner$1
6498:             2             32  com.sun.org.apache.xerces.internal.impl.dv.dtd.ENTITYDatatypeValidator
6499:             2             32  com.sun.proxy.$Proxy0
6500:             2             32  com.sun.proxy.$Proxy13
6501:             2             32  com.sun.proxy.$Proxy16
6502:             2             32  com.sun.proxy.$Proxy3
6503:             2             32  com.sun.proxy.$Proxy31
6504:             2             32  com.sun.proxy.$Proxy59
6505:             2             32  com.sun.proxy.$Proxy69
6506:             1             32  java.beans.ThreadGroupContext
6507:             1             32  java.beans.ThreadGroupContext$1
6508:             1             32  java.io.EOFException
6509:             2             32  java.io.ObjectInputStream$ValidationList
6510:             1             32  java.io.UnixFileSystem
6511:             1             32  java.lang.ArithmeticException
6512:             1             32  java.lang.ArrayIndexOutOfBoundsException
6513:             1             32  java.lang.ClassCastException
6514:             1             32  java.lang.NullPointerException
6515:             2             32  java.lang.Shutdown$Lock
6516:             1             32  java.lang.reflect.WeakCache
6517:             1             32  java.lang.reflect.WeakCache$CacheKey
6518:             2             32  java.nio.ByteOrder
6519:             2             32  java.nio.channels.spi.AbstractSelector$1
6520:             1             32  java.security.MessageDigest$Delegate
6521:             1             32  java.text.DontCareFieldPosition
6522:             1             32  java.time.format.DateTimeFormatterBuilder$FractionPrinterParser
6523:             2             32  java.time.format.DateTimeFormatterBuilder$StringLiteralPrinterParser
6524:             1             32  java.util.AbstractList$Itr
6525:             2             32  java.util.Comparator$$Lambda$145/1903352409
6526:             1             32  java.util.LinkedList$ListItr
6527:             1             32  java.util.concurrent.ThreadLocalRandom
6528:             1             32  java.util.concurrent.atomic.AtomicIntegerFieldUpdater$AtomicIntegerFieldUpdaterImpl
6529:             2             32  java.util.jar.JarVerifier$3
6530:             1             32  java.util.logging.LogManager$SystemLoggerContext
6531:             2             32  java.util.logging.SimpleFormatter
6532:             1             32  javax.crypto.spec.RC5ParameterSpec
6533:             2             32  javax.xml.xpath.SecuritySupport
6534:             2             32  jxl.biff.FormatRecord$BiffType
6535:             2             32  jxl.biff.XFRecord$BiffType
6536:             2             32  jxl.biff.XFRecord$XFType
6537:             2             32  jxl.format.PageOrder
6538:             2             32  jxl.format.PageOrientation
6539:             2             32  org.dom4j.tree.ConcurrentReaderHashMap$BarrierLock
6540:             2             32  redis.clients.jedis.BinaryJedis$SetFromList
6541:             1             32  redis.clients.jedis.ShardedJedis
6542:             1             32  sun.net.www.http.ClientVector
6543:             2             32  sun.nio.ch.FileDispatcherImpl
6544:             1             32  sun.nio.ch.ServerSocketAdaptor
6545:             2             32  sun.nio.ch.SocketDispatcher
6546:             2             32  sun.nio.ch.Util$2
6547:             1             32  sun.nio.cs.StandardCharsets
6548:             1             32  sun.nio.fs.LinuxFileSystem
6549:             1             32  sun.nio.fs.UnixPath
6550:             1             32  sun.reflect.ClassFileAssembler
6551:             1             32  sun.reflect.MethodAccessorGenerator$1
6552:             1             32  sun.reflect.UnsafeQualifiedLongFieldAccessorImpl
6553:             2             32  sun.rmi.registry.RegistryImpl_Skel
6554:             2             32  sun.rmi.registry.RegistryImpl_Stub
6555:             1             32  sun.rmi.transport.proxy.RMIMasterSocketFactory
6556:             2             32  sun.security.provider.NativePRNG
6557:             1             32  sun.security.provider.SecureRandom
6558:             1             32  sun.security.validator.SimpleValidator
6559:             1             32  sun.security.x509.KeyUsageExtension
6560:             1             32  sun.security.x509.SubjectAlternativeNameExtension
6561:             1             24  [Lbaitian.uc.dto.thirdparty.Thirdparty;
6562:             1             24  [Lcom.altratek.altraserver.extensions.base.CommandFilter$FilterMode;
6563:             1             24  [Lcom.altratek.altraserver.extensions.checkxtcmd.XtcmdErrorType;
6564:             1             24  [Lcom.altratek.altraserver.extensions.helper.ServerHelper$NameType;
6565:             1             24  [Lcom.altratek.altraserver.extensions.service.activity.dragonboat.DragonBoatConfig$LimitType;
6566:             1             24  [Lcom.altratek.altraserver.extensions.service.activity.godracetypewake.PutMaterialType;
6567:             1             24  [Lcom.altratek.altraserver.extensions.service.activity.weizhentianxiamerge.util.EffectSide;
6568:             1             24  [Lcom.altratek.altraserver.extensions.service.allroundpk.AllRoundPKService$PkMode;
6569:             1             24  [Lcom.altratek.altraserver.extensions.service.buddy.HandleRequestAction;
6570:             1             24  [Lcom.altratek.altraserver.extensions.service.challenge.extprocessor.Ext_PutMultiPetMarkOneOff$OneOffConfig;
6571:             1             24  [Lcom.altratek.altraserver.extensions.service.configurable_activity.Limit_UserClothes$ClothedType;
6572:             1             24  [Lcom.altratek.altraserver.extensions.service.configurable_activity.Limit_UserClothes$ValidateType;
6573:             1             24  [Lcom.altratek.altraserver.extensions.service.fight.activity.binglingwangevolve.ModeType;
6574:             1             24  [Lcom.altratek.altraserver.extensions.service.fight.activity.mrsuperfight.MrSuperFightConfig$OnlinePrizeConfig;
6575:             1             24  [Lcom.altratek.altraserver.extensions.service.fight.activity.nuoyanewsuperevolve.fight.fight12.Fight12Handler$ResultHandlerType;
6576:             1             24  [Lcom.altratek.altraserver.extensions.service.fight.activity.timedragon.TimeDragonConfig$MatchRaceIds;
6577:             1             24  [Lcom.altratek.altraserver.extensions.service.fight.activity.xingluo.FightType;
6578:             1             24  [Lcom.altratek.altraserver.extensions.service.fight.helper.fightbuff.EffectSide;
6579:             1             24  [Lcom.altratek.altraserver.extensions.service.fishery.fishingmaster.FishingMasterManager$SuperGodType;
6580:             1             24  [Lcom.altratek.altraserver.extensions.service.heroisland.buff.BuffOperate;
6581:             1             24  [Lcom.altratek.altraserver.extensions.service.heroisland.buff.Occasion;
6582:             1             24  [Lcom.altratek.altraserver.extensions.service.material.service.goods.card.RebateCardType;
6583:             1             24  [Lcom.altratek.altraserver.extensions.service.npcbuddy.NpcBuddyDefine$NpcFightGroupType;
6584:             1             24  [Lcom.altratek.altraserver.extensions.service.pay.DiamondConsumeTarget;
6585:             1             24  [Lcom.altratek.altraserver.extensions.service.pay.charge.PayChargeDao$PayOpId;
6586:             1             24  [Lcom.altratek.altraserver.extensions.service.pay.charge.PayChargeService$PayChargeType;
6587:             1             24  [Lcom.altratek.altraserver.extensions.service.pet_collection.petracestatistics.CreatureCountDimensionType;
6588:             1             24  [Lcom.altratek.altraserver.extensions.service.pjx.dragon.define.DragonSkillTypeDefine$Ocasion;
6589:             1             24  [Lcom.altratek.altraserver.extensions.service.pjx.player.Player$OpenMessengerType;
6590:             1             24  [Lcom.altratek.altraserver.extensions.service.pjx.player.PlayerPackType;
6591:             1             24  [Lcom.altratek.altraserver.extensions.service.pjx.specialpetids.UsePurpose;
6592:             1             24  [Lcom.altratek.altraserver.extensions.service.pjx.stargod.formula.campaign.CampaignFormulaIdLimit;
6593:             1             24  [Lcom.altratek.altraserver.extensions.service.pjx.stargod.formula.campaign.CampaignTDTimesLimit;
6594:             1             24  [Lcom.altratek.altraserver.extensions.service.pjx.stargod.formula.campaign.ICampaignLimit;
6595:             1             24  [Lcom.altratek.altraserver.extensions.service.pjx.stargod.formula.campaign.StarGodCampaignService;
6596:             1             24  [Lcom.altratek.altraserver.extensions.service.ridepet.ConditionHandler_TeamRole$TeamType;
6597:             1             24  [Lcom.altratek.altraserver.extensions.service.section.function.factory.MaterialGainFunctionFactory$GainStrategyType;
6598:             1             24  [Lcom.altratek.altraserver.extensions.service.section.function.factory.OneOffFunctionFactory$OneOffStrategyType;
6599:             1             24  [Lcom.altratek.altraserver.extensions.service.smallgame.GameState;
6600:             1             24  [Lcom.altratek.altraserver.extensions.service.superstar.boysandgirls.BoyOrGirl;
6601:             1             24  [Lcom.altratek.altraserver.extensions.service.tempactivity.fulllevel20160115.DateLimit$FullLvlType;
6602:             1             24  [Lcom.altratek.altraserver.extensions.service.tempactivity.mediumpetseries.GameDefine$GameInfo;
6603:             1             24  [Lcom.altratek.altraserver.extensions.service.tempactivity.strenthenstar.StrenthenStarConfig$TaskDefineType;
6604:             1             24  [Lcom.altratek.altraserver.extensions.service.tempactivity.wisdomcompete20140808.CompeteItem$CompeteState;
6605:             1             24  [Lcom.altratek.altraserver.extensions.service.tempactivity.wumangbattle.mingyezhuiying.MingYeZhuiYingConfig$Report;
6606:             1             24  [Lcom.altratek.altraserver.extensions.service.tempactivity.xiunuocombine.SupriseType;
6607:             1             24  [Lcom.altratek.altraserver.extensions.service.timeliness_activity.act.act2016.act20161014.YaoQianGuAndPhoenix.LotteryPet;
6608:             1             24  [Lcom.altratek.altraserver.extensions.service.timeliness_activity.act.act2016.act20161209.flipcardgainpet.FlipCardGainPetConfig$CardType;
6609:             1             24  [Lcom.altratek.altraserver.extensions.service.timeliness_activity.act.act2017.act20170120.goldbeantree.Glove;
6610:             1             24  [Lcom.altratek.altraserver.extensions.service.timeliness_activity.act.act2017.act20170825.creategodfight.BuffHandler;
6611:             1             24  [Lcom.altratek.altraserver.extensions.service.timeliness_activity.act.act2017.act20170825.creategodfight.CreateGodFightConfig$BuffConfig;
6612:             1             24  [Lcom.altratek.altraserver.extensions.service.timeliness_activity.act.act2017.act20170901.tmkinggodjob.AbstractFightHandler;
6613:             1             24  [Lcom.altratek.altraserver.extensions.service.timeliness_activity.act.act2017.act20170901.tmkinggodjob.TMKingGodJobConfig$ValidPetSword;
6614:             1             24  [Lcom.altratek.altraserver.extensions.service.timeliness_activity.act.act2017.act20170929.gainpandora.GainPandoraConfig$StrengthenPrize;
6615:             1             24  [Lcom.altratek.altraserver.extensions.service.timeliness_activity.act.act2017.act20170929.rabbitgodgodjob.RabbitGodGodJobConfig$Game;
6616:             1             24  [Lcom.altratek.altraserver.extensions.service.timeliness_activity.act.act2017.act20170929.rabbitgodgodjob.RabbitGodGodJobConfig$MoonCake;
6617:             1             24  [Lcom.altratek.altraserver.extensions.service.timeliness_activity.act.act2017.act20171013.summonerpower.SummonerPowerConfig$PetConfig;
6618:             1             24  [Lcom.altratek.altraserver.extensions.service.timelinessactivity.kingofbrightness.DataConfig$ModeDefine;
6619:             1             24  [Lcom.altratek.altraserver.extensions.service.timelinessactivity.luckysuperevovle.LuckySuperEvovleConfig$Transfer;
6620:             1             24  [Lcom.altratek.altraserver.extensions.service.timelinessactivity.monthnewlogin.monthnewdraw20170901.EXTHandler;
6621:             1             24  [Lcom.altratek.altraserver.extensions.service.timelinessactivity.tianmanwangultraevolve.phase.TMWPhase3Info$BossInfo;
6622:             1             24  [Lcom.altratek.altraserver.extensions.service.title.TitleService$TitleApproach;
6623:             1             24  [Lcom.altratek.altraserver.extensions.service.union.activity.sign.USSignActivityConfig$BuildingLvPrize;
6624:             1             24  [Lcom.altratek.altraserver.extensions.service.union.activity.store.GoodsHandler;
6625:             1             24  [Lcom.altratek.altraserver.extensions.service.union.activity.weapon.UnionWeaponDefine;
6626:             1             24  [Lcom.altratek.altraserver.extensions.service.userbuff.BuffStructType;
6627:             1             24  [Lcom.altratek.altraserver.extensions.service.vip.VipType;
6628:             1             24  [Lcom.pjx.adapter.globalconfig.GlobalPropertiesSetter$ConfigInitWay;
6629:             1             24  [Lcom.pjx.battle.server.battle.buff.DoEffectFactory_CasterTargetGender$GenderCompareType;
6630:             1             24  [Lcom.pjx.battle.server.battle.buff.DoEffectFactory_CasterTargetHasBenefitBuff$IncludeType;
6631:             1             24  [Lcom.pjx.battle.server.battle.buff.DoEffectFactory_CasterTargetRaceId$CludeType;
6632:             1             24  [Lcom.pjx.battle.server.battle.buff.DoEffectFactory_CasterTargetRaceType$CludeType;
6633:             1             24  [Lcom.pjx.battle.server.battle.buff.DoEffectFactory_CasterTargetRaceTypeV2$CludeType;
6634:             1             24  [Lcom.pjx.battle.server.battle.buff.ext.ChangePower4PlayerBuffFactory$MyEffectSide;
6635:             1             24  [Lcom.pjx.battle.server.battle.buff.ext.DamageSplashBuffFactory$TargetSplashed;
6636:             1             24  [Lcom.pjx.battle.server.battle.buff.ext.HPTransferBuffFactory$HPType;
6637:             1             24  [Lcom.pjx.battle.server.battle.buff.ext.HasSignAddVigourToHighUltimateBuffFactory$PetSign;
6638:             1             24  [Lcom.pjx.battle.server.battle.buff.ext.Id2984BuffFactory$TouchTime;
6639:             1             24  [Lcom.pjx.battle.server.battle.buff.ext.ImmunityJobsBuffFactory$ImmunityType;
6640:             1             24  [Lcom.pjx.battle.server.battle.buff.ext.ImmunityRaceTypeBuffFactory$ImmunityType;
6641:             1             24  [Lcom.pjx.battle.server.battle.buff.ext.MissBuffFactory$MissType;
6642:             1             24  [Lcom.pjx.battle.server.battle.buff.ext.MustDoBuffFactory$DoWhat;
6643:             1             24  [Lcom.pjx.battle.server.battle.buff.ext.PoisionAfterAttackBuffFactory$PoisonType;
6644:             1             24  [Lcom.pjx.battle.server.battle.buff.ext.PropertyChangeExtBuffFactory$ZhanDouLiValueType;
6645:             1             24  [Lcom.pjx.battle.server.battle.buff.ext.ReboundBuffBuffFactory$ReboundTarget;
6646:             1             24  [Lcom.pjx.battle.server.battle.buff.ext.VigourTransferBuffFactory$AbsorbStrategy;
6647:             1             24  [Lcom.pjx.battle.server.battle.buff.ext.VigourTransferBuffFactory$TransferDirection;
6648:             1             24  [Lcom.pjx.battle.server.battle.helper.NumOrRate;
6649:             1             24  [Lcom.pjx.battle.server.battle.player.CharacterJob$JobType;
6650:             1             24  [Lcom.pjx.battle.server.battle.player.playerbuffcontroller.PlayerBuffType$PlayerBuffFightType;
6651:             1             24  [Lcom.pjx.battle.server.battle.result.NumResult$BuffDisplayType;
6652:             1             24  [Lcom.pjx.battle.server.battle.result.OneRoundResultType;
6653:             1             24  [Lcom.pjx.battle.server.battle.skill.Skill$RoundSateKey;
6654:             1             24  [Lcom.pjx.battle.server.battle.skill.SkillDefine$AttackType;
6655:             1             24  [Lcom.pjx.battle.server.battle.skill.affix.LimitFactory_IfHasOneOfBuffs$SkillBuffAffixTargetType;
6656:             1             24  [Lcom.pjx.battle.server.battle.skill.affix.LimitFactory_IfHpCondition$CompareType;
6657:             1             24  [Lcom.pjx.battle.server.battle.skill.affix.LimitFactory_IfHpCondition$NumType;
6658:             1             24  [Lcom.pjx.battle.server.battle.skill.affix.LimitFactory_IfHpCondition$SkillBuffAffixTargetType;
6659:             1             24  [Lcom.pjx.battle.server.battle.skill.round.StepExecutor_After$StepExeAfterState;
6660:             1             24  [Lcom.pjx.battle.server.battle.target.Target_MySide_RaceTypes$Filter;
6661:             1             24  [Lcom.pjx.battle.server.battle.team.Team$TeamId;
6662:             1             24  [Lcom.pjx.module.creature.equipment.cstrategy.id.EquipmentIdGenStrategyType;
6663:             1             24  [Lcom.pjx.module.creature.equipment.cstrategy.lv.EquipmentLvGenStrategyType;
6664:             1             24  [Lcom.pjx.module.creature.equipment.cstrategy.quality.EquipmentQualityGenStrategyType;
6665:             1             24  [Lcom.pjx.module.creature.genius.GeniusStrategy;
6666:             1             24  [Lcom.pjx.module.creature.potential.PotentialLvUpConsumeStrategyDefine$PotentialConsumeType;
6667:             1             24  [Lcom.pjx.module.define.enumdefine.GridType;
6668:             1             24  [Lcom.pjx.module.formation.FormationCreaturePosStrategy;
6669:             1             24  [Lcom.pjx.module.formation.FormationReviseStrategy;
6670:             1             24  [Lcom.pjx.rmi.obj.appjungle.paohuantask.MultipleType;
6671:             1             24  [Lcom.pjx.rmi.obj.bestpetrank.BestPetRankType;
6672:             1             24  [Lcom.pjx.rmi.obj.buddomain.EffectType;
6673:             1             24  [Lcom.pjx.rmi.obj.texas_poker.CardGameType$ChipType;
6674:             1             24  [Lcom.pjx.service.union.UnionJoinRequestType;
6675:             1             24  [Lcom.sun.org.apache.xalan.internal.utils.FeatureManager$Feature;
6676:             1             24  [Lcom.sun.org.apache.xerces.internal.utils.XMLSecurityPropertyManager$Property;
6677:             1             24  [Ljava.io.File$PathStatus;
6678:             1             24  [Ljava.io.File;
6679:             1             24  [Ljava.lang.ClassValue$Entry;
6680:             1             24  [Ljava.net.InetAddress$Cache$Type;
6681:             1             24  [Ljava.net.StandardProtocolFamily;
6682:             1             24  [Ljava.time.temporal.IsoFields$Unit;
6683:             1             24  [Ljava.util.Locale$Category;
6684:             1             24  [Lsun.launcher.LauncherHelper;
6685:             1             24  baitian.uc.client.UcClient
6686:             1             24  baitian.uc.dto.thirdparty.Thirdparty
6687:             1             24  com.alibaba.fastjson.parser.deserializer.ASMDeserializerFactory
6688:             1             24  com.alibaba.fastjson.parser.deserializer.LongFieldDeserializer
6689:             1             24  com.alibaba.fastjson.util.IdentityHashMap
6690:             1             24  com.altratek.altraserver.IpFloodChecker
6691:             1             24  com.altratek.altraserver.ServerWriter
6692:             1             24  com.altratek.altraserver.extensions.AdminExtension
6693:             1             24  com.altratek.altraserver.extensions.ExtensionHelper
6694:             1             24  com.altratek.altraserver.extensions.base.OverrideXtCmdHandlerControl
6695:             1             24  com.altratek.altraserver.extensions.behavior.weekly.WeeklyStateDefineManager
6696:             1             24  com.altratek.altraserver.extensions.cache.CacheManager
6697:             1             24  com.altratek.altraserver.extensions.config.ProcessDbConfigReader
6698:             1             24  com.altratek.altraserver.extensions.db.DbAvailableChecker
6699:             1             24  com.altratek.altraserver.extensions.db.IdGenerator
6700:             1             24  com.altratek.altraserver.extensions.giftbag.GiftBagDefine
6701:             1             24  com.altratek.altraserver.extensions.helper.lock.ResourceLocker
6702:             1             24  com.altratek.altraserver.extensions.idgen.IdTypeDefineManager
6703:             1             24  com.altratek.altraserver.extensions.idgen.UserIdGenerator
6704:             1             24  com.altratek.altraserver.extensions.mycache.WriteBackManager
6705:             1             24  com.altratek.altraserver.extensions.mycache.write.WritableCache4Set_Memcached$ChangedDataSet
6706:             1             24  com.altratek.altraserver.extensions.rmi.RemoteEventHandler
6707:             1             24  com.altratek.altraserver.extensions.rmi.SocketServerRemoteService
6708:             1             24  com.altratek.altraserver.extensions.schedulers.MultiThreadProcCreator
6709:             1             24  com.altratek.altraserver.extensions.schedulers.UserLocationUpdater
6710:             1             24  com.altratek.altraserver.extensions.service.accountbinding.AccountBindingHandler$Prize_GodRaceTypeWake
6711:             1             24  com.altratek.altraserver.extensions.service.accountbinding.AccountBindingHandler$Prize_LvUp
6712:             1             24  com.altratek.altraserver.extensions.service.achievement.AchievementDefineManager
6713:             1             24  com.altratek.altraserver.extensions.service.achievement.detectext.A_DetectClearRubbish$DetectProgressClearRubbish
6714:             1             24  com.altratek.altraserver.extensions.service.achievement.detectext.A_DetectSwimming$DetectProgressSwimming
6715:             1             24  com.altratek.altraserver.extensions.service.activity.JuggleManager
6716:             1             24  com.altratek.altraserver.extensions.service.activity.aruitransform.ARuiTransformConfig
6717:             1             24  com.altratek.altraserver.extensions.service.activity.beatformcompete.BeatFormCompeteConfig
6718:             1             24  com.altratek.altraserver.extensions.service.activity.bestpetformsuggest.BestPetFormSuggestConfig
6719:             1             24  com.altratek.altraserver.extensions.service.activity.callback.cb20140404.BackAndInvite0404Handler
6720:             1             24  com.altratek.altraserver.extensions.service.activity.callback.cb20160115.BackAndInvite160115Handler
6721:             1             24  com.altratek.altraserver.extensions.service.activity.callback.cb20160311.Days30BackHirePetConfig
6722:             1             24  com.altratek.altraserver.extensions.service.activity.callback.cb20160311.Days30BackHirePetDao
6723:             1             24  com.altratek.altraserver.extensions.service.activity.callback.cb20170630.Prize_HolyDragon
6724:             1             24  com.altratek.altraserver.extensions.service.activity.callback.cb20170630.Prize_MoYan
6725:             1             24  com.altratek.altraserver.extensions.service.activity.callback.cb20170630.Prize_NoDieStar
6726:             1             24  com.altratek.altraserver.extensions.service.activity.callback.cb20170630.Prize_StarGrid
6727:             1             24  com.altratek.altraserver.extensions.service.activity.callback.cb20170630.Prize_SuperJobWhiteTiger
6728:             1             24  com.altratek.altraserver.extensions.service.activity.callback.cb20170630.Prize_WhiteTiger
6729:             1             24  com.altratek.altraserver.extensions.service.activity.callback.cb20170630.Prize_YanBuPo
6730:             1             24  com.altratek.altraserver.extensions.service.activity.childfestivalvote.ChildFestivalVoteConfig
6731:             1             24  com.altratek.altraserver.extensions.service.activity.childfestivalvote.ChildFestivalVoteHandler
6732:             1             24  com.altratek.altraserver.extensions.service.activity.compete.CompeteService
6733:             1             24  com.altratek.altraserver.extensions.service.activity.compete.athletic.Bonus$ExpBonus
6734:             1             24  com.altratek.altraserver.extensions.service.activity.cookgod.CookGodDao
6735:             1             24  com.altratek.altraserver.extensions.service.activity.cow_devil.CowDevilConfig
6736:             1             24  com.altratek.altraserver.extensions.service.activity.cow_devil.CowDevilConfig$DiamondGetConfig
6737:             1             24  com.altratek.altraserver.extensions.service.activity.cow_devil.CowDevilConfig$ExpFruitGetConfig
6738:             1             24  com.altratek.altraserver.extensions.service.activity.cow_devil.CowDevilConfig$GetPhaseConfig
6739:             1             24  com.altratek.altraserver.extensions.service.activity.cow_devil.CowDevilConfig$MaterialGetConfig
6740:             1             24  com.altratek.altraserver.extensions.service.activity.cow_devil.CowDevilConfig$PurifyPhaseConfig
6741:             1             24  com.altratek.altraserver.extensions.service.activity.cow_devil.CowDevilManager
6742:             1             24  com.altratek.altraserver.extensions.service.activity.cow_devil.CowDevilMonsterDefine
6743:             1             24  com.altratek.altraserver.extensions.service.activity.darkmooneye.fight.ShadowFight
6744:             1             24  com.altratek.altraserver.extensions.service.activity.dishitianclothes.DiShiTianClothesConfig
6745:             1             24  com.altratek.altraserver.extensions.service.activity.dishitianclothes.DiShiTianClothesHandler
6746:             1             24  com.altratek.altraserver.extensions.service.activity.dream_team.DreamTeamDefine
6747:             1             24  com.altratek.altraserver.extensions.service.activity.dreamdevilfight.dreamdevilattack.DreamDevilFightConfig
6748:             1             24  com.altratek.altraserver.extensions.service.activity.dreammonster.DreamMonsterDefineManager
6749:             1             24  com.altratek.altraserver.extensions.service.activity.getpet.GetPetManager
6750:             1             24  com.altratek.altraserver.extensions.service.activity.godattrpetvote2.GodAttrPetVote2Config
6751:             1             24  com.altratek.altraserver.extensions.service.activity.godpropertyvote.GodPropertyVoteConfig
6752:             1             24  com.altratek.altraserver.extensions.service.activity.godracetypewake.superwake.SuperWakeConfig
6753:             1             24  com.altratek.altraserver.extensions.service.activity.halloweengameapply.HalloweenGameApplyHandler
6754:             1             24  com.altratek.altraserver.extensions.service.activity.investment.InvestDefine
6755:             1             24  com.altratek.altraserver.extensions.service.activity.kongfupenguin.KongFuPenguinXml
6756:             1             24  com.altratek.altraserver.extensions.service.activity.legenddragon.LegendDragonHandler
6757:             1             24  com.altratek.altraserver.extensions.service.activity.lightking.phases.ext.Phase1Handler
6758:             1             24  com.altratek.altraserver.extensions.service.activity.lightking.phases.ext.Phase2Handler
6759:             1             24  com.altratek.altraserver.extensions.service.activity.lightking.phases.ext.Phase2Handler$Phase2Config
6760:             1             24  com.altratek.altraserver.extensions.service.activity.lightking.phases.ext.Phase3Handler
6761:             1             24  com.altratek.altraserver.extensions.service.activity.longyansuperevolve.LongYanSuperEvolveConfig
6762:             1             24  com.altratek.altraserver.extensions.service.activity.longyansuperevolve.LongYanSuperEvolveHandler
6763:             1             24  com.altratek.altraserver.extensions.service.activity.longyansuperevolve.bosses.boss2.Boss2Config
6764:             1             24  com.altratek.altraserver.extensions.service.activity.longyansuperevolve.bosses.boss5.Boss5Config
6765:             1             24  com.altratek.altraserver.extensions.service.activity.onlinedeliver160205.OnlineDeliver160205Config
6766:             1             24  com.altratek.altraserver.extensions.service.activity.outofprintswingback.OutOfPrintSwingBackConfig
6767:             1             24  com.altratek.altraserver.extensions.service.activity.rollfight.RollMonsterDefineManager
6768:             1             24  com.altratek.altraserver.extensions.service.activity.scorepregame.ScorePreGameDao
6769:             1             24  com.altratek.altraserver.extensions.service.activity.shadow_wing.ShadowWingConfig
6770:             1             24  com.altratek.altraserver.extensions.service.activity.shimmeryfairy.FairyConfig
6771:             1             24  com.altratek.altraserver.extensions.service.activity.shouhushichange.ShouhushiChangeManager
6772:             1             24  com.altratek.altraserver.extensions.service.activity.shouhushichange.xml.ShouhushiChangeXmlReader
6773:             1             24  com.altratek.altraserver.extensions.service.activity.spacecreater.AdvancePetLearnAbilityConfig
6774:             1             24  com.altratek.altraserver.extensions.service.activity.spacecreater.SpaceCreaterDefineManager
6775:             1             24  com.altratek.altraserver.extensions.service.activity.suikongsuperevolve.SuiKongEvolutionService
6776:             1             24  com.altratek.altraserver.extensions.service.activity.superevolveseries.superevolveselect2.SuperEvolveSelect2Manager
6777:             1             24  com.altratek.altraserver.extensions.service.activity.superevolveseries.superevolveselect3.SuperEvolveSelect3Manager
6778:             1             24  com.altratek.altraserver.extensions.service.activity.superevolveseries.superevolveselect4.SuperEvolveSelect4Manager
6779:             1             24  com.altratek.altraserver.extensions.service.activity.tempomaster.TempoMasterConfig
6780:             1             24  com.altratek.altraserver.extensions.service.activity.thunder_blade.ThunderBladeConfig
6781:             1             24  com.altratek.altraserver.extensions.service.activity.totallead.TotalLeadConfig
6782:             1             24  com.altratek.altraserver.extensions.service.activity.weizhentianxiamerge.WeiZhenTianXiaMergeHandler
6783:             1             24  com.altratek.altraserver.extensions.service.activity.weizhentianxiamerge.phases.ext.WZTX_Phase1Handler
6784:             1             24  com.altratek.altraserver.extensions.service.activity.weizhentianxiamerge.phases.ext.WZTX_Phase3Handler
6785:             1             24  com.altratek.altraserver.extensions.service.activity.weizhentianxiamerge.phases.ext.phase2.WZTX_Phase2Config
6786:             1             24  com.altratek.altraserver.extensions.service.activity.weizhentianxiamerge.phases.ext.phase2.WZTX_Phase2Handler
6787:             1             24  com.altratek.altraserver.extensions.service.activity.weizhentianxiamerge.util.BuffWrapperProvider
6788:             1             24  com.altratek.altraserver.extensions.service.activity.xiaonuoexpcake.XiaoNuoExpCakeConfig
6789:             1             24  com.altratek.altraserver.extensions.service.activity.xicongtianjiang.XiCongTianJiangManager
6790:             1             24  com.altratek.altraserver.extensions.service.activity.xiuertest.XiuErTestConfig
6791:             1             24  com.altratek.altraserver.extensions.service.activity.xiuertest.XiuErTestHandler
6792:             1             24  com.altratek.altraserver.extensions.service.activity.xuexilimanmanzhuan.XueXiLiManManZhuanConfig
6793:             1             24  com.altratek.altraserver.extensions.service.activity.yuanxiaolabel.YuanXiaoLabelConfig
6794:             1             24  com.altratek.altraserver.extensions.service.allroundpk.AllRoundPKRankDao
6795:             1             24  com.altratek.altraserver.extensions.service.arena.FR_FormulaLimitFactorProvider
6796:             1             24  com.altratek.altraserver.extensions.service.arena.FR_FormulaLimitFactory_OneOff
6797:             1             24  com.altratek.altraserver.extensions.service.arena.FightRankFormulaCatalog
6798:             1             24  com.altratek.altraserver.extensions.service.arena.GlobalArenaFormulaHandler
6799:             1             24  com.altratek.altraserver.extensions.service.arena.globalarena.GlobalArenaRemoteServiceProvider
6800:             1             24  com.altratek.altraserver.extensions.service.arena.globalarena.honorrank.ArenaHonorRankDao
6801:             1             24  com.altratek.altraserver.extensions.service.arena.globalarena.honorrank.ArenaHonorRankHandler
6802:             1             24  com.altratek.altraserver.extensions.service.arena.globalarena.honorrank.ArenaHonorRankInfo
6803:             1             24  com.altratek.altraserver.extensions.service.arena.globalarena.summerarena.SummerArenaService
6804:             1             24  com.altratek.altraserver.extensions.service.auctioncenter.AuctionCenterHandler
6805:             1             24  com.altratek.altraserver.extensions.service.breachformation.BreachFormationHandler
6806:             1             24  com.altratek.altraserver.extensions.service.buddy.invite.BuddyInviteManager
6807:             1             24  com.altratek.altraserver.extensions.service.card.CardDao
6808:             1             24  com.altratek.altraserver.extensions.service.card.CardDefineManager
6809:             1             24  com.altratek.altraserver.extensions.service.card.CardLimitFactory_LongTimeDoneCounterLimit
6810:             1             24  com.altratek.altraserver.extensions.service.card.CardLimitProvider
6811:             1             24  com.altratek.altraserver.extensions.service.card.CardManager
6812:             1             24  com.altratek.altraserver.extensions.service.challenge.act.act101.LucklyList
6813:             1             24  com.altratek.altraserver.extensions.service.challenge.buffgetter.ext.BuffGetter_11_AddBuff
6814:             1             24  com.altratek.altraserver.extensions.service.challenge.buffgetter.ext.BuffGetter_18_AddBuff
6815:             1             24  com.altratek.altraserver.extensions.service.challenge.buffgetter.ext.BuffGetter_30_AddEnemyBuff
6816:             1             24  com.altratek.altraserver.extensions.service.challenge.buffgetter.ext.BuffGetter_4_AddDamage
6817:             1             24  com.altratek.altraserver.extensions.service.challenge.buffgetter.ext.BuffGetter_5_AddBossBuff
6818:             1             24  com.altratek.altraserver.extensions.service.challenge.buffgetter.ext.BuffGetter_5_AddMyBuff
6819:             1             24  com.altratek.altraserver.extensions.service.challenge.buffgetter.ext.BuffGetter_65_AddMyBuff
6820:             1             24  com.altratek.altraserver.extensions.service.challenge.buffgetter.ext.BuffGetter_69_AddBossBuff
6821:             1             24  com.altratek.altraserver.extensions.service.challenge.buffgetter.ext.BuffGetter_71_AddBuff
6822:             1             24  com.altratek.altraserver.extensions.service.challenge.buffgetter.ext.BuffGetter_89_AddBossBuff
6823:             1             24  com.altratek.altraserver.extensions.service.challenge.buffgetter.ext.BuffGetter_8_AddBuff
6824:             1             24  com.altratek.altraserver.extensions.service.challenge.extprocessor.Ext_PutPetMarkOneOff$Validater$1
6825:             1             24  com.altratek.altraserver.extensions.service.challenge.extprocessor.Ext_PutPetMarkOneOff$Validater$2
6826:             1             24  com.altratek.altraserver.extensions.service.challenge.extprocessor.Ext_PutPetMarkOneOff$Validater$3
6827:             1             24  com.altratek.altraserver.extensions.service.challenge.extprocessor.ext.Ext_130_ChoosePets$Config
6828:             1             24  com.altratek.altraserver.extensions.service.challenge.extprocessor.ext.Ext_86_ChoosePets$Config
6829:             1             24  com.altratek.altraserver.extensions.service.challenge.finishcondition.Condition_MaxDailyScore
6830:             1             24  com.altratek.altraserver.extensions.service.challenge.finishcondition.Condition_PassThisOr
6831:             1             24  com.altratek.altraserver.extensions.service.challenge.finishcondition.ext.Condition_25_Pass
6832:             1             24  com.altratek.altraserver.extensions.service.challenge.occasion.Occasion_GetChallengeInfo
6833:             1             24  com.altratek.altraserver.extensions.service.challenge.occasion.Occasion_GetInfoActiveRank
6834:             1             24  com.altratek.altraserver.extensions.service.challenge.occasion.ext.Occasion_101_Handler
6835:             1             24  com.altratek.altraserver.extensions.service.challenge.occasion.ext.Occasion_102_Handler
6836:             1             24  com.altratek.altraserver.extensions.service.challenge.occasion.ext.Occasion_103_Handler
6837:             1             24  com.altratek.altraserver.extensions.service.challenge.occasion.ext.Occasion_110_Handler
6838:             1             24  com.altratek.altraserver.extensions.service.challenge.occasion.ext.Occasion_119_Handler
6839:             1             24  com.altratek.altraserver.extensions.service.challenge.occasion.ext.Occasion_120_Handler
6840:             1             24  com.altratek.altraserver.extensions.service.challenge.occasion.ext.Occasion_121_Handler
6841:             1             24  com.altratek.altraserver.extensions.service.challenge.occasion.ext.Occasion_124_Handler
6842:             1             24  com.altratek.altraserver.extensions.service.challenge.occasion.ext.Occasion_125_Handler
6843:             1             24  com.altratek.altraserver.extensions.service.challenge.occasion.ext.Occasion_130_Handler
6844:             1             24  com.altratek.altraserver.extensions.service.challenge.occasion.ext.Occasion_13_InitBuff
6845:             1             24  com.altratek.altraserver.extensions.service.challenge.occasion.ext.Occasion_14_CheckCanFight
6846:             1             24  com.altratek.altraserver.extensions.service.challenge.occasion.ext.Occasion_16_GetInfo
6847:             1             24  com.altratek.altraserver.extensions.service.challenge.occasion.ext.Occasion_17_BABattle
6848:             1             24  com.altratek.altraserver.extensions.service.challenge.occasion.ext.Occasion_18_SetRound
6849:             1             24  com.altratek.altraserver.extensions.service.challenge.occasion.ext.Occasion_20_Restart
6850:             1             24  com.altratek.altraserver.extensions.service.challenge.occasion.ext.Occasion_22_Handler
6851:             1             24  com.altratek.altraserver.extensions.service.challenge.occasion.ext.Occasion_23_Handler
6852:             1             24  com.altratek.altraserver.extensions.service.challenge.occasion.ext.Occasion_24_Handler
6853:             1             24  com.altratek.altraserver.extensions.service.challenge.occasion.ext.Occasion_25_Handler
6854:             1             24  com.altratek.altraserver.extensions.service.challenge.occasion.ext.Occasion_26_Handler
6855:             1             24  com.altratek.altraserver.extensions.service.challenge.occasion.ext.Occasion_27_Handler
6856:             1             24  com.altratek.altraserver.extensions.service.challenge.occasion.ext.Occasion_28_RandomFightOrder
6857:             1             24  com.altratek.altraserver.extensions.service.challenge.occasion.ext.Occasion_30_Handler
6858:             1             24  com.altratek.altraserver.extensions.service.challenge.occasion.ext.Occasion_32_Handler
6859:             1             24  com.altratek.altraserver.extensions.service.challenge.occasion.ext.Occasion_34_Handler
6860:             1             24  com.altratek.altraserver.extensions.service.challenge.occasion.ext.Occasion_35_Handler
6861:             1             24  com.altratek.altraserver.extensions.service.challenge.occasion.ext.Occasion_36_Handler
6862:             1             24  com.altratek.altraserver.extensions.service.challenge.occasion.ext.Occasion_37_Handler
6863:             1             24  com.altratek.altraserver.extensions.service.challenge.occasion.ext.Occasion_39_Handler
6864:             1             24  com.altratek.altraserver.extensions.service.challenge.occasion.ext.Occasion_40_Handler
6865:             1             24  com.altratek.altraserver.extensions.service.challenge.occasion.ext.Occasion_42_Handler
6866:             1             24  com.altratek.altraserver.extensions.service.challenge.occasion.ext.Occasion_47_Handler
6867:             1             24  com.altratek.altraserver.extensions.service.challenge.occasion.ext.Occasion_49_GetClothes
6868:             1             24  com.altratek.altraserver.extensions.service.challenge.occasion.ext.Occasion_50_Handler
6869:             1             24  com.altratek.altraserver.extensions.service.challenge.occasion.ext.Occasion_52_Handler
6870:             1             24  com.altratek.altraserver.extensions.service.challenge.occasion.ext.Occasion_54_Handler
6871:             1             24  com.altratek.altraserver.extensions.service.challenge.occasion.ext.Occasion_56_Handler
6872:             1             24  com.altratek.altraserver.extensions.service.challenge.occasion.ext.Occasion_57_Handler
6873:             1             24  com.altratek.altraserver.extensions.service.challenge.occasion.ext.Occasion_59_GetInfo
6874:             1             24  com.altratek.altraserver.extensions.service.challenge.occasion.ext.Occasion_65_Handler
6875:             1             24  com.altratek.altraserver.extensions.service.challenge.occasion.ext.Occasion_68_Handler
6876:             1             24  com.altratek.altraserver.extensions.service.challenge.occasion.ext.Occasion_77_Handler
6877:             1             24  com.altratek.altraserver.extensions.service.challenge.occasion.ext.Occasion_80_Handler
6878:             1             24  com.altratek.altraserver.extensions.service.challenge.occasion.ext.Occasion_83_Handler
6879:             1             24  com.altratek.altraserver.extensions.service.challenge.occasion.ext.Occasion_86_GetInfo
6880:             1             24  com.altratek.altraserver.extensions.service.challenge.occasion.ext.Occasion_88_Handler
6881:             1             24  com.altratek.altraserver.extensions.service.challenge.occasion.ext.Occasion_89_Handler
6882:             1             24  com.altratek.altraserver.extensions.service.challenge.occasion.ext.Occasion_90_Handler
6883:             1             24  com.altratek.altraserver.extensions.service.challenge.occasion.ext.Occasion_91_Handler
6884:             1             24  com.altratek.altraserver.extensions.service.challenge.occasion.ext.Occasion_92_Handler
6885:             1             24  com.altratek.altraserver.extensions.service.challenge.occasion.ext.Occasion_93_Handler
6886:             1             24  com.altratek.altraserver.extensions.service.challenge.occasion.ext.Occasion_94_Handler
6887:             1             24  com.altratek.altraserver.extensions.service.challenge.occasion.ext.Occasion_95_Handler
6888:             1             24  com.altratek.altraserver.extensions.service.challenge.occasion.ext.Occasion_97_Handler
6889:             1             24  com.altratek.altraserver.extensions.service.challenge.occasion.ext.Occasion_98_Handler
6890:             1             24  com.altratek.altraserver.extensions.service.challenge.occasion.ext.Occasion_9_GetClothes
6891:             1             24  com.altratek.altraserver.extensions.service.challenge.prizeprocessor.ext.Prize_119_SuperJob
6892:             1             24  com.altratek.altraserver.extensions.service.challenge.prizeprocessor.ext.Prize_120_Prize
6893:             1             24  com.altratek.altraserver.extensions.service.challenge.prizeprocessor.ext.Prize_74_Handler
6894:             1             24  com.altratek.altraserver.extensions.service.challenge.strategy.Strategy_RecycleByVIP
6895:             1             24  com.altratek.altraserver.extensions.service.challenge.strategy.Strategy_VipCheaper
6896:             1             24  com.altratek.altraserver.extensions.service.challenge.strategy.ext.Strategy_129_Recycle
6897:             1             24  com.altratek.altraserver.extensions.service.challenge.strategy.ext.Strategy_78_RecycleByWinCnt
6898:             1             24  com.altratek.altraserver.extensions.service.challenge.strategy.ext.Strategy_Custom121
6899:             1             24  com.altratek.altraserver.extensions.service.challenge.strategy.ext.Strategy_Custom125
6900:             1             24  com.altratek.altraserver.extensions.service.chat.ext.timingnotice.TimingNoticeManager
6901:             1             24  com.altratek.altraserver.extensions.service.comment.Config
6902:             1             24  com.altratek.altraserver.extensions.service.comment.Topic
6903:             1             24  com.altratek.altraserver.extensions.service.competev2.CompeteRankV2BuilderType$1
6904:             1             24  com.altratek.altraserver.extensions.service.competev2.CompeteRankV2BuilderType$2
6905:             1             24  com.altratek.altraserver.extensions.service.competev2.CompeteRankV2BuilderType$3
6906:             1             24  com.altratek.altraserver.extensions.service.competev2.CompeteV2Service
6907:             1             24  com.altratek.altraserver.extensions.service.configurable_activity.Balance_DreamWorld
6908:             1             24  com.altratek.altraserver.extensions.service.configurable_activity.Balance_DreamWorld$OperateType
6909:             1             24  com.altratek.altraserver.extensions.service.configurable_activity.Balance_FinishTime
6910:             1             24  com.altratek.altraserver.extensions.service.configurable_activity.Balance_GodRaceTypeWake
6911:             1             24  com.altratek.altraserver.extensions.service.configurable_activity.Balance_Material2TempValue
6912:             1             24  com.altratek.altraserver.extensions.service.configurable_activity.ConfigurableActivityTypeAggregate$DiamondTicketType
6913:             1             24  com.altratek.altraserver.extensions.service.configurable_activity.Limit_SecurityBinding
6914:             1             24  com.altratek.altraserver.extensions.service.configurable_activity.Limit_UserClothes$ClothedType$1
6915:             1             24  com.altratek.altraserver.extensions.service.configurable_activity.Limit_UserClothes$ClothedType$2
6916:             1             24  com.altratek.altraserver.extensions.service.configurable_activity.Limit_UserClothes$ValidateType$1
6917:             1             24  com.altratek.altraserver.extensions.service.configurable_activity.Limit_UserClothes$ValidateType$2
6918:             1             24  com.altratek.altraserver.extensions.service.detect.DetectBonusType
6919:             1             24  com.altratek.altraserver.extensions.service.detect.DetectDefineManager
6920:             1             24  com.altratek.altraserver.extensions.service.detect.DetectorClearRubbish$DetectProgressClearRubbish
6921:             1             24  com.altratek.altraserver.extensions.service.detect.DetectorDailyCompete$DetectProgressGainExp
6922:             1             24  com.altratek.altraserver.extensions.service.detect.DetectorDailyCompeteBud$DetectProgressGainExp
6923:             1             24  com.altratek.altraserver.extensions.service.detect.DetectorDailyCompeteFishing$DetectProgressScore
6924:             1             24  com.altratek.altraserver.extensions.service.detect.DetectorDailyCompeteScore$DetectProgressComsueScore
6925:             1             24  com.altratek.altraserver.extensions.service.detect.DetectorDailyConsumeScore$DetectProgressConsumeScore
6926:             1             24  com.altratek.altraserver.extensions.service.detect.DetectorDailyGainExp$DetectProgressGainExp
6927:             1             24  com.altratek.altraserver.extensions.service.detect.DetectorDailyGainScore$DetectProgressGainScore
6928:             1             24  com.altratek.altraserver.extensions.service.detect.DetectorSwimming$DetectProgressSwimming
6929:             1             24  com.altratek.altraserver.extensions.service.detect.DetectorVipCharge$DetectProgressVipCharge
6930:             1             24  com.altratek.altraserver.extensions.service.energy.VipPrivilege_Energy
6931:             1             24  com.altratek.altraserver.extensions.service.family.FamilyDefineDao
6932:             1             24  com.altratek.altraserver.extensions.service.family.FamilyDefineManager
6933:             1             24  com.altratek.altraserver.extensions.service.family.arena.FamilyArenaDefine
6934:             1             24  com.altratek.altraserver.extensions.service.family.revoked.FamilyTotalScoreRankService
6935:             1             24  com.altratek.altraserver.extensions.service.farm.magic.FS_BigFastRain
6936:             1             24  com.altratek.altraserver.extensions.service.farm.magic.FS_FastRain
6937:             1             24  com.altratek.altraserver.extensions.service.farm.magic.FS_FoodGrainBumper
6938:             1             24  com.altratek.altraserver.extensions.service.farm.magic.FS_FruitAtOnce
6939:             1             24  com.altratek.altraserver.extensions.service.farm.magic.FS_MoreFruit
6940:             1             24  com.altratek.altraserver.extensions.service.farm.magic.FS_Steal
6941:             1             24  com.altratek.altraserver.extensions.service.farm.potentialfruit.PF_DailyInfo
6942:             1             24  com.altratek.altraserver.extensions.service.farm.potentialfruit.PF_InviteInfo$InviterRecord
6943:             1             24  com.altratek.altraserver.extensions.service.farm.potentialfruit.PF_WeeklyInfo
6944:             1             24  com.altratek.altraserver.extensions.service.farm.potentialfruit.WeekGroup$1
6945:             1             24  com.altratek.altraserver.extensions.service.farm.potentialfruit.WeekGroup$2
6946:             1             24  com.altratek.altraserver.extensions.service.farm.potentialfruit.WeekGroup$3
6947:             1             24  com.altratek.altraserver.extensions.service.farm.potentialfruit.WeekGroup$4
6948:             1             24  com.altratek.altraserver.extensions.service.fb.FbManager
6949:             1             24  com.altratek.altraserver.extensions.service.fight.activity.aresgodjob.AresGodJobConfig$BossStage
6950:             1             24  com.altratek.altraserver.extensions.service.fight.activity.binglingwangevolve.BingLingWangEvolveHandler
6951:             1             24  com.altratek.altraserver.extensions.service.fight.activity.binglingwangfight.phases.ext.BLW_Phase12Handler$BLW_Phase12Config
6952:             1             24  com.altratek.altraserver.extensions.service.fight.activity.binglingwangfight.phases.ext.phase3.BLW_Phase3Handler
6953:             1             24  com.altratek.altraserver.extensions.service.fight.activity.chaseghostcat.ChaseGhostCatConfig$BuyDefine
6954:             1             24  com.altratek.altraserver.extensions.service.fight.activity.chaseghostcat.ChaseGhostCatConfig$FightLimitDefine
6955:             1             24  com.altratek.altraserver.extensions.service.fight.activity.chaseghostcat.ChaseGhostCatConfig$PerfectDefine
6956:             1             24  com.altratek.altraserver.extensions.service.fight.activity.chaseghostcat.ChaseGhostCatHandler
6957:             1             24  com.altratek.altraserver.extensions.service.fight.activity.dragongoddessfight.DragonGoddessFightConfig
6958:             1             24  com.altratek.altraserver.extensions.service.fight.activity.iceduke.IceDukeConfig
6959:             1             24  com.altratek.altraserver.extensions.service.fight.activity.longyangodsuperevolve.fighthandler.Fight1Handler
6960:             1             24  com.altratek.altraserver.extensions.service.fight.activity.longyangodsuperevolve.fighthandler.Fight2Handler
6961:             1             24  com.altratek.altraserver.extensions.service.fight.activity.longyangodsuperevolve.fighthandler.Fight3Handler
6962:             1             24  com.altratek.altraserver.extensions.service.fight.activity.longyangodsuperevolve.fighthandler.Fight4Handler
6963:             1             24  com.altratek.altraserver.extensions.service.fight.activity.mozunfight.phases.ext.phase123.MZF_Phase3Handler
6964:             1             24  com.altratek.altraserver.extensions.service.fight.activity.mozunfight.phases.ext.phase4.MZF_Phase4Handler
6965:             1             24  com.altratek.altraserver.extensions.service.fight.activity.nuoyanewsuperevolve.NuoYaNewSuperEvolveHandler
6966:             1             24  com.altratek.altraserver.extensions.service.fight.activity.nuoyanewsuperevolve.fight.fight3.Fight3Handler
6967:             1             24  com.altratek.altraserver.extensions.service.fight.activity.oddimmortal.OddImmortalConfig
6968:             1             24  com.altratek.altraserver.extensions.service.fight.activity.qilinsuperevolve.QiLinSuperEvolveHandler
6969:             1             24  com.altratek.altraserver.extensions.service.fight.activity.sifangform.SiFangFormConfig
6970:             1             24  com.altratek.altraserver.extensions.service.fight.activity.tongtianpozhenta.UserTTPZTInfo
6971:             1             24  com.altratek.altraserver.extensions.service.fight.activity.woodfishfight.WoodFishFightConfig
6972:             1             24  com.altratek.altraserver.extensions.service.fight.activity.woodfishfight.phases.ext.WFF_Phase0Handler
6973:             1             24  com.altratek.altraserver.extensions.service.fight.activity.woodfishfight.phases.ext.WFF_Phase0Handler$WFF_Phase0Config
6974:             1             24  com.altratek.altraserver.extensions.service.fight.activity.woodfishfight.phases.ext.WFF_Phase1Handler
6975:             1             24  com.altratek.altraserver.extensions.service.fight.activity.woodfishfight.phases.ext.WFF_Phase1Handler$WFF_Phase1Config
6976:             1             24  com.altratek.altraserver.extensions.service.fight.activity.woodfishfight.phases.ext.phase2.WFF_Phase2Handler
6977:             1             24  com.altratek.altraserver.extensions.service.fight.activity.woodfishfight.phases.ext.phase2.WFF_Phase2Handler$WFF_Phase2Config
6978:             1             24  com.altratek.altraserver.extensions.service.fight.activity.xinggeevolve.XingGeEvolveConfig
6979:             1             24  com.altratek.altraserver.extensions.service.fight.activity.xingluo.FightType$1
6980:             1             24  com.altratek.altraserver.extensions.service.fight.activity.xingluo.FightType$2
6981:             1             24  com.altratek.altraserver.extensions.service.fight.helper.fightbuff.BuffWrapperDefineManager
6982:             1             24  com.altratek.altraserver.extensions.service.fight.helper.fightbuff.BuffWrapperProvider
6983:             1             24  com.altratek.altraserver.extensions.service.fight.helper.fightbuff.ext.Id55BuffWrapContainer
6984:             1             24  com.altratek.altraserver.extensions.service.fight.helper.mypetcollection.ext.fadepet.FadePetCollection
6985:             1             24  com.altratek.altraserver.extensions.service.fishery.fishingmaster.FishingConfig
6986:             1             24  com.altratek.altraserver.extensions.service.heroisland.herostrangethrank.HeroStrangethRankManager
6987:             1             24  com.altratek.altraserver.extensions.service.homeland.HomeLandMemberService
6988:             1             24  com.altratek.altraserver.extensions.service.homeland.HomeLandMoneyService
6989:             1             24  com.altratek.altraserver.extensions.service.homeland.HomeLandPublicInfo
6990:             1             24  com.altratek.altraserver.extensions.service.homeland.HomeLandService
6991:             1             24  com.altratek.altraserver.extensions.service.homeland.chat.HomeLandChatHandler
6992:             1             24  com.altratek.altraserver.extensions.service.homeland.task.HomeLandTaskConfig
6993:             1             24  com.altratek.altraserver.extensions.service.house.furniture.CurrentFurnitureService
6994:             1             24  com.altratek.altraserver.extensions.service.kapufight.MonsterDefineManager
6995:             1             24  com.altratek.altraserver.extensions.service.login.activity.la130830.LoginActivity130830Handler
6996:             1             24  com.altratek.altraserver.extensions.service.login.activity.la140425.LoginActivity20140425Config
6997:             1             24  com.altratek.altraserver.extensions.service.mailbox.BroadcastMailService
6998:             1             24  com.altratek.altraserver.extensions.service.mailbox.CommonMailService
6999:             1             24  com.altratek.altraserver.extensions.service.mailbox.MailBoxManager
7000:             1             24  com.altratek.altraserver.extensions.service.material.bonus.CommonBonusService
7001:             1             24  com.altratek.altraserver.extensions.service.material.bonus.progressbonus.MarkBonusType$1
7002:             1             24  com.altratek.altraserver.extensions.service.material.bonus.progressbonus.MarkBonusType$2
7003:             1             24  com.altratek.altraserver.extensions.service.material.bonus.progressbonus.ProgressBonusService
7004:             1             24  com.altratek.altraserver.extensions.service.material.define.ClientRecycle
7005:             1             24  com.altratek.altraserver.extensions.service.material.doublecrop.DoubleCropService
7006:             1             24  com.altratek.altraserver.extensions.service.material.doublecrop.UserDoubleCropInfo
7007:             1             24  com.altratek.altraserver.extensions.service.material.extend.clothes.ClothesManager
7008:             1             24  com.altratek.altraserver.extensions.service.material.extend.clothes.ClothesService
7009:             1             24  com.altratek.altraserver.extensions.service.material.extend.equipment.EquipmentManager
7010:             1             24  com.altratek.altraserver.extensions.service.material.extend.fossil.FossilManager
7011:             1             24  com.altratek.altraserver.extensions.service.material.extend.housecollection.UserHouseCollectionDao
7012:             1             24  com.altratek.altraserver.extensions.service.material.extend.materialcount.MaterialCountDao
7013:             1             24  com.altratek.altraserver.extensions.service.material.extend.materialcount.MaterialCountService
7014:             1             24  com.altratek.altraserver.extensions.service.material.extend.score.ScoreDao
7015:             1             24  com.altratek.altraserver.extensions.service.material.extend.score.ScoreService
7016:             1             24  com.altratek.altraserver.extensions.service.material.helper.MaterialNumChangedCauseFocus
7017:             1             24  com.altratek.altraserver.extensions.service.material.manager.ipl.DiamondConsumeManager
7018:             1             24  com.altratek.altraserver.extensions.service.material.manager.ipl.PayDiamondConsumeManager
7019:             1             24  com.altratek.altraserver.extensions.service.material.manager.ipl.PetManager
7020:             1             24  com.altratek.altraserver.extensions.service.material.manager.ipl.StarGodManager
7021:             1             24  com.altratek.altraserver.extensions.service.material.manager.ipl.TitleManager
7022:             1             24  com.altratek.altraserver.extensions.service.material.manager.ipl.UserBuffManager
7023:             1             24  com.altratek.altraserver.extensions.service.nobleclub.NobleClubDao
7024:             1             24  com.altratek.altraserver.extensions.service.nobleclub.NobleClubService
7025:             1             24  com.altratek.altraserver.extensions.service.nobleclub.wishtable.WishTableConfig
7026:             1             24  com.altratek.altraserver.extensions.service.npcbuddy.Bless_GainMaterial
7027:             1             24  com.altratek.altraserver.extensions.service.npcbuddy.NpcBattleBlessService
7028:             1             24  com.altratek.altraserver.extensions.service.npcbuddy.NpcBattleBlessService$UserNpcBattleBless
7029:             1             24  com.altratek.altraserver.extensions.service.npcbuddy.NpcBuddyDefineManager
7030:             1             24  com.altratek.altraserver.extensions.service.npcbuddy.NpcBuddyManager
7031:             1             24  com.altratek.altraserver.extensions.service.pay.DiamondService
7032:             1             24  com.altratek.altraserver.extensions.service.pet_collection.LatestPetsDao
7033:             1             24  com.altratek.altraserver.extensions.service.pet_collection.LatestPetsManager
7034:             1             24  com.altratek.altraserver.extensions.service.pet_collection.PetCollectionDefine
7035:             1             24  com.altratek.altraserver.extensions.service.pet_collection.mustpracticepets.MustPracticePetsConfig
7036:             1             24  com.altratek.altraserver.extensions.service.petbar.PetBarSortStrategy$1
7037:             1             24  com.altratek.altraserver.extensions.service.petbar.PetBarSortStrategy$2
7038:             1             24  com.altratek.altraserver.extensions.service.petbar.PetBarSortStrategy$3
7039:             1             24  com.altratek.altraserver.extensions.service.petpark.antiquiteasygot.AntiquitEasyGotConfig
7040:             1             24  com.altratek.altraserver.extensions.service.petpark.archlgy.ArchlgyPlayer
7041:             1             24  com.altratek.altraserver.extensions.service.petpark.archlgy.ArchlgyService$ServiceReport_AccountBonus
7042:             1             24  com.altratek.altraserver.extensions.service.petpark.archlgy.ArchlgyService$ServiceReport_LeaveScene
7043:             1             24  com.altratek.altraserver.extensions.service.petpark.fossil3to1.Fossil3To1Handler
7044:             1             24  com.altratek.altraserver.extensions.service.petpark.fossilbreed.FossilBreedService
7045:             1             24  com.altratek.altraserver.extensions.service.petpark.frienddroparound.FriendDropAroundHandler
7046:             1             24  com.altratek.altraserver.extensions.service.petpark.global.PetParkGlobalDao
7047:             1             24  com.altratek.altraserver.extensions.service.petpark.marketv2.MarketV2Handler
7048:             1             24  com.altratek.altraserver.extensions.service.petpark.material.FossilDefineManager
7049:             1             24  com.altratek.altraserver.extensions.service.pjx.creature.pet.petcontract.ContractUserInfo
7050:             1             24  com.altratek.altraserver.extensions.service.pjx.creature.pet.service.PetPotentialService$UserPotential$PotentialLvUpResultType$1
7051:             1             24  com.altratek.altraserver.extensions.service.pjx.creature.pet.service.PetPotentialService$UserPotential$PotentialLvUpResultType$2
7052:             1             24  com.altratek.altraserver.extensions.service.pjx.creature.pet.service.PetPotentialService$UserPotential$PotentialLvUpResultType$3
7053:             1             24  com.altratek.altraserver.extensions.service.pjx.dragonsoul.v2.DragonSoulDefineDao
7054:             1             24  com.altratek.altraserver.extensions.service.pjx.dragonsoul.v2.DragonSoulDefineManager
7055:             1             24  com.altratek.altraserver.extensions.service.pjx.equipment.EquipExternalService
7056:             1             24  com.altratek.altraserver.extensions.service.pjx.equipment.EquipHandler
7057:             1             24  com.altratek.altraserver.extensions.service.pjx.equipment.formula.EquipFormulaConfig
7058:             1             24  com.altratek.altraserver.extensions.service.pjx.equipmentmaterial.Activity0331Service
7059:             1             24  com.altratek.altraserver.extensions.service.pjx.equipmentmaterial.EquipmentMaterialConfig
7060:             1             24  com.altratek.altraserver.extensions.service.pjx.familybless.FamilyBlessDao
7061:             1             24  com.altratek.altraserver.extensions.service.pjx.familybless.FamilyBlessDefineDao
7062:             1             24  com.altratek.altraserver.extensions.service.pjx.familybless.FamilyBlessDefineManager
7063:             1             24  com.altratek.altraserver.extensions.service.pjx.familybless.FamilyBlessService
7064:             1             24  com.altratek.altraserver.extensions.service.pjx.formation.FormationService
7065:             1             24  com.altratek.altraserver.extensions.service.pjx.hatch.HatchService
7066:             1             24  com.altratek.altraserver.extensions.service.pjx.hatch.VipPrivilege_Hatch
7067:             1             24  com.altratek.altraserver.extensions.service.pjx.kingroad.fairy.FairyManager
7068:             1             24  com.altratek.altraserver.extensions.service.pjx.kingroad.kungfu.KungFuManager
7069:             1             24  com.altratek.altraserver.extensions.service.pjx.kingroad.ninja.NinjaManager
7070:             1             24  com.altratek.altraserver.extensions.service.pjx.player.PlayerBattleItem
7071:             1             24  com.altratek.altraserver.extensions.service.pjx.stargod.StarGodHelper$ThirdPagesCollectGridConfig
7072:             1             24  com.altratek.altraserver.extensions.service.pjx.stargod.VipPrivilege_StarGod
7073:             1             24  com.altratek.altraserver.extensions.service.pjx.stargod.formula.FormulaLimitFactoryProvider
7074:             1             24  com.altratek.altraserver.extensions.service.pjx.stargod.formula.FormulaLimitFactory_WeeklyDoneCount$FFLimit_WeeklyDoneCount
7075:             1             24  com.altratek.altraserver.extensions.service.pjx.stargod.formula.StarGodFormulaHandler
7076:             1             24  com.altratek.altraserver.extensions.service.pjx.stargod.formula.campaign.CampaignFormulaIdLimit
7077:             1             24  com.altratek.altraserver.extensions.service.pjx.stargod.formula.campaign.CampaignTDTimesLimit
7078:             1             24  com.altratek.altraserver.extensions.service.pjx.systemhirepet.SystemHirePetDao
7079:             1             24  com.altratek.altraserver.extensions.service.prize.CombinePrize
7080:             1             24  com.altratek.altraserver.extensions.service.prize.PetEquipmentsPrize
7081:             1             24  com.altratek.altraserver.extensions.service.prize.PetPotentialPrize
7082:             1             24  com.altratek.altraserver.extensions.service.prize.PetStarGodsPrize
7083:             1             24  com.altratek.altraserver.extensions.service.qiqi.MsgBoxCentra
7084:             1             24  com.altratek.altraserver.extensions.service.qiqi.QiQiDao
7085:             1             24  com.altratek.altraserver.extensions.service.qiqi.scoremall.timelyformula.TimelyFormulaCommon
7086:             1             24  com.altratek.altraserver.extensions.service.qiqi.scoremall.timelyformula.TimelyPrizeQiQiClothes
7087:             1             24  com.altratek.altraserver.extensions.service.ridepet.RidePetDefine
7088:             1             24  com.altratek.altraserver.extensions.service.routine.Routine
7089:             1             24  com.altratek.altraserver.extensions.service.routine.process.SelectorProcess
7090:             1             24  com.altratek.altraserver.extensions.service.singleboss.djinn.DjinnMonsterDefineManager
7091:             1             24  com.altratek.altraserver.extensions.service.singleboss.winebibber.WinebibberDefineManager
7092:             1             24  com.altratek.altraserver.extensions.service.smallgame.GameFlowManager
7093:             1             24  com.altratek.altraserver.extensions.service.stall.StallDistribute
7094:             1             24  com.altratek.altraserver.extensions.service.superstar.flower.FlowerManager
7095:             1             24  com.altratek.altraserver.extensions.service.superstar.flower.FlowerRankManager
7096:             1             24  com.altratek.altraserver.extensions.service.survey.SurveyManager
7097:             1             24  com.altratek.altraserver.extensions.service.task.dao.TaskDao
7098:             1             24  com.altratek.altraserver.extensions.service.task.handler.ext.StepHandler_20121102_SeizeGhost_JianDing
7099:             1             24  com.altratek.altraserver.extensions.service.task.handler.ext.StepHandler_20121102_SeizeGhost_JinHua
7100:             1             24  com.altratek.altraserver.extensions.service.task.handler.ext.StepHandler_AddBehavior
7101:             1             24  com.altratek.altraserver.extensions.service.task.handler.ext.StepHandler_CatchPet
7102:             1             24  com.altratek.altraserver.extensions.service.task.handler.ext.StepHandler_CheckFinishTask
7103:             1             24  com.altratek.altraserver.extensions.service.task.handler.ext.StepHandler_CheckSetPwdQuestion
7104:             1             24  com.altratek.altraserver.extensions.service.task.handler.ext.StepHandler_ClearHouseRubbish
7105:             1             24  com.altratek.altraserver.extensions.service.task.handler.ext.StepHandler_ClientCounter
7106:             1             24  com.altratek.altraserver.extensions.service.task.handler.ext.StepHandler_CostMaterial
7107:             1             24  com.altratek.altraserver.extensions.service.task.handler.ext.StepHandler_DigStone
7108:             1             24  com.altratek.altraserver.extensions.service.task.handler.ext.StepHandler_FightCreatureCount
7109:             1             24  com.altratek.altraserver.extensions.service.task.handler.ext.StepHandler_FightKingRoadGuarder
7110:             1             24  com.altratek.altraserver.extensions.service.task.handler.ext.StepHandler_FightTaskMonster
7111:             1             24  com.altratek.altraserver.extensions.service.task.handler.ext.StepHandler_FightWildMonster
7112:             1             24  com.altratek.altraserver.extensions.service.task.handler.ext.StepHandler_FightWildMonsterWave
7113:             1             24  com.altratek.altraserver.extensions.service.task.handler.ext.StepHandler_FinishGame
7114:             1             24  com.altratek.altraserver.extensions.service.task.handler.ext.StepHandler_FinishTask
7115:             1             24  com.altratek.altraserver.extensions.service.task.handler.ext.StepHandler_GatherItem
7116:             1             24  com.altratek.altraserver.extensions.service.task.handler.ext.StepHandler_HomesteadChallenge
7117:             1             24  com.altratek.altraserver.extensions.service.task.handler.ext.StepHandler_JumpTaskStep
7118:             1             24  com.altratek.altraserver.extensions.service.task.handler.ext.StepHandler_PassWarriorTower
7119:             1             24  com.altratek.altraserver.extensions.service.task.handler.ext.StepHandler_RecycleMaterial
7120:             1             24  com.altratek.altraserver.extensions.service.task.handler.ext.StepHandler_RecyclePackPet
7121:             1             24  com.altratek.altraserver.extensions.service.task.handler.ext.StepHandler_SelectBonus
7122:             1             24  com.altratek.altraserver.extensions.service.task.handler.ext.StepHandler_TeamBuffTraining
7123:             1             24  com.altratek.altraserver.extensions.service.team.TeamService
7124:             1             24  com.altratek.altraserver.extensions.service.temp.consume.Consume_TheFlowerOfFrand
7125:             1             24  com.altratek.altraserver.extensions.service.temp.limit.PetPackContainsPetLimit$PetLimit_GeniusTypeLimit
7126:             1             24  com.altratek.altraserver.extensions.service.temp.limit.PetPackContainsPetLimit$PetLimit_LevelLimit
7127:             1             24  com.altratek.altraserver.extensions.service.temp.limit.PetPackContainsPetLimit$PetLimit_TotalLearnAbility
7128:             1             24  com.altratek.altraserver.extensions.service.temp.prize.CountPrize_Backend
7129:             1             24  com.altratek.altraserver.extensions.service.temp.prize.LevelUpPrize
7130:             1             24  com.altratek.altraserver.extensions.service.temp.prize.MaterialPrizeBaseOnCounter
7131:             1             24  com.altratek.altraserver.extensions.service.temp.prize.Prize_WanDouSheShou
7132:             1             24  com.altratek.altraserver.extensions.service.tempactivity.clothesbuy.ClothesBuyConfig
7133:             1             24  com.altratek.altraserver.extensions.service.tempactivity.diamondexchange20140207.PetEvolvePrizeV2
7134:             1             24  com.altratek.altraserver.extensions.service.tempactivity.encounter20130830.EncounterDao
7135:             1             24  com.altratek.altraserver.extensions.service.tempactivity.mediumpetseries.GameDefine
7136:             1             24  com.altratek.altraserver.extensions.service.tempactivity.mediumpetseries.PetUpDefine
7137:             1             24  com.altratek.altraserver.extensions.service.tempactivity.mediumpetseries.PetUpDefine$GeniusUpDefine
7138:             1             24  com.altratek.altraserver.extensions.service.tempactivity.mediumpetseries.PetUpDefine$LevelUpDefine
7139:             1             24  com.altratek.altraserver.extensions.service.tempactivity.moxiuerevolution.MoXiuErEvolutionService
7140:             1             24  com.altratek.altraserver.extensions.service.tempactivity.shenpocall.ShenPoCallConfig
7141:             1             24  com.altratek.altraserver.extensions.service.tempactivity.shunjianmanji.ShunJianManji20140214Manager
7142:             1             24  com.altratek.altraserver.extensions.service.tempactivity.strenthenstar.StrenthenStarConfig
7143:             1             24  com.altratek.altraserver.extensions.service.tempactivity.strenthenstar.TaskType$1
7144:             1             24  com.altratek.altraserver.extensions.service.tempactivity.strenthenstar.TaskType$2
7145:             1             24  com.altratek.altraserver.extensions.service.tempactivity.strenthenstar.TaskType$3
7146:             1             24  com.altratek.altraserver.extensions.service.tempactivity.strenthenstar.TaskType$4
7147:             1             24  com.altratek.altraserver.extensions.service.tempactivity.strenthenstar.TaskType$5
7148:             1             24  com.altratek.altraserver.extensions.service.tempactivity.strenthenstar.TaskType$6
7149:             1             24  com.altratek.altraserver.extensions.service.tempactivity.strenthenstar.TaskType$7
7150:             1             24  com.altratek.altraserver.extensions.service.tempactivity.strenthenstar.TaskType$8
7151:             1             24  com.altratek.altraserver.extensions.service.tempactivity.strenthenstar.TaskType$9
7152:             1             24  com.altratek.altraserver.extensions.service.tempactivity.supermarket1212.SuperMarket1212Config
7153:             1             24  com.altratek.altraserver.extensions.service.tempactivity.xiunuocombine.AppJungleService
7154:             1             24  com.altratek.altraserver.extensions.service.texaspoker.GlobalDataManager
7155:             1             24  com.altratek.altraserver.extensions.service.texaspoker.PokerDao$L_GlobalValue
7156:             1             24  com.altratek.altraserver.extensions.service.texaspoker.PokerHandler
7157:             1             24  com.altratek.altraserver.extensions.service.timeliness_activity.act.act2016.act20160129.monkeyyearvowtree.MonkeyYearVowTreeHandle
7158:             1             24  com.altratek.altraserver.extensions.service.timeliness_activity.act.act2016.act20160129.sanguorampage.SanGuoRampageConfig
7159:             1             24  com.altratek.altraserver.extensions.service.timeliness_activity.act.act2016.act20160129.sanguorampage.SanGuoRampageHandler
7160:             1             24  com.altratek.altraserver.extensions.service.timeliness_activity.act.act2016.act20160129.zdlgiftbag.ZdlGiftBagConfig
7161:             1             24  com.altratek.altraserver.extensions.service.timeliness_activity.act.act2016.act20160129.zdlgiftbag.ZdlGiftBagHandler
7162:             1             24  com.altratek.altraserver.extensions.service.timeliness_activity.act.act2016.act20160205.havocinheaven.HavocInHeavenConfig
7163:             1             24  com.altratek.altraserver.extensions.service.timeliness_activity.act.act2016.act20160205.huandongpose2miyou.HuanDongPose2MiYouConfig
7164:             1             24  com.altratek.altraserver.extensions.service.timeliness_activity.act.act2016.act20160212.monkeyclothersrob.MonkeyClothersConfig
7165:             1             24  com.altratek.altraserver.extensions.service.timeliness_activity.act.act2016.act20160226.zdlgiftbag.ZdlGiftBagConfig
7166:             1             24  com.altratek.altraserver.extensions.service.timeliness_activity.act.act2016.act20160513.allpeoplelottery.AllPeopleLotteryHandler
7167:             1             24  com.altratek.altraserver.extensions.service.timeliness_activity.act.act2016.act20160708.dragonvsking.DragonVsKingDefine
7168:             1             24  com.altratek.altraserver.extensions.service.timeliness_activity.act.act2016.act20160708.monkeycat.MoneyCatHandle
7169:             1             24  com.altratek.altraserver.extensions.service.timeliness_activity.act.act2016.act20161021.huangdeshengyan.HDSYAchievement$1
7170:             1             24  com.altratek.altraserver.extensions.service.timeliness_activity.act.act2016.act20161021.huangdeshengyan.HDSYAchievement$2
7171:             1             24  com.altratek.altraserver.extensions.service.timeliness_activity.act.act2016.act20161021.huangdeshengyan.HDSYAchievement$3
7172:             1             24  com.altratek.altraserver.extensions.service.timeliness_activity.act.act2016.act20161202.stargodlottery.StarGodLotteryHandler
7173:             1             24  com.altratek.altraserver.extensions.service.timeliness_activity.act.act2017.act20170113.baijifu.seatreasure.SeaTreasureRank
7174:             1             24  com.altratek.altraserver.extensions.service.timeliness_activity.act.act2017.act20170120.sgflsuperjobevolve.SGFLSuperJobEvolveHandler$Range
7175:             1             24  com.altratek.altraserver.extensions.service.timeliness_activity.act.act2017.act20170126.zodiacflop.ZodiacFlopHandle
7176:             1             24  com.altratek.altraserver.extensions.service.timeliness_activity.act.act2017.act20170210.firemap.AddBuffStrategy$1
7177:             1             24  com.altratek.altraserver.extensions.service.timeliness_activity.act.act2017.act20170210.firemap.AddBuffStrategy$2
7178:             1             24  com.altratek.altraserver.extensions.service.timeliness_activity.act.act2017.act20170210.firemap.AddBuffStrategy$3
7179:             1             24  com.altratek.altraserver.extensions.service.timeliness_activity.act.act2017.act20170210.firemap.FightValidStrategy$1
7180:             1             24  com.altratek.altraserver.extensions.service.timeliness_activity.act.act2017.act20170210.firemap.FightValidStrategy$2
7181:             1             24  com.altratek.altraserver.extensions.service.timeliness_activity.act.act2017.act20170217.clergystar.ClergyRefresher$1
7182:             1             24  com.altratek.altraserver.extensions.service.timeliness_activity.act.act2017.act20170217.clergystar.ClergyRefresher$2
7183:             1             24  com.altratek.altraserver.extensions.service.timeliness_activity.act.act2017.act20170217.clergystar.ClergyRefresher$3
7184:             1             24  com.altratek.altraserver.extensions.service.timeliness_activity.act.act2017.act20170217.clergystar.ClergyRefresher$4
7185:             1             24  com.altratek.altraserver.extensions.service.timeliness_activity.act.act2017.act20170217.clergystar.ClergyRefresher$5
7186:             1             24  com.altratek.altraserver.extensions.service.timeliness_activity.act.act2017.act20170303.openschoolgifts.OpenSchoolGiftsConfig
7187:             1             24  com.altratek.altraserver.extensions.service.timeliness_activity.act.act2017.act20170303.openschoolgifts.OpenSchoolGiftsHandler
7188:             1             24  com.altratek.altraserver.extensions.service.timeliness_activity.act.act2017.act20170317.ishero.IsHeroPetPack
7189:             1             24  com.altratek.altraserver.extensions.service.timeliness_activity.act.act2017.act20170407.crazybuyqueenskin.CrazyBuyQueenSkinHandler
7190:             1             24  com.altratek.altraserver.extensions.service.timeliness_activity.act.act2017.act20170407.crazybuyqueenskin.QueenSkinWrapper
7191:             1             24  com.altratek.altraserver.extensions.service.timeliness_activity.act.act2017.act20170421.xiuersuperjob.UserXiuErSuperJobInfo
7192:             1             24  com.altratek.altraserver.extensions.service.timeliness_activity.act.act2017.act20170421.xiuersuperjob.XiuErSuperJobConfig
7193:             1             24  com.altratek.altraserver.extensions.service.timeliness_activity.act.act2017.act20170505.heropetslottery.HeroPetsLotteryConst$CommonBonusIdDefine
7194:             1             24  com.altratek.altraserver.extensions.service.timeliness_activity.act.act2017.act20170505.lucklylottery.LucklyLotteryConfig
7195:             1             24  com.altratek.altraserver.extensions.service.timeliness_activity.act.act2017.act20170512.nuoyaskinbuy.NuoYaSkinWrapper
7196:             1             24  com.altratek.altraserver.extensions.service.timeliness_activity.act.act2017.act20170526.universalactiverank.UniversalActiveRankConfig
7197:             1             24  com.altratek.altraserver.extensions.service.timeliness_activity.act.act2017.act20170609.poseback.PoseBackConfig
7198:             1             24  com.altratek.altraserver.extensions.service.timeliness_activity.act.act2017.act20170728.shenlongskinbuy.ShenLongSkinWrapper
7199:             1             24  com.altratek.altraserver.extensions.service.timeliness_activity.act.act2017.act20170804.dishitianskin.DiShiTianSkinWrapper
7200:             1             24  com.altratek.altraserver.extensions.service.timeliness_activity.act.act2017.act20170804.sunofbeach.MoyanBikiniBlueWhiteSkinWrapper
7201:             1             24  com.altratek.altraserver.extensions.service.timeliness_activity.act.act2017.act20170804.sunofbeach.MoyanBikiniRedWhiteSkinWrapper
7202:             1             24  com.altratek.altraserver.extensions.service.timeliness_activity.act.act2017.act20170825.creategodfight.BuffHandler$1
7203:             1             24  com.altratek.altraserver.extensions.service.timeliness_activity.act.act2017.act20170825.creategodfight.BuffHandler$2
7204:             1             24  com.altratek.altraserver.extensions.service.timeliness_activity.act.act2017.act20170901.tmkinggodjob.AbstractFightHandler$1
7205:             1             24  com.altratek.altraserver.extensions.service.timeliness_activity.act.act2017.act20170901.tmkinggodjob.AbstractFightHandler$2
7206:             1             24  com.altratek.altraserver.extensions.service.timeliness_activity.act.act2017.act20170908.luciferpay.PackageHandler$1
7207:             1             24  com.altratek.altraserver.extensions.service.timeliness_activity.act.act2017.act20170908.luciferpay.PackageHandler$2
7208:             1             24  com.altratek.altraserver.extensions.service.timeliness_activity.act.act2017.act20170908.luciferpay.PackageHandler$3
7209:             1             24  com.altratek.altraserver.extensions.service.timeliness_activity.act.act2017.act20170929.pandoraskin.PandoraSkinWrapper
7210:             1             24  com.altratek.altraserver.extensions.service.timeliness_activity.act.act2017.act20170929.spacedragonskinbuy.SpaceDragonSkinWrapper
7211:             1             24  com.altratek.altraserver.extensions.service.timeliness_activity.act.act2017.act20171020.wanyaozhen.WanYaoZhenInfo
7212:             1             24  com.altratek.altraserver.extensions.service.timelinessactivity.aoqihotelwar.define.AoQiHotelWarDefineManager
7213:             1             24  com.altratek.altraserver.extensions.service.timelinessactivity.bestpetrank.BestPetRankService
7214:             1             24  com.altratek.altraserver.extensions.service.timelinessactivity.classicspet.bounsconfig.EquipmentBonus
7215:             1             24  com.altratek.altraserver.extensions.service.timelinessactivity.classicspet.bounsconfig.LevelBonus
7216:             1             24  com.altratek.altraserver.extensions.service.timelinessactivity.classicspet.bounsconfig.PotentialBonus
7217:             1             24  com.altratek.altraserver.extensions.service.timelinessactivity.classicspet.bounsconfig.StarGodBonus
7218:             1             24  com.altratek.altraserver.extensions.service.timelinessactivity.dreamguarder.DreamGuarderManager
7219:             1             24  com.altratek.altraserver.extensions.service.timelinessactivity.fight.huolie.FightBoss
7220:             1             24  com.altratek.altraserver.extensions.service.timelinessactivity.fight.supermengmeng.MengSuperManager
7221:             1             24  com.altratek.altraserver.extensions.service.timelinessactivity.fight.supermengmeng.PhaseOne
7222:             1             24  com.altratek.altraserver.extensions.service.timelinessactivity.fight.supermengmeng.PhaseTwo
7223:             1             24  com.altratek.altraserver.extensions.service.timelinessactivity.godpetdraw.GodPetDrawHandler
7224:             1             24  com.altratek.altraserver.extensions.service.timelinessactivity.halloweenpkcontest.HalloweenPKContestHandler
7225:             1             24  com.altratek.altraserver.extensions.service.timelinessactivity.holypetexchange.EvolveType$1
7226:             1             24  com.altratek.altraserver.extensions.service.timelinessactivity.holypetexchange.EvolveType$2
7227:             1             24  com.altratek.altraserver.extensions.service.timelinessactivity.holypetexchange.EvolveType$3
7228:             1             24  com.altratek.altraserver.extensions.service.timelinessactivity.holypetexchange.HolyPetPieceStateManager
7229:             1             24  com.altratek.altraserver.extensions.service.timelinessactivity.huanfudai.HuanFuDaiConfig
7230:             1             24  com.altratek.altraserver.extensions.service.timelinessactivity.huanfudai.HuanFuDaiManager
7231:             1             24  com.altratek.altraserver.extensions.service.timelinessactivity.luckysuperevovle.LuckySuperEvovleService
7232:             1             24  com.altratek.altraserver.extensions.service.timelinessactivity.luosasuper.FightBoss
7233:             1             24  com.altratek.altraserver.extensions.service.timelinessactivity.monthnewlogin.monthnewdraw20170901.EXTHandler$1
7234:             1             24  com.altratek.altraserver.extensions.service.timelinessactivity.petskin.PetSkinDefine
7235:             1             24  com.altratek.altraserver.extensions.service.timelinessactivity.petskin.summary.ext.XiuErSkinWrapper
7236:             1             24  com.altratek.altraserver.extensions.service.timelinessactivity.rebuildchenguang.FightContext
7237:             1             24  com.altratek.altraserver.extensions.service.timelinessactivity.rebuildchenguang.RebuildChenGuangUserInfo
7238:             1             24  com.altratek.altraserver.extensions.service.timelinessactivity.supergodgiftpack.SuperGodGiftPackConfig
7239:             1             24  com.altratek.altraserver.extensions.service.title.TitleService$1
7240:             1             24  com.altratek.altraserver.extensions.service.tower.exptower2016.ExpTowerConfig
7241:             1             24  com.altratek.altraserver.extensions.service.tower.exptower2016.TowerMode$1
7242:             1             24  com.altratek.altraserver.extensions.service.tower.exptower2016.TowerMode$2
7243:             1             24  com.altratek.altraserver.extensions.service.tower.exptower2016.TowerMode$3
7244:             1             24  com.altratek.altraserver.extensions.service.tower.magic.MTFloorHandlerFactoryProvider
7245:             1             24  com.altratek.altraserver.extensions.service.tower.magic.MTFloorHandlerFactory_Common$MaterialLimit$MTFloorHandler_Common$MaterialLimit
7246:             1             24  com.altratek.altraserver.extensions.service.tower.magic.MagicTowerDefineManager
7247:             1             24  com.altratek.altraserver.extensions.service.tower.magic.MagicTowerHandler
7248:             1             24  com.altratek.altraserver.extensions.service.tower.zhandouli.ZDLConfig
7249:             1             24  com.altratek.altraserver.extensions.service.tower_thunder.TTDefineManager
7250:             1             24  com.altratek.altraserver.extensions.service.tower_warrior.WTowerFloorDefineManager
7251:             1             24  com.altratek.altraserver.extensions.service.treasurehall.InitService
7252:             1             24  com.altratek.altraserver.extensions.service.treasurehall.achievement.AchievementService
7253:             1             24  com.altratek.altraserver.extensions.service.treasurehall.limit.LimitService
7254:             1             24  com.altratek.altraserver.extensions.service.undercity.xml.UnderCityXmlReader
7255:             1             24  com.altratek.altraserver.extensions.service.union.UnionBuildingHandler
7256:             1             24  com.altratek.altraserver.extensions.service.union.UnionCacheRemoteServiceProvider
7257:             1             24  com.altratek.altraserver.extensions.service.union.UnionMsgHandler
7258:             1             24  com.altratek.altraserver.extensions.service.union.activity.boss.UnionBossDao
7259:             1             24  com.altratek.altraserver.extensions.service.union.activity.boss.UnionBossHandler
7260:             1             24  com.altratek.altraserver.extensions.service.union.activity.sign.USSignActivityHandler
7261:             1             24  com.altratek.altraserver.extensions.service.union.activity.store.GoodsHandler$1
7262:             1             24  com.altratek.altraserver.extensions.service.union.activity.store.USStoreConfig
7263:             1             24  com.altratek.altraserver.extensions.service.union.activity.unionfight.UnionFightService
7264:             1             24  com.altratek.altraserver.extensions.service.union.task.playdice.PlayDiceConfig
7265:             1             24  com.altratek.altraserver.extensions.service.userbuff.UserBuffDb
7266:             1             24  com.altratek.altraserver.extensions.service.userbuff.UserBuffDefineManager
7267:             1             24  com.altratek.altraserver.extensions.service.userdisplay.UserDisplayDao
7268:             1             24  com.altratek.altraserver.extensions.service.vip.VipLvlConfig
7269:             1             24  com.altratek.altraserver.extensions.service.vip.activity.va130823.VipActivity130823Config
7270:             1             24  com.altratek.altraserver.extensions.service.vip.activity.va130823.VipActivity130823Handler
7271:             1             24  com.altratek.altraserver.extensions.service.vip.activity.va130830.VipActivity130830Handler
7272:             1             24  com.altratek.altraserver.extensions.service.vip.activity.va130906.vagiftcontinue.VAGiftContinueConfig
7273:             1             24  com.altratek.altraserver.extensions.service.vip.activity.va130906.vagiftcontinue.VAGiftContinueHandler
7274:             1             24  com.altratek.altraserver.extensions.service.vip.activity.va160304.firstcharge.FirstCharge160304Config
7275:             1             24  com.altratek.altraserver.extensions.service.vip.activity.va20xx.GodRacePrize
7276:             1             24  com.altratek.altraserver.extensions.service.vip.activity.va20xx.PetWithStarGodPrize
7277:             1             24  com.altratek.altraserver.extensions.service.vip.activity.va20xx.PetWithStarGodPrize$StargodProperty
7278:             1             24  com.altratek.altraserver.extensions.service.vip.activity.val140101.firstcharge.FirstChargeConfig
7279:             1             24  com.altratek.altraserver.extensions.service.vip.activity.val140328.Val20140328Manager
7280:             1             24  com.altratek.altraserver.extensions.service.vip.activity.val150902.Val150902Config
7281:             1             24  com.altratek.altraserver.extensions.service.vip.activity.val170929.PrizeType$1
7282:             1             24  com.altratek.altraserver.extensions.service.vip.activity.val170929.PrizeType$2
7283:             1             24  com.altratek.altraserver.extensions.service.vip.activity.val170929.PrizeType$3
7284:             1             24  com.altratek.altraserver.extensions.service.vip.activity.val170929.PrizeType$4
7285:             1             24  com.altratek.altraserver.extensions.service.vip.activity.val2014.VipEndDateMaterialPrize
7286:             1             24  com.altratek.altraserver.extensions.service.vip.activity.yearpay2016.YearPay2016Config
7287:             1             24  com.altratek.altraserver.extensions.service.vip.activity.yearpay2016.YearPay2016Handler
7288:             1             24  com.altratek.altraserver.extensions.service.vip.charge.VCRecordFactory_FirstOpen$VCRecord_FirstOpen
7289:             1             24  com.altratek.altraserver.extensions.service.vip.charge.VCRecordFactory_VipEndDate$VCRecord_VipEndDate
7290:             1             24  com.altratek.altraserver.extensions.service.vip.charge.VipChargeHandler
7291:             1             24  com.altratek.altraserver.extensions.service.weeklystar.WeeklyStarExtHandler
7292:             1             24  com.altratek.altraserver.extensions.service.weeklystar.WeeklyStarHandler
7293:             1             24  com.altratek.altraserver.handler.ExtensionHandler
7294:             1             24  com.altratek.altraserver.handler.SystemHandler
7295:             1             24  com.altratek.altraserver.util.ServerStat
7296:             1             24  com.aobi.common.config.SecurityHelper
7297:             1             24  com.aobi.common.db.SqlCounter
7298:             1             24  com.aobi.common.db.tablemap.PartTableMapper
7299:             1             24  com.baitian.aoqi.client.AoqiBankClient
7300:             1             24  com.baitian.aoqi.client.ServiceProxy
7301:             1             24  com.baitian.aoqi.client.UrlCenter
7302:             1             24  com.baitian.aoqi.data.UserDiamondAccount
7303:             1             24  com.baitian.app.common.server.CServerBean
7304:             1             24  com.baitian.heartbeat.PlainHttpProxy$1
7305:             1             24  com.baitian.heartbeat.reloader.DbReloader
7306:             1             24  com.baitian.heartbeat.service.CheckActiveService
7307:             1             24  com.baitian.heartbeat.service.CheckActiveService$1
7308:             1             24  com.baitian.heartbeat.service.CheckInactiveService
7309:             1             24  com.baitian.heartbeat.service.UrlReloadService
7310:             1             24  com.baitian.logcollector.sdk.LogCollectorSDK
7311:             1             24  com.baitian.yunwei.realtime.interfaces.EncryptHelper$1
7312:             1             24  com.baitian.yunwei.realtime.interfaces.RealTimeDataProxy
7313:             1             24  com.bt.game.common.cache.DefaultCacheContainer
7314:             1             24  com.bt.game.common.cache.ExpireStrategy
7315:             1             24  com.bt.game.common.thread.LockManager
7316:             1             24  com.bt.tech.wordfilter.wordspliter.WordSpliter
7317:             1             24  com.caucho.hessian.io.UnsafeSerializer$DoubleFieldSerializer
7318:             1             24  com.google.common.base.Joiner$1
7319:             1             24  com.google.common.base.Joiner$MapJoiner
7320:             1             24  com.mysql.jdbc.SingleByteCharsetConverter
7321:             1             24  com.pjx.battle.server.battle.buff.BuffDefineCatalog
7322:             1             24  com.pjx.battle.server.battle.buff.BuffFactoryProvider
7323:             1             24  com.pjx.battle.server.battle.buff.DoEffectFactory_CasterBlock$CompareOperate
7324:             1             24  com.pjx.battle.server.battle.buff.DoEffectFactory_CasterDodge$CompareOperate
7325:             1             24  com.pjx.battle.server.battle.buff.DoEffectFactory_CasterTargetBuffNum$CompareType$1
7326:             1             24  com.pjx.battle.server.battle.buff.DoEffectFactory_CasterTargetBuffNum$CompareType$2
7327:             1             24  com.pjx.battle.server.battle.buff.DoEffectFactory_CasterTargetBuffNum$CompareType$3
7328:             1             24  com.pjx.battle.server.battle.buff.DoEffectFactory_CasterTargetHasSign
7329:             1             24  com.pjx.battle.server.battle.buff.DoEffectFactory_CasterTargetHpV2$MyCompareType$1
7330:             1             24  com.pjx.battle.server.battle.buff.DoEffectFactory_CasterTargetHpV2$MyCompareType$2
7331:             1             24  com.pjx.battle.server.battle.buff.DoEffectFactory_CasterTargetHpV2$MyCompareType$3
7332:             1             24  com.pjx.battle.server.battle.buff.DoEffectFactory_CasterTargetHpV2$MyCompareType$4
7333:             1             24  com.pjx.battle.server.battle.buff.DoEffectFactory_CasterTargetHpV2$MyCompareType$5
7334:             1             24  com.pjx.battle.server.battle.buff.DoEffectFactory_CasterTargetPetNum$CompareType$1
7335:             1             24  com.pjx.battle.server.battle.buff.DoEffectFactory_CasterTargetPetNum$CompareType$2
7336:             1             24  com.pjx.battle.server.battle.buff.DoEffectFactory_CasterTargetPetNum$CompareType$3
7337:             1             24  com.pjx.battle.server.battle.buff.DoEffectFactory_CasterTargetPetNum$PetNumType$1
7338:             1             24  com.pjx.battle.server.battle.buff.DoEffectFactory_CasterTargetZdl
7339:             1             24  com.pjx.battle.server.battle.buff.DoEffectFactory_RoundLimit
7340:             1             24  com.pjx.battle.server.battle.buff.DoEffectFactory_Vigour
7341:             1             24  com.pjx.battle.server.battle.buff.ext.AbsorbDamageToDamageBuffFactory
7342:             1             24  com.pjx.battle.server.battle.buff.ext.AbsorbPropertyBuffFactory
7343:             1             24  com.pjx.battle.server.battle.buff.ext.AddBuffToTargetBuffFactory
7344:             1             24  com.pjx.battle.server.battle.buff.ext.AddVigourToSummonBuffFactory
7345:             1             24  com.pjx.battle.server.battle.buff.ext.BuffCreateToHitTargetsBuffFactory$TargetType
7346:             1             24  com.pjx.battle.server.battle.buff.ext.BurnAllTargetsBuffFactory
7347:             1             24  com.pjx.battle.server.battle.buff.ext.ChangeMaxHpBuffFactory
7348:             1             24  com.pjx.battle.server.battle.buff.ext.CheckBuffHostPlayerAliveCount2VoteBuffFactory
7349:             1             24  com.pjx.battle.server.battle.buff.ext.CopyTargetBuffBuffFactory
7350:             1             24  com.pjx.battle.server.battle.buff.ext.DamageSplashBuffFactory$DamageType$1
7351:             1             24  com.pjx.battle.server.battle.buff.ext.DamageSplashBuffFactory$DamageType$2
7352:             1             24  com.pjx.battle.server.battle.buff.ext.DamageSplashBuffFactory$DamageType$3
7353:             1             24  com.pjx.battle.server.battle.buff.ext.DamageSplashBuffFactory$DamageType$4
7354:             1             24  com.pjx.battle.server.battle.buff.ext.DamageSplashBuffFactory$TargetSplashed$1
7355:             1             24  com.pjx.battle.server.battle.buff.ext.EndBattleByRaceIdBuffFactory
7356:             1             24  com.pjx.battle.server.battle.buff.ext.ExcludeTargetBuffFactory
7357:             1             24  com.pjx.battle.server.battle.buff.ext.ExtendHitCharactersBuffFactory
7358:             1             24  com.pjx.battle.server.battle.buff.ext.HasSignAddVigourToHighUltimateBuffFactory$PetSign
7359:             1             24  com.pjx.battle.server.battle.buff.ext.HpCompareAddBuffBuffFactory
7360:             1             24  com.pjx.battle.server.battle.buff.ext.Id1307BuffFactory
7361:             1             24  com.pjx.battle.server.battle.buff.ext.Id2074BuffFactory
7362:             1             24  com.pjx.battle.server.battle.buff.ext.Id2165BuffFactory
7363:             1             24  com.pjx.battle.server.battle.buff.ext.Id2168BuffFactory
7364:             1             24  com.pjx.battle.server.battle.buff.ext.Id2196BuffFactory
7365:             1             24  com.pjx.battle.server.battle.buff.ext.Id2199BuffFactory
7366:             1             24  com.pjx.battle.server.battle.buff.ext.Id2257BuffFactory
7367:             1             24  com.pjx.battle.server.battle.buff.ext.Id2260BuffFactory
7368:             1             24  com.pjx.battle.server.battle.buff.ext.Id2270BuffFactory
7369:             1             24  com.pjx.battle.server.battle.buff.ext.Id2439BuffFactory
7370:             1             24  com.pjx.battle.server.battle.buff.ext.Id2486BuffFactory
7371:             1             24  com.pjx.battle.server.battle.buff.ext.Id2576BuffFactory
7372:             1             24  com.pjx.battle.server.battle.buff.ext.Id2585BuffFactory
7373:             1             24  com.pjx.battle.server.battle.buff.ext.Id2806BuffFactory
7374:             1             24  com.pjx.battle.server.battle.buff.ext.Id2992BuffFactory
7375:             1             24  com.pjx.battle.server.battle.buff.ext.Id3190BuffFactory
7376:             1             24  com.pjx.battle.server.battle.buff.ext.Id3609BuffFactory
7377:             1             24  com.pjx.battle.server.battle.buff.ext.Id3703BuffFactory
7378:             1             24  com.pjx.battle.server.battle.buff.ext.Id4007BuffFactory
7379:             1             24  com.pjx.battle.server.battle.buff.ext.Id4147BuffFactory
7380:             1             24  com.pjx.battle.server.battle.buff.ext.Id4306BuffFactory
7381:             1             24  com.pjx.battle.server.battle.buff.ext.Id4344BuffFactory
7382:             1             24  com.pjx.battle.server.battle.buff.ext.Id4502BuffFactory
7383:             1             24  com.pjx.battle.server.battle.buff.ext.Id4533BuffFactory
7384:             1             24  com.pjx.battle.server.battle.buff.ext.Id5305BuffFactory
7385:             1             24  com.pjx.battle.server.battle.buff.ext.Id5305BuffFactory$State$1
7386:             1             24  com.pjx.battle.server.battle.buff.ext.Id5305BuffFactory$State$2
7387:             1             24  com.pjx.battle.server.battle.buff.ext.Id5305BuffFactory$State$3
7388:             1             24  com.pjx.battle.server.battle.buff.ext.Id5565BuffFactory
7389:             1             24  com.pjx.battle.server.battle.buff.ext.Id6565BuffFactory
7390:             1             24  com.pjx.battle.server.battle.buff.ext.Id6644BuffFactory
7391:             1             24  com.pjx.battle.server.battle.buff.ext.Id6661BuffFactory
7392:             1             24  com.pjx.battle.server.battle.buff.ext.Id6665BuffFactory
7393:             1             24  com.pjx.battle.server.battle.buff.ext.Id6668BuffFactory
7394:             1             24  com.pjx.battle.server.battle.buff.ext.Id6841BuffFactory
7395:             1             24  com.pjx.battle.server.battle.buff.ext.Id6897BuffFactory$Strategy$1
7396:             1             24  com.pjx.battle.server.battle.buff.ext.Id6897BuffFactory$Strategy$2
7397:             1             24  com.pjx.battle.server.battle.buff.ext.Id6897BuffFactory$Strategy$3
7398:             1             24  com.pjx.battle.server.battle.buff.ext.Id7019BuffFactory
7399:             1             24  com.pjx.battle.server.battle.buff.ext.Id7031BuffFactory
7400:             1             24  com.pjx.battle.server.battle.buff.ext.Id7032BuffFactory
7401:             1             24  com.pjx.battle.server.battle.buff.ext.Id7100BuffFactory
7402:             1             24  com.pjx.battle.server.battle.buff.ext.Id7306BuffFactory
7403:             1             24  com.pjx.battle.server.battle.buff.ext.IncDamageV1BuffFactory
7404:             1             24  com.pjx.battle.server.battle.buff.ext.NoDamageBuffFactory
7405:             1             24  com.pjx.battle.server.battle.buff.ext.PowerChangeByVigourBuffFactory
7406:             1             24  com.pjx.battle.server.battle.buff.ext.PowerLimitByCurHpBuffFactory
7407:             1             24  com.pjx.battle.server.battle.buff.ext.PowerRangeChangeBuffFactory
7408:             1             24  com.pjx.battle.server.battle.buff.ext.PropertyFixImmuneBuffFactory
7409:             1             24  com.pjx.battle.server.battle.buff.ext.RandomSpreadDemageBuffFactory$Occassion
7410:             1             24  com.pjx.battle.server.battle.buff.ext.ShieldBuffFactory
7411:             1             24  com.pjx.battle.server.battle.buff.ext.SkillSurelyTouchOffBuffFactory
7412:             1             24  com.pjx.battle.server.battle.buff.ext.SpringDamageBuffFactory$Occasion
7413:             1             24  com.pjx.battle.server.battle.buff.ext.TargetChangeByBuffBuffFactory
7414:             1             24  com.pjx.battle.server.battle.buff.ext.VigourTransferBuffFactory$AbsorbStrategy$1
7415:             1             24  com.pjx.battle.server.battle.buff.ext.VigourTransferBuffFactory$AbsorbStrategy$2
7416:             1             24  com.pjx.battle.server.battle.helper.CompareType$1
7417:             1             24  com.pjx.battle.server.battle.helper.CompareType$2
7418:             1             24  com.pjx.battle.server.battle.helper.CompareType$3
7419:             1             24  com.pjx.battle.server.battle.helper.CompareType$4
7420:             1             24  com.pjx.battle.server.battle.skill.Skill$RoundSateKey
7421:             1             24  com.pjx.battle.server.battle.skill.SkillDefineCatalog
7422:             1             24  com.pjx.battle.server.battle.skill.SkillProvider
7423:             1             24  com.pjx.battle.server.battle.skill.affix.SkillAffix$PhaseType$1
7424:             1             24  com.pjx.battle.server.battle.skill.affix.SkillAffix$PhaseType$2
7425:             1             24  com.pjx.battle.server.battle.skill.affix.SkillAffix$PhaseType$3
7426:             1             24  com.pjx.battle.server.battle.skill.affix.SkillAffix$PhaseType$4
7427:             1             24  com.pjx.battle.server.battle.skill.round.StepExecutor_After$StepExeAfterState
7428:             1             24  com.pjx.battle.server.battle.target.Target_MySide_RaceTypes$Filter$1
7429:             1             24  com.pjx.battle.server.battle.target.Target_MySide_RaceTypes$Filter$2
7430:             1             24  com.pjx.battle.server.battle.target4buff.BuffTarget_EnemySide_RandOneOrTwoExceptTarget
7431:             1             24  com.pjx.battle.server.battle.target4buff.BuffTarget_EnemySide_RandomOneOrTwo
7432:             1             24  com.pjx.battle.server.battle.target4buff.BuffTarget_EnemySide_Slant
7433:             1             24  com.pjx.battle.server.battle.target4buff.BuffTarget_MySide_ContainSign
7434:             1             24  com.pjx.battle.server.battle.target4buff.BuffTarget_MySide_MinVigourRandom
7435:             1             24  com.pjx.common.daobase.define.ColumnType$1
7436:             1             24  com.pjx.common.daobase.define.ColumnType$2
7437:             1             24  com.pjx.common.daobase.define.ColumnType$3
7438:             1             24  com.pjx.common.daobase.define.ColumnType$4
7439:             1             24  com.pjx.common.daobase.define.ColumnType$5
7440:             1             24  com.pjx.common.daobase.define.ColumnType$6
7441:             1             24  com.pjx.common.scheduler.MultiThreadQueueWorker$PrintIORunnable
7442:             1             24  com.pjx.common.scheduler.ScheduleDbLogAsynWriter_MergeParams
7443:             1             24  com.pjx.module.buff.originalbuffgetter.OriginalBuffJobIdGetter
7444:             1             24  com.pjx.module.creature.equipment.EquipConfig$SlotOpenNumDefine
7445:             1             24  com.pjx.module.creature.equipment.cstrategy.id.EquipmentIdGenRandomStrategy
7446:             1             24  com.pjx.module.creature.equipment.cstrategy.id.EquipmentIdGenStrategyType$1
7447:             1             24  com.pjx.module.creature.equipment.cstrategy.lv.EquipmentLvGenStrategyType$1
7448:             1             24  com.pjx.module.creature.equipment.cstrategy.quality.EquipmentQualityGenStrategyType$1
7449:             1             24  com.pjx.module.creature.potential.PotentialCommonDefineService
7450:             1             24  com.pjx.rmi.obj.homeland.HomeLandIpAndPort
7451:             1             24  com.pjx.rmi.obj.petparkmarketv2.IpAndPort
7452:             1             24  com.pjx.service.express.SymbolOperator$And
7453:             1             24  com.pjx.service.express.SymbolOperator$Or
7454:             1             24  com.pjx.service.globalarena.RankDisplayStrategyProvider
7455:             1             24  com.pjx.service.globalarena.RankGroupStrategyElite
7456:             1             24  com.pjx.service.globalarena.RankGroupStrategyHero
7457:             1             24  com.pjx.service.globalarena.RankGroupStrategyHero_BingXue
7458:             1             24  com.pjx.service.globalarena.RankGroupStrategyHero_LeiTing
7459:             1             24  com.pjx.service.globalarena.RankGroupStrategyHero_LiuXing
7460:             1             24  com.pjx.service.globalarena.RankGroupStrategyHero_MoRi
7461:             1             24  com.pjx.service.globalarena.RankGroupStrategyHolyShit_Dragon
7462:             1             24  com.pjx.service.globalarena.RankGroupStrategyHolyShit_LingWang
7463:             1             24  com.pjx.service.globalarena.RankGroupStrategyHolyShit_MingYun
7464:             1             24  com.pjx.service.globalarena.RankGroupStrategyHolyShit_MoShen
7465:             1             24  com.pjx.service.globalarena.RankGroupStrategyHolyShit_Normal
7466:             1             24  com.pjx.service.globalarena.RankGroupStrategyHolyShit_ShengWang
7467:             1             24  com.pjx.service.globalarena.RankGroupStrategyHolyShit_TianShen
7468:             1             24  com.pjx.service.globalarena.RankGroupStrategyHolyShit_TopPerfect
7469:             1             24  com.pjx.service.globalarena.RankGroupStrategyHolyShit_ZhanShen
7470:             1             24  com.pjx.service.globalarena.RankGroupStrategyLegend_AnHei
7471:             1             24  com.pjx.service.globalarena.RankGroupStrategyLegend_CangQiong
7472:             1             24  com.pjx.service.globalarena.RankGroupStrategyLegend_FenTian
7473:             1             24  com.pjx.service.globalarena.RankGroupStrategyLegend_SenLuo
7474:             1             24  com.pjx.service.globalarena.RankGroupStrategyLegend_ShenPan
7475:             1             24  com.pjx.service.globalarena.RankGroupStrategyProvider
7476:             1             24  com.pjx.service.homeland.define.HomeLandDefineDao
7477:             1             24  com.pjx.service.pk.invite.event.InviteEventDispatcher$CallBack
7478:             1             24  com.qqlogin.QQLoginClient
7479:             1             24  com.sun.beans.util.Cache$Kind$1
7480:             1             24  com.sun.beans.util.Cache$Kind$2
7481:             1             24  com.sun.beans.util.Cache$Kind$3
7482:             1             24  com.sun.crypto.provider.DESCrypt
7483:             1             24  com.sun.crypto.provider.ElectronicCodeBook
7484:             1             24  com.sun.jmx.mbeanserver.ClassLoaderRepositorySupport
7485:             1             24  com.sun.jmx.mbeanserver.MXBeanLookup
7486:             1             24  com.sun.jmx.remote.util.ClassLogger
7487:             1             24  com.sun.org.apache.xerces.internal.impl.Constants$ArrayEnumeration
7488:             1             24  com.sun.org.apache.xpath.internal.objects.XString
7489:             1             24  flex.messaging.io.BeanProxy$PropertyDescriptorCacheEntry
7490:             1             24  java.io.FileWriter
7491:             1             24  java.io.ObjectStreamClass$2
7492:             1             24  java.io.ObjectStreamClass$EntryFuture
7493:             1             24  java.io.StringWriter
7494:             1             24  java.lang.ClassValue$Version
7495:             1             24  java.lang.ProcessEnvironment$StringEnvironment
7496:             1             24  java.lang.invoke.MethodHandleImpl$4
7497:             1             24  java.lang.invoke.MethodType$ConcurrentWeakInternSet
7498:             1             24  java.math.MutableBigInteger
7499:             1             24  java.net.Inet4AddressImpl
7500:             1             24  java.net.Proxy
7501:             1             24  java.rmi.dgc.VMID
7502:             1             24  java.security.AllPermissionCollection
7503:             1             24  java.text.FieldPosition$Delegate
7504:             1             24  java.time.Period
7505:             1             24  java.time.format.DecimalStyle
7506:             1             24  java.time.temporal.IsoFields$Field$1
7507:             1             24  java.time.temporal.IsoFields$Field$2
7508:             1             24  java.time.temporal.IsoFields$Field$3
7509:             1             24  java.time.temporal.IsoFields$Field$4
7510:             1             24  java.time.zone.TzdbZoneRulesProvider
7511:             1             24  java.util.Collections$EmptyMap
7512:             1             24  java.util.Collections$SetFromMap
7513:             1             24  java.util.Currency
7514:             1             24  java.util.Locale$Cache
7515:             1             24  java.util.ResourceBundle$Control$CandidateListCache
7516:             1             24  java.util.concurrent.TimeUnit$1
7517:             1             24  java.util.concurrent.TimeUnit$2
7518:             1             24  java.util.concurrent.TimeUnit$3
7519:             1             24  java.util.concurrent.TimeUnit$4
7520:             1             24  java.util.concurrent.TimeUnit$5
7521:             1             24  java.util.concurrent.TimeUnit$6
7522:             1             24  java.util.concurrent.TimeUnit$7
7523:             1             24  java.util.concurrent.locks.ReentrantReadWriteLock$Sync$HoldCounter
7524:             1             24  java.util.logging.FileHandler$MeteredStream
7525:             1             24  java.util.logging.LogManager$LoggerContext
7526:             1             24  java.util.logging.LoggingPermission
7527:             1             24  java.util.regex.Pattern$Block
7528:             1             24  java.util.regex.Pattern$CharProperty$1
7529:             1             24  javax.crypto.spec.RC2ParameterSpec
7530:             1             24  javax.crypto.spec.SecretKeySpec
7531:             1             24  javax.management.NotificationBroadcasterSupport
7532:             1             24  org.dom4j.DocumentFactory
7533:             1             24  sun.launcher.LauncherHelper
7534:             1             24  sun.management.CompilationImpl
7535:             1             24  sun.management.MemoryImpl
7536:             1             24  sun.management.OperatingSystemImpl
7537:             1             24  sun.management.RuntimeImpl
7538:             1             24  sun.management.ThreadImpl
7539:             1             24  sun.management.VMManagementImpl
7540:             1             24  sun.net.ProgressMonitor
7541:             1             24  sun.net.sdp.SdpProvider
7542:             1             24  sun.net.www.http.KeepAliveEntry
7543:             1             24  sun.net.www.protocol.http.Handler
7544:             1             24  sun.nio.cs.IBM437
7545:             1             24  sun.nio.cs.IBM850
7546:             1             24  sun.nio.cs.IBM852
7547:             1             24  sun.nio.cs.IBM866
7548:             1             24  sun.nio.cs.ISO_8859_1
7549:             1             24  sun.nio.cs.ISO_8859_13
7550:             1             24  sun.nio.cs.ISO_8859_2
7551:             1             24  sun.nio.cs.ISO_8859_7
7552:             1             24  sun.nio.cs.ISO_8859_9
7553:             1             24  sun.nio.cs.KOI8_R
7554:             1             24  sun.nio.cs.MS1250
7555:             1             24  sun.nio.cs.MS1251
7556:             1             24  sun.nio.cs.MS1252
7557:             1             24  sun.nio.cs.MS1257
7558:             1             24  sun.nio.cs.ThreadLocalCoders$1
7559:             1             24  sun.nio.cs.ThreadLocalCoders$2
7560:             1             24  sun.nio.cs.US_ASCII
7561:             1             24  sun.nio.cs.UTF_16
7562:             1             24  sun.nio.cs.UTF_16BE
7563:             1             24  sun.nio.cs.UTF_16LE
7564:             1             24  sun.nio.cs.UTF_16LE_BOM
7565:             1             24  sun.nio.cs.UTF_32
7566:             1             24  sun.nio.cs.UTF_8
7567:             1             24  sun.reflect.ByteVectorImpl
7568:             1             24  sun.rmi.runtime.RuntimeUtil$1
7569:             1             24  sun.rmi.transport.DGCImpl
7570:             1             24  sun.security.util.DisabledAlgorithmConstraints
7571:             1             24  sun.security.util.DisabledAlgorithmConstraints$KeySizeConstraint
7572:             1             24  sun.security.validator.EndEntityChecker
7573:             1             24  sun.util.locale.BaseLocale$Cache
7574:             1             24  sun.util.locale.provider.CalendarDataProviderImpl
7575:             1             24  sun.util.locale.provider.CalendarProviderImpl
7576:             1             24  sun.util.locale.provider.CurrencyNameProviderImpl
7577:             1             24  sun.util.locale.provider.DateFormatProviderImpl
7578:             1             24  sun.util.locale.provider.DateFormatSymbolsProviderImpl
7579:             1             24  sun.util.locale.provider.DecimalFormatSymbolsProviderImpl
7580:             1             24  sun.util.locale.provider.NumberFormatProviderImpl
7581:             1             24  sun.util.locale.provider.TimeZoneNameProviderImpl
7582:             1             24  sun.util.logging.PlatformLogger
7583:             1             24  sun.util.logging.PlatformLogger$JavaLoggerProxy
7584:             1             16  [Ljava.beans.EventSetDescriptor;
7585:             1             16  [Ljava.lang.Float;
7586:             1             16  [Ljava.lang.Throwable;
7587:             1             16  [Ljava.net.URL;
7588:             1             16  [Ljava.nio.file.attribute.FileAttribute;
7589:             1             16  [Ljava.rmi.server.ObjID;
7590:             1             16  [Ljava.security.Provider;
7591:             1             16  [Ljava.text.FieldPosition;
7592:             1             16  [Ljava.time.zone.ZoneOffsetTransitionRule;
7593:             1             16  [Ljava.util.logging.Handler;
7594:             1             16  com.alibaba.druid.mock.handler.MySqlMockExecuteHandlerImpl
7595:             1             16  com.alibaba.fastjson.parser.Keywords
7596:             1             16  com.alibaba.fastjson.parser.deserializer.CharArrayDeserializer
7597:             1             16  com.alibaba.fastjson.parser.deserializer.ClassDerializer
7598:             1             16  com.alibaba.fastjson.parser.deserializer.CollectionDeserializer
7599:             1             16  com.alibaba.fastjson.parser.deserializer.DateDeserializer
7600:             1             16  com.alibaba.fastjson.parser.deserializer.DateFormatDeserializer
7601:             1             16  com.alibaba.fastjson.parser.deserializer.JSONArrayDeserializer
7602:             1             16  com.alibaba.fastjson.parser.deserializer.JSONObjectDeserializer
7603:             1             16  com.alibaba.fastjson.parser.deserializer.JavaObjectDeserializer
7604:             1             16  com.alibaba.fastjson.parser.deserializer.MapDeserializer
7605:             1             16  com.alibaba.fastjson.parser.deserializer.NumberDeserializer
7606:             1             16  com.alibaba.fastjson.parser.deserializer.SqlDateDeserializer
7607:             1             16  com.alibaba.fastjson.parser.deserializer.StackTraceElementDeserializer
7608:             1             16  com.alibaba.fastjson.parser.deserializer.TimeDeserializer
7609:             1             16  com.alibaba.fastjson.parser.deserializer.TimestampDeserializer
7610:             1             16  com.alibaba.fastjson.serializer.AtomicIntegerArrayCodec
7611:             1             16  com.alibaba.fastjson.serializer.AtomicLongArrayCodec
7612:             1             16  com.alibaba.fastjson.serializer.BigDecimalCodec
7613:             1             16  com.alibaba.fastjson.serializer.BigIntegerCodec
7614:             1             16  com.alibaba.fastjson.serializer.BooleanCodec
7615:             1             16  com.alibaba.fastjson.serializer.CalendarCodec
7616:             1             16  com.alibaba.fastjson.serializer.CharacterCodec
7617:             1             16  com.alibaba.fastjson.serializer.CharsetCodec
7618:             1             16  com.alibaba.fastjson.serializer.ColorCodec
7619:             1             16  com.alibaba.fastjson.serializer.CurrencyCodec
7620:             1             16  com.alibaba.fastjson.serializer.FileCodec
7621:             1             16  com.alibaba.fastjson.serializer.FloatCodec
7622:             1             16  com.alibaba.fastjson.serializer.FontCodec
7623:             1             16  com.alibaba.fastjson.serializer.InetAddressCodec
7624:             1             16  com.alibaba.fastjson.serializer.InetSocketAddressCodec
7625:             1             16  com.alibaba.fastjson.serializer.IntegerCodec
7626:             1             16  com.alibaba.fastjson.serializer.LocaleCodec
7627:             1             16  com.alibaba.fastjson.serializer.LongCodec
7628:             1             16  com.alibaba.fastjson.serializer.PatternCodec
7629:             1             16  com.alibaba.fastjson.serializer.PointCodec
7630:             1             16  com.alibaba.fastjson.serializer.RectangleCodec
7631:             1             16  com.alibaba.fastjson.serializer.ReferenceCodec
7632:             1             16  com.alibaba.fastjson.serializer.StringCodec
7633:             1             16  com.alibaba.fastjson.serializer.TimeZoneCodec
7634:             1             16  com.alibaba.fastjson.serializer.URICodec
7635:             1             16  com.alibaba.fastjson.serializer.URLCodec
7636:             1             16  com.alibaba.fastjson.serializer.UUIDCodec
7637:             1             16  com.altratek.altraserver.AltraServer$1
7638:             1             16  com.altratek.altraserver.ThreadUncaughtExceptionHandler
7639:             1             16  com.altratek.altraserver.ZoneManager
7640:             1             16  com.altratek.altraserver.buffer.SimpleBufferAllocator
7641:             1             16  com.altratek.altraserver.config.ConfigReader
7642:             1             16  com.altratek.altraserver.config.reloader.ConfigReloaderManager
7643:             1             16  com.altratek.altraserver.domain.userbuilder.DefaultUserBuilder
7644:             1             16  com.altratek.altraserver.event.SystemEventDispatcher
7645:             1             16  com.altratek.altraserver.extensions.appmsgrouter.AppMsgRouterService$HeartBeatTask
7646:             1             16  com.altratek.altraserver.extensions.appmsgrouter.DefaultAppMsgRouterRemoteService
7647:             1             16  com.altratek.altraserver.extensions.asynlog.AsynLogHandler$1
7648:             1             16  com.altratek.altraserver.extensions.asynlog.AsynLogHandler$2
7649:             1             16  com.altratek.altraserver.extensions.base.CmdSeqChecker
7650:             1             16  com.altratek.altraserver.extensions.base.CmdSeqChecker$1
7651:             1             16  com.altratek.altraserver.extensions.base.MyAppEventHanlder
7652:             1             16  com.altratek.altraserver.extensions.base.OverrideXtCmdHandlerControl$OXCHDefine$1
7653:             1             16  com.altratek.altraserver.extensions.base.RequestContext$1
7654:             1             16  com.altratek.altraserver.extensions.behavior.BehaviorCollectLogger
7655:             1             16  com.altratek.altraserver.extensions.behavior.BehaviorDefine$1
7656:             1             16  com.altratek.altraserver.extensions.behavior.login.LoginStateDao
7657:             1             16  com.altratek.altraserver.extensions.behavior.login.LoginStateInfo$1
7658:             1             16  com.altratek.altraserver.extensions.behavior.login.LoginStateManager
7659:             1             16  com.altratek.altraserver.extensions.behavior.weekly.UserWeeklyState$1
7660:             1             16  com.altratek.altraserver.extensions.behavior.weekly.UserWeeklyState$2
7661:             1             16  com.altratek.altraserver.extensions.behavior.weekly.WeeklyStateDao
7662:             1             16  com.altratek.altraserver.extensions.behavior.weekly.WeeklyStateDefine$1
7663:             1             16  com.altratek.altraserver.extensions.behavior.weekly.WeeklyStateManager
7664:             1             16  com.altratek.altraserver.extensions.bi.BI_UserType$1
7665:             1             16  com.altratek.altraserver.extensions.bi.BI_UserType_DB$1
7666:             1             16  com.altratek.altraserver.extensions.checkxtcmd.UserIffyXtCmdsInfo$1
7667:             1             16  com.altratek.altraserver.extensions.checkxtcmd.XtCmdNeedCheekedDefine$1
7668:             1             16  com.altratek.altraserver.extensions.cmd.debug.CmdDebugManager
7669:             1             16  com.altratek.altraserver.extensions.config.ProcessGlobalData$ProcessParamConfig$1
7670:             1             16  com.altratek.altraserver.extensions.config.ProcessGlobalDataHolder
7671:             1             16  com.altratek.altraserver.extensions.connecttest.ConnectTestReloader
7672:             1             16  com.altratek.altraserver.extensions.db.DbAvailableChecker$1
7673:             1             16  com.altratek.altraserver.extensions.db.DbGroup$1
7674:             1             16  com.altratek.altraserver.extensions.db.DbReloader
7675:             1             16  com.altratek.altraserver.extensions.db.DistributedDbQuery
7676:             1             16  com.altratek.altraserver.extensions.db.ResultBuilderUtil$1
7677:             1             16  com.altratek.altraserver.extensions.db.ResultBuilderUtil$2
7678:             1             16  com.altratek.altraserver.extensions.db.ResultBuilderUtil$3
7679:             1             16  com.altratek.altraserver.extensions.db.ScalarResultBuilder$1
7680:             1             16  com.altratek.altraserver.extensions.db.ScalarResultBuilder$2
7681:             1             16  com.altratek.altraserver.extensions.db.ScalarResultBuilder$3
7682:             1             16  com.altratek.altraserver.extensions.db.ScalarResultBuilder$4
7683:             1             16  com.altratek.altraserver.extensions.giftbag.DeleteInHouseTestDataGiftBagManager
7684:             1             16  com.altratek.altraserver.extensions.giftbag.GiftBag$1
7685:             1             16  com.altratek.altraserver.extensions.giftbag.GiftBagManager
7686:             1             16  com.altratek.altraserver.extensions.giftbag.GiftBagManagerFactory
7687:             1             16  com.altratek.altraserver.extensions.giftbag.GiftBagWithStrictValidManager
7688:             1             16  com.altratek.altraserver.extensions.giftbag.UserGiftBag$1
7689:             1             16  com.altratek.altraserver.extensions.giftbag.VipGiftBagManager
7690:             1             16  com.altratek.altraserver.extensions.giftbag.VipMonthlyGiftBagManager
7691:             1             16  com.altratek.altraserver.extensions.giftbag.VipWeeklyGiftBagManager
7692:             1             16  com.altratek.altraserver.extensions.giftbag.Vip_0WeeklyGiftBagManager
7693:             1             16  com.altratek.altraserver.extensions.helper.SecretSecurityHelper$1
7694:             1             16  com.altratek.altraserver.extensions.helper.bits.Bit64$1
7695:             1             16  com.altratek.altraserver.extensions.idgen.IdInfo$1
7696:             1             16  com.altratek.altraserver.extensions.idgen.IdTypeDefine$1
7697:             1             16  com.altratek.altraserver.extensions.idgen.UserIdGenerator$1
7698:             1             16  com.altratek.altraserver.extensions.mc.MemcachedFacade
7699:             1             16  com.altratek.altraserver.extensions.mc.MemcachedReloader
7700:             1             16  com.altratek.altraserver.extensions.msgs.LocalMessageAgent$OfflineMsgWriter
7701:             1             16  com.altratek.altraserver.extensions.msgs.MyMessageValidator
7702:             1             16  com.altratek.altraserver.extensions.msgs.PostOffice$1
7703:             1             16  com.altratek.altraserver.extensions.msgs.ext.AoqiCreateFlowerMsg$1
7704:             1             16  com.altratek.altraserver.extensions.msgs.ext.BaiJiFuInviteMsg$1
7705:             1             16  com.altratek.altraserver.extensions.msgs.ext.BuddyAddedMsg$1
7706:             1             16  com.altratek.altraserver.extensions.msgs.ext.BuddyDeletedMsg$1
7707:             1             16  com.altratek.altraserver.extensions.msgs.ext.BuddyInviteGiftBagMsg$1
7708:             1             16  com.altratek.altraserver.extensions.msgs.ext.BuddyInviteMsg$1
7709:             1             16  com.altratek.altraserver.extensions.msgs.ext.BuddyOnlineNotifyMsg$1
7710:             1             16  com.altratek.altraserver.extensions.msgs.ext.BuddyPermissionMsg$1
7711:             1             16  com.altratek.altraserver.extensions.msgs.ext.CSMailMsg$1
7712:             1             16  com.altratek.altraserver.extensions.msgs.ext.CommonGlobalMsg$1
7713:             1             16  com.altratek.altraserver.extensions.msgs.ext.DragonTownFightRankMsg$1
7714:             1             16  com.altratek.altraserver.extensions.msgs.ext.DragonTownFightRankNo1Msg$1
7715:             1             16  com.altratek.altraserver.extensions.msgs.ext.DragonValleyMessage$1
7716:             1             16  com.altratek.altraserver.extensions.msgs.ext.FamilyGodMonsterMessage$1
7717:             1             16  com.altratek.altraserver.extensions.msgs.ext.FightRankMsg$1
7718:             1             16  com.altratek.altraserver.extensions.msgs.ext.FightRankNo1Msg$1
7719:             1             16  com.altratek.altraserver.extensions.msgs.ext.ForceLogoutMsg$1
7720:             1             16  com.altratek.altraserver.extensions.msgs.ext.GSRConvoyAcceptMsg$1
7721:             1             16  com.altratek.altraserver.extensions.msgs.ext.GSRConvoyBonusMsg$1
7722:             1             16  com.altratek.altraserver.extensions.msgs.ext.GSRConvoyRefuseMsg$1
7723:             1             16  com.altratek.altraserver.extensions.msgs.ext.GSRConvoyRequestMsg$1
7724:             1             16  com.altratek.altraserver.extensions.msgs.ext.GetLetterMsg$1
7725:             1             16  com.altratek.altraserver.extensions.msgs.ext.GlobalArenaInfoChangedMsg$1
7726:             1             16  com.altratek.altraserver.extensions.msgs.ext.GymBeHost$1
7727:             1             16  com.altratek.altraserver.extensions.msgs.ext.HelpWuYueTianInviteMsg$1
7728:             1             16  com.altratek.altraserver.extensions.msgs.ext.InviteUserOnlineMsg$1
7729:             1             16  com.altratek.altraserver.extensions.msgs.ext.MakeupPartyBeInvitedMsg$1
7730:             1             16  com.altratek.altraserver.extensions.msgs.ext.MasterApprenticeMessage$1
7731:             1             16  com.altratek.altraserver.extensions.msgs.ext.NearBuddyAddMsg$1
7732:             1             16  com.altratek.altraserver.extensions.msgs.ext.NearBuddyDeletedMsg$1
7733:             1             16  com.altratek.altraserver.extensions.msgs.ext.NearBuddyFamilarityUpdateMsg$1
7734:             1             16  com.altratek.altraserver.extensions.msgs.ext.NearBuddyNewGiftMsg$1
7735:             1             16  com.altratek.altraserver.extensions.msgs.ext.NearBuddyPermissionMsg$1
7736:             1             16  com.altratek.altraserver.extensions.msgs.ext.NearBuddyPetHiredFriendPointInc$1
7737:             1             16  com.altratek.altraserver.extensions.msgs.ext.NearBuddyPetOnLoanCancelled$1
7738:             1             16  com.altratek.altraserver.extensions.msgs.ext.NearBuddyPetOnLoanChanged$1
7739:             1             16  com.altratek.altraserver.extensions.msgs.ext.NearBuddySayHelloMsg$1
7740:             1             16  com.altratek.altraserver.extensions.msgs.ext.NobleMemberChangeMessage$1
7741:             1             16  com.altratek.altraserver.extensions.msgs.ext.OneAobiGroupMsg$1
7742:             1             16  com.altratek.altraserver.extensions.msgs.ext.OpenVipMsg$1
7743:             1             16  com.altratek.altraserver.extensions.msgs.ext.PKMessage$1
7744:             1             16  com.altratek.altraserver.extensions.msgs.ext.PetBack170818Msg$1
7745:             1             16  com.altratek.altraserver.extensions.msgs.ext.PrivateMsg$1
7746:             1             16  com.altratek.altraserver.extensions.msgs.ext.QiQiMatchMarryRequestMsg$1
7747:             1             16  com.altratek.altraserver.extensions.msgs.ext.ReceiveAoQiLabelMessage$1
7748:             1             16  com.altratek.altraserver.extensions.msgs.ext.ReceiveFlowerGlobalMessage$1
7749:             1             16  com.altratek.altraserver.extensions.msgs.ext.ReceiveFlowerMessage$1
7750:             1             16  com.altratek.altraserver.extensions.msgs.ext.ReceivePetMsg$1
7751:             1             16  com.altratek.altraserver.extensions.msgs.ext.SeniorBuddyAddMsg$1
7752:             1             16  com.altratek.altraserver.extensions.msgs.ext.SeniorBuddyDelMsg$1
7753:             1             16  com.altratek.altraserver.extensions.msgs.ext.SeniorBuddyRejectRequestMsg$1
7754:             1             16  com.altratek.altraserver.extensions.msgs.ext.SeniorBuddyRequestMsg$1
7755:             1             16  com.altratek.altraserver.extensions.msgs.ext.SummerArenaRecieveMsg$1
7756:             1             16  com.altratek.altraserver.extensions.msgs.ext.SummerArenaShowOffMsg$1
7757:             1             16  com.altratek.altraserver.extensions.msgs.ext.SysMsg$1
7758:             1             16  com.altratek.altraserver.extensions.msgs.ext.TreasureRobMessage$1
7759:             1             16  com.altratek.altraserver.extensions.msgs.ext.UnionBeInvitedMsg$1
7760:             1             16  com.altratek.altraserver.extensions.msgs.ext.VipEnvoyRegisterMsg$1
7761:             1             16  com.altratek.altraserver.extensions.msgs.ext.VipGiveFriendGlobalMsg$1
7762:             1             16  com.altratek.altraserver.extensions.msgs.ext.VipGiveFriendMsg$1
7763:             1             16  com.altratek.altraserver.extensions.msgs.ext.VipYearChargeMsg$1
7764:             1             16  com.altratek.altraserver.extensions.msgs.ext.XiuNuoCombineMsg$1
7765:             1             16  com.altratek.altraserver.extensions.msgs.ext.ZhenYingZhuBossDeadMassage$1
7766:             1             16  com.altratek.altraserver.extensions.mycache.btcache.AoqiPartDb
7767:             1             16  com.altratek.altraserver.extensions.redis.RedisFacade
7768:             1             16  com.altratek.altraserver.extensions.redis.RedisReloader
7769:             1             16  com.altratek.altraserver.extensions.rmi.DefaultServerMonitor
7770:             1             16  com.altratek.altraserver.extensions.rmi.RmiDetail$1
7771:             1             16  com.altratek.altraserver.extensions.schedulers.ExtensionAsynInitThreadPoolManagement
7772:             1             16  com.altratek.altraserver.extensions.schedulers.ScheduleManagement
7773:             1             16  com.altratek.altraserver.extensions.schedulers.ServerManager$$Lambda$119/431663048
7774:             1             16  com.altratek.altraserver.extensions.schedulers.UserLocationUpdater$1
7775:             1             16  com.altratek.altraserver.extensions.service.accountbinding.AccountBindingHandler
7776:             1             16  com.altratek.altraserver.extensions.service.accountbinding.AccountBindingHandler$Prize_GainExp
7777:             1             16  com.altratek.altraserver.extensions.service.accountbinding.AccountBindingService
7778:             1             16  com.altratek.altraserver.extensions.service.accountbinding.KeFuOnlineHandler
7779:             1             16  com.altratek.altraserver.extensions.service.accountbinding.UserAccountBindingInfo$1
7780:             1             16  com.altratek.altraserver.extensions.service.achievement.AchievementDefine$1
7781:             1             16  com.altratek.altraserver.extensions.service.achievement.AchievementHandler
7782:             1             16  com.altratek.altraserver.extensions.service.achievement.AchievementListener
7783:             1             16  com.altratek.altraserver.extensions.service.achievement.AchievementUserInfo$1
7784:             1             16  com.altratek.altraserver.extensions.service.achievement.DefaultAchievementRemoteService
7785:             1             16  com.altratek.altraserver.extensions.service.achievement.UserAchievement$1
7786:             1             16  com.altratek.altraserver.extensions.service.achievement.detectext.A_DetectAchieveProgress
7787:             1             16  com.altratek.altraserver.extensions.service.achievement.detectext.A_DetectArenaContCount
7788:             1             16  com.altratek.altraserver.extensions.service.achievement.detectext.A_DetectClearRubbish
7789:             1             16  com.altratek.altraserver.extensions.service.achievement.detectext.A_DetectCollectCreatureAny
7790:             1             16  com.altratek.altraserver.extensions.service.achievement.detectext.A_DetectCollectCreatureGroup
7791:             1             16  com.altratek.altraserver.extensions.service.achievement.detectext.A_DetectCollectCreatureNum
7792:             1             16  com.altratek.altraserver.extensions.service.achievement.detectext.A_DetectDragonGain
7793:             1             16  com.altratek.altraserver.extensions.service.achievement.detectext.A_DetectEmpty
7794:             1             16  com.altratek.altraserver.extensions.service.achievement.detectext.A_DetectHuangDeShengYan
7795:             1             16  com.altratek.altraserver.extensions.service.achievement.detectext.A_DetectKingRoad
7796:             1             16  com.altratek.altraserver.extensions.service.achievement.detectext.A_DetectKingRoad$DetectProgressKingRoad
7797:             1             16  com.altratek.altraserver.extensions.service.achievement.detectext.A_DetectKongFuPenguin
7798:             1             16  com.altratek.altraserver.extensions.service.achievement.detectext.A_DetectKongFuPenguin$DetectKongFuPenguin
7799:             1             16  com.altratek.altraserver.extensions.service.achievement.detectext.A_DetectNuoYaFamily
7800:             1             16  com.altratek.altraserver.extensions.service.achievement.detectext.A_DetectNuoYaFamily$$Lambda$70/162096880
7801:             1             16  com.altratek.altraserver.extensions.service.achievement.detectext.A_DetectNuoYaFamily$$Lambda$71/2123999325
7802:             1             16  com.altratek.altraserver.extensions.service.achievement.detectext.A_DetectNuoYaFamily$$Lambda$72/891558358
7803:             1             16  com.altratek.altraserver.extensions.service.achievement.detectext.A_DetectNuoYaFamily$$Lambda$73/12327268
7804:             1             16  com.altratek.altraserver.extensions.service.achievement.detectext.A_DetectNuoYaFamily$$Lambda$74/1113612645
7805:             1             16  com.altratek.altraserver.extensions.service.achievement.detectext.A_DetectNuoYaFamily$$Lambda$75/1896411700
7806:             1             16  com.altratek.altraserver.extensions.service.achievement.detectext.A_DetectNuoYaFamily$$Lambda$76/1685565290
7807:             1             16  com.altratek.altraserver.extensions.service.achievement.detectext.A_DetectNuoYaFamily$$Lambda$77/81849785
7808:             1             16  com.altratek.altraserver.extensions.service.achievement.detectext.A_DetectNuoYaFamily$$Lambda$78/1170923273
7809:             1             16  com.altratek.altraserver.extensions.service.achievement.detectext.A_DetectNuoYaFamily$$Lambda$79/1944390870
7810:             1             16  com.altratek.altraserver.extensions.service.achievement.detectext.A_DetectNuoYaFamily$$Lambda$80/707850559
7811:             1             16  com.altratek.altraserver.extensions.service.achievement.detectext.A_DetectNuoYaFamily$$Lambda$81/691948773
7812:             1             16  com.altratek.altraserver.extensions.service.achievement.detectext.A_DetectNuoYaFamily$$Lambda$82/983559260
7813:             1             16  com.altratek.altraserver.extensions.service.achievement.detectext.A_DetectNuoYaFamily$$Lambda$83/1632093285
7814:             1             16  com.altratek.altraserver.extensions.service.achievement.detectext.A_DetectNuoYaFamily$DetectProgressNuoYaFamily
7815:             1             16  com.altratek.altraserver.extensions.service.achievement.detectext.A_DetectSwimming
7816:             1             16  com.altratek.altraserver.extensions.service.achievement.detectext.A_Special3YearDetect
7817:             1             16  com.altratek.altraserver.extensions.service.achievement.detectext.A_Special3YearDetect$DetectProgressSpecial3Year
7818:             1             16  com.altratek.altraserver.extensions.service.achievement.detectext.A_Special4YearDetect
7819:             1             16  com.altratek.altraserver.extensions.service.achievement.detectext.A_Special4YearDetect$DetectProgressSpecial4Year
7820:             1             16  com.altratek.altraserver.extensions.service.achievement.detectext.A_Special5YearDetect
7821:             1             16  com.altratek.altraserver.extensions.service.achievement.detectext.A_Special5YearDetect$DetectProgressSpecial5Year
7822:             1             16  com.altratek.altraserver.extensions.service.achievement.detectext.A_ZhuQueSuperJobChallenge
7823:             1             16  com.altratek.altraserver.extensions.service.activity.activestar.ActiveStarHandler
7824:             1             16  com.altratek.altraserver.extensions.service.activity.activestar.GameConfigManager
7825:             1             16  com.altratek.altraserver.extensions.service.activity.anniversaryherotest.AnniversaryHeroTestInfo$1
7826:             1             16  com.altratek.altraserver.extensions.service.activity.aoqichamberlain.UsableSelectDay$1
7827:             1             16  com.altratek.altraserver.extensions.service.activity.aoqichamberlain.UserPrizeInfo$1
7828:             1             16  com.altratek.altraserver.extensions.service.activity.aoqichamberlain.VipPrivilege_AoqiChamberlain
7829:             1             16  com.altratek.altraserver.extensions.service.activity.aoyiluosa.AoYiLuoSaHandler
7830:             1             16  com.altratek.altraserver.extensions.service.activity.aruievolve.ARuiEvolveDao
7831:             1             16  com.altratek.altraserver.extensions.service.activity.aruievolve.ARuiEvolveManager
7832:             1             16  com.altratek.altraserver.extensions.service.activity.aruievolve.ARuiEvolveRank$1
7833:             1             16  com.altratek.altraserver.extensions.service.activity.bamboo.MonsterDefineManager
7834:             1             16  com.altratek.altraserver.extensions.service.activity.bingcheng.BingChengManager
7835:             1             16  com.altratek.altraserver.extensions.service.activity.bingcheng.fight.FightBoss
7836:             1             16  com.altratek.altraserver.extensions.service.activity.bingcheng.fight.FightMonsters
7837:             1             16  com.altratek.altraserver.extensions.service.activity.bingcheng.fight.MonsterFightMonster
7838:             1             16  com.altratek.altraserver.extensions.service.activity.bosschallenge.BossChallengeConfig
7839:             1             16  com.altratek.altraserver.extensions.service.activity.bosschallenge.BossChallengeInfo$1
7840:             1             16  com.altratek.altraserver.extensions.service.activity.bosschallenge.BossChallengeManager
7841:             1             16  com.altratek.altraserver.extensions.service.activity.busixing.BuSiXingInfo$1
7842:             1             16  com.altratek.altraserver.extensions.service.activity.busixing.BuSiXingManager
7843:             1             16  com.altratek.altraserver.extensions.service.activity.callback.cb20150710.BackAndInvite150710Handler
7844:             1             16  com.altratek.altraserver.extensions.service.activity.callback.cb20150710.BackAndInvite150710Info$1
7845:             1             16  com.altratek.altraserver.extensions.service.activity.callback.cb20150902.ThirtyDaysBackHandler
7846:             1             16  com.altratek.altraserver.extensions.service.activity.callback.cb20151120.BackAndInvite151120Handler
7847:             1             16  com.altratek.altraserver.extensions.service.activity.callback.cb20151231.ThirtyDaysBack151231Handler
7848:             1             16  com.altratek.altraserver.extensions.service.activity.callback.cb20160226.BackAndInvite160226Handler
7849:             1             16  com.altratek.altraserver.extensions.service.activity.callback.cb20160311.Days30BackHirePetDao$Days30BackHirePetInfo$1
7850:             1             16  com.altratek.altraserver.extensions.service.activity.callback.cb20170106.BackAndInvite20170106Handle
7851:             1             16  com.altratek.altraserver.extensions.service.activity.callback.cb20170519.InviteNew170519Handler
7852:             1             16  com.altratek.altraserver.extensions.service.activity.callback.cb20170519.InviteRecord$1
7853:             1             16  com.altratek.altraserver.extensions.service.activity.callback.cb20170519.InviteRecord$2
7854:             1             16  com.altratek.altraserver.extensions.service.activity.callback.cb20170630.CB170630Const$$Lambda$125/737558285
7855:             1             16  com.altratek.altraserver.extensions.service.activity.callback.cb20170630.CB170630Handler
7856:             1             16  com.altratek.altraserver.extensions.service.activity.callback.cb20170630.Compensation_Equipment
7857:             1             16  com.altratek.altraserver.extensions.service.activity.callback.cb20170630.Compensation_HolyDragon
7858:             1             16  com.altratek.altraserver.extensions.service.activity.callback.cb20170630.Compensation_SuperJobWhiteTiger
7859:             1             16  com.altratek.altraserver.extensions.service.activity.callback.cb20170630.Prize_Equipment
7860:             1             16  com.altratek.altraserver.extensions.service.activity.cgcatchanllenge.CGCatChallengeConfig
7861:             1             16  com.altratek.altraserver.extensions.service.activity.cgcatchanllenge.CGCatChallengeInfo$1
7862:             1             16  com.altratek.altraserver.extensions.service.activity.cgcatchanllenge.CGCatChallengeManager
7863:             1             16  com.altratek.altraserver.extensions.service.activity.charitarian.Charitarian$1
7864:             1             16  com.altratek.altraserver.extensions.service.activity.charitarian.CharitarianManager
7865:             1             16  com.altratek.altraserver.extensions.service.activity.charitarian.CharitarianRank$1
7866:             1             16  com.altratek.altraserver.extensions.service.activity.compete.CompeteDao
7867:             1             16  com.altratek.altraserver.extensions.service.activity.compete.CompeteInfo$1
7868:             1             16  com.altratek.altraserver.extensions.service.activity.compete.CompeteRankInfo$CompeteRank$1
7869:             1             16  com.altratek.altraserver.extensions.service.activity.compete.CompeteScoreConfig
7870:             1             16  com.altratek.altraserver.extensions.service.activity.compete.athletic.AthleticManager
7871:             1             16  com.altratek.altraserver.extensions.service.activity.compete.flower.FlowerCompeteManager
7872:             1             16  com.altratek.altraserver.extensions.service.activity.cookgod.CookGodInfo$1
7873:             1             16  com.altratek.altraserver.extensions.service.activity.cookgod.CookPlanRecord$1
7874:             1             16  com.altratek.altraserver.extensions.service.activity.cookgod.DefaultCookGodService
7875:             1             16  com.altratek.altraserver.extensions.service.activity.cookgod.gainprize.GainExp
7876:             1             16  com.altratek.altraserver.extensions.service.activity.cookgod.gainprize.GainLearn
7877:             1             16  com.altratek.altraserver.extensions.service.activity.cookgod.gainprize.GainStarExp
7878:             1             16  com.altratek.altraserver.extensions.service.activity.cookgod.medal.MedalPrize
7879:             1             16  com.altratek.altraserver.extensions.service.activity.cookgod.medal.MedalPrize$AnyCook
7880:             1             16  com.altratek.altraserver.extensions.service.activity.cookgod.medal.MedalPrize$Cook5Star
7881:             1             16  com.altratek.altraserver.extensions.service.activity.cookgod.medal.MedalPrize$Diffrent20Cook5Star
7882:             1             16  com.altratek.altraserver.extensions.service.activity.cookgod.medal.MedalPrize$EatCook
7883:             1             16  com.altratek.altraserver.extensions.service.activity.cookgod.medal.MedalPrize$Plan5Star
7884:             1             16  com.altratek.altraserver.extensions.service.activity.cookgod.medal.MedalPrize$Play5Star
7885:             1             16  com.altratek.altraserver.extensions.service.activity.cow_devil.CowDevilConfig$FreePhaseConfig
7886:             1             16  com.altratek.altraserver.extensions.service.activity.cow_devil.CowDevilConfig$Int2String$1
7887:             1             16  com.altratek.altraserver.extensions.service.activity.crazydoctor.CrazyDoctorManager
7888:             1             16  com.altratek.altraserver.extensions.service.activity.darkmooneye.DarkMoonEyeManager
7889:             1             16  com.altratek.altraserver.extensions.service.activity.darkmooneye.fight.MoTongFight
7890:             1             16  com.altratek.altraserver.extensions.service.activity.defenceluludan.DefenceLuLuDanHandler
7891:             1             16  com.altratek.altraserver.extensions.service.activity.diamondexchange.DiamondExchangeConfig
7892:             1             16  com.altratek.altraserver.extensions.service.activity.diamondexchange.DiamondExchangeGiftManager
7893:             1             16  com.altratek.altraserver.extensions.service.activity.diamondexchange.wxlversion.DiamondExchange151023Service
7894:             1             16  com.altratek.altraserver.extensions.service.activity.dragonboat.DragonBoatHandler
7895:             1             16  com.altratek.altraserver.extensions.service.activity.dream_team.DreamTeam$1
7896:             1             16  com.altratek.altraserver.extensions.service.activity.dream_team.DreamTeamChallengeXML
7897:             1             16  com.altratek.altraserver.extensions.service.activity.dream_team.DreamTeamDao
7898:             1             16  com.altratek.altraserver.extensions.service.activity.dream_team.DreamTeamService
7899:             1             16  com.altratek.altraserver.extensions.service.activity.dream_team.HandleDuoLaMengMeng
7900:             1             16  com.altratek.altraserver.extensions.service.activity.dreamdevilfight.dreamdevilattack.DreamDevilFightHandler
7901:             1             16  com.altratek.altraserver.extensions.service.activity.dreamdevilfight.shenyuan.ShenYuanHandler
7902:             1             16  com.altratek.altraserver.extensions.service.activity.exchgaobigivewuwang.ExchgAobiGiveWuWangHandler
7903:             1             16  com.altratek.altraserver.extensions.service.activity.expbumpercar.RainGlobalMessage$1
7904:             1             16  com.altratek.altraserver.extensions.service.activity.expweek.ExpWeekService
7905:             1             16  com.altratek.altraserver.extensions.service.activity.fengshensevenweapon.FengShenSevenWeaponHandler
7906:             1             16  com.altratek.altraserver.extensions.service.activity.fivekingsyrup.FiveKingSyrupManager
7907:             1             16  com.altratek.altraserver.extensions.service.activity.freshmangift.fmg140310.FreshManGift140310Config
7908:             1             16  com.altratek.altraserver.extensions.service.activity.freshmangift.fmg140310.FreshManGift140310Handler
7909:             1             16  com.altratek.altraserver.extensions.service.activity.freshmangift.fmg140425.FreshManGift140425Handler
7910:             1             16  com.altratek.altraserver.extensions.service.activity.freshmangift.fmg150918.Fmg150918Handler
7911:             1             16  com.altratek.altraserver.extensions.service.activity.freshmangift.fmg151010.Fmg151010HandlerFactory
7912:             1             16  com.altratek.altraserver.extensions.service.activity.freshmangift.fmg160115.Fmg160115Handler
7913:             1             16  com.altratek.altraserver.extensions.service.activity.freshmangift.fmg160115.ValidRegisterTimeUtil
7914:             1             16  com.altratek.altraserver.extensions.service.activity.freshmangift.fmg160527.prize.FmgPrize160527Handler
7915:             1             16  com.altratek.altraserver.extensions.service.activity.freshmangift.fmg170217.Fmg170217Handler
7916:             1             16  com.altratek.altraserver.extensions.service.activity.freshmangift.fmg170818.Fmg170818Handler
7917:             1             16  com.altratek.altraserver.extensions.service.activity.gainsgy.GainSGYInfo$1
7918:             1             16  com.altratek.altraserver.extensions.service.activity.gainsgy.GainSGYManager
7919:             1             16  com.altratek.altraserver.extensions.service.activity.gainxiaotian.GainXiaoTianManager
7920:             1             16  com.altratek.altraserver.extensions.service.activity.gainxiaotian.GainXiaoTianUserInfo$1
7921:             1             16  com.altratek.altraserver.extensions.service.activity.getpet.GetPetDao
7922:             1             16  com.altratek.altraserver.extensions.service.activity.getpet.GetPetInfo$1
7923:             1             16  com.altratek.altraserver.extensions.service.activity.giantfight.GiantFightHandle
7924:             1             16  com.altratek.altraserver.extensions.service.activity.giantfight.UserGiantFightInfo$1
7925:             1             16  com.altratek.altraserver.extensions.service.activity.godattrpetvote2.GodAttrPetVote2Handler
7926:             1             16  com.altratek.altraserver.extensions.service.activity.godpropertyvote.GodPropertyVoteHandler
7927:             1             16  com.altratek.altraserver.extensions.service.activity.godracetypewake.GiantWeekService
7928:             1             16  com.altratek.altraserver.extensions.service.activity.godracetypewake.GodRaceActivityManager
7929:             1             16  com.altratek.altraserver.extensions.service.activity.godracetypewake.GodRaceTypeWakeDao$TargetCount$1
7930:             1             16  com.altratek.altraserver.extensions.service.activity.godracetypewake.GodRaceTypeWakeHandler
7931:             1             16  com.altratek.altraserver.extensions.service.activity.godracetypewake.GodRaceTypeWakeUserInfo$1
7932:             1             16  com.altratek.altraserver.extensions.service.activity.godracetypewake.GodRaceWeekService
7933:             1             16  com.altratek.altraserver.extensions.service.activity.godracetypewake.superwake.SuperWakeHandler
7934:             1             16  com.altratek.altraserver.extensions.service.activity.godracetypewake.taobao.GodRaceTaoBaoInfo
7935:             1             16  com.altratek.altraserver.extensions.service.activity.godracetypewake.taobao.GodRaceTaoBaoInfo$1
7936:             1             16  com.altratek.altraserver.extensions.service.activity.godracetypewake.taobao.GodRaceTaoBaoManager
7937:             1             16  com.altratek.altraserver.extensions.service.activity.golddragon.GoldDragonManager$GoldDragonGetSetFactory
7938:             1             16  com.altratek.altraserver.extensions.service.activity.goodbuddyxiaomo.GoodBuddyXiaoMoHandler
7939:             1             16  com.altratek.altraserver.extensions.service.activity.grand_ceremony_emissary.GCEHandler
7940:             1             16  com.altratek.altraserver.extensions.service.activity.halloweengameapply.HalloweenGameApplyDao
7941:             1             16  com.altratek.altraserver.extensions.service.activity.helpxiaoyuan.HelpXiaoYuanManager
7942:             1             16  com.altratek.altraserver.extensions.service.activity.holycreature.xiaotiantianshancombine.KingSprintInfo$1
7943:             1             16  com.altratek.altraserver.extensions.service.activity.holycreature.xiaotiantianshancombine.XiaotianTianshanCombineManager
7944:             1             16  com.altratek.altraserver.extensions.service.activity.holycreature.xiaotiantianshancombine.XtTsDao
7945:             1             16  com.altratek.altraserver.extensions.service.activity.holycreature.xiaotiantianshancombine.XtTsUserCacheData$1
7946:             1             16  com.altratek.altraserver.extensions.service.activity.iceshield.IceShieldManager
7947:             1             16  com.altratek.altraserver.extensions.service.activity.investment.InvestManager
7948:             1             16  com.altratek.altraserver.extensions.service.activity.jipinzhandouliv2.JiPinZhanDouLiHandler
7949:             1             16  com.altratek.altraserver.extensions.service.activity.kongfupenguin.KongFuPenguinManager
7950:             1             16  com.altratek.altraserver.extensions.service.activity.leiyan.LieYanManager
7951:             1             16  com.altratek.altraserver.extensions.service.activity.lightking.LightKingHandler
7952:             1             16  com.altratek.altraserver.extensions.service.activity.lightking.LightKingSetGain
7953:             1             16  com.altratek.altraserver.extensions.service.activity.lightking.phases.PhaseHandlerProvider
7954:             1             16  com.altratek.altraserver.extensions.service.activity.lightking.phases.ext.Phase1Handler$Phase1Config
7955:             1             16  com.altratek.altraserver.extensions.service.activity.linzun.LingZunManager
7956:             1             16  com.altratek.altraserver.extensions.service.activity.linzun.fight.FightBoss
7957:             1             16  com.altratek.altraserver.extensions.service.activity.longyansuperevolve.bosses.BossServiceEntry
7958:             1             16  com.altratek.altraserver.extensions.service.activity.longyansuperevolve.bosses.boss1.Boss1Config
7959:             1             16  com.altratek.altraserver.extensions.service.activity.longyansuperevolve.bosses.boss1.Boss1Service
7960:             1             16  com.altratek.altraserver.extensions.service.activity.longyansuperevolve.bosses.boss2.Boss2Service
7961:             1             16  com.altratek.altraserver.extensions.service.activity.longyansuperevolve.bosses.boss3.Boss3Service
7962:             1             16  com.altratek.altraserver.extensions.service.activity.longyansuperevolve.bosses.boss4.Boss4Service
7963:             1             16  com.altratek.altraserver.extensions.service.activity.longyansuperevolve.bosses.boss5.Boss5Service
7964:             1             16  com.altratek.altraserver.extensions.service.activity.luan_dou_pet.LuanDouPet$1
7965:             1             16  com.altratek.altraserver.extensions.service.activity.luan_dou_pet.LuanDouPetDao
7966:             1             16  com.altratek.altraserver.extensions.service.activity.luan_dou_pet.LuanDouPetDefine
7967:             1             16  com.altratek.altraserver.extensions.service.activity.luan_dou_pet.LuanDouPetService
7968:             1             16  com.altratek.altraserver.extensions.service.activity.luan_dou_pet.UserLuanDouPet$1
7969:             1             16  com.altratek.altraserver.extensions.service.activity.michelin.FoodDefine$1
7970:             1             16  com.altratek.altraserver.extensions.service.activity.monstermobile.MonsterMobileConfig$Time
7971:             1             16  com.altratek.altraserver.extensions.service.activity.monstermobile.MonsterMobileHandler
7972:             1             16  com.altratek.altraserver.extensions.service.activity.nightmare.ChallengeInfo$1
7973:             1             16  com.altratek.altraserver.extensions.service.activity.nightmare.NightMareManager
7974:             1             16  com.altratek.altraserver.extensions.service.activity.nuoyatest.NuoYaTestManager
7975:             1             16  com.altratek.altraserver.extensions.service.activity.onlinedeliver150710.OnlineDeliver150710Handler
7976:             1             16  com.altratek.altraserver.extensions.service.activity.onlinedeliver160205.OnlineDeliver160205Handler
7977:             1             16  com.altratek.altraserver.extensions.service.activity.onlinedeliver160205.OnlineDeliver160205nfo$1
7978:             1             16  com.altratek.altraserver.extensions.service.activity.outofprintswingback.OutOfPrintSwingBackHandler
7979:             1             16  com.altratek.altraserver.extensions.service.activity.passzijinhole.MonsterDefineManager
7980:             1             16  com.altratek.altraserver.extensions.service.activity.peipeigaoget.PeiPeiGaoGetHandler
7981:             1             16  com.altratek.altraserver.extensions.service.activity.personalboss.PersonalBossManager
7982:             1             16  com.altratek.altraserver.extensions.service.activity.sanguo.draw.SanguoDrawManager
7983:             1             16  com.altratek.altraserver.extensions.service.activity.sanguo.rendespirit.RendeSpiritInfo$1
7984:             1             16  com.altratek.altraserver.extensions.service.activity.sanguo.rendespirit.RendeSpiritManager
7985:             1             16  com.altratek.altraserver.extensions.service.activity.sendgodpet.SendGodPetInfo$1
7986:             1             16  com.altratek.altraserver.extensions.service.activity.shadow_wing.ShadowWingManager
7987:             1             16  com.altratek.altraserver.extensions.service.activity.shenchongzhizun.ShenChongZhiZunInfo$1
7988:             1             16  com.altratek.altraserver.extensions.service.activity.shimmeryfairy.StageInfo$1
7989:             1             16  com.altratek.altraserver.extensions.service.activity.signin.SignInDao
7990:             1             16  com.altratek.altraserver.extensions.service.activity.signin.SignInDefine
7991:             1             16  com.altratek.altraserver.extensions.service.activity.signin.SignInInfo$1
7992:             1             16  com.altratek.altraserver.extensions.service.activity.sixonecoloregg.SixOneColorEggHandler
7993:             1             16  com.altratek.altraserver.extensions.service.activity.spacecreater.SpaceCreaterManager
7994:             1             16  com.altratek.altraserver.extensions.service.activity.starbluedragon.StarBlueDragonHandler
7995:             1             16  com.altratek.altraserver.extensions.service.activity.starbluedragon.StarBlueDragonInfo$1
7996:             1             16  com.altratek.altraserver.extensions.service.activity.starbluedragon.StarBlueDragonInfo$2
7997:             1             16  com.altratek.altraserver.extensions.service.activity.starbluedragon.StarBlueDragonRank$StarBlueDragonRankItem$1
7998:             1             16  com.altratek.altraserver.extensions.service.activity.stargodpet.StarGodPetManager
7999:             1             16  com.altratek.altraserver.extensions.service.activity.strengthdeliver.StrengthDeliverHandler
8000:             1             16  com.altratek.altraserver.extensions.service.activity.strengthenweek.StrengthenWeekHandler
8001:             1             16  com.altratek.altraserver.extensions.service.activity.subtle_fragrance.SubtleFragranceDefine
8002:             1             16  com.altratek.altraserver.extensions.service.activity.subtle_fragrance.SubtleFragranceManager
8003:             1             16  com.altratek.altraserver.extensions.service.activity.suikong.SuiKongManager
8004:             1             16  com.altratek.altraserver.extensions.service.activity.summonbestsound.SummonBestSoundHandler
8005:             1             16  com.altratek.altraserver.extensions.service.activity.superanying.SuperAnYingInfo$1
8006:             1             16  com.altratek.altraserver.extensions.service.activity.superanying.SuperAnYingManager
8007:             1             16  com.altratek.altraserver.extensions.service.activity.superanying.fight.FourFight
8008:             1             16  com.altratek.altraserver.extensions.service.activity.superevolvegive.SuperEvolveGiveHandle
8009:             1             16  com.altratek.altraserver.extensions.service.activity.superevolvegivesecond.SuperEvolveGiveSecondHandle
8010:             1             16  com.altratek.altraserver.extensions.service.activity.superkonghuang.SuperKongHuangInfo$1
8011:             1             16  com.altratek.altraserver.extensions.service.activity.superkonghuang.SuperKongHuangManager
8012:             1             16  com.altratek.altraserver.extensions.service.activity.superkonghuang.gate.FirstGate
8013:             1             16  com.altratek.altraserver.extensions.service.activity.superkonghuang.gate.SecondGate
8014:             1             16  com.altratek.altraserver.extensions.service.activity.superkonghuang.gate.ThirdGate
8015:             1             16  com.altratek.altraserver.extensions.service.activity.swordofking.KingPalace$1
8016:             1             16  com.altratek.altraserver.extensions.service.activity.swordofking.Rank$1
8017:             1             16  com.altratek.altraserver.extensions.service.activity.swordofking.SwordOfKingDao
8018:             1             16  com.altratek.altraserver.extensions.service.activity.swordofking.SwordOfKingService
8019:             1             16  com.altratek.altraserver.extensions.service.activity.teambeatjiangyou.TeamBeatJiangYouInfo$1
8020:             1             16  com.altratek.altraserver.extensions.service.activity.teambeatjiangyou.TeamBeatJiangYouManager
8021:             1             16  com.altratek.altraserver.extensions.service.activity.tempomaster.TempoMasterHandler
8022:             1             16  com.altratek.altraserver.extensions.service.activity.tianlin.TianLinInfo$1
8023:             1             16  com.altratek.altraserver.extensions.service.activity.tianlin.TianLinManager
8024:             1             16  com.altratek.altraserver.extensions.service.activity.tianmanwang.TianManWangManager
8025:             1             16  com.altratek.altraserver.extensions.service.activity.tianmanwang.fight.FightBoss
8026:             1             16  com.altratek.altraserver.extensions.service.activity.tianmanwang.fight.FightFirst
8027:             1             16  com.altratek.altraserver.extensions.service.activity.tianmanwang.fight.FightSecond
8028:             1             16  com.altratek.altraserver.extensions.service.activity.totallead.TotalLeadHandler
8029:             1             16  com.altratek.altraserver.extensions.service.activity.totallead.TotalLeadInfo$1
8030:             1             16  com.altratek.altraserver.extensions.service.activity.treasurepet.TreasureService
8031:             1             16  com.altratek.altraserver.extensions.service.activity.weizhentianxiamerge.phases.ext.WZTX_Phase1Handler$WZTX_Phase1Config
8032:             1             16  com.altratek.altraserver.extensions.service.activity.weizhentianxiamerge.util.BuffWrapperDefineManager
8033:             1             16  com.altratek.altraserver.extensions.service.activity.weizhentianxiamerge.util.ext.Id10BuffWrapContainer
8034:             1             16  com.altratek.altraserver.extensions.service.activity.weizhentianxiamerge.util.ext.Id9BuffWrapContainer
8035:             1             16  com.altratek.altraserver.extensions.service.activity.xiaoayanfight.XiaoYanFightManager
8036:             1             16  com.altratek.altraserver.extensions.service.activity.xiaohuanheyuanxiao.XiaoHuanHeYuanXiaoHandler
8037:             1             16  com.altratek.altraserver.extensions.service.activity.xiaonuoexpcake.XiaoNuoExpCakeHandle
8038:             1             16  com.altratek.altraserver.extensions.service.activity.xiaotianevolve.XiaoTianEvolveInfo$1
8039:             1             16  com.altratek.altraserver.extensions.service.activity.xiaotianevolve.XiaoTianEvolveManager
8040:             1             16  com.altratek.altraserver.extensions.service.activity.xiaoyanevolve.thefirsttrain.TheFirstTrainConfig
8041:             1             16  com.altratek.altraserver.extensions.service.activity.xiaoyanevolve.thefirsttrain.TheFirstTrainManager
8042:             1             16  com.altratek.altraserver.extensions.service.activity.xiaoyanevolve.thefourtrain.TheFourTrainManager
8043:             1             16  com.altratek.altraserver.extensions.service.activity.xiaoyanevolve.thethirdtrain.TheThirdTrainManager
8044:             1             16  com.altratek.altraserver.extensions.service.activity.xicongtianjiang.XiCongTianJiangInfo$1
8045:             1             16  com.altratek.altraserver.extensions.service.activity.xywsleeptrain.XYWSleepTrainConfig
8046:             1             16  com.altratek.altraserver.extensions.service.activity.xywsleeptrain.XYWSleepTrainHandler
8047:             1             16  com.altratek.altraserver.extensions.service.activity.yeyuefight.YeYueFightManager
8048:             1             16  com.altratek.altraserver.extensions.service.activity.yinfenggain.YinFengGainManager
8049:             1             16  com.altratek.altraserver.extensions.service.activity.yuangupetfl.YuanGuPetFLHandler
8050:             1             16  com.altratek.altraserver.extensions.service.activity.yuangupetlottery.YuanGuPetLotteryHandle
8051:             1             16  com.altratek.altraserver.extensions.service.activity.yuanguwuwangdeliver.YuanGuWuWangDeliverHandler
8052:             1             16  com.altratek.altraserver.extensions.service.activity.yuanhuangachieve.YuanHuangAchieveManager
8053:             1             16  com.altratek.altraserver.extensions.service.activity.yuansufashi.YuanSuFaShiHandler
8054:             1             16  com.altratek.altraserver.extensions.service.activity.yuanxiaolabel.YuanXiaoLabelHandler
8055:             1             16  com.altratek.altraserver.extensions.service.activity.zhanhun.ZhanHunDao
8056:             1             16  com.altratek.altraserver.extensions.service.activity.zhanhun.ZhanHunInfo$1
8057:             1             16  com.altratek.altraserver.extensions.service.activityinvite.UserInvitedInfo$1
8058:             1             16  com.altratek.altraserver.extensions.service.allroundpk.AllRoundPKInfo$1
8059:             1             16  com.altratek.altraserver.extensions.service.allroundpk.AllRoundPKMessage$1
8060:             1             16  com.altratek.altraserver.extensions.service.allroundpk.AllRoundPKRankDao$RankItem$1
8061:             1             16  com.altratek.altraserver.extensions.service.allroundpk.AllRoundPKRankDao$RankItem$2
8062:             1             16  com.altratek.altraserver.extensions.service.allroundpk.DefaultAllRoundPKRemoteService
8063:             1             16  com.altratek.altraserver.extensions.service.allroundpk.support.PKBtlService
8064:             1             16  com.altratek.altraserver.extensions.service.allroundpk.support.PKDistributeCreaturesService
8065:             1             16  com.altratek.altraserver.extensions.service.allstar.AllStarTimeDefineManager
8066:             1             16  com.altratek.altraserver.extensions.service.allstar.TeamFbDefineManager
8067:             1             16  com.altratek.altraserver.extensions.service.allstar.UserInfo$1
8068:             1             16  com.altratek.altraserver.extensions.service.antiaddiction.AntiAddictionManager
8069:             1             16  com.altratek.altraserver.extensions.service.antiaddiction.Holiday$1
8070:             1             16  com.altratek.altraserver.extensions.service.antiaddiction.OnlineTimeDao
8071:             1             16  com.altratek.altraserver.extensions.service.antiaddiction.UserGameTime$1
8072:             1             16  com.altratek.altraserver.extensions.service.aoqilabel.AoQiLabelDao
8073:             1             16  com.altratek.altraserver.extensions.service.aoqilabel.AoQiLabelHandler
8074:             1             16  com.altratek.altraserver.extensions.service.aoqilabel.AoQiLabelService
8075:             1             16  com.altratek.altraserver.extensions.service.aoqilabel.AoQiLabelUserInfo$2
8076:             1             16  com.altratek.altraserver.extensions.service.aoqilabel.EmptyProcessor
8077:             1             16  com.altratek.altraserver.extensions.service.aoqilabel.LabelRank$1
8078:             1             16  com.altratek.altraserver.extensions.service.aoqilabel.LabelSumInfo$1
8079:             1             16  com.altratek.altraserver.extensions.service.aoqilabel.SimpleLabel$1
8080:             1             16  com.altratek.altraserver.extensions.service.aoqilabel.SystemLabelProcessor
8081:             1             16  com.altratek.altraserver.extensions.service.arena.FR_FormulaLimitFactory_DailyDoneCount
8082:             1             16  com.altratek.altraserver.extensions.service.arena.FR_FormulaLimitFactory_TopRank
8083:             1             16  com.altratek.altraserver.extensions.service.arena.FR_FormulaLimitFactory_WeeklyDoneCount
8084:             1             16  com.altratek.altraserver.extensions.service.arena.FightRankFormula$1
8085:             1             16  com.altratek.altraserver.extensions.service.arena.globalarena.ArenaDataCollect
8086:             1             16  com.altratek.altraserver.extensions.service.arena.globalarena.DefaultGlobalArenaRemoteService
8087:             1             16  com.altratek.altraserver.extensions.service.arena.globalarena.GlobalAreaLastSeasonTopInfo$1
8088:             1             16  com.altratek.altraserver.extensions.service.arena.globalarena.GlobalArenaCommonInfo$1
8089:             1             16  com.altratek.altraserver.extensions.service.arena.globalarena.GlobalArenaDefineManager$UpdateTast
8090:             1             16  com.altratek.altraserver.extensions.service.arena.globalarena.GlobalArenaExtension$$Lambda$85/418054846
8091:             1             16  com.altratek.altraserver.extensions.service.arena.globalarena.GlobalArenaLastZoneRank$1
8092:             1             16  com.altratek.altraserver.extensions.service.arena.globalarena.GlobalArenaLotteryBonusDefine$1
8093:             1             16  com.altratek.altraserver.extensions.service.arena.globalarena.GlobalArenaMc
8094:             1             16  com.altratek.altraserver.extensions.service.arena.globalarena.GlobalArenaTt
8095:             1             16  com.altratek.altraserver.extensions.service.arena.globalarena.GlobalArenaZoneInfo$1
8096:             1             16  com.altratek.altraserver.extensions.service.arena.globalarena.SpaceDefineManager
8097:             1             16  com.altratek.altraserver.extensions.service.arena.globalarena.SpaceDefineManager$SpaceDefine$1
8098:             1             16  com.altratek.altraserver.extensions.service.arena.globalarena.UserGlobalArenaFixed$1
8099:             1             16  com.altratek.altraserver.extensions.service.arena.globalarena.UserGlobalArenaVariable$1
8100:             1             16  com.altratek.altraserver.extensions.service.arena.globalarena.dragonfight.ArenaDragonFightHandler
8101:             1             16  com.altratek.altraserver.extensions.service.arena.globalarena.dragonfight.ArenaDragonFightInfo$1
8102:             1             16  com.altratek.altraserver.extensions.service.arena.globalarena.honorrank.ArenaHonorRankDao$HonorRankInfo$1
8103:             1             16  com.altratek.altraserver.extensions.service.arena.globalarena.honorrank.ArenaHonorRankHandler$$Lambda$187/602393059
8104:             1             16  com.altratek.altraserver.extensions.service.arena.globalarena.honorrank.ArenaHonorRankHandler$$Lambda$188/569441000
8105:             1             16  com.altratek.altraserver.extensions.service.arena.globalarena.honorrank.ArenaHonorRankHandler$$Lambda$189/851359904
8106:             1             16  com.altratek.altraserver.extensions.service.arena.globalarena.honorrank.ArenaHonorRankInfo$1
8107:             1             16  com.altratek.altraserver.extensions.service.arena.globalarena.summerarena.SummerArenaBattleRecord$1
8108:             1             16  com.altratek.altraserver.extensions.service.arena.globalarena.summerarena.SummerArenaDefaultService
8109:             1             16  com.altratek.altraserver.extensions.service.arena.globalarena.summerarena.SummerArenaHandler
8110:             1             16  com.altratek.altraserver.extensions.service.arena.globalarena.summerarena.SummerArenaInfo$1
8111:             1             16  com.altratek.altraserver.extensions.service.arena.globalarena.summerarena.SummerArenaInfo$2
8112:             1             16  com.altratek.altraserver.extensions.service.arena.globalarena.topperfect.PetInfoReader
8113:             1             16  com.altratek.altraserver.extensions.service.arena.globalarena.unlimitfirepower.UnlimitFirePowerHandler
8114:             1             16  com.altratek.altraserver.extensions.service.arena.globalarena.video.DefaultGlobalArenaVideoRemoteService
8115:             1             16  com.altratek.altraserver.extensions.service.arena.globalarena.video.FilterManager
8116:             1             16  com.altratek.altraserver.extensions.service.arena.globalarena.video.VideoManager
8117:             1             16  com.altratek.altraserver.extensions.service.arena.globalarena.video.ext.Filter_A_Strategy
8118:             1             16  com.altratek.altraserver.extensions.service.arena.globalarena.video.ext.Filter_B1_Strategy
8119:             1             16  com.altratek.altraserver.extensions.service.arena.globalarena.video.ext.Filter_B2_Strategy
8120:             1             16  com.altratek.altraserver.extensions.service.arena.globalarena.video.ext.Filter_B3_Strategy
8121:             1             16  com.altratek.altraserver.extensions.service.arena.globalarena.video.ext.Filter_B4_Strategy
8122:             1             16  com.altratek.altraserver.extensions.service.arena.globalarena.video.ext.Label1_Strategy
8123:             1             16  com.altratek.altraserver.extensions.service.auctioncenter.AcceptMessage$1
8124:             1             16  com.altratek.altraserver.extensions.service.auctioncenter.AuctionCenterSocketDao
8125:             1             16  com.altratek.altraserver.extensions.service.auctioncenter.AuctionCenterSocketUtil
8126:             1             16  com.altratek.altraserver.extensions.service.auctioncenter.tradecard.TradeCardHandler
8127:             1             16  com.altratek.altraserver.extensions.service.avatar.AvatarManager
8128:             1             16  com.altratek.altraserver.extensions.service.battle.define.xml.CreepXml$1
8129:             1             16  com.altratek.altraserver.extensions.service.battle.define.xml.CreepXml$2
8130:             1             16  com.altratek.altraserver.extensions.service.bigdatacollector.BigDataCollectService
8131:             1             16  com.altratek.altraserver.extensions.service.bigdatacollector.BigDataUserCacheInfo$1
8132:             1             16  com.altratek.altraserver.extensions.service.bigdatacollector.Snapshot_UserMaterial$$Lambda$154/996700726
8133:             1             16  com.altratek.altraserver.extensions.service.boss.BossHandler$1
8134:             1             16  com.altratek.altraserver.extensions.service.boss.BossHandler$2
8135:             1             16  com.altratek.altraserver.extensions.service.boss.current.CurrentBossDao
8136:             1             16  com.altratek.altraserver.extensions.service.boss.current.CurrentBossHandler$1
8137:             1             16  com.altratek.altraserver.extensions.service.boss.current.CurrentBossHandler$2
8138:             1             16  com.altratek.altraserver.extensions.service.boss.current.CurrentBossHandler$3
8139:             1             16  com.altratek.altraserver.extensions.service.boss.current.CurrentBossTestFightRank$1
8140:             1             16  com.altratek.altraserver.extensions.service.breachformation.BF_BattleResult$1
8141:             1             16  com.altratek.altraserver.extensions.service.breachformation.DefaultBreachFormationRemoteService
8142:             1             16  com.altratek.altraserver.extensions.service.breachformation.UserBreachFormation$1
8143:             1             16  com.altratek.altraserver.extensions.service.buddomain.BudDomainItemDefine$1
8144:             1             16  com.altratek.altraserver.extensions.service.buddomain.UserBudDomainItem$1
8145:             1             16  com.altratek.altraserver.extensions.service.buddy.Block$1
8146:             1             16  com.altratek.altraserver.extensions.service.buddy.Buddy$1
8147:             1             16  com.altratek.altraserver.extensions.service.buddy.BuddyService
8148:             1             16  com.altratek.altraserver.extensions.service.buddy.invite.BuddyInviteDao
8149:             1             16  com.altratek.altraserver.extensions.service.buddy.nearbuddy.NearBuddyCommonInfo$1
8150:             1             16  com.altratek.altraserver.extensions.service.buddy.nearbuddy.NearBuddyService
8151:             1             16  com.altratek.altraserver.extensions.service.buddy.nearbuddy.familarity.NearBuddyFamilarityService
8152:             1             16  com.altratek.altraserver.extensions.service.buddy.nearbuddy.hirepet.NearBuddyHirePetDao
8153:             1             16  com.altratek.altraserver.extensions.service.buddy.nearbuddy.hirepet.NearBuddyHirePetHandler
8154:             1             16  com.altratek.altraserver.extensions.service.buddy.nearbuddy.hirepet.NearBuddyHirePetService
8155:             1             16  com.altratek.altraserver.extensions.service.buddy.nearbuddy.hirepet.NearBuddyPetHired$1
8156:             1             16  com.altratek.altraserver.extensions.service.buddy.nearbuddy.hirepet.NearBuddyPetInfos$1
8157:             1             16  com.altratek.altraserver.extensions.service.buddy.nearbuddy.hirepet.NearBuddyPetOnLoan$1
8158:             1             16  com.altratek.altraserver.extensions.service.buddy.nearbuddy.mc.NearBuddyDailyCounter
8159:             1             16  com.altratek.altraserver.extensions.service.buddy.nearbuddy.mc.NearBuddyDailyMcCache$1
8160:             1             16  com.altratek.altraserver.extensions.service.buddy.nearbuddy.seniorbuddy.SeniorBuddyDao
8161:             1             16  com.altratek.altraserver.extensions.service.buddy.nearbuddy.seniorbuddy.SeniorBuddyInfo$$Lambda$122/1169011694
8162:             1             16  com.altratek.altraserver.extensions.service.buddy.nearbuddy.seniorbuddy.SeniorBuddyService
8163:             1             16  com.altratek.altraserver.extensions.service.buddy.nearbuddy.seniorbuddy.SeniorBuddyService$$Lambda$286/1964170057
8164:             1             16  com.altratek.altraserver.extensions.service.buddy.nearbuddy.shop.GiftOfNearbuddy$1
8165:             1             16  com.altratek.altraserver.extensions.service.buddy.nearbuddy.shop.NearBuddyGiftUserInfo$1
8166:             1             16  com.altratek.altraserver.extensions.service.buddy.nearbuddy.shop.NearBuddyShopService
8167:             1             16  com.altratek.altraserver.extensions.service.campaign.CampaignDefineManager
8168:             1             16  com.altratek.altraserver.extensions.service.campaign.CampaignService
8169:             1             16  com.altratek.altraserver.extensions.service.campaign.CampaignService$MyRunnable
8170:             1             16  com.altratek.altraserver.extensions.service.campaign.EF_TeamFb
8171:             1             16  com.altratek.altraserver.extensions.service.card.CardBonusFunctionFactory
8172:             1             16  com.altratek.altraserver.extensions.service.card.CardDefine$1
8173:             1             16  com.altratek.altraserver.extensions.service.card.CardLimitFactory_IsYearVip
8174:             1             16  com.altratek.altraserver.extensions.service.card.CardLimitFactory_IsYearVip$CardLimit_IsYearVip
8175:             1             16  com.altratek.altraserver.extensions.service.card.CardLimitFactory_LongTimeDoneCounterLimit$CardLimit_LongTimeDoneCounterLimit
8176:             1             16  com.altratek.altraserver.extensions.service.card.CardLimitFactory_MidAutumnExchange1
8177:             1             16  com.altratek.altraserver.extensions.service.card.CardLimitFactory_MidAutumnExchange1$CardLimit_MidAutumnExchange1
8178:             1             16  com.altratek.altraserver.extensions.service.card.CardLimitFactory_MidAutumnExchange2
8179:             1             16  com.altratek.altraserver.extensions.service.card.CardLimitFactory_MidAutumnExchange2$CardLimit_MidAutumnExchange2
8180:             1             16  com.altratek.altraserver.extensions.service.card.CardLimitFactory_MidAutumnExchange3
8181:             1             16  com.altratek.altraserver.extensions.service.card.CardLimitFactory_MidAutumnExchange3$CardLimit_MidAutumnExchange3
8182:             1             16  com.altratek.altraserver.extensions.service.card.CardLimitFactory_ShenYinDaLu
8183:             1             16  com.altratek.altraserver.extensions.service.card.CardLimitFactory_ShenYinDaLu$CardLimit_ShenYinDaLu
8184:             1             16  com.altratek.altraserver.extensions.service.card.CardLimitFactory_TuJianFuZengKa
8185:             1             16  com.altratek.altraserver.extensions.service.card.CardLimitFactory_TuJianFuZengKa$CardLimit_TuJianFuZengKa
8186:             1             16  com.altratek.altraserver.extensions.service.card.CardLimitFactory_YiKaTong
8187:             1             16  com.altratek.altraserver.extensions.service.card.CardLimitFactory_YiKaTong$CardLimit_YiKaTong
8188:             1             16  com.altratek.altraserver.extensions.service.challenge.ChallengeDefine
8189:             1             16  com.altratek.altraserver.extensions.service.challenge.ChallengeManager
8190:             1             16  com.altratek.altraserver.extensions.service.challenge.ChallengeService
8191:             1             16  com.altratek.altraserver.extensions.service.challenge.act.act101.Act101Handler
8192:             1             16  com.altratek.altraserver.extensions.service.challenge.act.act101.Act101Info$1
8193:             1             16  com.altratek.altraserver.extensions.service.challenge.act.act121.Act121Manager
8194:             1             16  com.altratek.altraserver.extensions.service.challenge.act.act123.Act123Manager
8195:             1             16  com.altratek.altraserver.extensions.service.challenge.act.act127.Act127Config
8196:             1             16  com.altratek.altraserver.extensions.service.challenge.act.act127.Act127Manager
8197:             1             16  com.altratek.altraserver.extensions.service.challenge.act.act130.Act130Manager
8198:             1             16  com.altratek.altraserver.extensions.service.challenge.act.act68.Act68Manager
8199:             1             16  com.altratek.altraserver.extensions.service.challenge.act.act71.Act71Manager
8200:             1             16  com.altratek.altraserver.extensions.service.challenge.act.act71.Act71StartGameMarkService
8201:             1             16  com.altratek.altraserver.extensions.service.challenge.act.act72.Act72Manager
8202:             1             16  com.altratek.altraserver.extensions.service.challenge.act.act81.Act81Manager
8203:             1             16  com.altratek.altraserver.extensions.service.challenge.act.act83.Act83Handler
8204:             1             16  com.altratek.altraserver.extensions.service.challenge.act.act83.Act83Info$$Lambda$130/633576498
8205:             1             16  com.altratek.altraserver.extensions.service.challenge.act.act85.Act85Manager
8206:             1             16  com.altratek.altraserver.extensions.service.challenge.act.act89.Act89Manager
8207:             1             16  com.altratek.altraserver.extensions.service.challenge.act.act97.Act97Handler
8208:             1             16  com.altratek.altraserver.extensions.service.challenge.act.act97.Act97Service
8209:             1             16  com.altratek.altraserver.extensions.service.challenge.branch.info.ChoosePetInfoMap$1
8210:             1             16  com.altratek.altraserver.extensions.service.challenge.branch.info.DailyCustomTeamInfoMap$1
8211:             1             16  com.altratek.altraserver.extensions.service.challenge.branch.info.DailyRandomOneInfoMap$1
8212:             1             16  com.altratek.altraserver.extensions.service.challenge.branch.info.LinearBossInfoMap$1
8213:             1             16  com.altratek.altraserver.extensions.service.challenge.branch.info.LinearTeamInfoMap$1
8214:             1             16  com.altratek.altraserver.extensions.service.challenge.branch.info.RangeDamageBossInfoMap$1
8215:             1             16  com.altratek.altraserver.extensions.service.challenge.branch.info.SingleBossInfoMap$1
8216:             1             16  com.altratek.altraserver.extensions.service.challenge.branch.info.TeamThenBossInfoMap$1
8217:             1             16  com.altratek.altraserver.extensions.service.challenge.extprocessor.Ext_PutPetMarkOneOff$Validater$3$$Lambda$113/1033283148
8218:             1             16  com.altratek.altraserver.extensions.service.challenge.extprocessor.ext.HotBloodHandler
8219:             1             16  com.altratek.altraserver.extensions.service.challenge.extprocessor.ext.HotBloodHandler$1
8220:             1             16  com.altratek.altraserver.extensions.service.challenge.finishcondition.Condition_Yeah
8221:             1             16  com.altratek.altraserver.extensions.service.challenge.finishcondition.ext.Condition_109_Pass
8222:             1             16  com.altratek.altraserver.extensions.service.challenge.finishcondition.ext.Condition_110_Pass
8223:             1             16  com.altratek.altraserver.extensions.service.challenge.finishcondition.ext.Condition_112_Pass
8224:             1             16  com.altratek.altraserver.extensions.service.challenge.finishcondition.ext.Condition_114_Pass
8225:             1             16  com.altratek.altraserver.extensions.service.challenge.finishcondition.ext.Condition_115_Pass
8226:             1             16  com.altratek.altraserver.extensions.service.challenge.finishcondition.ext.Condition_116_Pass
8227:             1             16  com.altratek.altraserver.extensions.service.challenge.finishcondition.ext.Condition_117_Pass
8228:             1             16  com.altratek.altraserver.extensions.service.challenge.finishcondition.ext.Condition_119_Pass
8229:             1             16  com.altratek.altraserver.extensions.service.challenge.finishcondition.ext.Condition_120_Pass
8230:             1             16  com.altratek.altraserver.extensions.service.challenge.finishcondition.ext.Condition_126_Pass
8231:             1             16  com.altratek.altraserver.extensions.service.challenge.finishcondition.ext.Condition_127_Pass
8232:             1             16  com.altratek.altraserver.extensions.service.challenge.finishcondition.ext.Condition_129_Pass
8233:             1             16  com.altratek.altraserver.extensions.service.challenge.finishcondition.ext.Condition_22_Pass
8234:             1             16  com.altratek.altraserver.extensions.service.challenge.finishcondition.ext.Condition_23_Pass
8235:             1             16  com.altratek.altraserver.extensions.service.challenge.finishcondition.ext.Condition_24_Pass
8236:             1             16  com.altratek.altraserver.extensions.service.challenge.finishcondition.ext.Condition_26_Pass
8237:             1             16  com.altratek.altraserver.extensions.service.challenge.finishcondition.ext.Condition_28_Pass
8238:             1             16  com.altratek.altraserver.extensions.service.challenge.finishcondition.ext.Condition_32_Pass
8239:             1             16  com.altratek.altraserver.extensions.service.challenge.finishcondition.ext.Condition_35_Pass
8240:             1             16  com.altratek.altraserver.extensions.service.challenge.finishcondition.ext.Condition_36_Pass
8241:             1             16  com.altratek.altraserver.extensions.service.challenge.finishcondition.ext.Condition_41_Pass
8242:             1             16  com.altratek.altraserver.extensions.service.challenge.finishcondition.ext.Condition_48_Pass
8243:             1             16  com.altratek.altraserver.extensions.service.challenge.finishcondition.ext.Condition_68_Pass
8244:             1             16  com.altratek.altraserver.extensions.service.challenge.finishcondition.ext.Condition_72_Pass
8245:             1             16  com.altratek.altraserver.extensions.service.challenge.finishcondition.ext.Condition_80_Pass
8246:             1             16  com.altratek.altraserver.extensions.service.challenge.finishcondition.ext.Condition_83_Pass
8247:             1             16  com.altratek.altraserver.extensions.service.challenge.finishcondition.ext.Condition_85_Pass
8248:             1             16  com.altratek.altraserver.extensions.service.challenge.finishcondition.ext.Condition_86_Pass
8249:             1             16  com.altratek.altraserver.extensions.service.challenge.finishcondition.ext.Condition_89_Pass
8250:             1             16  com.altratek.altraserver.extensions.service.challenge.finishcondition.ext.Condition_96_Pass
8251:             1             16  com.altratek.altraserver.extensions.service.challenge.finishcondition.ext.Condition_97_Handler
8252:             1             16  com.altratek.altraserver.extensions.service.challenge.info.ChallengeInfo$1
8253:             1             16  com.altratek.altraserver.extensions.service.challenge.info.OtherDataAdapter
8254:             1             16  com.altratek.altraserver.extensions.service.challenge.prizeprocessor.Prize_ExpTowerGetExp
8255:             1             16  com.altratek.altraserver.extensions.service.challenge.prizeprocessor.ext.Prize_109_Prize
8256:             1             16  com.altratek.altraserver.extensions.service.challenge.prizeprocessor.ext.Prize_110_Prize
8257:             1             16  com.altratek.altraserver.extensions.service.challenge.prizeprocessor.ext.Prize_111_Prize
8258:             1             16  com.altratek.altraserver.extensions.service.challenge.prizeprocessor.ext.Prize_112_Prize
8259:             1             16  com.altratek.altraserver.extensions.service.challenge.prizeprocessor.ext.Prize_114_Prize
8260:             1             16  com.altratek.altraserver.extensions.service.challenge.prizeprocessor.ext.Prize_115_Prize
8261:             1             16  com.altratek.altraserver.extensions.service.challenge.prizeprocessor.ext.Prize_116_Prize
8262:             1             16  com.altratek.altraserver.extensions.service.challenge.prizeprocessor.ext.Prize_117_Prize
8263:             1             16  com.altratek.altraserver.extensions.service.challenge.prizeprocessor.ext.Prize_126_Get
8264:             1             16  com.altratek.altraserver.extensions.service.challenge.prizeprocessor.ext.Prize_29_Handler
8265:             1             16  com.altratek.altraserver.extensions.service.challenge.prizeprocessor.ext.Prize_31_Handler
8266:             1             16  com.altratek.altraserver.extensions.service.challenge.prizeprocessor.ext.Prize_33_Handler
8267:             1             16  com.altratek.altraserver.extensions.service.challenge.prizeprocessor.ext.Prize_52_Handler
8268:             1             16  com.altratek.altraserver.extensions.service.challenge.prizeprocessor.ext.Prize_62_Handler
8269:             1             16  com.altratek.altraserver.extensions.service.challenge.prizeprocessor.ext.Prize_67_Handler
8270:             1             16  com.altratek.altraserver.extensions.service.challenge.prizeprocessor.ext.Prize_71_Handler
8271:             1             16  com.altratek.altraserver.extensions.service.challenge.prizeprocessor.ext.Prize_87_Handler
8272:             1             16  com.altratek.altraserver.extensions.service.challenge.save.SaveKeyHelper
8273:             1             16  com.altratek.altraserver.extensions.service.challenge.strategy.ext.Strategy_Custom108
8274:             1             16  com.altratek.altraserver.extensions.service.challenge.strategy.ext.Strategy_Custom42
8275:             1             16  com.altratek.altraserver.extensions.service.challenge.strategy.ext.Strategy_Custom79
8276:             1             16  com.altratek.altraserver.extensions.service.challenge.strategy.ext.Strategy_Custom93
8277:             1             16  com.altratek.altraserver.extensions.service.chat.ChatService$HeartBeatTask
8278:             1             16  com.altratek.altraserver.extensions.service.chat.DefaultChatRemoteService
8279:             1             16  com.altratek.altraserver.extensions.service.chat.LocalShowService
8280:             1             16  com.altratek.altraserver.extensions.service.chat.UserBattleResultCache$1
8281:             1             16  com.altratek.altraserver.extensions.service.chat.chatservice.GlobalChatService
8282:             1             16  com.altratek.altraserver.extensions.service.chat.msg.extracommoninfo.ChatExtraCommonInfoGenService
8283:             1             16  com.altratek.altraserver.extensions.service.comment.DailyLimit
8284:             1             16  com.altratek.altraserver.extensions.service.comment.Topic$1
8285:             1             16  com.altratek.altraserver.extensions.service.comment.TopicCommentDao
8286:             1             16  com.altratek.altraserver.extensions.service.configurable_activity.ConfigurableActivityDefineManager
8287:             1             16  com.altratek.altraserver.extensions.service.configurable_activity.ConfigurableActivityExtension$$Lambda$101/2044249749
8288:             1             16  com.altratek.altraserver.extensions.service.configurable_activity.ConfigurableActivityHelper$1
8289:             1             16  com.altratek.altraserver.extensions.service.configurable_activity.ConfigurableActivityService
8290:             1             16  com.altratek.altraserver.extensions.service.configurable_activity.monsterteam.ConfigurableActivityTeamManager
8291:             1             16  com.altratek.altraserver.extensions.service.detect.DetectDao
8292:             1             16  com.altratek.altraserver.extensions.service.detect.DetectDb$1
8293:             1             16  com.altratek.altraserver.extensions.service.detect.DetectDb$2
8294:             1             16  com.altratek.altraserver.extensions.service.detect.DetectItem$1
8295:             1             16  com.altratek.altraserver.extensions.service.detect.DetectorArenaChallenge
8296:             1             16  com.altratek.altraserver.extensions.service.detect.DetectorClearRubbish
8297:             1             16  com.altratek.altraserver.extensions.service.detect.DetectorCollectCreature
8298:             1             16  com.altratek.altraserver.extensions.service.detect.DetectorDailyCompete
8299:             1             16  com.altratek.altraserver.extensions.service.detect.DetectorDailyCompeteBud
8300:             1             16  com.altratek.altraserver.extensions.service.detect.DetectorDailyCompeteFishing
8301:             1             16  com.altratek.altraserver.extensions.service.detect.DetectorDailyCompeteScore
8302:             1             16  com.altratek.altraserver.extensions.service.detect.DetectorDailyConsumeScore
8303:             1             16  com.altratek.altraserver.extensions.service.detect.DetectorDailyGainExp
8304:             1             16  com.altratek.altraserver.extensions.service.detect.DetectorDailyGainScore
8305:             1             16  com.altratek.altraserver.extensions.service.detect.DetectorDigStone
8306:             1             16  com.altratek.altraserver.extensions.service.detect.DetectorGainNewStarGod
8307:             1             16  com.altratek.altraserver.extensions.service.detect.DetectorGainPurpleGuardStone
8308:             1             16  com.altratek.altraserver.extensions.service.detect.DetectorGainPurpleGuardStone$DetectProgressGainPurpleGuardStone
8309:             1             16  com.altratek.altraserver.extensions.service.detect.DetectorJoinCamp
8310:             1             16  com.altratek.altraserver.extensions.service.detect.DetectorPetGainLearnAbility
8311:             1             16  com.altratek.altraserver.extensions.service.detect.DetectorPetGainLearnAbility$DetectProgressPetGainLearnAbility
8312:             1             16  com.altratek.altraserver.extensions.service.detect.DetectorPetGeniusType
8313:             1             16  com.altratek.altraserver.extensions.service.detect.DetectorPetLevelUp
8314:             1             16  com.altratek.altraserver.extensions.service.detect.DetectorSwimming
8315:             1             16  com.altratek.altraserver.extensions.service.detect.DetectorVIP
8316:             1             16  com.altratek.altraserver.extensions.service.detect.DetectorVipCharge
8317:             1             16  com.altratek.altraserver.extensions.service.detect.DetectorZhanDouLiUp
8318:             1             16  com.altratek.altraserver.extensions.service.detect.UserDetect$1
8319:             1             16  com.altratek.altraserver.extensions.service.dragontown.goldvulture.GoldVultureManager
8320:             1             16  com.altratek.altraserver.extensions.service.dragontown.goldvulture.VultureInfo$1
8321:             1             16  com.altratek.altraserver.extensions.service.dragontown.sixfairy.stonemonster.StoneMonsterInfo$1
8322:             1             16  com.altratek.altraserver.extensions.service.dragontown.sixfairy.stonemonster.StoneMonsterManager
8323:             1             16  com.altratek.altraserver.extensions.service.family.DefaultFamilyCacheRemoteService
8324:             1             16  com.altratek.altraserver.extensions.service.family.DefaultFamilyRemoteService
8325:             1             16  com.altratek.altraserver.extensions.service.family.FamilyExtension$$Lambda$41/565614157
8326:             1             16  com.altratek.altraserver.extensions.service.family.FamilyInviteJoinMsg$1
8327:             1             16  com.altratek.altraserver.extensions.service.family.FamilyJoinRequestPassMsg$1
8328:             1             16  com.altratek.altraserver.extensions.service.family.FamilyLevelDefine$1
8329:             1             16  com.altratek.altraserver.extensions.service.family.FamilyService$1
8330:             1             16  com.altratek.altraserver.extensions.service.family.RoleAndOp$1
8331:             1             16  com.altratek.altraserver.extensions.service.family.UserFamilyRemainData$1
8332:             1             16  com.altratek.altraserver.extensions.service.family.View_FamilyCommonInfo$1
8333:             1             16  com.altratek.altraserver.extensions.service.family.View_FamilyMemberInfo$1
8334:             1             16  com.altratek.altraserver.extensions.service.family.ancientpet.AncientPetMessage$1
8335:             1             16  com.altratek.altraserver.extensions.service.family.revoked.FamilyRevokedConfig$$Lambda$43/395859075
8336:             1             16  com.altratek.altraserver.extensions.service.family.revoked.FamilyRevokedConfig$$Lambda$44/1802908845
8337:             1             16  com.altratek.altraserver.extensions.service.family.revoked.FamilyRevokedConfig$$Lambda$45/1271538985
8338:             1             16  com.altratek.altraserver.extensions.service.family.revoked.FamilyRevokedConfig$$Lambda$46/1208372935
8339:             1             16  com.altratek.altraserver.extensions.service.family.revoked.FamilyRevokedConfig$$Lambda$47/493823752
8340:             1             16  com.altratek.altraserver.extensions.service.family.revoked.FamilyRevokedConfig$$Lambda$48/1197914964
8341:             1             16  com.altratek.altraserver.extensions.service.family.revoked.FamilyRevokedConfig$$Lambda$49/1570717180
8342:             1             16  com.altratek.altraserver.extensions.service.family.revoked.FamilyRevokedConfig$$Lambda$50/655700222
8343:             1             16  com.altratek.altraserver.extensions.service.family.revoked.FamilyRevokedConfig$$Lambda$51/479239919
8344:             1             16  com.altratek.altraserver.extensions.service.family.revoked.FamilyRevokedConfig$$Lambda$52/1775993609
8345:             1             16  com.altratek.altraserver.extensions.service.family.revoked.FamilyRevokedConfig$$Lambda$53/1893990599
8346:             1             16  com.altratek.altraserver.extensions.service.family.revoked.FamilyRevokedConfig$$Lambda$54/784232695
8347:             1             16  com.altratek.altraserver.extensions.service.family.revoked.FamilyRevokedConfig$$Lambda$55/918680617
8348:             1             16  com.altratek.altraserver.extensions.service.family.revoked.FamilyRevokedConfig$$Lambda$56/54000179
8349:             1             16  com.altratek.altraserver.extensions.service.family.revoked.FamilyRevokedConfig$$Lambda$57/1401233578
8350:             1             16  com.altratek.altraserver.extensions.service.family.revoked.FamilyRevokedConfig$$Lambda$58/241294309
8351:             1             16  com.altratek.altraserver.extensions.service.family.revoked.FamilyRevokedConfig$$Lambda$59/926422716
8352:             1             16  com.altratek.altraserver.extensions.service.family.revoked.FamilyRevokedConfig$$Lambda$60/191005706
8353:             1             16  com.altratek.altraserver.extensions.service.family.revoked.FamilyRevokedConfig$$Lambda$61/1905817020
8354:             1             16  com.altratek.altraserver.extensions.service.family.revoked.FamilyRevokedConfig$$Lambda$62/1906718361
8355:             1             16  com.altratek.altraserver.extensions.service.family.revoked.FamilyRevokedConfig$$Lambda$63/106714087
8356:             1             16  com.altratek.altraserver.extensions.service.family.revoked.FamilyRevokedConfig$$Lambda$64/419550706
8357:             1             16  com.altratek.altraserver.extensions.service.family.revoked.FamilyRevokedConfig$$Lambda$65/730228475
8358:             1             16  com.altratek.altraserver.extensions.service.family.revoked.FamilyRevokedConfig$$Lambda$66/1800703980
8359:             1             16  com.altratek.altraserver.extensions.service.family.revoked.FamilyRevokedConfig$$Lambda$67/267598346
8360:             1             16  com.altratek.altraserver.extensions.service.family.revoked.FamilyRevokedConfig$$Lambda$68/415940675
8361:             1             16  com.altratek.altraserver.extensions.service.family.revoked.FamilyRevokedConfig$$Lambda$69/6540319
8362:             1             16  com.altratek.altraserver.extensions.service.family.revoked.FamilyTotalScoreRankService$FamilyBakInfo$$Lambda$42/7950802
8363:             1             16  com.altratek.altraserver.extensions.service.family.revoked.FamilyTotalScoreRankService$FamilyBakInfo$1
8364:             1             16  com.altratek.altraserver.extensions.service.farm.Crop$1
8365:             1             16  com.altratek.altraserver.extensions.service.farm.CropDefine$1
8366:             1             16  com.altratek.altraserver.extensions.service.farm.ExpandLandDefine$1
8367:             1             16  com.altratek.altraserver.extensions.service.farm.FarmAction$1
8368:             1             16  com.altratek.altraserver.extensions.service.farm.FarmDao
8369:             1             16  com.altratek.altraserver.extensions.service.farm.FarmDao$CropIdAndHoleId$1
8370:             1             16  com.altratek.altraserver.extensions.service.farm.FarmEffectManager
8371:             1             16  com.altratek.altraserver.extensions.service.farm.FarmEffectManager$1
8372:             1             16  com.altratek.altraserver.extensions.service.farm.FarmGlobalInfo$1
8373:             1             16  com.altratek.altraserver.extensions.service.farm.FarmItemDefine$1
8374:             1             16  com.altratek.altraserver.extensions.service.farm.FarmLevelExpDefine$1
8375:             1             16  com.altratek.altraserver.extensions.service.farm.FarmManager
8376:             1             16  com.altratek.altraserver.extensions.service.farm.FarmVisitService
8377:             1             16  com.altratek.altraserver.extensions.service.farm.activity.fa130816.FarmActivity130816Handler
8378:             1             16  com.altratek.altraserver.extensions.service.farm.buddyrank.FarmBuddyRankManager
8379:             1             16  com.altratek.altraserver.extensions.service.farm.buddyrank.FarmBuddyRankManager$$Lambda$178/351552627
8380:             1             16  com.altratek.altraserver.extensions.service.farm.buddyrank.FarmBuddyRankManager$$Lambda$179/1090684527
8381:             1             16  com.altratek.altraserver.extensions.service.farm.collect.FarmCollectDao
8382:             1             16  com.altratek.altraserver.extensions.service.farm.collect.FarmCollectDefine$1
8383:             1             16  com.altratek.altraserver.extensions.service.farm.collect.FarmCollectInfo$1
8384:             1             16  com.altratek.altraserver.extensions.service.farm.guarder.FarmGuarderDefine
8385:             1             16  com.altratek.altraserver.extensions.service.farm.guarder.FarmGuarderXML
8386:             1             16  com.altratek.altraserver.extensions.service.farm.magic.FarmMagicDefine$1
8387:             1             16  com.altratek.altraserver.extensions.service.farm.magic.FarmSkill$1
8388:             1             16  com.altratek.altraserver.extensions.service.farm.magic.FarmWishDefine$1
8389:             1             16  com.altratek.altraserver.extensions.service.farm.material.UserCropSeed$1
8390:             1             16  com.altratek.altraserver.extensions.service.farm.material.UserCropSeed$2
8391:             1             16  com.altratek.altraserver.extensions.service.farm.material.UserCropSeeds$1
8392:             1             16  com.altratek.altraserver.extensions.service.farm.material.UserFarmItem$1
8393:             1             16  com.altratek.altraserver.extensions.service.farm.potentialfruit.Box$1
8394:             1             16  com.altratek.altraserver.extensions.service.farm.potentialfruit.BoxBeOpenedMsg$1
8395:             1             16  com.altratek.altraserver.extensions.service.farm.potentialfruit.HistoryRecord$1
8396:             1             16  com.altratek.altraserver.extensions.service.farm.potentialfruit.PF_InviteInfo$InviteeInfo$1
8397:             1             16  com.altratek.altraserver.extensions.service.farm.potentialfruit.PF_InviteInfo$InviterRecord$1
8398:             1             16  com.altratek.altraserver.extensions.service.farm.potentialfruit.PotentialFruitHandler
8399:             1             16  com.altratek.altraserver.extensions.service.farm.potentialfruit.PotentialFruitService
8400:             1             16  com.altratek.altraserver.extensions.service.farm.potentialfruit.PotentialFruitUserInfo$1
8401:             1             16  com.altratek.altraserver.extensions.service.farm.potentialfruit.ReceiveInvitationMsg$1
8402:             1             16  com.altratek.altraserver.extensions.service.fb.FbDao
8403:             1             16  com.altratek.altraserver.extensions.service.fb.FbDefineCatalog
8404:             1             16  com.altratek.altraserver.extensions.service.fb.FbUserInfo$FbInfo$1
8405:             1             16  com.altratek.altraserver.extensions.service.fight.activity.angel.AngelManager
8406:             1             16  com.altratek.altraserver.extensions.service.fight.activity.angelheartsuperevolve.AngelHeartSuperEvolveHandler
8407:             1             16  com.altratek.altraserver.extensions.service.fight.activity.angelheartsuperevolve.AngelHeartSuperEvolveInfo$1
8408:             1             16  com.altratek.altraserver.extensions.service.fight.activity.anniversaryarena.AnniversaryArenaEventListener
8409:             1             16  com.altratek.altraserver.extensions.service.fight.activity.anniversaryarena.AnniversaryArenaInfo$1
8410:             1             16  com.altratek.altraserver.extensions.service.fight.activity.anniversaryarena.AnniversaryArenaManager
8411:             1             16  com.altratek.altraserver.extensions.service.fight.activity.anniversaryarena.AnniversaryArenaSimpleDefine
8412:             1             16  com.altratek.altraserver.extensions.service.fight.activity.aresgodjob.AresGodJobHandler
8413:             1             16  com.altratek.altraserver.extensions.service.fight.activity.aresgodjob.AresGodJobInfo$1
8414:             1             16  com.altratek.altraserver.extensions.service.fight.activity.aresgodjob.AresGodJobSetGain
8415:             1             16  com.altratek.altraserver.extensions.service.fight.activity.arthursuperevolve.ArthurSuperEvolveSetGain
8416:             1             16  com.altratek.altraserver.extensions.service.fight.activity.baibansuperevolve.BaiBanSuperEvolveManager
8417:             1             16  com.altratek.altraserver.extensions.service.fight.activity.baixingfight.BaiXingFightHandler
8418:             1             16  com.altratek.altraserver.extensions.service.fight.activity.baizesuperjob.BaiZeSuperJobHandler
8419:             1             16  com.altratek.altraserver.extensions.service.fight.activity.baizesuperjob.BaiZeSuperJobSetGain
8420:             1             16  com.altratek.altraserver.extensions.service.fight.activity.beihuofight.BeiHuoFightHandler
8421:             1             16  com.altratek.altraserver.extensions.service.fight.activity.binglingwangevolve.BingLingWangEvolveDao
8422:             1             16  com.altratek.altraserver.extensions.service.fight.activity.binglingwangevolve.BingLingWangEvolveDao$ModeInfo$1
8423:             1             16  com.altratek.altraserver.extensions.service.fight.activity.binglingwangevolve.BingLingWangEvolveInfo$1
8424:             1             16  com.altratek.altraserver.extensions.service.fight.activity.binglingwangfight.BingLingWangFightHandler
8425:             1             16  com.altratek.altraserver.extensions.service.fight.activity.binglingwangfight.phases.ext.phase3.BLW_Phase3Dao
8426:             1             16  com.altratek.altraserver.extensions.service.fight.activity.binglingwangfight.phases.ext.phase3.BLW_Phase3Dao$BLW_Phase3DbInfo$1
8427:             1             16  com.altratek.altraserver.extensions.service.fight.activity.calabash.CalabashHandle
8428:             1             16  com.altratek.altraserver.extensions.service.fight.activity.chaseghostcat.ChaseGhostCatInfo$1
8429:             1             16  com.altratek.altraserver.extensions.service.fight.activity.chaseghostcat.MyStarGodStrategy
8430:             1             16  com.altratek.altraserver.extensions.service.fight.activity.chaseghostcat.MyXueXiLiStrategy
8431:             1             16  com.altratek.altraserver.extensions.service.fight.activity.darkmengmengsuperevolve.DarkMengMengSuperEvolveHandler
8432:             1             16  com.altratek.altraserver.extensions.service.fight.activity.darkmengmengsuperevolve.DarkMengMengSuperEvolveInfo$1
8433:             1             16  com.altratek.altraserver.extensions.service.fight.activity.darkspiritfirepetfight.DarkSpiritFirePetFightHandler
8434:             1             16  com.altratek.altraserver.extensions.service.fight.activity.darkspiritfirepetfight.fighthandler.Fight1Handler
8435:             1             16  com.altratek.altraserver.extensions.service.fight.activity.darkspiritfirepetfight.fighthandler.Fight2Handler
8436:             1             16  com.altratek.altraserver.extensions.service.fight.activity.darkspiritfirepetfight.fighthandler.Fight3Handler
8437:             1             16  com.altratek.altraserver.extensions.service.fight.activity.deerking.DeerKingHandler
8438:             1             16  com.altratek.altraserver.extensions.service.fight.activity.deerking.UserDeerKingInfo$1
8439:             1             16  com.altratek.altraserver.extensions.service.fight.activity.dishitiansuperevolve.DSTSuperEvolveHandle
8440:             1             16  com.altratek.altraserver.extensions.service.fight.activity.dishitiansuperevolve.DSTSuperEvolveInfo$1
8441:             1             16  com.altratek.altraserver.extensions.service.fight.activity.dragongoddessfight.DragonGoddessFightHandler
8442:             1             16  com.altratek.altraserver.extensions.service.fight.activity.duolaevolve.DuoLaEvolveHandler
8443:             1             16  com.altratek.altraserver.extensions.service.fight.activity.duolaevolve.DuoLaEvolveInfo$1
8444:             1             16  com.altratek.altraserver.extensions.service.fight.activity.fightfengci.FightFengCiHandler
8445:             1             16  com.altratek.altraserver.extensions.service.fight.activity.fivegodpetfit.FiveGodPetFitHandler
8446:             1             16  com.altratek.altraserver.extensions.service.fight.activity.gamengmengsuperevolve.GAMengMengSuperEvolveHandler
8447:             1             16  com.altratek.altraserver.extensions.service.fight.activity.gamengmengsuperevolve.GAMengMengSuperEvolveInfo$1
8448:             1             16  com.altratek.altraserver.extensions.service.fight.activity.golddragonevolve.GoldDragonEvolveHandler
8449:             1             16  com.altratek.altraserver.extensions.service.fight.activity.hanjiabestpetdeliver.HanJiaBestPetDeliverService
8450:             1             16  com.altratek.altraserver.extensions.service.fight.activity.hantiansupergodevolve.HanTianSuperGodEvolveHandler
8451:             1             16  com.altratek.altraserver.extensions.service.fight.activity.hantiansupergodevolve.HanTianSuperGodEvolveInfo$1
8452:             1             16  com.altratek.altraserver.extensions.service.fight.activity.hantiansupergodevolve.HanTianSuperGodEvolveInfoAdpter
8453:             1             16  com.altratek.altraserver.extensions.service.fight.activity.heroholyriderheart.HeroHolyRiderHeartHandler
8454:             1             16  com.altratek.altraserver.extensions.service.fight.activity.herorabbit.HeroRabbitHandler
8455:             1             16  com.altratek.altraserver.extensions.service.fight.activity.hotbloodmengmengsuperevolve.HotBloodMengMengSuperEvolveHandler
8456:             1             16  com.altratek.altraserver.extensions.service.fight.activity.hotbloodmengmengsuperevolve.HotBloodMengMengSuperEvolveInfo$1
8457:             1             16  com.altratek.altraserver.extensions.service.fight.activity.hotbloodmengmengsuperevolve.HotBloodMengMengSuperEvolveSetGain
8458:             1             16  com.altratek.altraserver.extensions.service.fight.activity.huanhuangsupergodevolve.HuanHuangSuperGodEvolveHandler
8459:             1             16  com.altratek.altraserver.extensions.service.fight.activity.huanhuangsupergodevolve.HuanHuangSuperGodEvolveSetGain
8460:             1             16  com.altratek.altraserver.extensions.service.fight.activity.iceduke.IceDukeHandler
8461:             1             16  com.altratek.altraserver.extensions.service.fight.activity.ikkitousen.IkkitousenHandle
8462:             1             16  com.altratek.altraserver.extensions.service.fight.activity.ikkitousen.IkkitousenInfo$1
8463:             1             16  com.altratek.altraserver.extensions.service.fight.activity.jigongfight.JiGongFightHandle
8464:             1             16  com.altratek.altraserver.extensions.service.fight.activity.junyan.JunYanHandler
8465:             1             16  com.altratek.altraserver.extensions.service.fight.activity.junyan.JunYanSetGain
8466:             1             16  com.altratek.altraserver.extensions.service.fight.activity.junyan.JunYanUserInfo$1
8467:             1             16  com.altratek.altraserver.extensions.service.fight.activity.kaisasuperevolve.KaiSaSuperEvolveHandler
8468:             1             16  com.altratek.altraserver.extensions.service.fight.activity.kaisasuperevolve.KaiSaSuperEvolveInfo$1
8469:             1             16  com.altratek.altraserver.extensions.service.fight.activity.kaisasuperevolve.KaiSaSuperEvolveInfoAdapter
8470:             1             16  com.altratek.altraserver.extensions.service.fight.activity.kuangbiergain.KuangBiErGainHandler
8471:             1             16  com.altratek.altraserver.extensions.service.fight.activity.legenddragonsuperevolve.LegendDragonSuperEvolveHandler
8472:             1             16  com.altratek.altraserver.extensions.service.fight.activity.legenddragonsuperevolve.LegendDragonSuperEvolveInfo$1
8473:             1             16  com.altratek.altraserver.extensions.service.fight.activity.leidunfight.LeiDunFightHandler
8474:             1             16  com.altratek.altraserver.extensions.service.fight.activity.lingfengfight.LingFengFightHandler
8475:             1             16  com.altratek.altraserver.extensions.service.fight.activity.lingfengsuperevolve.LingFengSuperEvolveHandler
8476:             1             16  com.altratek.altraserver.extensions.service.fight.activity.lingfengsuperevolve.LingFengSuperEvolveInfo$1
8477:             1             16  com.altratek.altraserver.extensions.service.fight.activity.liudaolunhuifight.LiuDaoLunHuiFightHandler
8478:             1             16  com.altratek.altraserver.extensions.service.fight.activity.longyangodsuperevolve.LongYanGodSuperEvolveHandler
8479:             1             16  com.altratek.altraserver.extensions.service.fight.activity.lyhesuperevolve.LYHESuperEvolveHandler
8480:             1             16  com.altratek.altraserver.extensions.service.fight.activity.miqilinevolve.MiQiLinEvolveHandler
8481:             1             16  com.altratek.altraserver.extensions.service.fight.activity.miqilinevolve.MiQiLinEvolveInfo$1
8482:             1             16  com.altratek.altraserver.extensions.service.fight.activity.miqilinevolve.MiQiLinEvolveSetGain
8483:             1             16  com.altratek.altraserver.extensions.service.fight.activity.mitthewssupergod.MitthewsSuperGodHandler
8484:             1             16  com.altratek.altraserver.extensions.service.fight.activity.moonshadowevolve.MoonShadowEvolveInfo$1
8485:             1             16  com.altratek.altraserver.extensions.service.fight.activity.moonshadowevolve.MoonShadowEvolveManager
8486:             1             16  com.altratek.altraserver.extensions.service.fight.activity.moonshadowking.MoonShadowKingHandler
8487:             1             16  com.altratek.altraserver.extensions.service.fight.activity.moultraevolve.MoUltraEvolveHandler
8488:             1             16  com.altratek.altraserver.extensions.service.fight.activity.moultraevolve.MoUltraEvolveUserInfo$1
8489:             1             16  com.altratek.altraserver.extensions.service.fight.activity.mozunfight.MoZunFightHandler
8490:             1             16  com.altratek.altraserver.extensions.service.fight.activity.mozunfight.MoZunFightSetGain
8491:             1             16  com.altratek.altraserver.extensions.service.fight.activity.mozunfight.phases.ext.phase123.MZF_Phase123Config
8492:             1             16  com.altratek.altraserver.extensions.service.fight.activity.mrsuperfight.MrSuperFightHandler
8493:             1             16  com.altratek.altraserver.extensions.service.fight.activity.nuoyanewsuperevolve.NuoYaNewSuperEvolveInfo$1
8494:             1             16  com.altratek.altraserver.extensions.service.fight.activity.nuoyanewsuperevolve.fight.fight12.Fight12Handler$Fight1ResultHandler
8495:             1             16  com.altratek.altraserver.extensions.service.fight.activity.nuoyanewsuperevolve.fight.fight12.Fight12Handler$Fight2ResultHandler
8496:             1             16  com.altratek.altraserver.extensions.service.fight.activity.nvwafight.NvwaHandler
8497:             1             16  com.altratek.altraserver.extensions.service.fight.activity.nvwafight.NvwaInfo$1
8498:             1             16  com.altratek.altraserver.extensions.service.fight.activity.nvwafight.NvwaSetGain
8499:             1             16  com.altratek.altraserver.extensions.service.fight.activity.oddimmortal.OddImmortalHandler
8500:             1             16  com.altratek.altraserver.extensions.service.fight.activity.pandasupergodEvolve.PandaSuperGodEvolveInfoAdapter
8501:             1             16  com.altratek.altraserver.extensions.service.fight.activity.qianniaosuperevolve.QianNiaoSuperEvolveInfo$1
8502:             1             16  com.altratek.altraserver.extensions.service.fight.activity.qianniaosuperevolve.QianNiaoSuperEvolveManager
8503:             1             16  com.altratek.altraserver.extensions.service.fight.activity.qianniaosuperevolve.QianNiaoSuperEvolveSetGain
8504:             1             16  com.altratek.altraserver.extensions.service.fight.activity.qilinsuperevolve.QiLinSuperEvolveInfo$1
8505:             1             16  com.altratek.altraserver.extensions.service.fight.activity.qinglongsuperevolve.QingLongSuperEvolveHandler
8506:             1             16  com.altratek.altraserver.extensions.service.fight.activity.qinglongsuperevolve.QingLongSuperEvolveUserInfo$1
8507:             1             16  com.altratek.altraserver.extensions.service.fight.activity.rabbitgodsupergodevolve.RabbitGodSuperGodEvolveHandler
8508:             1             16  com.altratek.altraserver.extensions.service.fight.activity.rabbitgodsupergodevolve.RabbitGodSuperGodEvolveInfo$1
8509:             1             16  com.altratek.altraserver.extensions.service.fight.activity.sgflsuperevolution.SgflsuperevolutionInfo$1
8510:             1             16  com.altratek.altraserver.extensions.service.fight.activity.shanggulingzhunevolve.ShangGuLingZhunEolveInfo$1
8511:             1             16  com.altratek.altraserver.extensions.service.fight.activity.shanggulingzhunevolve.ShangGuLingZhunEolveManager
8512:             1             16  com.altratek.altraserver.extensions.service.fight.activity.shikongsuperevolve.ShiKongEvolveManager
8513:             1             16  com.altratek.altraserver.extensions.service.fight.activity.shouhumozunSuperEvolve.ShouHuMoZunSuperEvolveInfo$1
8514:             1             16  com.altratek.altraserver.extensions.service.fight.activity.sifangform.SiFangFormHandler
8515:             1             16  com.altratek.altraserver.extensions.service.fight.activity.starbluedragongodjob.StarBlueDragonGodJobInfo$1
8516:             1             16  com.altratek.altraserver.extensions.service.fight.activity.starbluedragongodjob.StarBlueDragonSetGain
8517:             1             16  com.altratek.altraserver.extensions.service.fight.activity.superdreamevolve.SuperDreamEvolveHandler
8518:             1             16  com.altratek.altraserver.extensions.service.fight.activity.superdreamevolve.SuperDreamEvolveInfo$1
8519:             1             16  com.altratek.altraserver.extensions.service.fight.activity.supergodmozun.SuperGodMoZunHandler
8520:             1             16  com.altratek.altraserver.extensions.service.fight.activity.supergodmozun.SuperGodMoZunInfo$1
8521:             1             16  com.altratek.altraserver.extensions.service.fight.activity.supernopo.SuperNoPoInfo$1
8522:             1             16  com.altratek.altraserver.extensions.service.fight.activity.supernopo.SuperNoPoManager
8523:             1             16  com.altratek.altraserver.extensions.service.fight.activity.thesword.TheswordConfig
8524:             1             16  com.altratek.altraserver.extensions.service.fight.activity.thesword.TheswordHandler
8525:             1             16  com.altratek.altraserver.extensions.service.fight.activity.thesword.TheswordInfo$1
8526:             1             16  com.altratek.altraserver.extensions.service.fight.activity.thesword.TheswordSetGain
8527:             1             16  com.altratek.altraserver.extensions.service.fight.activity.tianyanmerge.TianYanMergeHandler
8528:             1             16  com.altratek.altraserver.extensions.service.fight.activity.tianyanmerge.TianYanMergeMsg$1
8529:             1             16  com.altratek.altraserver.extensions.service.fight.activity.timedragon.TimeDragonManager
8530:             1             16  com.altratek.altraserver.extensions.service.fight.activity.tongtianpozhenta.TTPZTHandle
8531:             1             16  com.altratek.altraserver.extensions.service.fight.activity.tongtianpozhenta.UserTTPZTInfo$1
8532:             1             16  com.altratek.altraserver.extensions.service.fight.activity.whitetigersuperevolve.WhiteTigerSuperEvolveInfo$1
8533:             1             16  com.altratek.altraserver.extensions.service.fight.activity.woodfishfight.WoodFishFightHandler
8534:             1             16  com.altratek.altraserver.extensions.service.fight.activity.xinggeevolve.XingGeEvolveHandler
8535:             1             16  com.altratek.altraserver.extensions.service.fight.activity.xingluo.XingLuoConfig
8536:             1             16  com.altratek.altraserver.extensions.service.fight.activity.xingluo.XingLuoHandler
8537:             1             16  com.altratek.altraserver.extensions.service.fight.activity.xingluo.XingLuoInfo$1
8538:             1             16  com.altratek.altraserver.extensions.service.fight.activity.xingluogodjob.XingLuoGodJobSetGain
8539:             1             16  com.altratek.altraserver.extensions.service.fight.activity.xiuersuperevolve.XiuErSuperEvolveInfo$1
8540:             1             16  com.altratek.altraserver.extensions.service.fight.activity.xiuersuperevolve.XiuErSuperEvolveManager
8541:             1             16  com.altratek.altraserver.extensions.service.fight.activity.xuanhuang.XuanHuangHandler
8542:             1             16  com.altratek.altraserver.extensions.service.fight.activity.xuanwusuperevolve.XuanWuSuperEvolveHandler
8543:             1             16  com.altratek.altraserver.extensions.service.fight.activity.yanzunsupergodevolve.YanZunSuperGodEvolveHandler
8544:             1             16  com.altratek.altraserver.extensions.service.fight.activity.yeyeevolve.YeyeEvolveManager
8545:             1             16  com.altratek.altraserver.extensions.service.fight.activity.yingdragon.YingDragonHandler
8546:             1             16  com.altratek.altraserver.extensions.service.fight.activity.yingdragon.YingDragonInfo$1
8547:             1             16  com.altratek.altraserver.extensions.service.fight.activity.yuanhuangfight.YuanHuangFightHandler
8548:             1             16  com.altratek.altraserver.extensions.service.fight.activity.yuanhuangfight.YuanHuangFightInfo$1
8549:             1             16  com.altratek.altraserver.extensions.service.fight.activity.yueshenlingfeng.YueShenLingFengInfo$1
8550:             1             16  com.altratek.altraserver.extensions.service.fight.activity.yueshenlingfeng.YueShenLingFengManager
8551:             1             16  com.altratek.altraserver.extensions.service.fight.activity.zerozeroevolve.PetInfoReader
8552:             1             16  com.altratek.altraserver.extensions.service.fight.activity.zerozeroevolve.ZeroZeroEvolveHandler
8553:             1             16  com.altratek.altraserver.extensions.service.fight.activity.zhuquesuperevolve.ZhuQueSuperEvolveInfo$1
8554:             1             16  com.altratek.altraserver.extensions.service.fight.activity.ziyafight.ZiYaFightHandler
8555:             1             16  com.altratek.altraserver.extensions.service.fight.helper.fightbuff.ext.Id102BuffWrapContainer
8556:             1             16  com.altratek.altraserver.extensions.service.fight.helper.fightbuff.ext.Id10BuffWrapContainer
8557:             1             16  com.altratek.altraserver.extensions.service.fight.helper.fightbuff.ext.Id119BuffWrapContainer
8558:             1             16  com.altratek.altraserver.extensions.service.fight.helper.fightbuff.ext.Id120BuffWrapContainer
8559:             1             16  com.altratek.altraserver.extensions.service.fight.helper.fightbuff.ext.Id131BuffWrapContainer
8560:             1             16  com.altratek.altraserver.extensions.service.fight.helper.fightbuff.ext.Id138BuffWrapContainer
8561:             1             16  com.altratek.altraserver.extensions.service.fight.helper.fightbuff.ext.Id139BuffWrapContainer
8562:             1             16  com.altratek.altraserver.extensions.service.fight.helper.fightbuff.ext.Id140BuffWrapContainer
8563:             1             16  com.altratek.altraserver.extensions.service.fight.helper.fightbuff.ext.Id141BuffWrapContainer
8564:             1             16  com.altratek.altraserver.extensions.service.fight.helper.fightbuff.ext.Id144BuffWrapContainer
8565:             1             16  com.altratek.altraserver.extensions.service.fight.helper.fightbuff.ext.Id145BuffWrapContainer
8566:             1             16  com.altratek.altraserver.extensions.service.fight.helper.fightbuff.ext.Id152BuffWrapContainer
8567:             1             16  com.altratek.altraserver.extensions.service.fight.helper.fightbuff.ext.Id153BuffWrapContainer
8568:             1             16  com.altratek.altraserver.extensions.service.fight.helper.fightbuff.ext.Id154BuffWrapContainer
8569:             1             16  com.altratek.altraserver.extensions.service.fight.helper.fightbuff.ext.Id159BuffWrapContainer
8570:             1             16  com.altratek.altraserver.extensions.service.fight.helper.fightbuff.ext.Id160BuffWrapContainer
8571:             1             16  com.altratek.altraserver.extensions.service.fight.helper.fightbuff.ext.Id161BuffWrapContainer
8572:             1             16  com.altratek.altraserver.extensions.service.fight.helper.fightbuff.ext.Id162BuffWrapContainer
8573:             1             16  com.altratek.altraserver.extensions.service.fight.helper.fightbuff.ext.Id163BuffWrapContainer
8574:             1             16  com.altratek.altraserver.extensions.service.fight.helper.fightbuff.ext.Id164BuffWrapContainer
8575:             1             16  com.altratek.altraserver.extensions.service.fight.helper.fightbuff.ext.Id167BuffWrapContainer
8576:             1             16  com.altratek.altraserver.extensions.service.fight.helper.fightbuff.ext.Id168BuffWrapContainer
8577:             1             16  com.altratek.altraserver.extensions.service.fight.helper.fightbuff.ext.Id173BuffWrapContainer
8578:             1             16  com.altratek.altraserver.extensions.service.fight.helper.fightbuff.ext.Id174BuffWrapContainer
8579:             1             16  com.altratek.altraserver.extensions.service.fight.helper.fightbuff.ext.Id175BuffWrapContainer
8580:             1             16  com.altratek.altraserver.extensions.service.fight.helper.fightbuff.ext.Id177BuffWrapContainer
8581:             1             16  com.altratek.altraserver.extensions.service.fight.helper.fightbuff.ext.Id178BuffWrapContainer
8582:             1             16  com.altratek.altraserver.extensions.service.fight.helper.fightbuff.ext.Id179BuffWrapContainer
8583:             1             16  com.altratek.altraserver.extensions.service.fight.helper.fightbuff.ext.Id180BuffWrapContainer
8584:             1             16  com.altratek.altraserver.extensions.service.fight.helper.fightbuff.ext.Id181BuffWrapContainer
8585:             1             16  com.altratek.altraserver.extensions.service.fight.helper.fightbuff.ext.Id186BuffWrapContainer
8586:             1             16  com.altratek.altraserver.extensions.service.fight.helper.fightbuff.ext.Id187BuffWrapContainer
8587:             1             16  com.altratek.altraserver.extensions.service.fight.helper.fightbuff.ext.Id196BuffWrapContainer
8588:             1             16  com.altratek.altraserver.extensions.service.fight.helper.fightbuff.ext.Id203BuffWrapContainer
8589:             1             16  com.altratek.altraserver.extensions.service.fight.helper.fightbuff.ext.Id207BuffWrapContainer
8590:             1             16  com.altratek.altraserver.extensions.service.fight.helper.fightbuff.ext.Id21BuffWrapContainer
8591:             1             16  com.altratek.altraserver.extensions.service.fight.helper.fightbuff.ext.Id22BuffWrapContainer
8592:             1             16  com.altratek.altraserver.extensions.service.fight.helper.fightbuff.ext.Id23BuffWrapContainer
8593:             1             16  com.altratek.altraserver.extensions.service.fight.helper.fightbuff.ext.Id24BuffWrapContainer
8594:             1             16  com.altratek.altraserver.extensions.service.fight.helper.fightbuff.ext.Id38BuffWrapContainer
8595:             1             16  com.altratek.altraserver.extensions.service.fight.helper.fightbuff.ext.Id39BuffWrapContainer
8596:             1             16  com.altratek.altraserver.extensions.service.fight.helper.fightbuff.ext.Id57BuffWrapContainer
8597:             1             16  com.altratek.altraserver.extensions.service.fight.helper.fightbuff.ext.Id58BuffWrapContainer
8598:             1             16  com.altratek.altraserver.extensions.service.fight.helper.fightbuff.ext.Id61BuffWrapContainer
8599:             1             16  com.altratek.altraserver.extensions.service.fight.helper.fightbuff.ext.Id62BuffWrapContainer
8600:             1             16  com.altratek.altraserver.extensions.service.fight.helper.fightbuff.ext.Id63BuffWrapContainer
8601:             1             16  com.altratek.altraserver.extensions.service.fight.helper.fightbuff.ext.Id71BuffWrapContainer
8602:             1             16  com.altratek.altraserver.extensions.service.fight.helper.fightbuff.ext.Id86BuffWrapContainer
8603:             1             16  com.altratek.altraserver.extensions.service.fight.helper.fightbuff.ext.Id9BuffWrapContainer
8604:             1             16  com.altratek.altraserver.extensions.service.fight.helper.fightbuff.ext.JunYanBuffWrapContainer
8605:             1             16  com.altratek.altraserver.extensions.service.fight.helper.myform.MyFormDao
8606:             1             16  com.altratek.altraserver.extensions.service.fight.helper.myform.MyFormDbInfo$1
8607:             1             16  com.altratek.altraserver.extensions.service.fight.helper.myform.MyFormUserInfo$1
8608:             1             16  com.altratek.altraserver.extensions.service.fight.helper.mypetcollection.MyPetDao
8609:             1             16  com.altratek.altraserver.extensions.service.fight.helper.mypetcollection.MyPetDbInfo$1
8610:             1             16  com.altratek.altraserver.extensions.service.fight.helper.mypetcollection.ext.fadepet.FadePetConfig
8611:             1             16  com.altratek.altraserver.extensions.service.fightactivity.FightActivityControler$1
8612:             1             16  com.altratek.altraserver.extensions.service.fightactivity.GlobalInfoBuilder
8613:             1             16  com.altratek.altraserver.extensions.service.fightdrillfield.FightDrillFieldConfig
8614:             1             16  com.altratek.altraserver.extensions.service.fightdrillfield.FightDrillFieldHandler
8615:             1             16  com.altratek.altraserver.extensions.service.fightdrillfield.FightDrillFieldInfo$$Lambda$270/1942967928
8616:             1             16  com.altratek.altraserver.extensions.service.fishery.Barb$1
8617:             1             16  com.altratek.altraserver.extensions.service.fishery.Fish$1
8618:             1             16  com.altratek.altraserver.extensions.service.fishery.FisheryCapacityPrice$1
8619:             1             16  com.altratek.altraserver.extensions.service.fishery.FisheryDao
8620:             1             16  com.altratek.altraserver.extensions.service.fishery.FisheryLvl2Exp$1
8621:             1             16  com.altratek.altraserver.extensions.service.fishery.FisheryService
8622:             1             16  com.altratek.altraserver.extensions.service.fishery.Fry$1
8623:             1             16  com.altratek.altraserver.extensions.service.fishery.UniqueFish$1
8624:             1             16  com.altratek.altraserver.extensions.service.fishery.UserBarbDb
8625:             1             16  com.altratek.altraserver.extensions.service.fishery.UserBarbDb$1
8626:             1             16  com.altratek.altraserver.extensions.service.fishery.UserBarbDb$2
8627:             1             16  com.altratek.altraserver.extensions.service.fishery.UserFishery$1
8628:             1             16  com.altratek.altraserver.extensions.service.fishery.UserFishery$2
8629:             1             16  com.altratek.altraserver.extensions.service.fishery.UserFisheryDao
8630:             1             16  com.altratek.altraserver.extensions.service.fishery.UserFisheryDb
8631:             1             16  com.altratek.altraserver.extensions.service.fishery.UserFisheryDb$1
8632:             1             16  com.altratek.altraserver.extensions.service.fishery.fishingmaster.CreditsTool
8633:             1             16  com.altratek.altraserver.extensions.service.fishery.fishingmaster.EnergyTool
8634:             1             16  com.altratek.altraserver.extensions.service.fishery.fishingmaster.FishingMasterManager
8635:             1             16  com.altratek.altraserver.extensions.service.fishery.fishingmaster.GameInfo$1
8636:             1             16  com.altratek.altraserver.extensions.service.fishery.material.FishDB
8637:             1             16  com.altratek.altraserver.extensions.service.fishery.material.UserFish$1
8638:             1             16  com.altratek.altraserver.extensions.service.fishery.material.UserFish$2
8639:             1             16  com.altratek.altraserver.extensions.service.fishery.material.UserFishes$1
8640:             1             16  com.altratek.altraserver.extensions.service.fishery.material.item.FisheryItem$1
8641:             1             16  com.altratek.altraserver.extensions.service.fishery.material.item.FisheryItemCache
8642:             1             16  com.altratek.altraserver.extensions.service.fishery.material.item.FisheryItemDb$1
8643:             1             16  com.altratek.altraserver.extensions.service.fishery.material.item.UseFisheryItemHandler_BigFish
8644:             1             16  com.altratek.altraserver.extensions.service.fishery.material.item.UserFisheryItem$1
8645:             1             16  com.altratek.altraserver.extensions.service.fishery.material.item.UserFisheryItem$2
8646:             1             16  com.altratek.altraserver.extensions.service.fishery.material.item.UserFisheryItems$1
8647:             1             16  com.altratek.altraserver.extensions.service.fly.FlyService
8648:             1             16  com.altratek.altraserver.extensions.service.followpet.FollowPetDefine
8649:             1             16  com.altratek.altraserver.extensions.service.freshman.ContLoginDefine$1
8650:             1             16  com.altratek.altraserver.extensions.service.freshman.FreshManDao
8651:             1             16  com.altratek.altraserver.extensions.service.freshman.FreshManInfo$1
8652:             1             16  com.altratek.altraserver.extensions.service.freshman.FreshManService
8653:             1             16  com.altratek.altraserver.extensions.service.freshman.OnlineDefine$1
8654:             1             16  com.altratek.altraserver.extensions.service.giftbox.GiftBoxConfig
8655:             1             16  com.altratek.altraserver.extensions.service.greatsearoute.ConvoyBonus$1
8656:             1             16  com.altratek.altraserver.extensions.service.greatsearoute.DefaultGreatSeaRouteRemoteService
8657:             1             16  com.altratek.altraserver.extensions.service.greatsearoute.GreatSeaRouteDefineManager
8658:             1             16  com.altratek.altraserver.extensions.service.greatsearoute.GreatSeaRouteExtension$$Lambda$92/1206584576
8659:             1             16  com.altratek.altraserver.extensions.service.greatsearoute.Navigation$1
8660:             1             16  com.altratek.altraserver.extensions.service.greatsearoute.ShipDefine$1
8661:             1             16  com.altratek.altraserver.extensions.service.greatsearoute.UserNavigateInfo$1
8662:             1             16  com.altratek.altraserver.extensions.service.heroisland.HeroIslandExtension$$Lambda$93/1541336824
8663:             1             16  com.altratek.altraserver.extensions.service.heroisland.HeroIslandInfo$1
8664:             1             16  com.altratek.altraserver.extensions.service.heroisland.HeroIslandManager
8665:             1             16  com.altratek.altraserver.extensions.service.heroisland.buff.HeroIslandBuffProvider
8666:             1             16  com.altratek.altraserver.extensions.service.heroisland.character.CharacterDTONew$1
8667:             1             16  com.altratek.altraserver.extensions.service.heroisland.character.CharacterDb
8668:             1             16  com.altratek.altraserver.extensions.service.heroisland.compete.DefaultHeroIslandCompeteRemoteService
8669:             1             16  com.altratek.altraserver.extensions.service.heroisland.compete.HeroIslandCompeteDao
8670:             1             16  com.altratek.altraserver.extensions.service.heroisland.compete.HeroIslandCompeteDao$HeroScoreRank$1
8671:             1             16  com.altratek.altraserver.extensions.service.heroisland.fairy.Hero.HeroDTONew$1
8672:             1             16  com.altratek.altraserver.extensions.service.heroisland.fairy.Hero.HeroDao
8673:             1             16  com.altratek.altraserver.extensions.service.heroisland.fb.HeroIslandFbManager
8674:             1             16  com.altratek.altraserver.extensions.service.heroisland.formation.HeroFormation$1
8675:             1             16  com.altratek.altraserver.extensions.service.heroisland.formation.HeroFormationDao
8676:             1             16  com.altratek.altraserver.extensions.service.heroisland.herofriend.StrangerMan
8677:             1             16  com.altratek.altraserver.extensions.service.heroisland.herofriend.StrangerManDao
8678:             1             16  com.altratek.altraserver.extensions.service.heroisland.herofriend.StrangerManDao$HeroUser$1
8679:             1             16  com.altratek.altraserver.extensions.service.heroisland.herostrangethrank.HeroRank$1
8680:             1             16  com.altratek.altraserver.extensions.service.heroisland.herostrangethrank.HeroStrangethRankDao
8681:             1             16  com.altratek.altraserver.extensions.service.homeland.DefaultHomeLandRemoteService
8682:             1             16  com.altratek.altraserver.extensions.service.homeland.HomeLandInviteJoinMsg$1
8683:             1             16  com.altratek.altraserver.extensions.service.homeland.HomeLandJoinRequestPassMsg$1
8684:             1             16  com.altratek.altraserver.extensions.service.homeland.HomeLandManager
8685:             1             16  com.altratek.altraserver.extensions.service.homeland.HomeLandService$1
8686:             1             16  com.altratek.altraserver.extensions.service.homeland.cache.DefaultHomeLandCacheRemoteService
8687:             1             16  com.altratek.altraserver.extensions.service.homeland.cache.HomeLandCacheHandle
8688:             1             16  com.altratek.altraserver.extensions.service.homeland.facility.HomeLandFacilityDaoService
8689:             1             16  com.altratek.altraserver.extensions.service.homeland.homelanddragon.DefaultHomeLandDragonRemoteService
8690:             1             16  com.altratek.altraserver.extensions.service.homeland.homelanddragon.HomeLandDragonDao
8691:             1             16  com.altratek.altraserver.extensions.service.homeland.homelanddragon.HomeLandDragonHandle
8692:             1             16  com.altratek.altraserver.extensions.service.homeland.homelanddragon.HomeLandDragonService
8693:             1             16  com.altratek.altraserver.extensions.service.homeland.homelanddragon.UserCombineRoomInfo$1
8694:             1             16  com.altratek.altraserver.extensions.service.homeland.homelanddragon.UserHomeLandDragonInfo$1
8695:             1             16  com.altratek.altraserver.extensions.service.homeland.homelandparty.DefaultHomeLandPartyRemoteService
8696:             1             16  com.altratek.altraserver.extensions.service.homeland.homelandparty.HomeLandPartyHandle
8697:             1             16  com.altratek.altraserver.extensions.service.homeland.homelandparty.UserHomeLandPartyInfo$1
8698:             1             16  com.altratek.altraserver.extensions.service.homeland.map.UserHomeLandMapInfo$1
8699:             1             16  com.altratek.altraserver.extensions.service.homeland.newcomertask.NewComerTaskHandle
8700:             1             16  com.altratek.altraserver.extensions.service.homeland.newcomertask.UserNewComerTaskInfo$1
8701:             1             16  com.altratek.altraserver.extensions.service.homeland.task.HomeLandTaskDao
8702:             1             16  com.altratek.altraserver.extensions.service.homeland.task.UserHomeLandTaskInfo$1
8703:             1             16  com.altratek.altraserver.extensions.service.homeland.viewdata.View_HomeLandCommonInfo$1
8704:             1             16  com.altratek.altraserver.extensions.service.homeland.viewdata.View_HomeLandInviteInfo$1
8705:             1             16  com.altratek.altraserver.extensions.service.homeland.viewdata.View_HomeLandMemberInfo$1
8706:             1             16  com.altratek.altraserver.extensions.service.house.HouseBuddyRankService
8707:             1             16  com.altratek.altraserver.extensions.service.house.HouseBuddyRankService$$Lambda$172/1405441902
8708:             1             16  com.altratek.altraserver.extensions.service.house.HouseBuddyRankService$$Lambda$174/1746980707
8709:             1             16  com.altratek.altraserver.extensions.service.house.HouseBuddyRankService$$Lambda$176/1837958388
8710:             1             16  com.altratek.altraserver.extensions.service.house.HouseBuddyRankService$$Lambda$177/1537582377
8711:             1             16  com.altratek.altraserver.extensions.service.house.HouseRedisHelper
8712:             1             16  com.altratek.altraserver.extensions.service.house.HouseService
8713:             1             16  com.altratek.altraserver.extensions.service.house.furniture.CurrentFurnitureDao
8714:             1             16  com.altratek.altraserver.extensions.service.house.furniture.HouseFurniture$1
8715:             1             16  com.altratek.altraserver.extensions.service.house.furniture.UserHouse$1
8716:             1             16  com.altratek.altraserver.extensions.service.livecommenting.LiveCommentingService
8717:             1             16  com.altratek.altraserver.extensions.service.login.activity.la130927.LoginActivity130927Handler
8718:             1             16  com.altratek.altraserver.extensions.service.login.activity.la131001.LoginActivity131001Handler
8719:             1             16  com.altratek.altraserver.extensions.service.login.activity.la131011.LoginActivity131011Handler
8720:             1             16  com.altratek.altraserver.extensions.service.login.activity.la140129.LoginActivity140129Handler
8721:             1             16  com.altratek.altraserver.extensions.service.login.activity.la140214.LoginActivity140214Handler
8722:             1             16  com.altratek.altraserver.extensions.service.login.activity.la140221.LoginActivity140221Handler
8723:             1             16  com.altratek.altraserver.extensions.service.login.activity.la140411.LoginActivityConfig
8724:             1             16  com.altratek.altraserver.extensions.service.login.activity.la140425.LoginActivity20140425Handler
8725:             1             16  com.altratek.altraserver.extensions.service.login.activity.la160608.LoginActivity20160608Handler
8726:             1             16  com.altratek.altraserver.extensions.service.mailbox.BroadcastMail$1
8727:             1             16  com.altratek.altraserver.extensions.service.mailbox.Letter$1
8728:             1             16  com.altratek.altraserver.extensions.service.mailbox.MailBoxDao
8729:             1             16  com.altratek.altraserver.extensions.service.mailbox.SysPaper$1
8730:             1             16  com.altratek.altraserver.extensions.service.mainpetultraevolve.MainPetUltraEvolveManager
8731:             1             16  com.altratek.altraserver.extensions.service.mainpetultraevolve.dragonultraevolve.DragonUltraEvolveManager
8732:             1             16  com.altratek.altraserver.extensions.service.mainpetultraevolve.kulaultraevolve.KuLaUltraEvolveManager
8733:             1             16  com.altratek.altraserver.extensions.service.mainpetultraevolve.lanluultraevolve.LanLuUltraEvolveManager
8734:             1             16  com.altratek.altraserver.extensions.service.mainpetultraevolve.lingfengultraevolve.LingFengUltraEvolveHandler
8735:             1             16  com.altratek.altraserver.extensions.service.mainpetultraevolve.lingfengultraevolve.UserLFInfo$1
8736:             1             16  com.altratek.altraserver.extensions.service.mainpetultraevolve.nuoyaevolve.NuoYaEvolveManager
8737:             1             16  com.altratek.altraserver.extensions.service.mainpetultraevolve.nuoyaevolve.NuoYaEvolveUserInfo$1
8738:             1             16  com.altratek.altraserver.extensions.service.master_apprentice.MasterApprenticeDao
8739:             1             16  com.altratek.altraserver.extensions.service.master_apprentice.MasterInfo$1
8740:             1             16  com.altratek.altraserver.extensions.service.master_apprenticev2.DefaultMasterApprenticeV2RemoteService
8741:             1             16  com.altratek.altraserver.extensions.service.master_apprenticev2.MALogger
8742:             1             16  com.altratek.altraserver.extensions.service.master_apprenticev2.MasterApprenticeV2Dao$CandidateInfo$1
8743:             1             16  com.altratek.altraserver.extensions.service.master_apprenticev2.MasterApprenticeV2Helper$1
8744:             1             16  com.altratek.altraserver.extensions.service.master_apprenticev2.MasterApprenticeV2Info$1
8745:             1             16  com.altratek.altraserver.extensions.service.master_apprenticev2.MasterApprenticeV2Message$1
8746:             1             16  com.altratek.altraserver.extensions.service.material.bonus.ValidFactory_HasTitle$Valid_HasTitle
8747:             1             16  com.altratek.altraserver.extensions.service.material.data.MaterialBatchParam
8748:             1             16  com.altratek.altraserver.extensions.service.material.define.ClientRecycle$1
8749:             1             16  com.altratek.altraserver.extensions.service.material.define.GetApproachLimit$1
8750:             1             16  com.altratek.altraserver.extensions.service.material.doublecrop.DoubleCropService$1
8751:             1             16  com.altratek.altraserver.extensions.service.material.doublecrop.DoubleCropsDao
8752:             1             16  com.altratek.altraserver.extensions.service.material.doublecrop.UserDoubleCrop$1
8753:             1             16  com.altratek.altraserver.extensions.service.material.extend.antiquit.Antiquit$1
8754:             1             16  com.altratek.altraserver.extensions.service.material.extend.antiquit.UserAntiquit$1
8755:             1             16  com.altratek.altraserver.extensions.service.material.extend.clothes.ClothCollectService
8756:             1             16  com.altratek.altraserver.extensions.service.material.extend.clothes.Clothes$1
8757:             1             16  com.altratek.altraserver.extensions.service.material.extend.clothes.ClothesDao$1
8758:             1             16  com.altratek.altraserver.extensions.service.material.extend.clothes.UserClothes$1
8759:             1             16  com.altratek.altraserver.extensions.service.material.extend.combination.Combination$1
8760:             1             16  com.altratek.altraserver.extensions.service.material.extend.flower.Flower$1
8761:             1             16  com.altratek.altraserver.extensions.service.material.extend.flower.FlowerCache
8762:             1             16  com.altratek.altraserver.extensions.service.material.extend.flower.FlowerDaoDb$1
8763:             1             16  com.altratek.altraserver.extensions.service.material.extend.flower.UserFlower$1
8764:             1             16  com.altratek.altraserver.extensions.service.material.extend.flower.UserFlower$2
8765:             1             16  com.altratek.altraserver.extensions.service.material.extend.flower.UserFlowers$1
8766:             1             16  com.altratek.altraserver.extensions.service.material.extend.fossil.Fossil$1
8767:             1             16  com.altratek.altraserver.extensions.service.material.extend.fossil.UserFossil$1
8768:             1             16  com.altratek.altraserver.extensions.service.material.extend.fossil.UserFossilCache$1
8769:             1             16  com.altratek.altraserver.extensions.service.material.extend.furniture.Furniture$1
8770:             1             16  com.altratek.altraserver.extensions.service.material.extend.furniture.FurnitureDao
8771:             1             16  com.altratek.altraserver.extensions.service.material.extend.furniture.FurnitureDb$1
8772:             1             16  com.altratek.altraserver.extensions.service.material.extend.furniture.UserFurniture$1
8773:             1             16  com.altratek.altraserver.extensions.service.material.extend.furniture.UserFurnitures$1
8774:             1             16  com.altratek.altraserver.extensions.service.material.extend.guardstone.GuardStone$1
8775:             1             16  com.altratek.altraserver.extensions.service.material.extend.guardstone.UserGuardStone$1
8776:             1             16  com.altratek.altraserver.extensions.service.material.extend.housecollection.HouseCollection$1
8777:             1             16  com.altratek.altraserver.extensions.service.material.extend.housecollection.UserHouseCollection$1
8778:             1             16  com.altratek.altraserver.extensions.service.material.extend.housecollection.UserHouseCollectionAll$1
8779:             1             16  com.altratek.altraserver.extensions.service.material.extend.item.Item$1
8780:             1             16  com.altratek.altraserver.extensions.service.material.extend.item.ItemCache
8781:             1             16  com.altratek.altraserver.extensions.service.material.extend.item.ItemDb$1
8782:             1             16  com.altratek.altraserver.extensions.service.material.extend.item.UserItem$1
8783:             1             16  com.altratek.altraserver.extensions.service.material.extend.item.UserItem$2
8784:             1             16  com.altratek.altraserver.extensions.service.material.extend.item.UserItems$1
8785:             1             16  com.altratek.altraserver.extensions.service.material.extend.materialcount.MCountExtraHandler_AutoFightWildCreep
8786:             1             16  com.altratek.altraserver.extensions.service.material.extend.materialcount.MCountExtraHandler_ZhanHunBless
8787:             1             16  com.altratek.altraserver.extensions.service.material.extend.materialcount.MaterialCount$1
8788:             1             16  com.altratek.altraserver.extensions.service.material.extend.materialcount.MaterialCountDao$MaterialDao_MaterialCount
8789:             1             16  com.altratek.altraserver.extensions.service.material.extend.materialcount.MaterialCountDb$1
8790:             1             16  com.altratek.altraserver.extensions.service.material.extend.materialcount.UserMCount$1
8791:             1             16  com.altratek.altraserver.extensions.service.material.extend.materialcount.UserMCounts$1
8792:             1             16  com.altratek.altraserver.extensions.service.material.extend.nicknamecard.NickNameCard$1
8793:             1             16  com.altratek.altraserver.extensions.service.material.extend.nicknamecard.UserNickNameCard$1
8794:             1             16  com.altratek.altraserver.extensions.service.material.extend.nicknamecard.UserNickNameCardAll$1
8795:             1             16  com.altratek.altraserver.extensions.service.material.extend.perioditem.PeriodItem$1
8796:             1             16  com.altratek.altraserver.extensions.service.material.extend.petegg.PetEgg$1
8797:             1             16  com.altratek.altraserver.extensions.service.material.extend.petegg.UserPetEgg$1
8798:             1             16  com.altratek.altraserver.extensions.service.material.extend.score.Score$1
8799:             1             16  com.altratek.altraserver.extensions.service.material.extend.score.ScoreDb$1
8800:             1             16  com.altratek.altraserver.extensions.service.material.extend.score.UserScore$1
8801:             1             16  com.altratek.altraserver.extensions.service.material.extend.score.UserScore$2
8802:             1             16  com.altratek.altraserver.extensions.service.material.extend.score.UserScores$1
8803:             1             16  com.altratek.altraserver.extensions.service.material.extend.shootcard.ShootCard$1
8804:             1             16  com.altratek.altraserver.extensions.service.material.extend.shootcard.UserShootCard$1
8805:             1             16  com.altratek.altraserver.extensions.service.material.manager.ipl.CommonBonusManager
8806:             1             16  com.altratek.altraserver.extensions.service.material.manager.ipl.UnionManager
8807:             1             16  com.altratek.altraserver.extensions.service.material.service.BattleItemService
8808:             1             16  com.altratek.altraserver.extensions.service.material.service.GainService
8809:             1             16  com.altratek.altraserver.extensions.service.material.service.MaterialService
8810:             1             16  com.altratek.altraserver.extensions.service.material.service.RecycleService
8811:             1             16  com.altratek.altraserver.extensions.service.material.service.RecycleThenGainService
8812:             1             16  com.altratek.altraserver.extensions.service.material.service.gather.GatherDefine$1
8813:             1             16  com.altratek.altraserver.extensions.service.material.service.gather.UserGatherInfo$1
8814:             1             16  com.altratek.altraserver.extensions.service.material.service.goods.Formula$1
8815:             1             16  com.altratek.altraserver.extensions.service.material.service.goods.FormulaService
8816:             1             16  com.altratek.altraserver.extensions.service.material.service.goods.Goods$1
8817:             1             16  com.altratek.altraserver.extensions.service.material.service.goods.Pack$1
8818:             1             16  com.altratek.altraserver.extensions.service.material.service.goods.RandFormula$1
8819:             1             16  com.altratek.altraserver.extensions.service.material.service.goods.card.RebateCard$1
8820:             1             16  com.altratek.altraserver.extensions.service.material.service.goods.card.UserRebateCard$1
8821:             1             16  com.altratek.altraserver.extensions.service.material.service.goods.card.UserRebateCardDao
8822:             1             16  com.altratek.altraserver.extensions.service.material.service.goods.card.UserRebateCardDb
8823:             1             16  com.altratek.altraserver.extensions.service.material.service.goods.card.UserRebateCards$1
8824:             1             16  com.altratek.altraserver.extensions.service.material.service.goods.card.UserRebateCards$2
8825:             1             16  com.altratek.altraserver.extensions.service.material.service.use.MaterialUseFactory$1
8826:             1             16  com.altratek.altraserver.extensions.service.material.service.use.MaterialUseService
8827:             1             16  com.altratek.altraserver.extensions.service.money.MoneyManager
8828:             1             16  com.altratek.altraserver.extensions.service.money.MoneyManager$1
8829:             1             16  com.altratek.altraserver.extensions.service.nobleclub.NobleCommonInfo$1
8830:             1             16  com.altratek.altraserver.extensions.service.nobleclub.NobleCommonInfo$2
8831:             1             16  com.altratek.altraserver.extensions.service.nobleclub.NobleCommonManager
8832:             1             16  com.altratek.altraserver.extensions.service.nobleclub.NobleDefaultService
8833:             1             16  com.altratek.altraserver.extensions.service.nobleclub.fans.NobleFansAttentions$1
8834:             1             16  com.altratek.altraserver.extensions.service.nobleclub.fans.NobleFansManager
8835:             1             16  com.altratek.altraserver.extensions.service.nobleclub.fans.NobleFansService
8836:             1             16  com.altratek.altraserver.extensions.service.nobleclub.perfectpet.NoblePerfectPetConfig
8837:             1             16  com.altratek.altraserver.extensions.service.nobleclub.wishtable.WishTableXmlReader
8838:             1             16  com.altratek.altraserver.extensions.service.npcbuddy.NpcBattleBlessService$1
8839:             1             16  com.altratek.altraserver.extensions.service.npcbuddy.NpcBuddy$1
8840:             1             16  com.altratek.altraserver.extensions.service.npcbuddy.NpcBuddyActivityManager
8841:             1             16  com.altratek.altraserver.extensions.service.npcbuddy.NpcBuddyBonusDao
8842:             1             16  com.altratek.altraserver.extensions.service.npcbuddy.NpcBuddyBonusGainInfo$1
8843:             1             16  com.altratek.altraserver.extensions.service.npcbuddy.NpcBuddyDao
8844:             1             16  com.altratek.altraserver.extensions.service.npcbuddy.NpcFightScoreFormula$1
8845:             1             16  com.altratek.altraserver.extensions.service.npcbuddy.NpcItemDefine$1
8846:             1             16  com.altratek.altraserver.extensions.service.oneoff.OneOff_Timeless
8847:             1             16  com.altratek.altraserver.extensions.service.oneoff.OneOff_Weekly
8848:             1             16  com.altratek.altraserver.extensions.service.pay.DiamondOperationRecorder
8849:             1             16  com.altratek.altraserver.extensions.service.pay.activity.diamondexchange.DiamondExchangeHandler
8850:             1             16  com.altratek.altraserver.extensions.service.pay.activity.diamondexchange.PrizeConfig20170113
8851:             1             16  com.altratek.altraserver.extensions.service.pay.activity.diamondexchange.PrizeConfig20170210
8852:             1             16  com.altratek.altraserver.extensions.service.pay.activity.diamondexchange.PrizeConfig20170414
8853:             1             16  com.altratek.altraserver.extensions.service.pay.activity.pa130823.PayActivity130823Handler
8854:             1             16  com.altratek.altraserver.extensions.service.pay.activity.pay160909.PayActivity160909Config
8855:             1             16  com.altratek.altraserver.extensions.service.pay.activity.pay160909.PayActivity160909Handler
8856:             1             16  com.altratek.altraserver.extensions.service.pay.activity.pay160909.PayActivity160909HandlerAdapter
8857:             1             16  com.altratek.altraserver.extensions.service.pay.charge.PayChargeService
8858:             1             16  com.altratek.altraserver.extensions.service.pet_collection.OwnPetManager
8859:             1             16  com.altratek.altraserver.extensions.service.pet_collection.PetCollectionBonus$1
8860:             1             16  com.altratek.altraserver.extensions.service.pet_collection.PetCollectionBonusDao
8861:             1             16  com.altratek.altraserver.extensions.service.pet_collection.PetCollectionExtension$$Lambda$86/1420994805
8862:             1             16  com.altratek.altraserver.extensions.service.pet_collection.UserPetCollectionDb
8863:             1             16  com.altratek.altraserver.extensions.service.pet_collection.UserPetCollectionDb$1
8864:             1             16  com.altratek.altraserver.extensions.service.pet_collection.UserPetCollectionDb$2
8865:             1             16  com.altratek.altraserver.extensions.service.pet_collection.UserPetCollectionInfo$1
8866:             1             16  com.altratek.altraserver.extensions.service.pet_collection.mustpracticepets.MustPracticePetsDao
8867:             1             16  com.altratek.altraserver.extensions.service.pet_collection.mustpracticepets.MustPracticePetsDao$PetInfo$1
8868:             1             16  com.altratek.altraserver.extensions.service.pet_collection.mustpracticepets.MustPracticePetsHandler
8869:             1             16  com.altratek.altraserver.extensions.service.pet_collection.mustpracticepets.MustPracticePetsInfo$1
8870:             1             16  com.altratek.altraserver.extensions.service.pet_collection.petracestatistics.PetStatisticsManager
8871:             1             16  com.altratek.altraserver.extensions.service.pet_collection.petracestatistics.PetStatisticsService
8872:             1             16  com.altratek.altraserver.extensions.service.pet_collection.petracestatistics.UserPetRaceStatisticsInfo$1
8873:             1             16  com.altratek.altraserver.extensions.service.petbar.PetBarCache$1
8874:             1             16  com.altratek.altraserver.extensions.service.petbar.PetBarDefine
8875:             1             16  com.altratek.altraserver.extensions.service.petbar.PetBarManager
8876:             1             16  com.altratek.altraserver.extensions.service.petbar.PetBarNode
8877:             1             16  com.altratek.altraserver.extensions.service.petgift.PetGiftDao
8878:             1             16  com.altratek.altraserver.extensions.service.petgift.PetGiftUserInfo$1
8879:             1             16  com.altratek.altraserver.extensions.service.petgift.RankUnit$1
8880:             1             16  com.altratek.altraserver.extensions.service.petpark.antiquiteasygot.AntiquitEasyGotHandler
8881:             1             16  com.altratek.altraserver.extensions.service.petpark.archlgy.ArchlgyPlayer$1
8882:             1             16  com.altratek.altraserver.extensions.service.petpark.beforetask.BeforeTaskInfo$1
8883:             1             16  com.altratek.altraserver.extensions.service.petpark.beforetask.BeforeTaskManager
8884:             1             16  com.altratek.altraserver.extensions.service.petpark.fossil3to1.Fossil3To1Info$1
8885:             1             16  com.altratek.altraserver.extensions.service.petpark.fossilbreed.db.FossilBreedCache$1
8886:             1             16  com.altratek.altraserver.extensions.service.petpark.fossilbreed.db.FossilBreedCache$GainPetTimes$1
8887:             1             16  com.altratek.altraserver.extensions.service.petpark.fossilbreed.db.FossilInfo$1
8888:             1             16  com.altratek.altraserver.extensions.service.petpark.global.GlobalInfo$1
8889:             1             16  com.altratek.altraserver.extensions.service.petpark.global.GlobalInfoCache$1
8890:             1             16  com.altratek.altraserver.extensions.service.petpark.global.PetParkGlobalHandler
8891:             1             16  com.altratek.altraserver.extensions.service.petpark.global.PocketMonsterRank$PocketMonsterRankItem$1
8892:             1             16  com.altratek.altraserver.extensions.service.petpark.market.MakePairMessage$1
8893:             1             16  com.altratek.altraserver.extensions.service.petpark.marketv2.DefaultMarketV2RemoteService
8894:             1             16  com.altratek.altraserver.extensions.service.petpark.marketv2.MarketV2Info$1
8895:             1             16  com.altratek.altraserver.extensions.service.petpark.newarchlgy.NewArchlgyHandle
8896:             1             16  com.altratek.altraserver.extensions.service.petpark.newarchlgy.UserNewArchlgyInfo$1
8897:             1             16  com.altratek.altraserver.extensions.service.petpark.petfeedplan.PetFeedPlanHandler
8898:             1             16  com.altratek.altraserver.extensions.service.petpark.score.ScorePetParkHandler
8899:             1             16  com.altratek.altraserver.extensions.service.petpark.specialsalestore.GoodInfoDirector
8900:             1             16  com.altratek.altraserver.extensions.service.petpark.specialsalestore.SpecialSaleStoreHandler
8901:             1             16  com.altratek.altraserver.extensions.service.petpark.specialsalestore.SpecialSaleStoreInfo$1
8902:             1             16  com.altratek.altraserver.extensions.service.petpark.stablebreed.SBExternalService
8903:             1             16  com.altratek.altraserver.extensions.service.petpark.stablebreed.db.SBPetInfo$1
8904:             1             16  com.altratek.altraserver.extensions.service.petpark.stablebreed.db.SBPetInfoCache$1
8905:             1             16  com.altratek.altraserver.extensions.service.pettryuse.PetTryUseConfig
8906:             1             16  com.altratek.altraserver.extensions.service.pettryuse.PetTryUseHandler
8907:             1             16  com.altratek.altraserver.extensions.service.pettryuse.PetTryUseHandler$$Lambda$271/18195213
8908:             1             16  com.altratek.altraserver.extensions.service.pjx.PJXExtension$$Lambda$29/499916959
8909:             1             16  com.altratek.altraserver.extensions.service.pjx.base.define.StorableOtherPlayer$1
8910:             1             16  com.altratek.altraserver.extensions.service.pjx.base.define.StorablePlayer$1
8911:             1             16  com.altratek.altraserver.extensions.service.pjx.base.define.StorableTrainingPlayer$1
8912:             1             16  com.altratek.altraserver.extensions.service.pjx.base.define.pet.PetConfigReader
8913:             1             16  com.altratek.altraserver.extensions.service.pjx.base.define.pet.catalog.BattleItemCatalog
8914:             1             16  com.altratek.altraserver.extensions.service.pjx.battle.BattleDao
8915:             1             16  com.altratek.altraserver.extensions.service.pjx.battle.BattleDao$1
8916:             1             16  com.altratek.altraserver.extensions.service.pjx.battle.BattleService
8917:             1             16  com.altratek.altraserver.extensions.service.pjx.battle.ext.FightTaskMonsterService
8918:             1             16  com.altratek.altraserver.extensions.service.pjx.battle.ext.FightWildCreepService
8919:             1             16  com.altratek.altraserver.extensions.service.pjx.battle.ext.HomesteadChallengeService
8920:             1             16  com.altratek.altraserver.extensions.service.pjx.battlerecord.BattleRecordManager
8921:             1             16  com.altratek.altraserver.extensions.service.pjx.creature.pet.ExpAdjustor
8922:             1             16  com.altratek.altraserver.extensions.service.pjx.creature.pet.Pet$1
8923:             1             16  com.altratek.altraserver.extensions.service.pjx.creature.pet.PetDTONews$1
8924:             1             16  com.altratek.altraserver.extensions.service.pjx.creature.pet.PetDb$1
8925:             1             16  com.altratek.altraserver.extensions.service.pjx.creature.pet.PetService
8926:             1             16  com.altratek.altraserver.extensions.service.pjx.creature.pet.StorablePet$1
8927:             1             16  com.altratek.altraserver.extensions.service.pjx.creature.pet.VipPrivilege_Pet
8928:             1             16  com.altratek.altraserver.extensions.service.pjx.creature.pet.petcontract.ContractDao
8929:             1             16  com.altratek.altraserver.extensions.service.pjx.creature.pet.petcontract.ContractDao$SummonInfo$1
8930:             1             16  com.altratek.altraserver.extensions.service.pjx.creature.pet.petcontract.ContractHandler
8931:             1             16  com.altratek.altraserver.extensions.service.pjx.creature.pet.petcontract.ContractUserInfo$2
8932:             1             16  com.altratek.altraserver.extensions.service.pjx.creature.pet.service.BasePropertyService
8933:             1             16  com.altratek.altraserver.extensions.service.pjx.creature.pet.service.PetDisplayService
8934:             1             16  com.altratek.altraserver.extensions.service.pjx.creature.pet.service.PetEvolveService
8935:             1             16  com.altratek.altraserver.extensions.service.pjx.creature.pet.service.PetExpService
8936:             1             16  com.altratek.altraserver.extensions.service.pjx.creature.pet.service.PetGainDeleteService
8937:             1             16  com.altratek.altraserver.extensions.service.pjx.creature.pet.service.PetGeniusService
8938:             1             16  com.altratek.altraserver.extensions.service.pjx.creature.pet.service.PetHealService
8939:             1             16  com.altratek.altraserver.extensions.service.pjx.creature.pet.service.PetPackService
8940:             1             16  com.altratek.altraserver.extensions.service.pjx.creature.pet.service.PetPotentialService
8941:             1             16  com.altratek.altraserver.extensions.service.pjx.creature.pet.service.PetPotentialService$UserPotential
8942:             1             16  com.altratek.altraserver.extensions.service.pjx.creature.pet.service.PetPotentialService$UserPotential$1
8943:             1             16  com.altratek.altraserver.extensions.service.pjx.creature.pet.service.PetTrainingService
8944:             1             16  com.altratek.altraserver.extensions.service.pjx.dragon.DragonCombineService
8945:             1             16  com.altratek.altraserver.extensions.service.pjx.dragon.DragonDao
8946:             1             16  com.altratek.altraserver.extensions.service.pjx.dragon.DragonService
8947:             1             16  com.altratek.altraserver.extensions.service.pjx.dragon.UserDragon$1
8948:             1             16  com.altratek.altraserver.extensions.service.pjx.dragon.UserDragonCache$1
8949:             1             16  com.altratek.altraserver.extensions.service.pjx.dragonsoul.v2.DragonSoulHandler
8950:             1             16  com.altratek.altraserver.extensions.service.pjx.dragonsoul.v2.SoulLevelDefine$1
8951:             1             16  com.altratek.altraserver.extensions.service.pjx.dragonsoul.v2.SoulLevelUpCost$1
8952:             1             16  com.altratek.altraserver.extensions.service.pjx.dragonsoul.v2.UserDragonSoul$1
8953:             1             16  com.altratek.altraserver.extensions.service.pjx.dragonsoul.v2.UserDragonSouls$1
8954:             1             16  com.altratek.altraserver.extensions.service.pjx.equipment.EquipInfo$1
8955:             1             16  com.altratek.altraserver.extensions.service.pjx.equipment.EquipInternalService
8956:             1             16  com.altratek.altraserver.extensions.service.pjx.equipment.formula.EquipFormulaHandler
8957:             1             16  com.altratek.altraserver.extensions.service.pjx.equipmentmaterial.Activity0331Service$ClearTask
8958:             1             16  com.altratek.altraserver.extensions.service.pjx.equipmentmaterial.EquipmentMaterialHandler
8959:             1             16  com.altratek.altraserver.extensions.service.pjx.equipmentmaterial.EquipmentMaterialUserInfo$1
8960:             1             16  com.altratek.altraserver.extensions.service.pjx.equipmentmaterial.ext.act170428.AXiuRidePetInfo$1
8961:             1             16  com.altratek.altraserver.extensions.service.pjx.equipmentmaterial.ext.act170428.AXiuRidePetService
8962:             1             16  com.altratek.altraserver.extensions.service.pjx.familybless.BlessLevelDefine$1
8963:             1             16  com.altratek.altraserver.extensions.service.pjx.familybless.BlessOpenDefine$1
8964:             1             16  com.altratek.altraserver.extensions.service.pjx.familybless.FamilyBlessDefine
8965:             1             16  com.altratek.altraserver.extensions.service.pjx.familybless.FamilyBlessService$1
8966:             1             16  com.altratek.altraserver.extensions.service.pjx.familybless.UserFamilyBless$1
8967:             1             16  com.altratek.altraserver.extensions.service.pjx.formation.Formation$1
8968:             1             16  com.altratek.altraserver.extensions.service.pjx.formation.Formation$2
8969:             1             16  com.altratek.altraserver.extensions.service.pjx.hatch.HatchService$1
8970:             1             16  com.altratek.altraserver.extensions.service.pjx.hatch.SingleHatcherInfo$1
8971:             1             16  com.altratek.altraserver.extensions.service.pjx.kingroad.KingRoadXML
8972:             1             16  com.altratek.altraserver.extensions.service.pjx.kingroad.advance.KingRoadAdvanceManager
8973:             1             16  com.altratek.altraserver.extensions.service.pjx.kingroad.bashake.BashakeManager
8974:             1             16  com.altratek.altraserver.extensions.service.pjx.kingroad.holysword.HolySwordDao
8975:             1             16  com.altratek.altraserver.extensions.service.pjx.kingroad.holysword.HolySwordInfo$DbInfo$1
8976:             1             16  com.altratek.altraserver.extensions.service.pjx.kingroad.holysword.HolySwordManager
8977:             1             16  com.altratek.altraserver.extensions.service.pjx.kingroad.jingzhiyin20140613.JingZhiYinConfig
8978:             1             16  com.altratek.altraserver.extensions.service.pjx.kingroad.lizhiyin.LiZhiYinConfig
8979:             1             16  com.altratek.altraserver.extensions.service.pjx.kingroad.lizhiyin.LiZhiYinManager
8980:             1             16  com.altratek.altraserver.extensions.service.pjx.kingroad.super4.SuperManager
8981:             1             16  com.altratek.altraserver.extensions.service.pjx.kingroad.super5.Super5Manager
8982:             1             16  com.altratek.altraserver.extensions.service.pjx.kingroad.super6.Super6Manager
8983:             1             16  com.altratek.altraserver.extensions.service.pjx.kingroad.tianzhiyin140718.TianZhiYinConfig
8984:             1             16  com.altratek.altraserver.extensions.service.pjx.kingroad.yugesite.YugesiteManager
8985:             1             16  com.altratek.altraserver.extensions.service.pjx.kingroad150515.KingHallConfig$MyHallCreepMaster$$Lambda$28/1155083761
8986:             1             16  com.altratek.altraserver.extensions.service.pjx.kingroad150515.KingRoad150515Handler
8987:             1             16  com.altratek.altraserver.extensions.service.pjx.kingroad150515.KingRoadService
8988:             1             16  com.altratek.altraserver.extensions.service.pjx.newhand.NewHandHandler
8989:             1             16  com.altratek.altraserver.extensions.service.pjx.newhand.NewHandUserInfo$1
8990:             1             16  com.altratek.altraserver.extensions.service.pjx.player.PlayerDTO$1
8991:             1             16  com.altratek.altraserver.extensions.service.pjx.player.PlayerDTO2$1
8992:             1             16  com.altratek.altraserver.extensions.service.pjx.player.PlayerDb$1
8993:             1             16  com.altratek.altraserver.extensions.service.pjx.player.PlayerDb$2
8994:             1             16  com.altratek.altraserver.extensions.service.pjx.player.PlayerService
8995:             1             16  com.altratek.altraserver.extensions.service.pjx.player.PlayerService$1
8996:             1             16  com.altratek.altraserver.extensions.service.pjx.specialpetids.SpecialPetIdsInfo$1
8997:             1             16  com.altratek.altraserver.extensions.service.pjx.specialpetids.SpecialPetIdsManager
8998:             1             16  com.altratek.altraserver.extensions.service.pjx.stargod.StarGodDao
8999:             1             16  com.altratek.altraserver.extensions.service.pjx.stargod.StarGodDb$1
9000:             1             16  com.altratek.altraserver.extensions.service.pjx.stargod.StarGodService
9001:             1             16  com.altratek.altraserver.extensions.service.pjx.stargod.UserStarGod$1
9002:             1             16  com.altratek.altraserver.extensions.service.pjx.stargod.UserStarGods$1
9003:             1             16  com.altratek.altraserver.extensions.service.pjx.stargod.activity.stargodactivity20140418.StarGodActivity20140418Handler
9004:             1             16  com.altratek.altraserver.extensions.service.pjx.stargod.activity.stargodactivity20140425.StarGodActivity20140425Handler
9005:             1             16  com.altratek.altraserver.extensions.service.pjx.stargod.activity.stargodactivity20160429.StarGodActivity20160429Service
9006:             1             16  com.altratek.altraserver.extensions.service.pjx.stargod.formula.FormulaLimitFactory_StarGodAsStuff
9007:             1             16  com.altratek.altraserver.extensions.service.pjx.stargod.formula.FormulaLimitFactory_StarGodFormula
9008:             1             16  com.altratek.altraserver.extensions.service.pjx.stargod.formula.FormulaLimitFactory_WeeklyDoneCount
9009:             1             16  com.altratek.altraserver.extensions.service.pjx.stargod.formula.StarGodFormula$1
9010:             1             16  com.altratek.altraserver.extensions.service.pjx.stargod.formula.StarGodFormulaDao
9011:             1             16  com.altratek.altraserver.extensions.service.pjx.stargod.guarder.SGG_Manager
9012:             1             16  com.altratek.altraserver.extensions.service.pjx.systemhirepet.SystemHirePetService
9013:             1             16  com.altratek.altraserver.extensions.service.pjx.systemhirepet.SystemHirePetUserInfo$1
9014:             1             16  com.altratek.altraserver.extensions.service.pjx.teampet.UserChoosePetsService
9015:             1             16  com.altratek.altraserver.extensions.service.pjx.topperfectpet.TopPerfectPetConfig
9016:             1             16  com.altratek.altraserver.extensions.service.qiqi.MsgBoxConfig
9017:             1             16  com.altratek.altraserver.extensions.service.qiqi.QiQiInfo$1
9018:             1             16  com.altratek.altraserver.extensions.service.qiqi.QiQiInfo$2
9019:             1             16  com.altratek.altraserver.extensions.service.qiqi.QiQiManager
9020:             1             16  com.altratek.altraserver.extensions.service.qiqi.QiQiVip
9021:             1             16  com.altratek.altraserver.extensions.service.qiqi.scoremall.ScoreMallHandler
9022:             1             16  com.altratek.altraserver.extensions.service.qiqi.scoremall.mood.MoodDefine$1
9023:             1             16  com.altratek.altraserver.extensions.service.qiqi.scoremall.mood.UserAllMoodInfo$1
9024:             1             16  com.altratek.altraserver.extensions.service.qiqi.scoremall.mood.UserMoodDao
9025:             1             16  com.altratek.altraserver.extensions.service.qiqi.scoremall.mood.UserMoodInfo$1
9026:             1             16  com.altratek.altraserver.extensions.service.qiqi.scoremall.mood.UserMoodService
9027:             1             16  com.altratek.altraserver.extensions.service.qiqi.scoremall.timelyformula.TimelyFormulaService
9028:             1             16  com.altratek.altraserver.extensions.service.questionnaire.QuestionNaireHandler
9029:             1             16  com.altratek.altraserver.extensions.service.randombonus.RandomBonusService
9030:             1             16  com.altratek.altraserver.extensions.service.rank.DefaultRankService
9031:             1             16  com.altratek.altraserver.extensions.service.rank.LocalRankService$BackUpHandler
9032:             1             16  com.altratek.altraserver.extensions.service.rank.entity.HalloweenCrazyGameConvert
9033:             1             16  com.altratek.altraserver.extensions.service.rankdaily.RankDailyNode
9034:             1             16  com.altratek.altraserver.extensions.service.rankv2.DefaultRankV2Service
9035:             1             16  com.altratek.altraserver.extensions.service.rankv2.LocalRankV2Service$BackUpHandler
9036:             1             16  com.altratek.altraserver.extensions.service.rankv2.RankV2ConvertProvider
9037:             1             16  com.altratek.altraserver.extensions.service.recommendformation.DefaultRecommendFormationRemoteService
9038:             1             16  com.altratek.altraserver.extensions.service.recommendformation.RecommendFormationDao
9039:             1             16  com.altratek.altraserver.extensions.service.recommendformation.RecommendFormationService$UpdateRecommendFormations2App
9040:             1             16  com.altratek.altraserver.extensions.service.rename.RenameDao
9041:             1             16  com.altratek.altraserver.extensions.service.rename.RenameInfo$1
9042:             1             16  com.altratek.altraserver.extensions.service.rename.RenameManager
9043:             1             16  com.altratek.altraserver.extensions.service.richman.DefaultRichManService
9044:             1             16  com.altratek.altraserver.extensions.service.richman.RichManDao
9045:             1             16  com.altratek.altraserver.extensions.service.richman.RichManDao$RichManGameInfo$1
9046:             1             16  com.altratek.altraserver.extensions.service.richman.RichManInfo$1
9047:             1             16  com.altratek.altraserver.extensions.service.richman.RichManPersonalPrizeInfo$1
9048:             1             16  com.altratek.altraserver.extensions.service.ridepet.RidePet$1
9049:             1             16  com.altratek.altraserver.extensions.service.ridepet.RidePetCard$1
9050:             1             16  com.altratek.altraserver.extensions.service.ridepet.RidePetCardUpgrowth$1
9051:             1             16  com.altratek.altraserver.extensions.service.ridepet.RidePetService
9052:             1             16  com.altratek.altraserver.extensions.service.ridepet.UserRidePetCard$1
9053:             1             16  com.altratek.altraserver.extensions.service.ridepet.UserRidePetCardDao
9054:             1             16  com.altratek.altraserver.extensions.service.ridepet.UserRidePetCardDb
9055:             1             16  com.altratek.altraserver.extensions.service.ridepet.UserRidePetCardDb$1
9056:             1             16  com.altratek.altraserver.extensions.service.ridepet.UserRidePetCardDb$2
9057:             1             16  com.altratek.altraserver.extensions.service.routine.RoutineMonsterXmlConfig
9058:             1             16  com.altratek.altraserver.extensions.service.routine.RoutineService
9059:             1             16  com.altratek.altraserver.extensions.service.routine.RoutineXmlConfig
9060:             1             16  com.altratek.altraserver.extensions.service.routine.process.CommonProcess$1
9061:             1             16  com.altratek.altraserver.extensions.service.section.function.factory.ChoosePrizeFunctionFactory
9062:             1             16  com.altratek.altraserver.extensions.service.section.function.factory.DoNothingFunctionFactory
9063:             1             16  com.altratek.altraserver.extensions.service.section.function.factory.EquipmentGainFunctionFactory
9064:             1             16  com.altratek.altraserver.extensions.service.section.function.factory.MaterialGainFunctionFactory
9065:             1             16  com.altratek.altraserver.extensions.service.section.function.factory.MaterialGainFunctionFactory$GainStrategyType$$Lambda$107/549013689
9066:             1             16  com.altratek.altraserver.extensions.service.section.function.factory.MaterialGainFunctionFactory$GainStrategyType$$Lambda$108/1765142746
9067:             1             16  com.altratek.altraserver.extensions.service.section.function.factory.MaterialRAGFunctionFactory
9068:             1             16  com.altratek.altraserver.extensions.service.section.function.factory.MaterialRecycleFunctionFactory
9069:             1             16  com.altratek.altraserver.extensions.service.section.function.factory.OneOffFunctionFactory
9070:             1             16  com.altratek.altraserver.extensions.service.section.function.factory.OneOffFunctionFactory$OneOffStrategyType$$Lambda$90/220936537
9071:             1             16  com.altratek.altraserver.extensions.service.section.function.factory.OneOffFunctionFactory$OneOffStrategyType$$Lambda$91/1044423899
9072:             1             16  com.altratek.altraserver.extensions.service.section.function.factory.PetSkinFunctionFactory
9073:             1             16  com.altratek.altraserver.extensions.service.section.function.factory.PetStarGodsFunctionFactory
9074:             1             16  com.altratek.altraserver.extensions.service.section.function.factory.RatePrizeFunctionFactory
9075:             1             16  com.altratek.altraserver.extensions.service.section.function.factory.SetGainFunctionFactory
9076:             1             16  com.altratek.altraserver.extensions.service.section.predicate.FalsePredicate
9077:             1             16  com.altratek.altraserver.extensions.service.section.predicate.SetGainPredicate$SetGainPredicateType$$Lambda$103/1977177115
9078:             1             16  com.altratek.altraserver.extensions.service.section.predicate.SetGainPredicate$SetGainPredicateType$$Lambda$104/1896454083
9079:             1             16  com.altratek.altraserver.extensions.service.section.predicate.SetGainPredicate$SetGainPredicateType$$Lambda$105/711111723
9080:             1             16  com.altratek.altraserver.extensions.service.section.predicate.TruePredicate
9081:             1             16  com.altratek.altraserver.extensions.service.section.predicate.factory.CacheDoneCounterPredicateFactory
9082:             1             16  com.altratek.altraserver.extensions.service.section.predicate.factory.FalsePredicateFactory
9083:             1             16  com.altratek.altraserver.extensions.service.section.predicate.factory.OneOffPredicateFactory
9084:             1             16  com.altratek.altraserver.extensions.service.section.predicate.factory.PerfectPetStarGodPredicateFactory
9085:             1             16  com.altratek.altraserver.extensions.service.section.predicate.factory.SetGainPredicateFactory
9086:             1             16  com.altratek.altraserver.extensions.service.section.predicate.factory.TruePredicateFactory
9087:             1             16  com.altratek.altraserver.extensions.service.setgain.ext.BaoBaoDragonSuperGodSetGain
9088:             1             16  com.altratek.altraserver.extensions.service.setgain.ext.JiuTianYeHuaSetGain
9089:             1             16  com.altratek.altraserver.extensions.service.setgain.ext.ShenHaoSetGain
9090:             1             16  com.altratek.altraserver.extensions.service.shoot.ShootService
9091:             1             16  com.altratek.altraserver.extensions.service.shoot.TargetEffectManager
9092:             1             16  com.altratek.altraserver.extensions.service.shoot.TargetEffectManager$1
9093:             1             16  com.altratek.altraserver.extensions.service.singleboss.SingleBossOneOff
9094:             1             16  com.altratek.altraserver.extensions.service.singleboss.djinn.DjinnManager
9095:             1             16  com.altratek.altraserver.extensions.service.smallgame.GameDefine$1
9096:             1             16  com.altratek.altraserver.extensions.service.smallgame.GameDefineManager
9097:             1             16  com.altratek.altraserver.extensions.service.smallgame.GameOperate_GainMaterial_LightTraining
9098:             1             16  com.altratek.altraserver.extensions.service.smallgame.GameOperate_GainMaterial_ZhaiXing_StarGod
9099:             1             16  com.altratek.altraserver.extensions.service.smallgame.GateDefine$1
9100:             1             16  com.altratek.altraserver.extensions.service.smallgame.rank.GameWeeklyInfo$1
9101:             1             16  com.altratek.altraserver.extensions.service.smallgame.rank.WeeklyRankDao
9102:             1             16  com.altratek.altraserver.extensions.service.smallgame.rank.WeeklyRankManager
9103:             1             16  com.altratek.altraserver.extensions.service.stall.StallDefaultService
9104:             1             16  com.altratek.altraserver.extensions.service.stall.StallManager
9105:             1             16  com.altratek.altraserver.extensions.service.stall.UserCommonDao
9106:             1             16  com.altratek.altraserver.extensions.service.stall.UserComomnInfo$1
9107:             1             16  com.altratek.altraserver.extensions.service.stall.UserComomnInfo$2
9108:             1             16  com.altratek.altraserver.extensions.service.stall.UserRecord$1
9109:             1             16  com.altratek.altraserver.extensions.service.stall.UserRecordDao
9110:             1             16  com.altratek.altraserver.extensions.service.superstar.SuperStarConfig
9111:             1             16  com.altratek.altraserver.extensions.service.superstar.SuperStarDao
9112:             1             16  com.altratek.altraserver.extensions.service.superstar.SuperStarInfo$1
9113:             1             16  com.altratek.altraserver.extensions.service.superstar.SuperStarService
9114:             1             16  com.altratek.altraserver.extensions.service.superstar.boysandgirls.BoysAndGirlsHandler
9115:             1             16  com.altratek.altraserver.extensions.service.superstar.flower.FlowerRecordDao
9116:             1             16  com.altratek.altraserver.extensions.service.superstar.flower.FlowerRecordDao$FlowerRank$1
9117:             1             16  com.altratek.altraserver.extensions.service.superstar.flower.FlowerSendVaoueCountDao
9118:             1             16  com.altratek.altraserver.extensions.service.superstar.flower.FlowerSendVaoueCountDao$SendValueCount$1
9119:             1             16  com.altratek.altraserver.extensions.service.superstar.flower.ReceiveRecord$1
9120:             1             16  com.altratek.altraserver.extensions.service.superstar.flower.SendRecord$1
9121:             1             16  com.altratek.altraserver.extensions.service.superstar.flowerlottery.FlowerLotteryInfo$1
9122:             1             16  com.altratek.altraserver.extensions.service.superteam.PlayerDetail$1
9123:             1             16  com.altratek.altraserver.extensions.service.superteam.SuperPet$1
9124:             1             16  com.altratek.altraserver.extensions.service.superteam.SuperTeamDao
9125:             1             16  com.altratek.altraserver.extensions.service.superteam.SuperTeamDao$SuperTeamFormation$1
9126:             1             16  com.altratek.altraserver.extensions.service.superteam.SuperTeamService
9127:             1             16  com.altratek.altraserver.extensions.service.survey.SurveyManager$1
9128:             1             16  com.altratek.altraserver.extensions.service.task.TaskExtension$$Lambda$40/1805473323
9129:             1             16  com.altratek.altraserver.extensions.service.task.dao.TaskDb$1
9130:             1             16  com.altratek.altraserver.extensions.service.task.dao.TaskDb$2
9131:             1             16  com.altratek.altraserver.extensions.service.task.data.AbstractTaskBonus$1
9132:             1             16  com.altratek.altraserver.extensions.service.task.data.AbstractTaskStep$1
9133:             1             16  com.altratek.altraserver.extensions.service.task.data.TaskRecycle$1
9134:             1             16  com.altratek.altraserver.extensions.service.task.data.TaskStarter$1
9135:             1             16  com.altratek.altraserver.extensions.service.task.data.UserTask$1
9136:             1             16  com.altratek.altraserver.extensions.service.task.data.UserTasks$1
9137:             1             16  com.altratek.altraserver.extensions.service.task.data.bonus.TaskBonus_NewHandHolySword
9138:             1             16  com.altratek.altraserver.extensions.service.task.data.bonus.TaskBonus_NewHandMoYan
9139:             1             16  com.altratek.altraserver.extensions.service.task.data.bonus.TaskBonus_NewHandNoDieStar
9140:             1             16  com.altratek.altraserver.extensions.service.task.data.bonus.TaskBonus_NewHandTaskGainNuoYa
9141:             1             16  com.altratek.altraserver.extensions.service.task.data.bonus.TaskBonus_NewHandTaskPotentialBox
9142:             1             16  com.altratek.altraserver.extensions.service.task.manager.TaskManager
9143:             1             16  com.altratek.altraserver.extensions.service.team.TeamMessage$1
9144:             1             16  com.altratek.altraserver.extensions.service.team.teamFB.TeamFBConfig
9145:             1             16  com.altratek.altraserver.extensions.service.temp.ActionService
9146:             1             16  com.altratek.altraserver.extensions.service.temp.XmlConfig
9147:             1             16  com.altratek.altraserver.extensions.service.temp.limit.FamilyRoleLimit
9148:             1             16  com.altratek.altraserver.extensions.service.tempactivity.NewBeeLoginOutLogService
9149:             1             16  com.altratek.altraserver.extensions.service.tempactivity.aruisiultraevolve.ARuiSiUltraEvolveManage
9150:             1             16  com.altratek.altraserver.extensions.service.tempactivity.aruisiultraevolve.UserPassInfo$1
9151:             1             16  com.altratek.altraserver.extensions.service.tempactivity.bear.BearManager
9152:             1             16  com.altratek.altraserver.extensions.service.tempactivity.birdofwonder.BirdOfWonderSetGain
9153:             1             16  com.altratek.altraserver.extensions.service.tempactivity.birdofwonder.UserInfo$1
9154:             1             16  com.altratek.altraserver.extensions.service.tempactivity.breakking.BreakKingManager
9155:             1             16  com.altratek.altraserver.extensions.service.tempactivity.bugprize.BugPrizeConfig
9156:             1             16  com.altratek.altraserver.extensions.service.tempactivity.bugprize.BugPrizeHandler
9157:             1             16  com.altratek.altraserver.extensions.service.tempactivity.clothesbuy.ClothesBuyConfig$Id2MaxRank$1
9158:             1             16  com.altratek.altraserver.extensions.service.tempactivity.contractbrother.CB_CommonInfo$1
9159:             1             16  com.altratek.altraserver.extensions.service.tempactivity.contractbrother.CB_FirstBattleInfo$1
9160:             1             16  com.altratek.altraserver.extensions.service.tempactivity.contractbrother.ContractBrotherManager
9161:             1             16  com.altratek.altraserver.extensions.service.tempactivity.diamondexchange20140613.DiamondExchangeDao
9162:             1             16  com.altratek.altraserver.extensions.service.tempactivity.diamondexchange20140613.DiamondExchangeHandler20140613
9163:             1             16  com.altratek.altraserver.extensions.service.tempactivity.diamondexchange20140613.UserExchangeInfo$1
9164:             1             16  com.altratek.altraserver.extensions.service.tempactivity.diamondexchange20140613.UserInfo$1
9165:             1             16  com.altratek.altraserver.extensions.service.tempactivity.diamondexchange20160812.DiamondExchange20160812Handler
9166:             1             16  com.altratek.altraserver.extensions.service.tempactivity.discountservice.DiscountUserInfo$1
9167:             1             16  com.altratek.altraserver.extensions.service.tempactivity.dishitianultraevolve.DiShiTianUltraEvolveDao$DB_FinalBattleInfo$1
9168:             1             16  com.altratek.altraserver.extensions.service.tempactivity.dishitianultraevolve.DiShiTianUltraEvolveHandler
9169:             1             16  com.altratek.altraserver.extensions.service.tempactivity.dishitianultraevolve.DiShiTianUltraEvolveUserInfo$1
9170:             1             16  com.altratek.altraserver.extensions.service.tempactivity.doctor.DoctorConfig
9171:             1             16  com.altratek.altraserver.extensions.service.tempactivity.encounter20130830.EncounterService
9172:             1             16  com.altratek.altraserver.extensions.service.tempactivity.evolvefree20140425.Config
9173:             1             16  com.altratek.altraserver.extensions.service.tempactivity.evolvefree20140425.EvolveFree20140425Manage
9174:             1             16  com.altratek.altraserver.extensions.service.tempactivity.experiencefruit.MillionExpFruit20151225Config
9175:             1             16  com.altratek.altraserver.extensions.service.tempactivity.experiencefruit.MillionExpFruit20151225Handler
9176:             1             16  com.altratek.altraserver.extensions.service.tempactivity.experiencefruit.MillionExpFruit20151225Info$1
9177:             1             16  com.altratek.altraserver.extensions.service.tempactivity.fightqinglong.FightQingLongConfig
9178:             1             16  com.altratek.altraserver.extensions.service.tempactivity.fiveking20140418.FiveKing20140418Manage
9179:             1             16  com.altratek.altraserver.extensions.service.tempactivity.friendofxioayan20130913.FriendOfXiaoyanManager
9180:             1             16  com.altratek.altraserver.extensions.service.tempactivity.fulllevel20160115.FullLevelHandler
9181:             1             16  com.altratek.altraserver.extensions.service.tempactivity.fulllevelstargodgiftbag20140228.FullLevelStargodGiftbagManager
9182:             1             16  com.altratek.altraserver.extensions.service.tempactivity.greatpetpalace20140221.GreatPetPalaceConfig
9183:             1             16  com.altratek.altraserver.extensions.service.tempactivity.greatpetwelfare.GreatPetWelfareService
9184:             1             16  com.altratek.altraserver.extensions.service.tempactivity.guttler20131101.DataDefine
9185:             1             16  com.altratek.altraserver.extensions.service.tempactivity.guttler20131101.GuttlerManager
9186:             1             16  com.altratek.altraserver.extensions.service.tempactivity.heroaruisi20140509.HeroARuiSiConfig
9187:             1             16  com.altratek.altraserver.extensions.service.tempactivity.kinginlight.KingInLightConfig
9188:             1             16  com.altratek.altraserver.extensions.service.tempactivity.knighterrant20140124.KnightErrantUserInfo$1
9189:             1             16  com.altratek.altraserver.extensions.service.tempactivity.laegg20140214.LearnAbilityEgg20140214Manager
9190:             1             16  com.altratek.altraserver.extensions.service.tempactivity.mediumpetseries.MediumPetSeriesHandler
9191:             1             16  com.altratek.altraserver.extensions.service.tempactivity.mediumpetseries.MediumPetSeriesUserInfo$1
9192:             1             16  com.altratek.altraserver.extensions.service.tempactivity.mediumpetseries.jixing.JiXingHandler
9193:             1             16  com.altratek.altraserver.extensions.service.tempactivity.newstarwelfare0704.NewStarWelfareUserInfo$1
9194:             1             16  com.altratek.altraserver.extensions.service.tempactivity.petguarder.PetGuarderManager
9195:             1             16  com.altratek.altraserver.extensions.service.tempactivity.petvote.PetVoteConfig
9196:             1             16  com.altratek.altraserver.extensions.service.tempactivity.roadofduoduoka20130919.RoadOfDuoduokaManager
9197:             1             16  com.altratek.altraserver.extensions.service.tempactivity.shengguangxiaomeng20140530.ShengGuangXiaoMengHandler
9198:             1             16  com.altratek.altraserver.extensions.service.tempactivity.shengguangxiaomeng20140530.ShengGuangXiaoMengUserInfo$1
9199:             1             16  com.altratek.altraserver.extensions.service.tempactivity.sleepcurse.SleepCurseHandler
9200:             1             16  com.altratek.altraserver.extensions.service.tempactivity.sleepcurse.SleepCurseUserInfo$1
9201:             1             16  com.altratek.altraserver.extensions.service.tempactivity.sonofshadow.SonOfShadowConfig
9202:             1             16  com.altratek.altraserver.extensions.service.tempactivity.strenthenstar.ListenEventHandler
9203:             1             16  com.altratek.altraserver.extensions.service.tempactivity.strenthenstar.StrenthenStarUserInfo$1
9204:             1             16  com.altratek.altraserver.extensions.service.tempactivity.supermarket1212.ItemContainer
9205:             1             16  com.altratek.altraserver.extensions.service.tempactivity.teamhorse.TeamHorseManage
9206:             1             16  com.altratek.altraserver.extensions.service.tempactivity.whale.WhaleManager
9207:             1             16  com.altratek.altraserver.extensions.service.tempactivity.wisdomcompete20140808.CILogger
9208:             1             16  com.altratek.altraserver.extensions.service.tempactivity.wisdomcompete20140808.DataConfig
9209:             1             16  com.altratek.altraserver.extensions.service.tempactivity.wumangbattle.mingyezhuiying.MingYeZhuiYingManager
9210:             1             16  com.altratek.altraserver.extensions.service.tempactivity.wumangbattle.mingyezhuiying.MingYeZhuiYingUserInfo$1
9211:             1             16  com.altratek.altraserver.extensions.service.tempactivity.wuyuetianultraevolve20140228.WuYueTianUltraEvolveConfig
9212:             1             16  com.altratek.altraserver.extensions.service.tempactivity.wuyuetianultraevolve20140228.WuYueTianUltraEvolveHandler
9213:             1             16  com.altratek.altraserver.extensions.service.tempactivity.wuyuetianultraevolve20140228.WuYueTianUltraEvolveInfo$1
9214:             1             16  com.altratek.altraserver.extensions.service.tempactivity.xiaohuan36bian20140228.XiaoHuan36BianHandler
9215:             1             16  com.altratek.altraserver.extensions.service.tempactivity.xiaohuan36bian20140228.XiaoHuan36BianInfo$1
9216:             1             16  com.altratek.altraserver.extensions.service.tempactivity.xiaohuanevolve20140228.XiaoHuanEvolveHandler
9217:             1             16  com.altratek.altraserver.extensions.service.tempactivity.xiaohuanevolve20140228.XiaoHuanEvolveInfo$1
9218:             1             16  com.altratek.altraserver.extensions.service.tempactivity.xiaokong20130117.XiaokongUserInfo$1
9219:             1             16  com.altratek.altraserver.extensions.service.tempactivity.xiaomingwang.XiaoMingWangManager
9220:             1             16  com.altratek.altraserver.extensions.service.tempactivity.xiaomingwang.XiaoMingWangUserInfo$1
9221:             1             16  com.altratek.altraserver.extensions.service.tempactivity.xiunuocombine.DefaultJungleRemoteService
9222:             1             16  com.altratek.altraserver.extensions.service.tempactivity.xiunuocombine.XiuNuoCombineDao
9223:             1             16  com.altratek.altraserver.extensions.service.tempactivity.xiunuocombine.XiuNuoCombineDao$UserRecord$1
9224:             1             16  com.altratek.altraserver.extensions.service.tempactivity.xiunuocombine.XiuNuoCombineHandler
9225:             1             16  com.altratek.altraserver.extensions.service.tempactivity.xiunuocombine.XiuNuoCombineUserInfo$1
9226:             1             16  com.altratek.altraserver.extensions.service.tempactivity.yuanguexp20140523.UserInfo$1
9227:             1             16  com.altratek.altraserver.extensions.service.tempactivity.yuanguexp20140523.YuanGuExp20140523Manager
9228:             1             16  com.altratek.altraserver.extensions.service.tempactivity.zdlmachine20140214.ZDLMachine20140214Manager
9229:             1             16  com.altratek.altraserver.extensions.service.testextention.Testextension$2
9230:             1             16  com.altratek.altraserver.extensions.service.texaspoker.DefaultPokerRemoteService
9231:             1             16  com.altratek.altraserver.extensions.service.texaspoker.ListenRemoteEventHandler
9232:             1             16  com.altratek.altraserver.extensions.service.texaspoker.PokerConfig
9233:             1             16  com.altratek.altraserver.extensions.service.texaspoker.PokerDao$L_GlobalValue$1
9234:             1             16  com.altratek.altraserver.extensions.service.texaspoker.PokerDao$TopUser$1
9235:             1             16  com.altratek.altraserver.extensions.service.texaspoker.PokerDao$YesterdayRank$1
9236:             1             16  com.altratek.altraserver.extensions.service.texaspoker.PokerUserInfo$1
9237:             1             16  com.altratek.altraserver.extensions.service.timeliness_activity.act.act2016.act20160129.monkeyyearvowtree.MonkeyYearVowTreeDao
9238:             1             16  com.altratek.altraserver.extensions.service.timeliness_activity.act.act2016.act20160129.monkeyyearvowtree.WeekWishRecord$1
9239:             1             16  com.altratek.altraserver.extensions.service.timeliness_activity.act.act2016.act20160205.havocinheaven.HavocInHeavenHandler
9240:             1             16  com.altratek.altraserver.extensions.service.timeliness_activity.act.act2016.act20160205.huandongpose2miyou.HuanDongPoseMessage$1
9241:             1             16  com.altratek.altraserver.extensions.service.timeliness_activity.act.act2016.act20160205.scwhl.ScwhlHandler
9242:             1             16  com.altratek.altraserver.extensions.service.timeliness_activity.act.act2016.act20160205.springpack.SpringPackManager
9243:             1             16  com.altratek.altraserver.extensions.service.timeliness_activity.act.act2016.act20160212.monkeyclothersrob.MonkeyClothersManager
9244:             1             16  com.altratek.altraserver.extensions.service.timeliness_activity.act.act2016.act20160219.invincibletangyuan.InvincibleTangYuanHandler
9245:             1             16  com.altratek.altraserver.extensions.service.timeliness_activity.act.act2016.act20160219.invincibletangyuan.InvincibleTangYuanInfo$1
9246:             1             16  com.altratek.altraserver.extensions.service.timeliness_activity.act.act2016.act20160219.invincibletangyuan.InvincibleTangYuanProcessor
9247:             1             16  com.altratek.altraserver.extensions.service.timeliness_activity.act.act2016.act20160226.zdlgiftbag.ZdlGiftBagInfo$1
9248:             1             16  com.altratek.altraserver.extensions.service.timeliness_activity.act.act2016.act20160304.stonesmelt.StoneSmeltHandler
9249:             1             16  com.altratek.altraserver.extensions.service.timeliness_activity.act.act2016.act20160304.stonesmelt.StoneSmeltUserInfo$1
9250:             1             16  com.altratek.altraserver.extensions.service.timeliness_activity.act.act2016.act20160311.scorecompete.GuanYuSetGain
9251:             1             16  com.altratek.altraserver.extensions.service.timeliness_activity.act.act2016.act20160311.scorecompete.ScoreCompeteManager
9252:             1             16  com.altratek.altraserver.extensions.service.timeliness_activity.act.act2016.act20160401.herocase.HeroCaseHandler
9253:             1             16  com.altratek.altraserver.extensions.service.timeliness_activity.act.act2016.act20160401.kiterisk.KiteRiskHandle
9254:             1             16  com.altratek.altraserver.extensions.service.timeliness_activity.act.act2016.act20160401.slingshotshoot.SlingshotShootHandle
9255:             1             16  com.altratek.altraserver.extensions.service.timeliness_activity.act.act2016.act20160401.snapcoolphoto.SnapCoolPhotoHandler
9256:             1             16  com.altratek.altraserver.extensions.service.timeliness_activity.act.act2016.act20160415.starpartner.StarPartnerHandler
9257:             1             16  com.altratek.altraserver.extensions.service.timeliness_activity.act.act2016.act20160415.wings2nearbuddy.Wings2NearBuddyHandler
9258:             1             16  com.altratek.altraserver.extensions.service.timeliness_activity.act.act2016.act20160415.wings2nearbuddy.Wings2NearBuddyMessage$1
9259:             1             16  com.altratek.altraserver.extensions.service.timeliness_activity.act.act2016.act20160415.wishcometrue.WishComeTrueHandler
9260:             1             16  com.altratek.altraserver.extensions.service.timeliness_activity.act.act2016.act20160422.fourthanniversary.FutureFighterAXiuSetGain
9261:             1             16  com.altratek.altraserver.extensions.service.timeliness_activity.act.act2016.act20160429.anniversarylottery.AnniversaryLotteryHandler
9262:             1             16  com.altratek.altraserver.extensions.service.timeliness_activity.act.act2016.act20160520.haisaisisupergodevolve.HaiSaiSiSuperEvolveHandle
9263:             1             16  com.altratek.altraserver.extensions.service.timeliness_activity.act.act2016.act20160520.mengjingmizong.MengJingMiZongHandle
9264:             1             16  com.altratek.altraserver.extensions.service.timeliness_activity.act.act2016.act20160520.mengjingmizong.UserMengJingMiZongInfo$1
9265:             1             16  com.altratek.altraserver.extensions.service.timeliness_activity.act.act2016.act20160520.removexiaoheidream.RemoveXiaoHeiDreamHandle
9266:             1             16  com.altratek.altraserver.extensions.service.timeliness_activity.act.act2016.act20160527.diamondticketsell.DiamondTicketSellHandle
9267:             1             16  com.altratek.altraserver.extensions.service.timeliness_activity.act.act2016.act20160603.newhandtask160603.NewHandTask160603Handler
9268:             1             16  com.altratek.altraserver.extensions.service.timeliness_activity.act.act2016.act20160603.newhandtask160603.NewHandTask160603UserInfo$1
9269:             1             16  com.altratek.altraserver.extensions.service.timeliness_activity.act.act2016.act20160624.flashsalehhzs.drawlottery.info.DrawLotteryGlobalInfo$1
9270:             1             16  com.altratek.altraserver.extensions.service.timeliness_activity.act.act2016.act20160624.newversioncase.NewVersionCaseHandler
9271:             1             16  com.altratek.altraserver.extensions.service.timeliness_activity.act.act2016.act20160701.formulamachine.FormulaMachineConfig
9272:             1             16  com.altratek.altraserver.extensions.service.timeliness_activity.act.act2016.act20160701.formulamachine.FormulaMachineHandler
9273:             1             16  com.altratek.altraserver.extensions.service.timeliness_activity.act.act2016.act20160708.dragonvsking.DragonVsKingEventListener
9274:             1             16  com.altratek.altraserver.extensions.service.timeliness_activity.act.act2016.act20160708.dragonvsking.DragonVsKingManager
9275:             1             16  com.altratek.altraserver.extensions.service.timeliness_activity.act.act2016.act20160708.monkeycat.MoneyCatInfo$1
9276:             1             16  com.altratek.altraserver.extensions.service.timeliness_activity.act.act2016.act20160715.supergodqianniao.SuperGodQianNiaoSetGain
9277:             1             16  com.altratek.altraserver.extensions.service.timeliness_activity.act.act2016.act20160729.formulabox4399.FormulaBox4399Handler
9278:             1             16  com.altratek.altraserver.extensions.service.timeliness_activity.act.act2016.act20160819.stargodmutation.UserStarGodMutationInfoAdapter
9279:             1             16  com.altratek.altraserver.extensions.service.timeliness_activity.act.act2016.act20160826.aoqitreasure.AoQiTreasureService
9280:             1             16  com.altratek.altraserver.extensions.service.timeliness_activity.act.act2016.act20160826.fourinaline.FourInALineHandler
9281:             1             16  com.altratek.altraserver.extensions.service.timeliness_activity.act.act2016.act20160826.fourinaline.FourInALineUserInfo$1
9282:             1             16  com.altratek.altraserver.extensions.service.timeliness_activity.act.act2016.act20160902.angelwingsendfriend.AngelWingSendFriendMessage$1
9283:             1             16  com.altratek.altraserver.extensions.service.timeliness_activity.act.act2016.act20160902.firefightingsoul.InvitationMsg$1
9284:             1             16  com.altratek.altraserver.extensions.service.timeliness_activity.act.act2016.act20160914.themoregame.TheMoreGameMessage$1
9285:             1             16  com.altratek.altraserver.extensions.service.timeliness_activity.act.act2016.act20160923.buynuoyainadvance.BuyNuoYaInAdvanceService
9286:             1             16  com.altratek.altraserver.extensions.service.timeliness_activity.act.act2016.act20161014.YaoQianGuAndPhoenix.YaoQianGuAndPhoenixHandler
9287:             1             16  com.altratek.altraserver.extensions.service.timeliness_activity.act.act2016.act20161021.huangdeshengyan.HDSYHandle
9288:             1             16  com.altratek.altraserver.extensions.service.timeliness_activity.act.act2016.act20161028.halloweentower.HalloweenTowerConfig
9289:             1             16  com.altratek.altraserver.extensions.service.timeliness_activity.act.act2016.act20161104.preordershop.PreorderShopConfig
9290:             1             16  com.altratek.altraserver.extensions.service.timeliness_activity.act.act2016.act20161118.tankgame.TankGameHandle
9291:             1             16  com.altratek.altraserver.extensions.service.timeliness_activity.act.act2016.act20161118.tankgame.UserTankGameInfo$1
9292:             1             16  com.altratek.altraserver.extensions.service.timeliness_activity.act.act2016.act20161125.sqlxsupergodevolve.singlegplayerame.SinglePlayerGameHandle
9293:             1             16  com.altratek.altraserver.extensions.service.timeliness_activity.act.act2016.act20161125.sqlxsupergodevolve.singlegplayerame.SinglePlayerGameStartGameMark
9294:             1             16  com.altratek.altraserver.extensions.service.timeliness_activity.act.act2016.act20161209.fightgongben.FightGongBenHandler
9295:             1             16  com.altratek.altraserver.extensions.service.timeliness_activity.act.act2016.act20161209.fightgongben.FightGongBenUserInfo$1
9296:             1             16  com.altratek.altraserver.extensions.service.timeliness_activity.act.act2016.act20161209.flipcardgainpet.FlipCardGainPetHandler
9297:             1             16  com.altratek.altraserver.extensions.service.timeliness_activity.act.act2016.act20161223.wechatcharge.OnceLimit
9298:             1             16  com.altratek.altraserver.extensions.service.timeliness_activity.act.act2016.act20161223.wechatcharge.WeChatChargeHandler
9299:             1             16  com.altratek.altraserver.extensions.service.timeliness_activity.act.act2016.act20161223.yearvipappoint.YearVipAppointAdapter
9300:             1             16  com.altratek.altraserver.extensions.service.timeliness_activity.act.act2016.act20161223.yearvipappoint.YearVipAppointHandler
9301:             1             16  com.altratek.altraserver.extensions.service.timeliness_activity.act.act2016.act20161223.yearvipappoint.YearVipAppointHandler$$Lambda$134/1184896290
9302:             1             16  com.altratek.altraserver.extensions.service.timeliness_activity.act.act2016.act20161230.challengepepperychicken.ChallengePepperyChickenSetGain
9303:             1             16  com.altratek.altraserver.extensions.service.timeliness_activity.act.act2017.act20170113.baijifu.cheesecarry.CheeseCarryHandler
9304:             1             16  com.altratek.altraserver.extensions.service.timeliness_activity.act.act2017.act20170113.baijifu.cheesecollectbattle.CheeseCollectBattleHandler
9305:             1             16  com.altratek.altraserver.extensions.service.timeliness_activity.act.act2017.act20170113.baijifu.cheeseguardbattle.CheeseGuardBattleHandler
9306:             1             16  com.altratek.altraserver.extensions.service.timeliness_activity.act.act2017.act20170113.baijifu.seatreasure.SeaTreasureDao$RankItem$1
9307:             1             16  com.altratek.altraserver.extensions.service.timeliness_activity.act.act2017.act20170113.baijifu.seatreasure.SeaTreasureHandler
9308:             1             16  com.altratek.altraserver.extensions.service.timeliness_activity.act.act2017.act20170120.goldbeantree.GoldBeanTreeHandler
9309:             1             16  com.altratek.altraserver.extensions.service.timeliness_activity.act.act2017.act20170120.goldbeantree.GoldBeanTreeUserInfo$1
9310:             1             16  com.altratek.altraserver.extensions.service.timeliness_activity.act.act2017.act20170120.sgflsuperjobevolve.SGFLSuperJobEvolveInfo$$Lambda$129/349561983
9311:             1             16  com.altratek.altraserver.extensions.service.timeliness_activity.act.act2017.act20170120.sgflsuperjobevolve.SGFLSuperJobEvolveSetGain
9312:             1             16  com.altratek.altraserver.extensions.service.timeliness_activity.act.act2017.act20170120.vipcharge.LeiMingMiaoGobJobSetGain
9313:             1             16  com.altratek.altraserver.extensions.service.timeliness_activity.act.act2017.act20170120.vipcharge.VipChargeUserInfo$1
9314:             1             16  com.altratek.altraserver.extensions.service.timeliness_activity.act.act2017.act20170126.newyearpethud.NewYearPetHudHandler
9315:             1             16  com.altratek.altraserver.extensions.service.timeliness_activity.act.act2017.act20170126.zodiacflop.ZodiacFlopInfo$1
9316:             1             16  com.altratek.altraserver.extensions.service.timeliness_activity.act.act2017.act20170210.firemap.FireMapConfig
9317:             1             16  com.altratek.altraserver.extensions.service.timeliness_activity.act.act2017.act20170210.firemap.FireMapHandler
9318:             1             16  com.altratek.altraserver.extensions.service.timeliness_activity.act.act2017.act20170210.firemap.FireMapInfo$$Lambda$127/665916
9319:             1             16  com.altratek.altraserver.extensions.service.timeliness_activity.act.act2017.act20170210.godprofessionmiaodui.GodProfessionMiaoDuiHandle
9320:             1             16  com.altratek.altraserver.extensions.service.timeliness_activity.act.act2017.act20170210.godprofessionmiaodui.GodProfessionMiaoDuiService
9321:             1             16  com.altratek.altraserver.extensions.service.timeliness_activity.act.act2017.act20170210.godprofessionmiaodui.KongYingMiaoSetGain
9322:             1             16  com.altratek.altraserver.extensions.service.timeliness_activity.act.act2017.act20170210.godprofessionmiaodui.YanBiMiaoSetGain
9323:             1             16  com.altratek.altraserver.extensions.service.timeliness_activity.act.act2017.act20170210.godprofessionmiaodui.game.MiaoGameHandler
9324:             1             16  com.altratek.altraserver.extensions.service.timeliness_activity.act.act2017.act20170210.godprofessionmiaodui.game.MiaoGameInfo$1
9325:             1             16  com.altratek.altraserver.extensions.service.timeliness_activity.act.act2017.act20170217.autoequipmentmaterial.AutoEquipmentMaterialHandler
9326:             1             16  com.altratek.altraserver.extensions.service.timeliness_activity.act.act2017.act20170217.autoequipmentmaterial.AutoEquipmentMaterialUserInfo$1
9327:             1             16  com.altratek.altraserver.extensions.service.timeliness_activity.act.act2017.act20170217.clergystar.ClergyStarHandler
9328:             1             16  com.altratek.altraserver.extensions.service.timeliness_activity.act.act2017.act20170217.clergystar.ClergyStarInfo$1
9329:             1             16  com.altratek.altraserver.extensions.service.timeliness_activity.act.act2017.act20170217.clergystar.ClergyStarSuperJobEvolveSetGain
9330:             1             16  com.altratek.altraserver.extensions.service.timeliness_activity.act.act2017.act20170217.newhandtask170217.NewHandTask170217Handler
9331:             1             16  com.altratek.altraserver.extensions.service.timeliness_activity.act.act2017.act20170217.schoolopeninvest.SchoolOpenInvestCounter
9332:             1             16  com.altratek.altraserver.extensions.service.timeliness_activity.act.act2017.act20170217.schoolopeninvest.SchoolOpenInvestInfo$1
9333:             1             16  com.altratek.altraserver.extensions.service.timeliness_activity.act.act2017.act20170217.schoolopeninvest.SchoolOpenInvestManager
9334:             1             16  com.altratek.altraserver.extensions.service.timeliness_activity.act.act2017.act20170217.schoolopeninvest.prize.BaoBaoPrize
9335:             1             16  com.altratek.altraserver.extensions.service.timeliness_activity.act.act2017.act20170217.schoolopeninvest.prize.LongYanPrize
9336:             1             16  com.altratek.altraserver.extensions.service.timeliness_activity.act.act2017.act20170217.schoolopeninvest.prize.NuWaPrize
9337:             1             16  com.altratek.altraserver.extensions.service.timeliness_activity.act.act2017.act20170217.schoolopeninvest.prize.YongShengJiePrize
9338:             1             16  com.altratek.altraserver.extensions.service.timeliness_activity.act.act2017.act20170303.aerocraftsendfriend.AerocraftSendFriendMessage$1
9339:             1             16  com.altratek.altraserver.extensions.service.timeliness_activity.act.act2017.act20170317.rightandwrongtower.RAWGiveUpMessage$1
9340:             1             16  com.altratek.altraserver.extensions.service.timeliness_activity.act.act2017.act20170317.rightandwrongtower.RAWWalkMessage$1
9341:             1             16  com.altratek.altraserver.extensions.service.timeliness_activity.act.act2017.act20170317.shifeiherobattle.LiBaiSetGain
9342:             1             16  com.altratek.altraserver.extensions.service.timeliness_activity.act.act2017.act20170317.shifeiherobattle.UserShiFeiHeroBattleInfo$1
9343:             1             16  com.altratek.altraserver.extensions.service.timeliness_activity.act.act2017.act20170421.anniversarysign.FutureFighterXiaoNuoSetGain
9344:             1             16  com.altratek.altraserver.extensions.service.timeliness_activity.act.act2017.act20170421.xiuersuperjob.UserXiuErSuperJobInfo$1
9345:             1             16  com.altratek.altraserver.extensions.service.timeliness_activity.act.act2017.act20170421.xiuersuperjob.XiuErSuperJobHandle
9346:             1             16  com.altratek.altraserver.extensions.service.timeliness_activity.act.act2017.act20170505.catsale.CatSaleHandler
9347:             1             16  com.altratek.altraserver.extensions.service.timeliness_activity.act.act2017.act20170505.catsale.CatSaleInfo$1
9348:             1             16  com.altratek.altraserver.extensions.service.timeliness_activity.act.act2017.act20170505.emoticon.EmoticonHandler
9349:             1             16  com.altratek.altraserver.extensions.service.timeliness_activity.act.act2017.act20170505.heropetslottery.HeroPetsLotteryHandler
9350:             1             16  com.altratek.altraserver.extensions.service.timeliness_activity.act.act2017.act20170505.heropetslottery.HeroPetsLotteryInfo$1
9351:             1             16  com.altratek.altraserver.extensions.service.timeliness_activity.act.act2017.act20170505.lucklylottery.LucklyLotteryHandler
9352:             1             16  com.altratek.altraserver.extensions.service.timeliness_activity.act.act2017.act20170505.lucklylottery.LucklyLotteryInfo$1
9353:             1             16  com.altratek.altraserver.extensions.service.timeliness_activity.act.act2017.act20170505.lucklylottery.WinnerInfomation$1
9354:             1             16  com.altratek.altraserver.extensions.service.timeliness_activity.act.act2017.act20170512.petcollect.PetCollectHandler
9355:             1             16  com.altratek.altraserver.extensions.service.timeliness_activity.act.act2017.act20170526.equipmentssale.EquipmentsSaleHandler
9356:             1             16  com.altratek.altraserver.extensions.service.timeliness_activity.act.act2017.act20170526.universalactiverank.UniversalActiveRankHandler
9357:             1             16  com.altratek.altraserver.extensions.service.timeliness_activity.act.act2017.act20170609.poseback.PoseBackHandler
9358:             1             16  com.altratek.altraserver.extensions.service.timeliness_activity.act.act2017.act20170616.developmenttasks.DevelopmenttasksInfo$$Lambda$126/270254442
9359:             1             16  com.altratek.altraserver.extensions.service.timeliness_activity.act.act2017.act20170616.developmenttasks.DevelopmenttasksManager
9360:             1             16  com.altratek.altraserver.extensions.service.timeliness_activity.act.act2017.act20170616.developmenttasks.DevelopmenttasksService
9361:             1             16  com.altratek.altraserver.extensions.service.timeliness_activity.act.act2017.act20170616.petsteps.PetStepsHandler
9362:             1             16  com.altratek.altraserver.extensions.service.timeliness_activity.act.act2017.act20170616.petsteps.StepsGroup$$Lambda$144/1327764997
9363:             1             16  com.altratek.altraserver.extensions.service.timeliness_activity.act.act2017.act20170623.diamondtask.DiamondTaskHandler
9364:             1             16  com.altratek.altraserver.extensions.service.timeliness_activity.act.act2017.act20170623.diamondtask.DiamondTaskInfo$$Lambda$133/1016366047
9365:             1             16  com.altratek.altraserver.extensions.service.timeliness_activity.act.act2017.act20170630.allfightupgift.AllFightUpGiftHandler
9366:             1             16  com.altratek.altraserver.extensions.service.timeliness_activity.act.act2017.act20170630.allfightupgift.AllFightUpGiftInfo$1
9367:             1             16  com.altratek.altraserver.extensions.service.timeliness_activity.act.act2017.act20170630.summerpetgift.SummerGiftController
9368:             1             16  com.altratek.altraserver.extensions.service.timeliness_activity.act.act2017.act20170707.lingyingmiao.LingYingMiaoHandler
9369:             1             16  com.altratek.altraserver.extensions.service.timeliness_activity.act.act2017.act20170707.lingyingmiao.LingYingMiaoInfo$1
9370:             1             16  com.altratek.altraserver.extensions.service.timeliness_activity.act.act2017.act20170707.lingyingmiao.LingYingMiaoSetGain
9371:             1             16  com.altratek.altraserver.extensions.service.timeliness_activity.act.act2017.act20170721.kulashou.KuLaShouConst
9372:             1             16  com.altratek.altraserver.extensions.service.timeliness_activity.act.act2017.act20170721.kulashou.KuLaShouHandler
9373:             1             16  com.altratek.altraserver.extensions.service.timeliness_activity.act.act2017.act20170721.kulashou.KuLaShouInfo$$Lambda$128/892832420
9374:             1             16  com.altratek.altraserver.extensions.service.timeliness_activity.act.act2017.act20170721.kulashou.KuLaShouSetGain
9375:             1             16  com.altratek.altraserver.extensions.service.timeliness_activity.act.act2017.act20170721.lanlanlugodjob.LanlanluGodJobInfo$1
9376:             1             16  com.altratek.altraserver.extensions.service.timeliness_activity.act.act2017.act20170721.lanlanlugodjob.LanlanluGodJobSetGain
9377:             1             16  com.altratek.altraserver.extensions.service.timeliness_activity.act.act2017.act20170728.fairyland.FairylandConst
9378:             1             16  com.altratek.altraserver.extensions.service.timeliness_activity.act.act2017.act20170728.fairyland.FairylandHandler
9379:             1             16  com.altratek.altraserver.extensions.service.timeliness_activity.act.act2017.act20170728.magicformation.MagicFormationInfo$1
9380:             1             16  com.altratek.altraserver.extensions.service.timeliness_activity.act.act2017.act20170728.magicformation.MagicFormationManager
9381:             1             16  com.altratek.altraserver.extensions.service.timeliness_activity.act.act2017.act20170728.supergoddragonfight.SuperGodDragonSetGain
9382:             1             16  com.altratek.altraserver.extensions.service.timeliness_activity.act.act2017.act20170804.checkpetownstate.CheckPetOwnStateHandler
9383:             1             16  com.altratek.altraserver.extensions.service.timeliness_activity.act.act2017.act20170804.masonryexchange.MasonryExchangeManager
9384:             1             16  com.altratek.altraserver.extensions.service.timeliness_activity.act.act2017.act20170804.phoenixgodjob.PhoenixSetGain
9385:             1             16  com.altratek.altraserver.extensions.service.timeliness_activity.act.act2017.act20170811.chuqiao.ChuQiaoHandler
9386:             1             16  com.altratek.altraserver.extensions.service.timeliness_activity.act.act2017.act20170811.chuqiao.ChuQiaoSetGain
9387:             1             16  com.altratek.altraserver.extensions.service.timeliness_activity.act.act2017.act20170811.xuanwugodjob.XuanWuGodJobInfo$1
9388:             1             16  com.altratek.altraserver.extensions.service.timeliness_activity.act.act2017.act20170811.xuanwugodjob.XuanWuGodJobSetGain
9389:             1             16  com.altratek.altraserver.extensions.service.timeliness_activity.act.act2017.act20170818.liehunmiaogodjob.LieHunMiaoGodJobHandler
9390:             1             16  com.altratek.altraserver.extensions.service.timeliness_activity.act.act2017.act20170818.liehunmiaogodjob.LieHunMiaoGodJobInfo$1
9391:             1             16  com.altratek.altraserver.extensions.service.timeliness_activity.act.act2017.act20170818.liehunmiaogodjob.LieHunMiaoGodJobSetGain
9392:             1             16  com.altratek.altraserver.extensions.service.timeliness_activity.act.act2017.act20170825.balloon.BalloonHandler
9393:             1             16  com.altratek.altraserver.extensions.service.timeliness_activity.act.act2017.act20170825.crazystadium.CrazyStadiumHandler
9394:             1             16  com.altratek.altraserver.extensions.service.timeliness_activity.act.act2017.act20170825.crazystadium.CrazyStadiumInfo$1
9395:             1             16  com.altratek.altraserver.extensions.service.timeliness_activity.act.act2017.act20170825.creategodfight.BossTeamFightHandler
9396:             1             16  com.altratek.altraserver.extensions.service.timeliness_activity.act.act2017.act20170825.creategodfight.CreateGodFightHandler
9397:             1             16  com.altratek.altraserver.extensions.service.timeliness_activity.act.act2017.act20170825.creategodfight.CreateGodFightInfo$1
9398:             1             16  com.altratek.altraserver.extensions.service.timeliness_activity.act.act2017.act20170825.creategodfight.CreateGodFightSetGain
9399:             1             16  com.altratek.altraserver.extensions.service.timeliness_activity.act.act2017.act20170825.creategodfight.LockFormatFightHandler
9400:             1             16  com.altratek.altraserver.extensions.service.timeliness_activity.act.act2017.act20170901.tmkinggodjob.TMKingGodJobHandler
9401:             1             16  com.altratek.altraserver.extensions.service.timeliness_activity.act.act2017.act20170901.tmkinggodjob.TMKingGodJobInfo$1
9402:             1             16  com.altratek.altraserver.extensions.service.timeliness_activity.act.act2017.act20170901.tmkinggodjob.TMKingSetGain
9403:             1             16  com.altratek.altraserver.extensions.service.timeliness_activity.act.act2017.act20170908.collectwinegetpet.CollectWineGetPetInfo$1
9404:             1             16  com.altratek.altraserver.extensions.service.timeliness_activity.act.act2017.act20170908.collectwinegetpet.ZuiXianSetGain
9405:             1             16  com.altratek.altraserver.extensions.service.timeliness_activity.act.act2017.act20170908.givecat.GiveCatManager
9406:             1             16  com.altratek.altraserver.extensions.service.timeliness_activity.act.act2017.act20170908.luciferpay.LuciferPayHandler
9407:             1             16  com.altratek.altraserver.extensions.service.timeliness_activity.act.act2017.act20170908.luciferpay.LuciferPayInfo$1
9408:             1             16  com.altratek.altraserver.extensions.service.timeliness_activity.act.act2017.act20170915.shadowsontransform.ShadowSonSetGain
9409:             1             16  com.altratek.altraserver.extensions.service.timeliness_activity.act.act2017.act20170915.shadowsontransform.ShadowSonTransfromHandler
9410:             1             16  com.altratek.altraserver.extensions.service.timeliness_activity.act.act2017.act20170915.shadowsontransform.ShadowSonTransfromInfo$1
9411:             1             16  com.altratek.altraserver.extensions.service.timeliness_activity.act.act2017.act20170922.diamondexchangeprize.DiamondExchangePrizeHandler
9412:             1             16  com.altratek.altraserver.extensions.service.timeliness_activity.act.act2017.act20170922.diamondexchangeprize.DiamondExchangePrizeInfo$1
9413:             1             16  com.altratek.altraserver.extensions.service.timeliness_activity.act.act2017.act20170922.diamondexchangeprize.TabsTotalCounter
9414:             1             16  com.altratek.altraserver.extensions.service.timeliness_activity.act.act2017.act20170922.diamondexchangeprize.WanJianWangSetGain
9415:             1             16  com.altratek.altraserver.extensions.service.timeliness_activity.act.act2017.act20170922.fivekingheadframe.FiveKingHeadFrameHandler
9416:             1             16  com.altratek.altraserver.extensions.service.timeliness_activity.act.act2017.act20170922.fivekingheadframe.FiveKingHeadFrameInfo
9417:             1             16  com.altratek.altraserver.extensions.service.timeliness_activity.act.act2017.act20170922.fivekingheadframe.FiveKingHeadFrameInfo$1
9418:             1             16  com.altratek.altraserver.extensions.service.timeliness_activity.act.act2017.act20170922.gaindiamondticket.GainDiamondTicketConfig
9419:             1             16  com.altratek.altraserver.extensions.service.timeliness_activity.act.act2017.act20170922.gaindiamondticket.GainDiamondTicketHandler
9420:             1             16  com.altratek.altraserver.extensions.service.timeliness_activity.act.act2017.act20170922.gaindiamondticket.GainDiamondTicketInfo$1
9421:             1             16  com.altratek.altraserver.extensions.service.timeliness_activity.act.act2017.act20170922.gaindiamondticket.RecycleGainWithTicketService
9422:             1             16  com.altratek.altraserver.extensions.service.timeliness_activity.act.act2017.act20170922.pandorabox.PandoraBoxConfig$CdHandler
9423:             1             16  com.altratek.altraserver.extensions.service.timeliness_activity.act.act2017.act20170922.pandorabox.PandoraBoxInfo$$Lambda$142/1195082637
9424:             1             16  com.altratek.altraserver.extensions.service.timeliness_activity.act.act2017.act20170922.pandorabox.PandoraBoxManager
9425:             1             16  com.altratek.altraserver.extensions.service.timeliness_activity.act.act2017.act20170922.petgiftdraw.PetGetSetFactory
9426:             1             16  com.altratek.altraserver.extensions.service.timeliness_activity.act.act2017.act20170922.petgiftdraw.PetGiftDrawHandler
9427:             1             16  com.altratek.altraserver.extensions.service.timeliness_activity.act.act2017.act20170922.petgiftdraw.PetGiftDrawInfo$1
9428:             1             16  com.altratek.altraserver.extensions.service.timeliness_activity.act.act2017.act20170929.gainpandora.GainPandoraHandler
9429:             1             16  com.altratek.altraserver.extensions.service.timeliness_activity.act.act2017.act20170929.gainpandora.GainPandoraInfo$1
9430:             1             16  com.altratek.altraserver.extensions.service.timeliness_activity.act.act2017.act20170929.gainpandora.PandoraSetGain
9431:             1             16  com.altratek.altraserver.extensions.service.timeliness_activity.act.act2017.act20170929.pandoraskin.PandoraSkinManager
9432:             1             16  com.altratek.altraserver.extensions.service.timeliness_activity.act.act2017.act20170929.rabbitgodgodjob.RabbitGodGodJobConfig
9433:             1             16  com.altratek.altraserver.extensions.service.timeliness_activity.act.act2017.act20170929.rabbitgodgodjob.RabbitGodGodJobHandler
9434:             1             16  com.altratek.altraserver.extensions.service.timeliness_activity.act.act2017.act20170929.rabbitgodgodjob.RabbitGodGodJobInfo$1
9435:             1             16  com.altratek.altraserver.extensions.service.timeliness_activity.act.act2017.act20170929.rabbitgodgodjob.RabbitGodGodJobSetGain
9436:             1             16  com.altratek.altraserver.extensions.service.timeliness_activity.act.act2017.act20170929.spacedragonskinbuy.SpaceDragonSkinBuyHandler
9437:             1             16  com.altratek.altraserver.extensions.service.timeliness_activity.act.act2017.act20171006.natureforguyaowang.NatureForGuYaoWangHandler
9438:             1             16  com.altratek.altraserver.extensions.service.timeliness_activity.act.act2017.act20171013.mengchong.MengChongHandler
9439:             1             16  com.altratek.altraserver.extensions.service.timeliness_activity.act.act2017.act20171013.mengchong.MengChongInfo$$Lambda$263/2011129859
9440:             1             16  com.altratek.altraserver.extensions.service.timeliness_activity.act.act2017.act20171013.petbox.PetBoxConfig
9441:             1             16  com.altratek.altraserver.extensions.service.timeliness_activity.act.act2017.act20171013.petbox.PetBoxHandler
9442:             1             16  com.altratek.altraserver.extensions.service.timeliness_activity.act.act2017.act20171013.summonerpower.SummonerPowerHandler
9443:             1             16  com.altratek.altraserver.extensions.service.timeliness_activity.act.act2017.act20171013.summonerpower.SummonerPowerInfo$1
9444:             1             16  com.altratek.altraserver.extensions.service.timeliness_activity.act.act2017.act20171013.wanlingworld.WanLingWorldInfo$1
9445:             1             16  com.altratek.altraserver.extensions.service.timeliness_activity.act.act2017.act20171013.wanlingworld.WanlingWorldHandler
9446:             1             16  com.altratek.altraserver.extensions.service.timeliness_activity.act.act2017.act20171020.godlightrecommend.GodLightRecommendManager
9447:             1             16  com.altratek.altraserver.extensions.service.timeliness_activity.act.act2017.act20171020.signforlingfeng.LingFengGodJobSetGain
9448:             1             16  com.altratek.altraserver.extensions.service.timeliness_activity.act.act2017.act20171020.signforlingfeng.SignForLingFengHandler
9449:             1             16  com.altratek.altraserver.extensions.service.timeliness_activity.act.act2017.act20171020.signforlingfeng.SignForLingFengInfo$1
9450:             1             16  com.altratek.altraserver.extensions.service.timeliness_activity.act.act2017.act20171020.wanyaozhen.WanYaoZhenHandler
9451:             1             16  com.altratek.altraserver.extensions.service.timeliness_activity.act.act2017.act20171020.wanyaozhen.WanYaoZhenInfo$1
9452:             1             16  com.altratek.altraserver.extensions.service.timeliness_activity.act.act2017.act20171020.yuanshoulottery.YuanShouLotteryHandler
9453:             1             16  com.altratek.altraserver.extensions.service.timeliness_activity.act.act2017.act20171020.yuanshoulottery.YuanShouLotteryInfo$1
9454:             1             16  com.altratek.altraserver.extensions.service.timelinessactivity.angrygreen.AngryGreenManager
9455:             1             16  com.altratek.altraserver.extensions.service.timelinessactivity.aoqiexpsend.ZhangFeiSetGain
9456:             1             16  com.altratek.altraserver.extensions.service.timelinessactivity.aoqihotelwar.AoQiHotelWarHandler
9457:             1             16  com.altratek.altraserver.extensions.service.timelinessactivity.aoqihotelwar.AoQiHotelWarInfo$1
9458:             1             16  com.altratek.altraserver.extensions.service.timelinessactivity.aoqihotelwar.AoQiHotelWarUserInfo$1
9459:             1             16  com.altratek.altraserver.extensions.service.timelinessactivity.bestherozerozero.BestHeroZeroZeroHandler
9460:             1             16  com.altratek.altraserver.extensions.service.timelinessactivity.bestpetrank.BestPetRankDefaultService
9461:             1             16  com.altratek.altraserver.extensions.service.timelinessactivity.bestpetrank.BestPetRankHandler
9462:             1             16  com.altratek.altraserver.extensions.service.timelinessactivity.btmovieconference.BTMovieConferenceHandleFactory
9463:             1             16  com.altratek.altraserver.extensions.service.timelinessactivity.callandinvite.CallAndInviteDao$CallerInfo$1
9464:             1             16  com.altratek.altraserver.extensions.service.timelinessactivity.callandinvite.CallAndInviteInfo$1
9465:             1             16  com.altratek.altraserver.extensions.service.timelinessactivity.callandinvite.CallAndInviteManager
9466:             1             16  com.altratek.altraserver.extensions.service.timelinessactivity.chenchenpartner.ChenChenPartnerHandler
9467:             1             16  com.altratek.altraserver.extensions.service.timelinessactivity.chenchenpartner.ChenChenPartnerInfo$1
9468:             1             16  com.altratek.altraserver.extensions.service.timelinessactivity.christmasturkeychef.ChristmasTurkeyChefHandler
9469:             1             16  com.altratek.altraserver.extensions.service.timelinessactivity.classicspet.ClassicsPetConfig
9470:             1             16  com.altratek.altraserver.extensions.service.timelinessactivity.classicspet.ClassicsPetConst$$Lambda$217/622426538
9471:             1             16  com.altratek.altraserver.extensions.service.timelinessactivity.classicspet.ClassicsPetHandler
9472:             1             16  com.altratek.altraserver.extensions.service.timelinessactivity.classicspet.ClassicsPetInfo$1
9473:             1             16  com.altratek.altraserver.extensions.service.timelinessactivity.clothesofking.ClothesOfKingConfig
9474:             1             16  com.altratek.altraserver.extensions.service.timelinessactivity.clothesofking.ClothesOfKingHandler
9475:             1             16  com.altratek.altraserver.extensions.service.timelinessactivity.clothesofking.ClothesOfKingUserInfo
9476:             1             16  com.altratek.altraserver.extensions.service.timelinessactivity.clothesofking.ClothesOfKingUserInfo$1
9477:             1             16  com.altratek.altraserver.extensions.service.timelinessactivity.clothesofking.KingClothesInfo$1
9478:             1             16  com.altratek.altraserver.extensions.service.timelinessactivity.clothesofking.KingClothesRank$1
9479:             1             16  com.altratek.altraserver.extensions.service.timelinessactivity.coolboy.CoolBoyManager
9480:             1             16  com.altratek.altraserver.extensions.service.timelinessactivity.diamondexchange0731.DiamondExchange20150731Handle
9481:             1             16  com.altratek.altraserver.extensions.service.timelinessactivity.diamondsword.DiamondSwordInfo$1
9482:             1             16  com.altratek.altraserver.extensions.service.timelinessactivity.diamondsword.DiamondSwordManager
9483:             1             16  com.altratek.altraserver.extensions.service.timelinessactivity.diamondsword.DiamondSwordPetPrize
9484:             1             16  com.altratek.altraserver.extensions.service.timelinessactivity.diamondsword.DiamondSwordSetGain
9485:             1             16  com.altratek.altraserver.extensions.service.timelinessactivity.fight.huolie.HuoLieInfo$1
9486:             1             16  com.altratek.altraserver.extensions.service.timelinessactivity.fight.huolie.HuoLieManager
9487:             1             16  com.altratek.altraserver.extensions.service.timelinessactivity.fight.leihun.LeiHunManager
9488:             1             16  com.altratek.altraserver.extensions.service.timelinessactivity.fight.supermengmeng.DefaultMengSuperService
9489:             1             16  com.altratek.altraserver.extensions.service.timelinessactivity.firstcharge20150130.FirstCharge20150130handler
9490:             1             16  com.altratek.altraserver.extensions.service.timelinessactivity.godspoor.GodSpoorExtension$$Lambda$99/1154049758
9491:             1             16  com.altratek.altraserver.extensions.service.timelinessactivity.godspoor.GodSpoorInfo$1
9492:             1             16  com.altratek.altraserver.extensions.service.timelinessactivity.godspoor.GodSpoorManager
9493:             1             16  com.altratek.altraserver.extensions.service.timelinessactivity.headoflangya.HeadOfLangYaHandler
9494:             1             16  com.altratek.altraserver.extensions.service.timelinessactivity.holypetexchange.HolyPetExchangeDao$InheritRecord$1
9495:             1             16  com.altratek.altraserver.extensions.service.timelinessactivity.holypetexchange.HolyPetExchangeHandler
9496:             1             16  com.altratek.altraserver.extensions.service.timelinessactivity.huandong.HuanDongConfig
9497:             1             16  com.altratek.altraserver.extensions.service.timelinessactivity.huandongpose.HuanDongPoseConfig
9498:             1             16  com.altratek.altraserver.extensions.service.timelinessactivity.kingofbrightness.KingOfBrightnessSuperEvolveSetGain
9499:             1             16  com.altratek.altraserver.extensions.service.timelinessactivity.kingofbrightness.UserFengYinInfo$1
9500:             1             16  com.altratek.altraserver.extensions.service.timelinessactivity.kingofpetfight.KingOfPetFightInvitMessage$1
9501:             1             16  com.altratek.altraserver.extensions.service.timelinessactivity.kuangdao.KuangDaoManager
9502:             1             16  com.altratek.altraserver.extensions.service.timelinessactivity.lionsuperevolve.LionSuperEvolveInfo$1
9503:             1             16  com.altratek.altraserver.extensions.service.timelinessactivity.lionsuperevolve.LionSuperEvolveManager
9504:             1             16  com.altratek.altraserver.extensions.service.timelinessactivity.luckysuperevovle.fight.LuckyFightService
9505:             1             16  com.altratek.altraserver.extensions.service.timelinessactivity.luckysuperevovle.interact.LuckyInteractService
9506:             1             16  com.altratek.altraserver.extensions.service.timelinessactivity.luosasuper.LuoSaSuperInfo$1
9507:             1             16  com.altratek.altraserver.extensions.service.timelinessactivity.luosasuper.LuoSaSuperManager
9508:             1             16  com.altratek.altraserver.extensions.service.timelinessactivity.monthnewlogin.monthnewdraw20170901.MonthNewDrawConfig
9509:             1             16  com.altratek.altraserver.extensions.service.timelinessactivity.monthnewlogin.monthnewdraw20170901.MonthNewDrawHandler
9510:             1             16  com.altratek.altraserver.extensions.service.timelinessactivity.monthnewlogin.monthnewdraw20170901.MonthNewDrawInfo$1
9511:             1             16  com.altratek.altraserver.extensions.service.timelinessactivity.movezerozero.MoveZeroZeroHandler
9512:             1             16  com.altratek.altraserver.extensions.service.timelinessactivity.newhandpowerup.NewHandPowerUpInfo$1
9513:             1             16  com.altratek.altraserver.extensions.service.timelinessactivity.newhandpowerup.NewHandPowerUpManager
9514:             1             16  com.altratek.altraserver.extensions.service.timelinessactivity.newhandpowerup.NewHandPowerUpTask$$Lambda$237/1417395209
9515:             1             16  com.altratek.altraserver.extensions.service.timelinessactivity.newhandpowerup.NewHandPowerUpTask$$Lambda$238/158341892
9516:             1             16  com.altratek.altraserver.extensions.service.timelinessactivity.newhandpowerup.NewHandPowerUpTask$$Lambda$239/1576356711
9517:             1             16  com.altratek.altraserver.extensions.service.timelinessactivity.newhandpowerup.NewHandPowerUpTask$Config$$Lambda$221/1287520997
9518:             1             16  com.altratek.altraserver.extensions.service.timelinessactivity.newhandpowerup.NewHandPowerUpTask$Config$$Lambda$222/2006829590
9519:             1             16  com.altratek.altraserver.extensions.service.timelinessactivity.newhandpowerup.NewHandPowerUpTask$Config$$Lambda$223/1641725688
9520:             1             16  com.altratek.altraserver.extensions.service.timelinessactivity.newhandpowerup.NewHandPowerUpTask$Config$$Lambda$224/87476008
9521:             1             16  com.altratek.altraserver.extensions.service.timelinessactivity.newhandpowerup.NewHandPowerUpTask$Config$$Lambda$225/967005249
9522:             1             16  com.altratek.altraserver.extensions.service.timelinessactivity.newhandpowerup.NewHandPowerUpTask$Config$$Lambda$226/553120793
9523:             1             16  com.altratek.altraserver.extensions.service.timelinessactivity.newhandpowerup.NewHandPowerUpTask$Config$$Lambda$227/351183745
9524:             1             16  com.altratek.altraserver.extensions.service.timelinessactivity.newhandpowerup.NewHandPowerUpTask$Config$$Lambda$228/668084659
9525:             1             16  com.altratek.altraserver.extensions.service.timelinessactivity.newhandpowerup.NewHandPowerUpTask$Config$$Lambda$229/74477652
9526:             1             16  com.altratek.altraserver.extensions.service.timelinessactivity.newhandpowerup.NewHandPowerUpTask$Config$$Lambda$230/465046527
9527:             1             16  com.altratek.altraserver.extensions.service.timelinessactivity.newhandpowerup.NewHandPowerUpTask$Config$$Lambda$231/2049659298
9528:             1             16  com.altratek.altraserver.extensions.service.timelinessactivity.newhandpowerup.NewHandPowerUpTask$Config$$Lambda$232/1275228389
9529:             1             16  com.altratek.altraserver.extensions.service.timelinessactivity.newhandpowerup.NewHandPowerUpTask$Config$$Lambda$233/1274498017
9530:             1             16  com.altratek.altraserver.extensions.service.timelinessactivity.newhandpowerup.NewHandPowerUpTask$Config$$Lambda$234/281757331
9531:             1             16  com.altratek.altraserver.extensions.service.timelinessactivity.newhandpowerup.NewHandPowerUpTask$Config$$Lambda$235/810394473
9532:             1             16  com.altratek.altraserver.extensions.service.timelinessactivity.newhandpowerup.NewHandPowerUpTask$Config$$Lambda$236/1863809245
9533:             1             16  com.altratek.altraserver.extensions.service.timelinessactivity.outfairysummerhappy.OutFairySummerHappyHandler
9534:             1             16  com.altratek.altraserver.extensions.service.timelinessactivity.pandaevolve.PandaEvolveInfo$1
9535:             1             16  com.altratek.altraserver.extensions.service.timelinessactivity.pandaevolve.PandaEvolveManager
9536:             1             16  com.altratek.altraserver.extensions.service.timelinessactivity.petdesigngame.PetDesignGameHandler
9537:             1             16  com.altratek.altraserver.extensions.service.timelinessactivity.petdiscount.PetDiscountManager
9538:             1             16  com.altratek.altraserver.extensions.service.timelinessactivity.petskin.PetSkinInfo$$Lambda$162/272755191
9539:             1             16  com.altratek.altraserver.extensions.service.timelinessactivity.petskin.PetSkinManager
9540:             1             16  com.altratek.altraserver.extensions.service.timelinessactivity.petskin.summary.PetSkinSummaryService
9541:             1             16  com.altratek.altraserver.extensions.service.timelinessactivity.phenixultraevolve.PhenixUltraEvolveHandler
9542:             1             16  com.altratek.altraserver.extensions.service.timelinessactivity.phenixultraevolve.PhenixUltraEvolveUserInfo$1
9543:             1             16  com.altratek.altraserver.extensions.service.timelinessactivity.powerup23w5.Compensation_Genius
9544:             1             16  com.altratek.altraserver.extensions.service.timelinessactivity.powerup23w5.Compensation_GodAttribute
9545:             1             16  com.altratek.altraserver.extensions.service.timelinessactivity.powerup23w5.Compensation_Level
9546:             1             16  com.altratek.altraserver.extensions.service.timelinessactivity.powerup23w5.Compensation_StarGod
9547:             1             16  com.altratek.altraserver.extensions.service.timelinessactivity.powerup23w5.PowerUp23w5Info$1
9548:             1             16  com.altratek.altraserver.extensions.service.timelinessactivity.powerup23w5.PowerUp23w5Manager
9549:             1             16  com.altratek.altraserver.extensions.service.timelinessactivity.powerup23w5.PowerUp23w5TaskDefine
9550:             1             16  com.altratek.altraserver.extensions.service.timelinessactivity.powerup23w5.Step_Genius
9551:             1             16  com.altratek.altraserver.extensions.service.timelinessactivity.powerup23w5.Step_GodAttribute
9552:             1             16  com.altratek.altraserver.extensions.service.timelinessactivity.powerup23w5.Step_Level
9553:             1             16  com.altratek.altraserver.extensions.service.timelinessactivity.powerup23w5.Step_StarGod
9554:             1             16  com.altratek.altraserver.extensions.service.timelinessactivity.powerup26w.PowerUp26wInfo$1
9555:             1             16  com.altratek.altraserver.extensions.service.timelinessactivity.powerup26w.PowerUp26wManager
9556:             1             16  com.altratek.altraserver.extensions.service.timelinessactivity.powerup26w.PowerUp26wTask$$Lambda$200/1650320152
9557:             1             16  com.altratek.altraserver.extensions.service.timelinessactivity.powerup26w.PowerUp26wTask$$Lambda$209/772926556
9558:             1             16  com.altratek.altraserver.extensions.service.timelinessactivity.powerup26w.PowerUp26wTask$$Lambda$210/1967734227
9559:             1             16  com.altratek.altraserver.extensions.service.timelinessactivity.powerup26w.PowerUp26wTask$$Lambda$211/1506037437
9560:             1             16  com.altratek.altraserver.extensions.service.timelinessactivity.powerup26w.PowerUp26wTask$$Lambda$212/1182689587
9561:             1             16  com.altratek.altraserver.extensions.service.timelinessactivity.powerup26w.PowerUp26wTask$Config$$Lambda$201/1448716931
9562:             1             16  com.altratek.altraserver.extensions.service.timelinessactivity.powerup26w.PowerUp26wTask$Config$$Lambda$202/1367577299
9563:             1             16  com.altratek.altraserver.extensions.service.timelinessactivity.powerup26w.PowerUp26wTask$Config$$Lambda$203/1556868824
9564:             1             16  com.altratek.altraserver.extensions.service.timelinessactivity.powerup26w.PowerUp26wTask$Config$$Lambda$204/1433773200
9565:             1             16  com.altratek.altraserver.extensions.service.timelinessactivity.powerup26w.PowerUp26wTask$Config$$Lambda$205/1323503887
9566:             1             16  com.altratek.altraserver.extensions.service.timelinessactivity.powerup26w.PowerUp26wTask$Config$$Lambda$206/54204170
9567:             1             16  com.altratek.altraserver.extensions.service.timelinessactivity.powerup26w.PowerUp26wTask$Config$$Lambda$207/361627
9568:             1             16  com.altratek.altraserver.extensions.service.timelinessactivity.powerup26w.PowerUp26wTask$Config$$Lambda$208/2024595759
9569:             1             16  com.altratek.altraserver.extensions.service.timelinessactivity.qingmingrain.ReceiveCloudMsg$1
9570:             1             16  com.altratek.altraserver.extensions.service.timelinessactivity.rainbowflower.RainbowFlowerService
9571:             1             16  com.altratek.altraserver.extensions.service.timelinessactivity.rainbowflower.RainbowFlowerUserInfo$1
9572:             1             16  com.altratek.altraserver.extensions.service.timelinessactivity.rebuildchenguang.RebuildChenGuangHandler
9573:             1             16  com.altratek.altraserver.extensions.service.timelinessactivity.rebuildchenguang.RebuildChenGuangUserInfo$1
9574:             1             16  com.altratek.altraserver.extensions.service.timelinessactivity.rebuildchenguang.concretephases.FinishPhase
9575:             1             16  com.altratek.altraserver.extensions.service.timelinessactivity.settleaction.SettleActionHandler
9576:             1             16  com.altratek.altraserver.extensions.service.timelinessactivity.snboss.SnBossInfo$1
9577:             1             16  com.altratek.altraserver.extensions.service.timelinessactivity.snboss.SnBossManager
9578:             1             16  com.altratek.altraserver.extensions.service.timelinessactivity.superflowerstar.service.Star0807Service
9579:             1             16  com.altratek.altraserver.extensions.service.timelinessactivity.supergodgiftpack.SuperGodGiftPackHandler
9580:             1             16  com.altratek.altraserver.extensions.service.timelinessactivity.supernodie.SuperNoDieInfo$1
9581:             1             16  com.altratek.altraserver.extensions.service.timelinessactivity.supernodie.SuperNoDieManager
9582:             1             16  com.altratek.altraserver.extensions.service.timelinessactivity.tianmanwangultraevolve.TMWUltraevolveHandler
9583:             1             16  com.altratek.altraserver.extensions.service.timelinessactivity.tianmanwangultraevolve.TMWUltraevolveUserInfo$1
9584:             1             16  com.altratek.altraserver.extensions.service.timelinessactivity.topicpetidecide.TopicPetIDecideHandler
9585:             1             16  com.altratek.altraserver.extensions.service.timelinessactivity.windwing.WindWingManager
9586:             1             16  com.altratek.altraserver.extensions.service.timelinessactivity.xiaofanpartneraction.XiaoFanPartnerActionHandler
9587:             1             16  com.altratek.altraserver.extensions.service.timelinessactivity.xiaomengtaier.XiaoMengTaiErManager
9588:             1             16  com.altratek.altraserver.extensions.service.timelinessactivity.xingchengsuperevolve.XingChengSuperEvolveInfo$1
9589:             1             16  com.altratek.altraserver.extensions.service.timelinessactivity.xingchengsuperevolve.XingChengSuperEvolveManager
9590:             1             16  com.altratek.altraserver.extensions.service.timelinessactivity.yearface.YearFaceManager
9591:             1             16  com.altratek.altraserver.extensions.service.timelinessactivity.zhounian.ZhouNianManager
9592:             1             16  com.altratek.altraserver.extensions.service.title.TitleDao$1
9593:             1             16  com.altratek.altraserver.extensions.service.title.TitleDefine$1
9594:             1             16  com.altratek.altraserver.extensions.service.title.TitleDefineManager
9595:             1             16  com.altratek.altraserver.extensions.service.title.UserTitle$1
9596:             1             16  com.altratek.altraserver.extensions.service.tower.exptower2016.ExpTowerDao$DbValue$1
9597:             1             16  com.altratek.altraserver.extensions.service.tower.exptower2016.ExpTowerDao$RankItem$1
9598:             1             16  com.altratek.altraserver.extensions.service.tower.exptower2016.ExpTowerHandler
9599:             1             16  com.altratek.altraserver.extensions.service.tower.exptower2016.ExpTowerUserInfo$1
9600:             1             16  com.altratek.altraserver.extensions.service.tower.exptower2016.SecretEventTrigger
9601:             1             16  com.altratek.altraserver.extensions.service.tower.exptower2016.TowerMonster$TowerCreepXml$1
9602:             1             16  com.altratek.altraserver.extensions.service.tower.exptower2016.autoexptower.AutoExpTowerHandler
9603:             1             16  com.altratek.altraserver.extensions.service.tower.exptower2016.autoexptower.AutoExpTowerUserInfo$1
9604:             1             16  com.altratek.altraserver.extensions.service.tower.fengshen.FengShenTowerDao
9605:             1             16  com.altratek.altraserver.extensions.service.tower.fengshen.FengShenTowerHandler
9606:             1             16  com.altratek.altraserver.extensions.service.tower.fengshen.info.FengShenTowerBossInfo$1
9607:             1             16  com.altratek.altraserver.extensions.service.tower.fengshen.info.FengShenTowerInfo$1
9608:             1             16  com.altratek.altraserver.extensions.service.tower.fengshen.info.FengShenTowerInfo$2
9609:             1             16  com.altratek.altraserver.extensions.service.tower.fulllvlexp.FullLvExpService
9610:             1             16  com.altratek.altraserver.extensions.service.tower.levelup.LevelUpTowerInfo$1
9611:             1             16  com.altratek.altraserver.extensions.service.tower.levelup.LevelUpTowerManager
9612:             1             16  com.altratek.altraserver.extensions.service.tower.magic.MTFloorHandlerFactory_Common
9613:             1             16  com.altratek.altraserver.extensions.service.tower.magic.MTFloorHandlerFactory_Common$MaterialLimit
9614:             1             16  com.altratek.altraserver.extensions.service.tower.magic.MagicTowerHandler$1
9615:             1             16  com.altratek.altraserver.extensions.service.tower.zhandouli.ZDLManager
9616:             1             16  com.altratek.altraserver.extensions.service.tower_warrior.UserWTowerInfo$1
9617:             1             16  com.altratek.altraserver.extensions.service.tower_warrior.WarriorTowerDao
9618:             1             16  com.altratek.altraserver.extensions.service.transfiguration.TransfigurationMc
9619:             1             16  com.altratek.altraserver.extensions.service.transfiguration.TransfigurationService
9620:             1             16  com.altratek.altraserver.extensions.service.treasurehall.DigTreasureInfo$1
9621:             1             16  com.altratek.altraserver.extensions.service.treasurehall.TreasureHallLoad
9622:             1             16  com.altratek.altraserver.extensions.service.treasurehall.TreasureHallManager
9623:             1             16  com.altratek.altraserver.extensions.service.treasurehall.TreasureHallUserInfo$1
9624:             1             16  com.altratek.altraserver.extensions.service.treasurehall.dao.DigTreasureDao
9625:             1             16  com.altratek.altraserver.extensions.service.treasurehall.level.LevelService
9626:             1             16  com.altratek.altraserver.extensions.service.treasurehall.limit.NumLimitPerLayer
9627:             1             16  com.altratek.altraserver.extensions.service.treasurehall.limit.TimeLayerLimitParam
9628:             1             16  com.altratek.altraserver.extensions.service.undercity.UnderCityExtension$$Lambda$94/1957206684
9629:             1             16  com.altratek.altraserver.extensions.service.undercity.UnderCityManager
9630:             1             16  com.altratek.altraserver.extensions.service.undercity.UnderCityWarrior$1
9631:             1             16  com.altratek.altraserver.extensions.service.union.DefaultUnionCacheService
9632:             1             16  com.altratek.altraserver.extensions.service.union.DefaultUnionService
9633:             1             16  com.altratek.altraserver.extensions.service.union.MemberSimpleInfo$1
9634:             1             16  com.altratek.altraserver.extensions.service.union.UnionBuildingService
9635:             1             16  com.altratek.altraserver.extensions.service.union.UnionBuildingService$UnionBuildingSimpleInfo$1
9636:             1             16  com.altratek.altraserver.extensions.service.union.UnionDao$$Lambda$157/51978904
9637:             1             16  com.altratek.altraserver.extensions.service.union.UnionDiaplayHandler
9638:             1             16  com.altratek.altraserver.extensions.service.union.UnionDisplayService
9639:             1             16  com.altratek.altraserver.extensions.service.union.UnionFinanceService
9640:             1             16  com.altratek.altraserver.extensions.service.union.UnionMemberService
9641:             1             16  com.altratek.altraserver.extensions.service.union.UnionOfflineMsg$1
9642:             1             16  com.altratek.altraserver.extensions.service.union.UnionPublicInfo$$Lambda$121/1797154029
9643:             1             16  com.altratek.altraserver.extensions.service.union.UnionSalaryHandler
9644:             1             16  com.altratek.altraserver.extensions.service.union.UnionSalaryLastWeekSnapshot$1
9645:             1             16  com.altratek.altraserver.extensions.service.union.UnionSalaryMemberLastWeekSnapshot$1
9646:             1             16  com.altratek.altraserver.extensions.service.union.UnionService
9647:             1             16  com.altratek.altraserver.extensions.service.union.UnionSimpleInfo$1
9648:             1             16  com.altratek.altraserver.extensions.service.union.UnionTaskHandler
9649:             1             16  com.altratek.altraserver.extensions.service.union.UnionTaskPeriodHandler
9650:             1             16  com.altratek.altraserver.extensions.service.union.UserUnionInfo$$Lambda$120/1252427559
9651:             1             16  com.altratek.altraserver.extensions.service.union.UserUnionInvite$1
9652:             1             16  com.altratek.altraserver.extensions.service.union.activity.boss.DefaultUnionBossRemoteService
9653:             1             16  com.altratek.altraserver.extensions.service.union.activity.donate.AncientPetManager
9654:             1             16  com.altratek.altraserver.extensions.service.union.activity.donate.StarGodManager
9655:             1             16  com.altratek.altraserver.extensions.service.union.activity.donate.UnionDonateConfig
9656:             1             16  com.altratek.altraserver.extensions.service.union.activity.sign.USSignActivityConfig
9657:             1             16  com.altratek.altraserver.extensions.service.union.activity.sign.USSignActivityInfo$$Lambda$197/1439722500
9658:             1             16  com.altratek.altraserver.extensions.service.union.activity.store.UnionStoreInfo$$Lambda$247/66492295
9659:             1             16  com.altratek.altraserver.extensions.service.union.activity.unionfight.UnionFightDao
9660:             1             16  com.altratek.altraserver.extensions.service.union.activity.unionfight.UnionFightDao$UnionFightRecord$1
9661:             1             16  com.altratek.altraserver.extensions.service.union.activity.unionfight.UnionFightDefaultService
9662:             1             16  com.altratek.altraserver.extensions.service.union.activity.unionfight.UnionFightHandler
9663:             1             16  com.altratek.altraserver.extensions.service.union.activity.unionfight.UnionFightInfo$1
9664:             1             16  com.altratek.altraserver.extensions.service.union.activity.weapon.UnionWeaponData$$Lambda$132/1212373263
9665:             1             16  com.altratek.altraserver.extensions.service.union.activity.weapon.UnionWeaponData$1
9666:             1             16  com.altratek.altraserver.extensions.service.union.activity.weapon.UnionWeaponHandler
9667:             1             16  com.altratek.altraserver.extensions.service.union.activity.weapon.UnionWeaponService
9668:             1             16  com.altratek.altraserver.extensions.service.union.task.cleanwindow.CleanWindowHandler
9669:             1             16  com.altratek.altraserver.extensions.service.union.task.cleanwindow.CleanWindowTaskService
9670:             1             16  com.altratek.altraserver.extensions.service.union.task.cropdonate.CropDonateTaskService
9671:             1             16  com.altratek.altraserver.extensions.service.union.task.defendingwarrior.DefendingWarriorHandler
9672:             1             16  com.altratek.altraserver.extensions.service.union.task.defendingwarrior.DefendingWarriorTaskService
9673:             1             16  com.altratek.altraserver.extensions.service.union.task.groupphoto.GroupPhotoHandler
9674:             1             16  com.altratek.altraserver.extensions.service.union.task.playdice.PlayDiceFunctionFactory
9675:             1             16  com.altratek.altraserver.extensions.service.union.task.playdice.PlayDicePredicateFactory
9676:             1             16  com.altratek.altraserver.extensions.service.user.CheatHandler
9677:             1             16  com.altratek.altraserver.extensions.service.user.ClientStartXmlFileChangedNotifyReloader
9678:             1             16  com.altratek.altraserver.extensions.service.user.OfflineMsg$1
9679:             1             16  com.altratek.altraserver.extensions.service.user.RealTimeCollectService
9680:             1             16  com.altratek.altraserver.extensions.service.user.UserInfo$1
9681:             1             16  com.altratek.altraserver.extensions.service.user.UserService
9682:             1             16  com.altratek.altraserver.extensions.service.userbuff.UserBuff$1
9683:             1             16  com.altratek.altraserver.extensions.service.userbuff.UserBuffActionDynamicDateFixedEndTime$1
9684:             1             16  com.altratek.altraserver.extensions.service.userbuff.UserBuffActionDynamicEndDateTime$1
9685:             1             16  com.altratek.altraserver.extensions.service.userbuff.UserBuffActionDynamicEndDateTime$UserBuffActionCreator_DynamicEndDateTime
9686:             1             16  com.altratek.altraserver.extensions.service.userbuff.UserBuffActionEffectivePeriod$1
9687:             1             16  com.altratek.altraserver.extensions.service.userbuff.UserBuffActionFixedEndDateTime$1
9688:             1             16  com.altratek.altraserver.extensions.service.userbuff.UserBuffActionObserverProvider
9689:             1             16  com.altratek.altraserver.extensions.service.userbuff.UserBuffActions$1
9690:             1             16  com.altratek.altraserver.extensions.service.userbuff.UserBuffDao
9691:             1             16  com.altratek.altraserver.extensions.service.userbuff.UserBuffDefine$1
9692:             1             16  com.altratek.altraserver.extensions.service.userbuff.UserBuffHandler
9693:             1             16  com.altratek.altraserver.extensions.service.userbuff.UserBuffService
9694:             1             16  com.altratek.altraserver.extensions.service.userdisplay.AoQiMasterUserInfo$1
9695:             1             16  com.altratek.altraserver.extensions.service.userdisplay.UserDisplay$1
9696:             1             16  com.altratek.altraserver.extensions.service.userdisplay.UserDisplayDBD$1
9697:             1             16  com.altratek.altraserver.extensions.service.userdisplay.UserDisplayDTO$1
9698:             1             16  com.altratek.altraserver.extensions.service.userdisplay.UserDisplayDao$1
9699:             1             16  com.altratek.altraserver.extensions.service.userdisplay.UserDisplayDb$1
9700:             1             16  com.altratek.altraserver.extensions.service.userdisplay.UserDisplayPKService$1
9701:             1             16  com.altratek.altraserver.extensions.service.userdisplay.UserDisplayService
9702:             1             16  com.altratek.altraserver.extensions.service.vip.VipExtension$1
9703:             1             16  com.altratek.altraserver.extensions.service.vip.VipPrivilegeLoader
9704:             1             16  com.altratek.altraserver.extensions.service.vip.VipService
9705:             1             16  com.altratek.altraserver.extensions.service.vip.activity.va141226.Va141226Manager
9706:             1             16  com.altratek.altraserver.extensions.service.vip.activity.va150930.Va150930Config
9707:             1             16  com.altratek.altraserver.extensions.service.vip.activity.va150930.Va150930Handler
9708:             1             16  com.altratek.altraserver.extensions.service.vip.activity.va160304.firstcharge.FirstCharge160304Handler
9709:             1             16  com.altratek.altraserver.extensions.service.vip.activity.va20xx.Pay20xxManager
9710:             1             16  com.altratek.altraserver.extensions.service.vip.activity.va20xx.PoXiaoLingFengGetSet
9711:             1             16  com.altratek.altraserver.extensions.service.vip.activity.va20xx.StarBlueDragonGetSet
9712:             1             16  com.altratek.altraserver.extensions.service.vip.activity.va20xx.SuperAnYingGetSet
9713:             1             16  com.altratek.altraserver.extensions.service.vip.activity.va20xx.WuShenGetSet
9714:             1             16  com.altratek.altraserver.extensions.service.vip.activity.va20xx.XingChenLingFengGetSet
9715:             1             16  com.altratek.altraserver.extensions.service.vip.activity.val150902.Val150902Handler
9716:             1             16  com.altratek.altraserver.extensions.service.vip.activity.val160122.Val160122Handler
9717:             1             16  com.altratek.altraserver.extensions.service.vip.activity.val161104.FirstCharge161104Handler
9718:             1             16  com.altratek.altraserver.extensions.service.vip.activity.val170126.Val170126Handler
9719:             1             16  com.altratek.altraserver.extensions.service.vip.activity.val170224.Val170224Handler
9720:             1             16  com.altratek.altraserver.extensions.service.vip.activity.val170714.Val170714Handler
9721:             1             16  com.altratek.altraserver.extensions.service.vip.activity.val170714.Val170714Info$1
9722:             1             16  com.altratek.altraserver.extensions.service.vip.activity.val170714.Val170714SetGain
9723:             1             16  com.altratek.altraserver.extensions.service.vip.activity.val170804.GodJobZiLongSetGain
9724:             1             16  com.altratek.altraserver.extensions.service.vip.activity.val170929.Val170929Handler
9725:             1             16  com.altratek.altraserver.extensions.service.vip.activity.val170929.Val170929Info$1
9726:             1             16  com.altratek.altraserver.extensions.service.vip.activity.val171013.firstcharge.FirstCharge171013Handler
9727:             1             16  com.altratek.altraserver.extensions.service.vip.activity.val171013.firstcharge.FirstCharge171013Info$1
9728:             1             16  com.altratek.altraserver.extensions.service.vip.activity.val171013.firstexchange.FirstExcharge171013Handler
9729:             1             16  com.altratek.altraserver.extensions.service.vip.activity.val171013.firstexchange.FirstExcharge171013Info$1
9730:             1             16  com.altratek.altraserver.extensions.service.vip.activity.val2014.Pay2014Manager
9731:             1             16  com.altratek.altraserver.extensions.service.vip.activity.viporder.VipOrderDao
9732:             1             16  com.altratek.altraserver.extensions.service.vip.activity.viporder.VipOrderInfo$1
9733:             1             16  com.altratek.altraserver.extensions.service.vip.activity.viporder.VipOrderInfo$2
9734:             1             16  com.altratek.altraserver.extensions.service.vip.activity.viporder.VipOrderManager
9735:             1             16  com.altratek.altraserver.extensions.service.vip.activity.yearpay2016.YearPay2016Dao
9736:             1             16  com.altratek.altraserver.extensions.service.vip.activity.yearpay2017.YearPay2017Dao
9737:             1             16  com.altratek.altraserver.extensions.service.vip.activity.yearpay2017.YearPay2017Handler
9738:             1             16  com.altratek.altraserver.extensions.service.vip.charge.UserVipCharge$1
9739:             1             16  com.altratek.altraserver.extensions.service.vip.charge.VCRecordFactory_Daily$VCRecord_Daily
9740:             1             16  com.altratek.altraserver.extensions.service.vip.charge.VipCharge$1
9741:             1             16  com.altratek.altraserver.extensions.service.vip.charge.VipChargeService
9742:             1             16  com.altratek.altraserver.extensions.service.vip.chargereturn.Config
9743:             1             16  com.altratek.altraserver.extensions.service.vip.chargereturn.ReturnActivity$1
9744:             1             16  com.altratek.altraserver.extensions.service.vip.chargereturn.ReturnBonus$1
9745:             1             16  com.altratek.altraserver.extensions.service.vip.chargereturn.ReturnDao
9746:             1             16  com.altratek.altraserver.extensions.service.vip.chargereturn.ReturnPhase$1
9747:             1             16  com.altratek.altraserver.extensions.service.vip.chargereturn.VipChargeReturnManager
9748:             1             16  com.altratek.altraserver.extensions.service.vip.tempvipactivity.StarlitPalaceDao
9749:             1             16  com.altratek.altraserver.extensions.service.vip.tempvipactivity.UserVipChargeInfo$1
9750:             1             16  com.altratek.altraserver.extensions.service.vipnickname.NickName$1
9751:             1             16  com.altratek.altraserver.extensions.service.vipnickname.VipNickNameDao
9752:             1             16  com.altratek.altraserver.extensions.service.vipnickname.VipNickNameManager
9753:             1             16  com.altratek.altraserver.extensions.service.weeklystar.UserWeeklySubmitInfo$1
9754:             1             16  com.altratek.altraserver.extensions.session.McSessionService
9755:             1             16  com.altratek.altraserver.extensions.session.OnlineUserInfo$1
9756:             1             16  com.altratek.altraserver.extensions.state.LongTimeCommonCounter
9757:             1             16  com.altratek.altraserver.extensions.state.LongTimeDoneCounter$TargetCount$1
9758:             1             16  com.altratek.altraserver.extensions.state.LongTimeMcHelper
9759:             1             16  com.altratek.altraserver.extensions.state.LongTimeMcHelper$LongTimeMcDefine$1
9760:             1             16  com.altratek.altraserver.extensions.state.LongTimeStringState
9761:             1             16  com.altratek.altraserver.extensions.state.LongTimeStringState$Target2Info$1
9762:             1             16  com.altratek.altraserver.extensions.state.RedisDailyCounter
9763:             1             16  com.altratek.altraserver.extensions.state.RedisLongTimeData
9764:             1             16  com.altratek.altraserver.extensions.state.RedisMonthlyLog
9765:             1             16  com.altratek.altraserver.extensions.state.TempDailyObjectState
9766:             1             16  com.altratek.altraserver.extensions.state.TodayDoneCounter
9767:             1             16  com.altratek.altraserver.extensions.state.TodayObjectState
9768:             1             16  com.altratek.altraserver.extensions.state.WeeklyMcDoneCounter
9769:             1             16  com.altratek.altraserver.extensions.state.WeeklyObjectState
9770:             1             16  com.altratek.altraserver.extensions.state.donecouter.base.BaseDbDoneCounter$TargetCount$1
9771:             1             16  com.altratek.altraserver.extensions.state.donecouter.cache.CacheDcMemoryKey
9772:             1             16  com.altratek.altraserver.extensions.state.donecouter.cache.RedisDailyDoneCounter
9773:             1             16  com.altratek.altraserver.extensions.state.donecouter.cache.UserDoneCountCache$1
9774:             1             16  com.altratek.altraserver.extensions.util.DateUtil$1
9775:             1             16  com.altratek.altraserver.extensions.util.Int_2$1
9776:             1             16  com.altratek.altraserver.extensions.util.ao.ASObjectXmlParser$1
9777:             1             16  com.altratek.altraserver.extensions.util.ao.ASObjectXmlParser$2
9778:             1             16  com.altratek.altraserver.extensions.util.ao.ASObjectXmlParser_SimpleChar
9779:             1             16  com.altratek.altraserver.extensions.util.ao.ASObjectXmlParser_SpecialChar
9780:             1             16  com.altratek.altraserver.extensions.util.online.PeriodOnline
9781:             1             16  com.altratek.altraserver.handler.LostHandler
9782:             1             16  com.altratek.altraserver.lib.Amf3ExMessageCodec
9783:             1             16  com.altratek.altraserver.message.MsgConstants$1
9784:             1             16  com.altratek.altraserver.message.response.XtResMessage$Amf3OutputStream$1
9785:             1             16  com.aobi.common.MyApplicationLocal
9786:             1             16  com.aobi.common.config.CommonEnvVarConfigReader
9787:             1             16  com.aobi.common.db.MultiIdUserQueryMapper
9788:             1             16  com.aobi.common.db.MultiNameUserQueryMapper
9789:             1             16  com.aobi.common.mc.McErrorHandler
9790:             1             16  com.aobi.common.utils.DateUtil$1
9791:             1             16  com.aobi.common.utils.ObjectUtils$Null
9792:             1             16  com.baitian.aoqi.client.AoqiBankClient$1
9793:             1             16  com.baitian.aoqi.client.UrlCenter$1
9794:             1             16  com.baitian.app.common.client.CClient$1
9795:             1             16  com.baitian.app.server.AppServer$1
9796:             1             16  com.baitian.common.reloader.DatabaseReloaderHandler
9797:             1             16  com.baitian.common.reloader.MemcachedReloaderHandler
9798:             1             16  com.baitian.common.reloader.RedisReloaderHandler
9799:             1             16  com.baitian.common.reloader.ReloadItem$1
9800:             1             16  com.baitian.common.reloader.TtReloaderHandler
9801:             1             16  com.baitian.common.security.DESEncryptor
9802:             1             16  com.baitian.common.security.SSOValidator
9803:             1             16  com.baitian.datacollection.interfaces.DatacollectionServerProxy$1
9804:             1             16  com.baitian.datacollection.interfaces.DatacollectionServerProxy$2
9805:             1             16  com.baitian.datacollection.interfaces.DatacollectionServerProxy$3
9806:             1             16  com.baitian.gameonlinechat.webserver.gameservice.client.GameChatClient$1
9807:             1             16  com.baitian.heartbeat.ErrorListener$1
9808:             1             16  com.baitian.heartbeat.PlainHttpProxy$2
9809:             1             16  com.baitian.heartbeat.UrlCenter
9810:             1             16  com.baitian.heartbeat.pool.ActiveUrlPool
9811:             1             16  com.baitian.heartbeat.pool.InactiveUrlPool
9812:             1             16  com.baitian.heartbeat.reloader.DbReloader$1
9813:             1             16  com.baitian.heartbeat.service.DaemonScheduleManager
9814:             1             16  com.baitian.heartbeat.service.UrlReloadService$1
9815:             1             16  com.baitian.logcollector.profile.LogCollectorProfile
9816:             1             16  com.baitian.logcollector.sdk.LogCollectorSDK$1
9817:             1             16  com.baitian.logcollector.sdk.LogCollectorSDK$SendLogWorker
9818:             1             16  com.baitian.questionnaire.gameclient.client.GameClient$1
9819:             1             16  com.baitian.yunwei.realtime.interfaces.LocalContextHelper$1
9820:             1             16  com.baitian.yunwei.realtime.interfaces.LocalContextHelper$BufferedWriterRefresher
9821:             1             16  com.baitian.yunwei.realtime.interfaces.LocalContextHelper$GetLock
9822:             1             16  com.baitian.yunwei.realtime.interfaces.RealTimeDataProxy$1
9823:             1             16  com.baitian.yunwei.realtime.interfaces.RealTimeDataProxy$2
9824:             1             16  com.bt.game.common.cache.DefaultCacheHolderFactory
9825:             1             16  com.bt.game.common.cache.MapCacheBuilder$$Lambda$135/138251613
9826:             1             16  com.bt.game.common.cache.MemChangeSetContainer$$Lambda$150/1275131811
9827:             1             16  com.bt.game.common.cache.MemChangeSetMapContainer
9828:             1             16  com.bt.game.common.thread.SyncLock$LockAll$$Lambda$139/217309904
9829:             1             16  com.caucho.hessian.io.AbstractDeserializer$NullDeserializer
9830:             1             16  com.caucho.hessian.io.AbstractSerializer$NullSerializer
9831:             1             16  com.caucho.hessian.io.ClassSerializer
9832:             1             16  com.caucho.hessian.io.EnumSerializer
9833:             1             16  com.caucho.hessian.io.JavaDeserializer$IntFieldDeserializer
9834:             1             16  com.caucho.hessian.io.MapSerializer
9835:             1             16  com.danga.MemCached.SockIOPool$1
9836:             1             16  com.google.common.base.Joiner
9837:             1             16  com.mysql.fabric.jdbc.FabricMySQLDriver
9838:             1             16  com.mysql.jdbc.AbandonedConnectionCleanupThread
9839:             1             16  com.mysql.jdbc.AbandonedConnectionCleanupThread$1
9840:             1             16  com.mysql.jdbc.Driver
9841:             1             16  com.mysql.jdbc.Util
9842:             1             16  com.mysql.jdbc.log.NullLogger
9843:             1             16  com.pjx.battle.server.battle.BattleServiceInitializer
9844:             1             16  com.pjx.battle.server.battle.buff.DoEffectFactory_CasterHasPetDead
9845:             1             16  com.pjx.battle.server.battle.buff.DoEffectFactory_CasterPowerBaseType
9846:             1             16  com.pjx.battle.server.battle.buff.DoEffectFactory_CasterTargetImmune
9847:             1             16  com.pjx.battle.server.battle.buff.DoEffectFactory_EffectedOneHitTarget
9848:             1             16  com.pjx.battle.server.battle.buff.DoEffectFactory_Fated
9849:             1             16  com.pjx.battle.server.battle.buff.DoEffectFactory_HitTargetSameSide
9850:             1             16  com.pjx.battle.server.battle.buff.ext.AbsorbAllGoodBuffBuffFactory
9851:             1             16  com.pjx.battle.server.battle.buff.ext.ActionDisableBuffFactory
9852:             1             16  com.pjx.battle.server.battle.buff.ext.AnotherHitAtOnceBuffFactory
9853:             1             16  com.pjx.battle.server.battle.buff.ext.DecVigorBuffFactory
9854:             1             16  com.pjx.battle.server.battle.buff.ext.DeludeBuffFactory
9855:             1             16  com.pjx.battle.server.battle.buff.ext.Id1308BuffFactory
9856:             1             16  com.pjx.battle.server.battle.buff.ext.Id1330BuffFactory
9857:             1             16  com.pjx.battle.server.battle.buff.ext.Id1379BuffFactory
9858:             1             16  com.pjx.battle.server.battle.buff.ext.Id1563BuffFactory
9859:             1             16  com.pjx.battle.server.battle.buff.ext.Id1634BuffFactory
9860:             1             16  com.pjx.battle.server.battle.buff.ext.Id1636BuffFactory
9861:             1             16  com.pjx.battle.server.battle.buff.ext.Id1903BuffFactory
9862:             1             16  com.pjx.battle.server.battle.buff.ext.Id1950BuffFactory
9863:             1             16  com.pjx.battle.server.battle.buff.ext.Id2026BuffFactory
9864:             1             16  com.pjx.battle.server.battle.buff.ext.Id2030BuffFactory
9865:             1             16  com.pjx.battle.server.battle.buff.ext.Id2033BuffFactory
9866:             1             16  com.pjx.battle.server.battle.buff.ext.Id2046BuffFactory
9867:             1             16  com.pjx.battle.server.battle.buff.ext.Id2055BuffFactory
9868:             1             16  com.pjx.battle.server.battle.buff.ext.Id2073BuffFactory
9869:             1             16  com.pjx.battle.server.battle.buff.ext.Id2179BuffFactory
9870:             1             16  com.pjx.battle.server.battle.buff.ext.Id2180BuffFactory
9871:             1             16  com.pjx.battle.server.battle.buff.ext.Id21BuffFactory
9872:             1             16  com.pjx.battle.server.battle.buff.ext.Id2262BuffFactory
9873:             1             16  com.pjx.battle.server.battle.buff.ext.Id2274BuffFactory
9874:             1             16  com.pjx.battle.server.battle.buff.ext.Id2343BuffFactory
9875:             1             16  com.pjx.battle.server.battle.buff.ext.Id2383BuffFactory
9876:             1             16  com.pjx.battle.server.battle.buff.ext.Id2391BuffFactory
9877:             1             16  com.pjx.battle.server.battle.buff.ext.Id2398BuffFactory
9878:             1             16  com.pjx.battle.server.battle.buff.ext.Id2403BuffFactory
9879:             1             16  com.pjx.battle.server.battle.buff.ext.Id2446BuffFactory
9880:             1             16  com.pjx.battle.server.battle.buff.ext.Id2467BuffFactory
9881:             1             16  com.pjx.battle.server.battle.buff.ext.Id2470BuffFactory
9882:             1             16  com.pjx.battle.server.battle.buff.ext.Id2484BuffFactory
9883:             1             16  com.pjx.battle.server.battle.buff.ext.Id2505BuffFactory
9884:             1             16  com.pjx.battle.server.battle.buff.ext.Id2514BuffFactory
9885:             1             16  com.pjx.battle.server.battle.buff.ext.Id2518BuffFactory
9886:             1             16  com.pjx.battle.server.battle.buff.ext.Id2521BuffFactory
9887:             1             16  com.pjx.battle.server.battle.buff.ext.Id2528BuffFactory
9888:             1             16  com.pjx.battle.server.battle.buff.ext.Id2531BuffFactory
9889:             1             16  com.pjx.battle.server.battle.buff.ext.Id2651BuffFactory
9890:             1             16  com.pjx.battle.server.battle.buff.ext.Id2652BuffFactory
9891:             1             16  com.pjx.battle.server.battle.buff.ext.Id2675BuffFactory
9892:             1             16  com.pjx.battle.server.battle.buff.ext.Id2795BuffFactory
9893:             1             16  com.pjx.battle.server.battle.buff.ext.Id2804BuffFactory
9894:             1             16  com.pjx.battle.server.battle.buff.ext.Id2805BuffFactory
9895:             1             16  com.pjx.battle.server.battle.buff.ext.Id2828BuffFactory
9896:             1             16  com.pjx.battle.server.battle.buff.ext.Id2911BuffFactory
9897:             1             16  com.pjx.battle.server.battle.buff.ext.Id2978BuffFactory
9898:             1             16  com.pjx.battle.server.battle.buff.ext.Id3007BuffFactory
9899:             1             16  com.pjx.battle.server.battle.buff.ext.Id3162BuffFactory
9900:             1             16  com.pjx.battle.server.battle.buff.ext.Id3163BuffFactory
9901:             1             16  com.pjx.battle.server.battle.buff.ext.Id3423BuffFactory
9902:             1             16  com.pjx.battle.server.battle.buff.ext.Id3524BuffFactory
9903:             1             16  com.pjx.battle.server.battle.buff.ext.Id3561BuffFactory
9904:             1             16  com.pjx.battle.server.battle.buff.ext.Id3563BuffFactory
9905:             1             16  com.pjx.battle.server.battle.buff.ext.Id3565BuffFactory
9906:             1             16  com.pjx.battle.server.battle.buff.ext.Id3588BuffFactory
9907:             1             16  com.pjx.battle.server.battle.buff.ext.Id3592BuffFactory
9908:             1             16  com.pjx.battle.server.battle.buff.ext.Id3633BuffFactory
9909:             1             16  com.pjx.battle.server.battle.buff.ext.Id3634BuffFactory
9910:             1             16  com.pjx.battle.server.battle.buff.ext.Id3747BuffFactory
9911:             1             16  com.pjx.battle.server.battle.buff.ext.Id3790BuffFactory
9912:             1             16  com.pjx.battle.server.battle.buff.ext.Id4005BuffFactory
9913:             1             16  com.pjx.battle.server.battle.buff.ext.Id4016BuffFactory
9914:             1             16  com.pjx.battle.server.battle.buff.ext.Id4023BuffFactory
9915:             1             16  com.pjx.battle.server.battle.buff.ext.Id4045BuffFactory
9916:             1             16  com.pjx.battle.server.battle.buff.ext.Id4076BuffFactory
9917:             1             16  com.pjx.battle.server.battle.buff.ext.Id4077BuffFactory
9918:             1             16  com.pjx.battle.server.battle.buff.ext.Id4081BuffFactory
9919:             1             16  com.pjx.battle.server.battle.buff.ext.Id4092BuffFactory
9920:             1             16  com.pjx.battle.server.battle.buff.ext.Id4117BuffFactory
9921:             1             16  com.pjx.battle.server.battle.buff.ext.Id4138BuffFactory
9922:             1             16  com.pjx.battle.server.battle.buff.ext.Id4186BuffFactory
9923:             1             16  com.pjx.battle.server.battle.buff.ext.Id4187BuffFactory
9924:             1             16  com.pjx.battle.server.battle.buff.ext.Id4199BuffFactory
9925:             1             16  com.pjx.battle.server.battle.buff.ext.Id41BuffFactory
9926:             1             16  com.pjx.battle.server.battle.buff.ext.Id4200BuffFactory
9927:             1             16  com.pjx.battle.server.battle.buff.ext.Id4207BuffFactory
9928:             1             16  com.pjx.battle.server.battle.buff.ext.Id4229BuffFactory
9929:             1             16  com.pjx.battle.server.battle.buff.ext.Id42BuffFactory
9930:             1             16  com.pjx.battle.server.battle.buff.ext.Id4330BuffFactory
9931:             1             16  com.pjx.battle.server.battle.buff.ext.Id4334BuffFactory
9932:             1             16  com.pjx.battle.server.battle.buff.ext.Id4340BuffFactory
9933:             1             16  com.pjx.battle.server.battle.buff.ext.Id4342BuffFactory
9934:             1             16  com.pjx.battle.server.battle.buff.ext.Id4390BuffFactory
9935:             1             16  com.pjx.battle.server.battle.buff.ext.Id4410BuffFactory
9936:             1             16  com.pjx.battle.server.battle.buff.ext.Id4413BuffFactory
9937:             1             16  com.pjx.battle.server.battle.buff.ext.Id4445BuffFactory
9938:             1             16  com.pjx.battle.server.battle.buff.ext.Id4483BuffFactory
9939:             1             16  com.pjx.battle.server.battle.buff.ext.Id4484BuffFactory
9940:             1             16  com.pjx.battle.server.battle.buff.ext.Id4493BuffFactory
9941:             1             16  com.pjx.battle.server.battle.buff.ext.Id4581BuffFactory
9942:             1             16  com.pjx.battle.server.battle.buff.ext.Id4587BuffFactory
9943:             1             16  com.pjx.battle.server.battle.buff.ext.Id4588BuffFactory
9944:             1             16  com.pjx.battle.server.battle.buff.ext.Id45BuffFactory
9945:             1             16  com.pjx.battle.server.battle.buff.ext.Id4614BuffFactory
9946:             1             16  com.pjx.battle.server.battle.buff.ext.Id4615BuffFactory
9947:             1             16  com.pjx.battle.server.battle.buff.ext.Id4625BuffFactory
9948:             1             16  com.pjx.battle.server.battle.buff.ext.Id4626BuffFactory
9949:             1             16  com.pjx.battle.server.battle.buff.ext.Id4643BuffFactory
9950:             1             16  com.pjx.battle.server.battle.buff.ext.Id4659BuffFactory
9951:             1             16  com.pjx.battle.server.battle.buff.ext.Id4679BuffFactory
9952:             1             16  com.pjx.battle.server.battle.buff.ext.Id4680BuffFactory
9953:             1             16  com.pjx.battle.server.battle.buff.ext.Id4710BuffFactory
9954:             1             16  com.pjx.battle.server.battle.buff.ext.Id4711BuffFactory
9955:             1             16  com.pjx.battle.server.battle.buff.ext.Id4720BuffFactory
9956:             1             16  com.pjx.battle.server.battle.buff.ext.Id4746BuffFactory
9957:             1             16  com.pjx.battle.server.battle.buff.ext.Id4750BuffFactory
9958:             1             16  com.pjx.battle.server.battle.buff.ext.Id4753BuffFactory
9959:             1             16  com.pjx.battle.server.battle.buff.ext.Id4803BuffFactory
9960:             1             16  com.pjx.battle.server.battle.buff.ext.Id4807BuffFactory
9961:             1             16  com.pjx.battle.server.battle.buff.ext.Id4913BuffFactory
9962:             1             16  com.pjx.battle.server.battle.buff.ext.Id4919BuffFactory
9963:             1             16  com.pjx.battle.server.battle.buff.ext.Id4970BuffFactory
9964:             1             16  com.pjx.battle.server.battle.buff.ext.Id4972BuffFactory
9965:             1             16  com.pjx.battle.server.battle.buff.ext.Id5000BuffFactory
9966:             1             16  com.pjx.battle.server.battle.buff.ext.Id5091BuffFactory
9967:             1             16  com.pjx.battle.server.battle.buff.ext.Id5153BuffFactory
9968:             1             16  com.pjx.battle.server.battle.buff.ext.Id5254BuffFactory
9969:             1             16  com.pjx.battle.server.battle.buff.ext.Id5255BuffFactory
9970:             1             16  com.pjx.battle.server.battle.buff.ext.Id5346BuffFactory
9971:             1             16  com.pjx.battle.server.battle.buff.ext.Id5348BuffFactory
9972:             1             16  com.pjx.battle.server.battle.buff.ext.Id5349BuffFactory
9973:             1             16  com.pjx.battle.server.battle.buff.ext.Id5351BuffFactory
9974:             1             16  com.pjx.battle.server.battle.buff.ext.Id5353BuffFactory
9975:             1             16  com.pjx.battle.server.battle.buff.ext.Id5497BuffFactory
9976:             1             16  com.pjx.battle.server.battle.buff.ext.Id5631BuffFactory
9977:             1             16  com.pjx.battle.server.battle.buff.ext.Id5740BuffFactory
9978:             1             16  com.pjx.battle.server.battle.buff.ext.Id5748BuffFactory
9979:             1             16  com.pjx.battle.server.battle.buff.ext.Id5789BuffFactory
9980:             1             16  com.pjx.battle.server.battle.buff.ext.Id5811BuffFactory
9981:             1             16  com.pjx.battle.server.battle.buff.ext.Id5825BuffFactory
9982:             1             16  com.pjx.battle.server.battle.buff.ext.Id5835BuffFactory
9983:             1             16  com.pjx.battle.server.battle.buff.ext.Id5879BuffFactory
9984:             1             16  com.pjx.battle.server.battle.buff.ext.Id5880BuffFactory
9985:             1             16  com.pjx.battle.server.battle.buff.ext.Id5885BuffFactory$Id5885Buff$$Lambda$289/1545177412
9986:             1             16  com.pjx.battle.server.battle.buff.ext.Id5909BuffFactory
9987:             1             16  com.pjx.battle.server.battle.buff.ext.Id5929BuffFactory
9988:             1             16  com.pjx.battle.server.battle.buff.ext.Id5958BuffFactory$Id5958Buff$$Lambda$192/1800999966
9989:             1             16  com.pjx.battle.server.battle.buff.ext.Id5958BuffFactory$Id5958Buff$$Lambda$193/187730303
9990:             1             16  com.pjx.battle.server.battle.buff.ext.Id6019BuffFactory
9991:             1             16  com.pjx.battle.server.battle.buff.ext.Id6046BuffFactory
9992:             1             16  com.pjx.battle.server.battle.buff.ext.Id6047BuffFactory
9993:             1             16  com.pjx.battle.server.battle.buff.ext.Id6064BuffFactory
9994:             1             16  com.pjx.battle.server.battle.buff.ext.Id6109BuffFactory$Id6109Buff$$Lambda$242/1231103053
9995:             1             16  com.pjx.battle.server.battle.buff.ext.Id6110BuffFactory$Id6110Buff$$Lambda$245/1631391365
9996:             1             16  com.pjx.battle.server.battle.buff.ext.Id6136BuffFactory
9997:             1             16  com.pjx.battle.server.battle.buff.ext.Id6143BuffFactory
9998:             1             16  com.pjx.battle.server.battle.buff.ext.Id6181BuffFactory
9999:             1             16  com.pjx.battle.server.battle.buff.ext.Id6181BuffFactory$Id6181Buff$$Lambda$190/835221913
10000:             1             16  com.pjx.battle.server.battle.buff.ext.Id6258BuffFactory
10001:             1             16  com.pjx.battle.server.battle.buff.ext.Id6272BuffFactory
10002:             1             16  com.pjx.battle.server.battle.buff.ext.Id6278BuffFactory
10003:             1             16  com.pjx.battle.server.battle.buff.ext.Id6293BuffFactory
10004:             1             16  com.pjx.battle.server.battle.buff.ext.Id6297BuffFactory
10005:             1             16  com.pjx.battle.server.battle.buff.ext.Id6299BuffFactory
10006:             1             16  com.pjx.battle.server.battle.buff.ext.Id6304BuffFactory
10007:             1             16  com.pjx.battle.server.battle.buff.ext.Id6305BuffFactory
10008:             1             16  com.pjx.battle.server.battle.buff.ext.Id6320BuffFactory
10009:             1             16  com.pjx.battle.server.battle.buff.ext.Id6357BuffFactory
10010:             1             16  com.pjx.battle.server.battle.buff.ext.Id6521BuffFactory
10011:             1             16  com.pjx.battle.server.battle.buff.ext.Id6545BuffFactory
10012:             1             16  com.pjx.battle.server.battle.buff.ext.Id6564BuffFactory
10013:             1             16  com.pjx.battle.server.battle.buff.ext.Id6577BuffFactory
10014:             1             16  com.pjx.battle.server.battle.buff.ext.Id6633BuffFactory
10015:             1             16  com.pjx.battle.server.battle.buff.ext.Id6704BuffFactory
10016:             1             16  com.pjx.battle.server.battle.buff.ext.Id6739BuffFactory
10017:             1             16  com.pjx.battle.server.battle.buff.ext.Id6748BuffFactory
10018:             1             16  com.pjx.battle.server.battle.buff.ext.Id6751BuffFactory
10019:             1             16  com.pjx.battle.server.battle.buff.ext.Id6751BuffFactory$Id6751Buff$$Lambda$220/941046515
10020:             1             16  com.pjx.battle.server.battle.buff.ext.Id6786BuffFactory
10021:             1             16  com.pjx.battle.server.battle.buff.ext.Id6853BuffFactory
10022:             1             16  com.pjx.battle.server.battle.buff.ext.Id6858BuffFactory
10023:             1             16  com.pjx.battle.server.battle.buff.ext.Id6871BuffFactory
10024:             1             16  com.pjx.battle.server.battle.buff.ext.Id6874BuffFactory
10025:             1             16  com.pjx.battle.server.battle.buff.ext.Id6875BuffFactory
10026:             1             16  com.pjx.battle.server.battle.buff.ext.Id6876BuffFactory
10027:             1             16  com.pjx.battle.server.battle.buff.ext.Id6878BuffFactory
10028:             1             16  com.pjx.battle.server.battle.buff.ext.Id6881BuffFactory
10029:             1             16  com.pjx.battle.server.battle.buff.ext.Id6928BuffFactory
10030:             1             16  com.pjx.battle.server.battle.buff.ext.Id6983BuffFactory
10031:             1             16  com.pjx.battle.server.battle.buff.ext.Id6995BuffFactory
10032:             1             16  com.pjx.battle.server.battle.buff.ext.Id7027BuffFactory
10033:             1             16  com.pjx.battle.server.battle.buff.ext.Id7045BuffFactory
10034:             1             16  com.pjx.battle.server.battle.buff.ext.Id7145BuffFactory
10035:             1             16  com.pjx.battle.server.battle.buff.ext.Id7183BuffFactory
10036:             1             16  com.pjx.battle.server.battle.buff.ext.Id7272BuffFactory
10037:             1             16  com.pjx.battle.server.battle.buff.ext.Id7293BuffFactory
10038:             1             16  com.pjx.battle.server.battle.buff.ext.Id7373BuffFactory
10039:             1             16  com.pjx.battle.server.battle.buff.ext.Id7376BuffFactory
10040:             1             16  com.pjx.battle.server.battle.buff.ext.Id7378BuffFactory
10041:             1             16  com.pjx.battle.server.battle.buff.ext.Id7384BuffFactory
10042:             1             16  com.pjx.battle.server.battle.buff.ext.IgnoreChangeTargetBuffFactory
10043:             1             16  com.pjx.battle.server.battle.buff.ext.KeepAliveBuffFactory
10044:             1             16  com.pjx.battle.server.battle.buff.ext.OneCircleFirstExtAttackBuffFactory
10045:             1             16  com.pjx.battle.server.battle.buff.ext.TransformBuffToSupportBuffFactory
10046:             1             16  com.pjx.battle.server.battle.buff.ext.UndeadLittleQiangBuffFactory
10047:             1             16  com.pjx.battle.server.battle.buff.ext.WaterAndBlackDisableBuffFactory
10048:             1             16  com.pjx.battle.server.battle.buff.ext_player.GodDragonPlayerBuffFactory
10049:             1             16  com.pjx.battle.server.battle.buff.ext_player.JieLong_1_DragonPlayerBuffFactory
10050:             1             16  com.pjx.battle.server.battle.buff.ext_player.JieLong_2_DragonPlayerBuffFactory
10051:             1             16  com.pjx.battle.server.battle.buff.ext_player.JieLong_3_DragonPlayerBuffFactory
10052:             1             16  com.pjx.battle.server.battle.buff.ext_player.JieLong_4v2_DragonPlayerBuffFactory
10053:             1             16  com.pjx.battle.server.battle.buff.ext_player.JieLong_5_DragonPlayerBuffFactory
10054:             1             16  com.pjx.battle.server.battle.buff.ext_player.JieLong_6_DragonPlayerBuffFactory
10055:             1             16  com.pjx.battle.server.battle.buff.ext_player.JieLong_7_DragonPlayerBuffFactory
10056:             1             16  com.pjx.battle.server.battle.buff.ext_player.SuperJobGodDragon2PlayerBuffFactory
10057:             1             16  com.pjx.battle.server.battle.buff.ext_player.SuperJobGodDragonPlayerBuffFactory
10058:             1             16  com.pjx.battle.server.battle.fight.BattleFieldFightControl$1
10059:             1             16  com.pjx.battle.server.battle.item.ItemDefineCatalog
10060:             1             16  com.pjx.battle.server.battle.log.MyBattleServiceLogger
10061:             1             16  com.pjx.battle.server.battle.player.AttributeRestraint
10062:             1             16  com.pjx.battle.server.battle.player.CharacterDefineCatalog
10063:             1             16  com.pjx.battle.server.battle.player.PlayerBuilder$$Lambda$170/1004319362
10064:             1             16  com.pjx.battle.server.battle.skill.affix.SkillAffixCatalog
10065:             1             16  com.pjx.battle.server.battle.skill.affix.SkillAffix_Buff_Catalog
10066:             1             16  com.pjx.battle.server.battle.skill.round.RoundHandler
10067:             1             16  com.pjx.battle.server.battle.target.TargetProvider
10068:             1             16  com.pjx.battle.server.battle.target.Target_BothSide_MinHp_BUT_NOT_MYSELF
10069:             1             16  com.pjx.battle.server.battle.target.Target_EnemySide_AfterFirst
10070:             1             16  com.pjx.battle.server.battle.target.Target_EnemySide_All
10071:             1             16  com.pjx.battle.server.battle.target.Target_EnemySide_CommonAndRandom
10072:             1             16  com.pjx.battle.server.battle.target.Target_EnemySide_Horizontal
10073:             1             16  com.pjx.battle.server.battle.target.Target_EnemySide_Horizontal_Two
10074:             1             16  com.pjx.battle.server.battle.target.Target_EnemySide_Horizontal_Vertical
10075:             1             16  com.pjx.battle.server.battle.target.Target_EnemySide_Horizontal_Vertical_One
10076:             1             16  com.pjx.battle.server.battle.target.Target_EnemySide_MaxHp
10077:             1             16  com.pjx.battle.server.battle.target.Target_EnemySide_MaxVigourRandom
10078:             1             16  com.pjx.battle.server.battle.target.Target_EnemySide_MaxVigourRandomV1
10079:             1             16  com.pjx.battle.server.battle.target.Target_EnemySide_MaxVigourRandomV1$1
10080:             1             16  com.pjx.battle.server.battle.target.Target_EnemySide_MeAndLeftOrRight
10081:             1             16  com.pjx.battle.server.battle.target.Target_EnemySide_MinHp
10082:             1             16  com.pjx.battle.server.battle.target.Target_EnemySide_NormalSuperAttRandom2
10083:             1             16  com.pjx.battle.server.battle.target.Target_EnemySide_Rand_One_Or_Two
10084:             1             16  com.pjx.battle.server.battle.target.Target_EnemySide_SamePosition
10085:             1             16  com.pjx.battle.server.battle.target.Target_EnemySide_SuperAttEachOne
10086:             1             16  com.pjx.battle.server.battle.target.Target_EnemySide_ThreeRowFrontEach
10087:             1             16  com.pjx.battle.server.battle.target.Target_EnemySide_TwoRowFront
10088:             1             16  com.pjx.battle.server.battle.target.Target_EnemySide_TwoRowFrontEach
10089:             1             16  com.pjx.battle.server.battle.target.Target_EnemySide_Vertical
10090:             1             16  com.pjx.battle.server.battle.target.Target_MySide_All
10091:             1             16  com.pjx.battle.server.battle.target.Target_MySide_AllGod
10092:             1             16  com.pjx.battle.server.battle.target.Target_MySide_AllV2
10093:             1             16  com.pjx.battle.server.battle.target.Target_MySide_CharacterSummonedByMe
10094:             1             16  com.pjx.battle.server.battle.target.Target_MySide_DeadGodRandom
10095:             1             16  com.pjx.battle.server.battle.target.Target_MySide_God
10096:             1             16  com.pjx.battle.server.battle.target.Target_MySide_MagicAttack
10097:             1             16  com.pjx.battle.server.battle.target.Target_MySide_MinHp
10098:             1             16  com.pjx.battle.server.battle.target.Target_MySide_MinHpRate
10099:             1             16  com.pjx.battle.server.battle.target.Target_MySide_MinHpRate_ButMyself
10100:             1             16  com.pjx.battle.server.battle.target.Target_MySide_MinHpTwo$HpComparator
10101:             1             16  com.pjx.battle.server.battle.target.Target_MySide_Myself
10102:             1             16  com.pjx.battle.server.battle.target.Target_MySide_OneMinHpRateOneDead
10103:             1             16  com.pjx.battle.server.battle.target.Target_MySide_Random
10104:             1             16  com.pjx.battle.server.battle.target.Target_MySide_RandomOne
10105:             1             16  com.pjx.battle.server.battle.target.Target_MySide_RandomOtherFirst
10106:             1             16  com.pjx.battle.server.battle.target.Target_MySide_Single
10107:             1             16  com.pjx.battle.server.battle.target.Target_Nobody
10108:             1             16  com.pjx.battle.server.battle.target4buff.BuffTargetProvider
10109:             1             16  com.pjx.battle.server.battle.target4buff.BuffTarget_BothSide_All
10110:             1             16  com.pjx.battle.server.battle.target4buff.BuffTarget_BothSide_HorizontalOne
10111:             1             16  com.pjx.battle.server.battle.target4buff.BuffTarget_BothSide_HorizontalThree
10112:             1             16  com.pjx.battle.server.battle.target4buff.BuffTarget_BothSide_HorizontalTwo
10113:             1             16  com.pjx.battle.server.battle.target4buff.BuffTarget_EnemySide_All
10114:             1             16  com.pjx.battle.server.battle.target4buff.BuffTarget_EnemySide_All_Except_Target
10115:             1             16  com.pjx.battle.server.battle.target4buff.BuffTarget_EnemySide_Around
10116:             1             16  com.pjx.battle.server.battle.target4buff.BuffTarget_EnemySide_AroundRandom
10117:             1             16  com.pjx.battle.server.battle.target4buff.BuffTarget_EnemySide_Horizontal
10118:             1             16  com.pjx.battle.server.battle.target4buff.BuffTarget_EnemySide_MaxVigour
10119:             1             16  com.pjx.battle.server.battle.target4buff.BuffTarget_EnemySide_MinHp
10120:             1             16  com.pjx.battle.server.battle.target4buff.BuffTarget_EnemySide_MinHp$1
10121:             1             16  com.pjx.battle.server.battle.target4buff.BuffTarget_EnemySide_Next
10122:             1             16  com.pjx.battle.server.battle.target4buff.BuffTarget_EnemySide_RealAll
10123:             1             16  com.pjx.battle.server.battle.target4buff.BuffTarget_EnemySide_SameHorizontalLast
10124:             1             16  com.pjx.battle.server.battle.target4buff.BuffTarget_EnemySide_SamePosition
10125:             1             16  com.pjx.battle.server.battle.target4buff.BuffTarget_EnemySide_TargetAndBehindOne
10126:             1             16  com.pjx.battle.server.battle.target4buff.BuffTarget_EnemySide_ThreeRowFrontEach
10127:             1             16  com.pjx.battle.server.battle.target4buff.BuffTarget_EnemySide_Vertical
10128:             1             16  com.pjx.battle.server.battle.target4buff.BuffTarget_EnemySide_Vertical_Random1
10129:             1             16  com.pjx.battle.server.battle.target4buff.BuffTarget_MySide_After
10130:             1             16  com.pjx.battle.server.battle.target4buff.BuffTarget_MySide_AfterFirst
10131:             1             16  com.pjx.battle.server.battle.target4buff.BuffTarget_MySide_AfterMeAllIncludeRandom
10132:             1             16  com.pjx.battle.server.battle.target4buff.BuffTarget_MySide_All
10133:             1             16  com.pjx.battle.server.battle.target4buff.BuffTarget_MySide_AllInclude
10134:             1             16  com.pjx.battle.server.battle.target4buff.BuffTarget_MySide_AroundMe
10135:             1             16  com.pjx.battle.server.battle.target4buff.BuffTarget_MySide_AroundMeRandomOne
10136:             1             16  com.pjx.battle.server.battle.target4buff.BuffTarget_MySide_Front
10137:             1             16  com.pjx.battle.server.battle.target4buff.BuffTarget_MySide_MagicAttack
10138:             1             16  com.pjx.battle.server.battle.target4buff.BuffTarget_MySide_MagicJob
10139:             1             16  com.pjx.battle.server.battle.target4buff.BuffTarget_MySide_MaxHpRandomOne
10140:             1             16  com.pjx.battle.server.battle.target4buff.BuffTarget_MySide_MinHpExceptSelf
10141:             1             16  com.pjx.battle.server.battle.target4buff.BuffTarget_MySide_MinHpRate
10142:             1             16  com.pjx.battle.server.battle.target4buff.BuffTarget_MySide_Myself
10143:             1             16  com.pjx.battle.server.battle.target4buff.BuffTarget_MySide_Next
10144:             1             16  com.pjx.battle.server.battle.target4buff.BuffTarget_MySide_Random
10145:             1             16  com.pjx.battle.server.battle.target4buff.BuffTarget_MySide_RandomOther
10146:             1             16  com.pjx.battle.server.battle.target4buff.BuffTarget_MySide_RandomOtherFirst
10147:             1             16  com.pjx.battle.server.battle.target4buff.BuffTarget_MySide_RandomSummonLast
10148:             1             16  com.pjx.battle.server.battle.target4buff.BuffTarget_MySide_RankMatch
10149:             1             16  com.pjx.battle.server.battle.target4buff.BuffTarget_MySide_RankMatchV2
10150:             1             16  com.pjx.battle.server.battle.target4buff.BuffTarget_MySide_Single_Vertical
10151:             1             16  com.pjx.battle.server.battle.target4buff.BuffTarget_MySide_VerticalOne
10152:             1             16  com.pjx.battle.server.battle.target4buff.BuffTarget_MySide_VerticalRandomOneExceptSelf
10153:             1             16  com.pjx.battle.server.battle.target4buff.BuffTarget_MySide_VerticalThree
10154:             1             16  com.pjx.battle.server.battle.target4buff.BuffTarget_MySide_VerticalTwo
10155:             1             16  com.pjx.battle.server.battle.target4buff.BuffTarget_TargetSide_AfterFirst
10156:             1             16  com.pjx.battle.server.battle.target4buff.BuffTarget_TargetSide_AroundIncludeSelf
10157:             1             16  com.pjx.battle.server.battle.target4buff.BuffTarget_TargetSide_Single_Horizontal
10158:             1             16  com.pjx.battle.server.battle.target4buff.BuffTarget_TargetSide_Target
10159:             1             16  com.pjx.battle.server.battle.validator.CharacterValidator$JobExpress
10160:             1             16  com.pjx.common.daobase.builder.DataGetter$DateGetter
10161:             1             16  com.pjx.common.daobase.builder.ObjectBuilder
10162:             1             16  com.pjx.common.db.UserQuery$1
10163:             1             16  com.pjx.common.systemproperty.SystemPropertyInitializer
10164:             1             16  com.pjx.common.vip.VipDao
10165:             1             16  com.pjx.common.vip.VipDao$IdScore$1
10166:             1             16  com.pjx.module.buff.teambuff.TeamBuffCreatorFactory_BaseOnRaceIdAndFormation
10167:             1             16  com.pjx.module.buff.teambuff.TeamBuffCreatorFactory_BaseOnRaceIdRandom
10168:             1             16  com.pjx.module.creature.equipment.CreatureEquipment$1
10169:             1             16  com.pjx.module.creature.equipment.bean.Equipment$1
10170:             1             16  com.pjx.module.creature.equipment.bean.UserEquipment$1
10171:             1             16  com.pjx.module.creature.equipment.bean.UserWakeMaterial$1
10172:             1             16  com.pjx.module.creature.equipment.cstrategy.EquipmentPetDefine$1
10173:             1             16  com.pjx.module.creature.equipment.cstrategy.id.EquipmentIdGenStrategyFactory
10174:             1             16  com.pjx.module.creature.equipment.cstrategy.lv.EquipmentLvGenStrategyFactory
10175:             1             16  com.pjx.module.creature.equipment.cstrategy.quality.EquipmentQualityGenStrategyFactory
10176:             1             16  com.pjx.module.creature.guardstone.CreatureGuardStoneDefine$1
10177:             1             16  com.pjx.module.creature.stargod.StarGodIdGenStartegyFactory
10178:             1             16  com.pjx.module.creature.stargod.StarGodIdGenStrategyDefine$1
10179:             1             16  com.pjx.module.creature.stargod.StarGodLevelGenStartegyFactory
10180:             1             16  com.pjx.module.creature.stargod.StarGodLvGenStrategyDefine$1
10181:             1             16  com.pjx.module.creature.stargod.StarGodMessenger$1
10182:             1             16  com.pjx.module.creature.stargod.StorableStarGod$1
10183:             1             16  com.pjx.module.creature.stargod.StorableStarGodLevel$1
10184:             1             16  com.pjx.module.creature.stargod.StorableStarGodRate$1
10185:             1             16  com.pjx.module.creature.stargod.StorableStarGodType$1
10186:             1             16  com.pjx.module.define.PJXCommonModuleDefineManager$$Lambda$25/1148422319
10187:             1             16  com.pjx.module.define.originaldefine.CreatureExtPropertyDefine$1
10188:             1             16  com.pjx.module.define.originaldefine.HeroSkillBuffDefine$1
10189:             1             16  com.pjx.module.define.originaldefine.JobDefine$1
10190:             1             16  com.pjx.module.define.originaldefine.PetDataDefine$1
10191:             1             16  com.pjx.module.define.originaldefine.PetInfoDefine$1
10192:             1             16  com.pjx.module.define.originaldefine.PsychicSkillBuffDefine$1
10193:             1             16  com.pjx.module.define.originaldefine.StarGodPetDefine$1
10194:             1             16  com.pjx.module.define.originaldefine.SummonDefine$1
10195:             1             16  com.pjx.module.define.originaldefine.TeamBuffDefine$1
10196:             1             16  com.pjx.module.formation.FormPosInfo$1
10197:             1             16  com.pjx.module.formation.FormationChecker
10198:             1             16  com.pjx.module.formation.FormationCreaturePosStrategy_NoRule
10199:             1             16  com.pjx.module.formation.FormationCreaturePosStrategy_Normal
10200:             1             16  com.pjx.module.formation.FormationReviseStrategy_BtlPreCheck
10201:             1             16  com.pjx.module.formation.FormationReviseStrategy_Normal
10202:             1             16  com.pjx.module.formation.SimpleFormation$1
10203:             1             16  com.pjx.module.formation.StorableFormation$1
10204:             1             16  com.pjx.module.pet.PetGuardStone$1
10205:             1             16  com.pjx.module.pet.PetIndividualData$1
10206:             1             16  com.pjx.module.pet.PetIndividualData$2
10207:             1             16  com.pjx.module.pet.PetLearnAbility$1
10208:             1             16  com.pjx.module.pet.PetPotential$1
10209:             1             16  com.pjx.rmi.obj.achievement.AchievementRankItem$1
10210:             1             16  com.pjx.rmi.obj.achievement.AchievementRankItem$2
10211:             1             16  com.pjx.rmi.obj.appjungle.aoqihotelwar.AoQiHotelWarRank$1
10212:             1             16  com.pjx.rmi.obj.appjungle.aoqihotelwar.AoQiHotelWarRank$2
10213:             1             16  com.pjx.rmi.obj.appjungle.boysandgirls.BoyOrGirlRecord$1
10214:             1             16  com.pjx.rmi.obj.appjungle.creategodfight20170825.CreateGodFightRank$1
10215:             1             16  com.pjx.rmi.obj.appjungle.potentialfruit.OpenEvent$1
10216:             1             16  com.pjx.rmi.obj.bestpetrank.BestPetRankInfo$1
10217:             1             16  com.pjx.rmi.obj.bestpetrank.BestPetRankInfo$2
10218:             1             16  com.pjx.rmi.obj.chat.ext.dispatchdiamond.RedPackInfo$1
10219:             1             16  com.pjx.rmi.obj.family.IpAndPort$1
10220:             1             16  com.pjx.rmi.obj.globalarenavideo.VideoInfo$1
10221:             1             16  com.pjx.rmi.obj.globalarenavideo.VideoInfo$2
10222:             1             16  com.pjx.rmi.obj.homeland.HomeLandIpAndPort$1
10223:             1             16  com.pjx.rmi.obj.homeland.facility.HomeLandCommonFacility$1
10224:             1             16  com.pjx.rmi.obj.homeland.facility.HomeLandMemberFacility$1
10225:             1             16  com.pjx.rmi.obj.homeland.homelanddragon.DisplayDragonInfo$1
10226:             1             16  com.pjx.rmi.obj.homeland.homelanddragon.PersonalTDPRankItem$1
10227:             1             16  com.pjx.rmi.obj.homeland.homelandparty.HomeLandPartyHapplyValueInfo$1
10228:             1             16  com.pjx.rmi.obj.homeland.homelandparty.HomeLandPartyPersonalActiveValue$1
10229:             1             16  com.pjx.rmi.obj.homeland.map.HomeLandMemberMapInfo$1
10230:             1             16  com.pjx.rmi.obj.nobleclub.NobleFansInfo$1
10231:             1             16  com.pjx.rmi.obj.petparkmarketv2.IpAndPort$1
10232:             1             16  com.pjx.rmi.obj.recommonendformation.RecommendFormation$1
10233:             1             16  com.pjx.rmi.obj.stall.StallGoodsDefine$1
10234:             1             16  com.pjx.rmi.obj.stall.StallGoodsDefineDao
10235:             1             16  com.pjx.rmi.obj.stall.UserStallGoods$1
10236:             1             16  com.pjx.rmi.obj.stall.comparator.AbstractComparator$1
10237:             1             16  com.pjx.rmi.obj.stall.comparator.PriceComparator
10238:             1             16  com.pjx.rmi.obj.stall.comparator.StallComparators
10239:             1             16  com.pjx.rmi.obj.texas_poker.UserGameData$1
10240:             1             16  com.pjx.rmi.obj.unionfight.DefenceSingleUserInfo$1
10241:             1             16  com.pjx.service.activityinvite.ActivityInviteDao
10242:             1             16  com.pjx.service.activityinvite.ActivityInviteDao$Result_Invitors$1
10243:             1             16  com.pjx.service.activityinvite.ActivityInviteService
10244:             1             16  com.pjx.service.battle.BattleResultDao$1
10245:             1             16  com.pjx.service.compete2.CompeteV2Define$1
10246:             1             16  com.pjx.service.compete2.CompeteV2DefineDao
10247:             1             16  com.pjx.service.compete2.CompeteV2DefineManager
10248:             1             16  com.pjx.service.compete2.DataTypeDefineV2$1
10249:             1             16  com.pjx.service.compete2.DataTypeDefineV2$10
10250:             1             16  com.pjx.service.compete2.DataTypeDefineV2$11
10251:             1             16  com.pjx.service.compete2.DataTypeDefineV2$12
10252:             1             16  com.pjx.service.compete2.DataTypeDefineV2$2
10253:             1             16  com.pjx.service.compete2.DataTypeDefineV2$3
10254:             1             16  com.pjx.service.compete2.DataTypeDefineV2$4
10255:             1             16  com.pjx.service.compete2.DataTypeDefineV2$5
10256:             1             16  com.pjx.service.compete2.DataTypeDefineV2$6
10257:             1             16  com.pjx.service.compete2.DataTypeDefineV2$7
10258:             1             16  com.pjx.service.compete2.DataTypeDefineV2$8
10259:             1             16  com.pjx.service.compete2.DataTypeDefineV2$9
10260:             1             16  com.pjx.service.globalarena.GlobalArenaZoneAppDefine$1
10261:             1             16  com.pjx.service.globalarena.GlobalArenaZoneDefine$1
10262:             1             16  com.pjx.service.globalarena.IdPosition$1
10263:             1             16  com.pjx.service.globalarena.RankDisplayStrategyCommon
10264:             1             16  com.pjx.service.globalarena.RankGroup$1
10265:             1             16  com.pjx.service.homeland.define.HomeLandLevelDefine$1
10266:             1             16  com.pjx.service.homeland.define.HomeLandRoleAndOp$1
10267:             1             16  com.pjx.service.homeland.define.task.TaskTypeRate$1
10268:             1             16  com.pjx.service.homeland.define.task.TaskTypeRateDao
10269:             1             16  com.pjx.service.homeland.homelandremaindata.HomeLandRemainDataService
10270:             1             16  com.pjx.service.homeland.homelandremaindata.UserHomeLandRemainData$1
10271:             1             16  com.pjx.service.nearbuddy.BuddyNewMcService
10272:             1             16  com.pjx.service.pk.invite.event.InviteEventDispatcher
10273:             1             16  com.pjx.service.rank.ComparatorDefine$1
10274:             1             16  com.pjx.service.rank.ComparatorDefine$2
10275:             1             16  com.pjx.service.rank.ComparatorDefine$3
10276:             1             16  com.pjx.service.rank.ComparatorDefine$4
10277:             1             16  com.pjx.service.rank.ComparatorDefine$5
10278:             1             16  com.pjx.service.rank.ComparatorDefine$6
10279:             1             16  com.pjx.service.rank.ComparatorDefine$7
10280:             1             16  com.pjx.service.rank.DataTypeDefine$1
10281:             1             16  com.pjx.service.rank.DataTypeDefine$10
10282:             1             16  com.pjx.service.rank.DataTypeDefine$11
10283:             1             16  com.pjx.service.rank.DataTypeDefine$12
10284:             1             16  com.pjx.service.rank.DataTypeDefine$2
10285:             1             16  com.pjx.service.rank.DataTypeDefine$3
10286:             1             16  com.pjx.service.rank.DataTypeDefine$4
10287:             1             16  com.pjx.service.rank.DataTypeDefine$5
10288:             1             16  com.pjx.service.rank.DataTypeDefine$6
10289:             1             16  com.pjx.service.rank.DataTypeDefine$7
10290:             1             16  com.pjx.service.rank.DataTypeDefine$8
10291:             1             16  com.pjx.service.rank.DataTypeDefine$9
10292:             1             16  com.pjx.service.rank.RankDefineDao
10293:             1             16  com.pjx.service.rank.RankDefineDao$DBRankDefine$1
10294:             1             16  com.pjx.service.rank.RankDefineManager
10295:             1             16  com.pjx.service.rankv2.ComparatorDefineV2$1
10296:             1             16  com.pjx.service.rankv2.ComparatorDefineV2$2
10297:             1             16  com.pjx.service.rankv2.ComparatorDefineV2$3
10298:             1             16  com.pjx.service.rankv2.ComparatorDefineV2$4
10299:             1             16  com.pjx.service.rankv2.ComparatorDefineV2$5
10300:             1             16  com.pjx.service.rankv2.ComparatorDefineV2$6
10301:             1             16  com.pjx.service.rankv2.ComparatorDefineV2$7
10302:             1             16  com.pjx.service.rankv2.DataTypeDefineV2$1
10303:             1             16  com.pjx.service.rankv2.DataTypeDefineV2$10
10304:             1             16  com.pjx.service.rankv2.DataTypeDefineV2$11
10305:             1             16  com.pjx.service.rankv2.DataTypeDefineV2$12
10306:             1             16  com.pjx.service.rankv2.DataTypeDefineV2$2
10307:             1             16  com.pjx.service.rankv2.DataTypeDefineV2$3
10308:             1             16  com.pjx.service.rankv2.DataTypeDefineV2$4
10309:             1             16  com.pjx.service.rankv2.DataTypeDefineV2$5
10310:             1             16  com.pjx.service.rankv2.DataTypeDefineV2$6
10311:             1             16  com.pjx.service.rankv2.DataTypeDefineV2$7
10312:             1             16  com.pjx.service.rankv2.DataTypeDefineV2$8
10313:             1             16  com.pjx.service.rankv2.DataTypeDefineV2$9
10314:             1             16  com.pjx.service.rankv2.RankV2DefineDao
10315:             1             16  com.pjx.service.rankv2.RankV2DefineDao$DBRankDefine$1
10316:             1             16  com.pjx.service.rankv2.RankV2DefineManager
10317:             1             16  com.pjx.service.union.UnionGlobalStringState$$Lambda$248/1738462450
10318:             1             16  com.pjx.service.union.UnionOpsAccessController
10319:             1             16  com.pjx.service.union.UnionRedisCache
10320:             1             16  com.pjx.service.union.UnionRedisDaily
10321:             1             16  com.pjx.service.union.UnionWeeklyStringState$$Lambda$131/1304795831
10322:             1             16  com.pjx.service.userstate.UserStateDao
10323:             1             16  com.pjx.service.userstate.UserStateService
10324:             1             16  com.qqlogin.manager.RemoteServiceManager$ReconnectTask
10325:             1             16  com.sun.crypto.provider.DESCipher
10326:             1             16  com.sun.crypto.provider.PKCS5Padding
10327:             1             16  com.sun.jmx.interceptor.DefaultMBeanServerInterceptor$ResourceContext$1
10328:             1             16  com.sun.jmx.mbeanserver.DefaultMXBeanMappingFactory
10329:             1             16  com.sun.jmx.mbeanserver.DescriptorCache
10330:             1             16  com.sun.jmx.mbeanserver.MBeanAnalyzer$MethodOrder
10331:             1             16  com.sun.jmx.mbeanserver.MBeanInstantiator
10332:             1             16  com.sun.jmx.mbeanserver.MXBeanIntrospector
10333:             1             16  com.sun.jmx.mbeanserver.SecureClassLoaderRepository
10334:             1             16  com.sun.jmx.mbeanserver.StandardMBeanIntrospector
10335:             1             16  com.sun.org.apache.xalan.internal.utils.SecuritySupport
10336:             1             16  com.sun.org.apache.xerces.internal.dom.CharacterDataImpl$1
10337:             1             16  com.sun.org.apache.xerces.internal.impl.dv.dtd.IDDatatypeValidator
10338:             1             16  com.sun.org.apache.xerces.internal.impl.dv.dtd.IDREFDatatypeValidator
10339:             1             16  com.sun.org.apache.xerces.internal.impl.dv.dtd.NMTOKENDatatypeValidator
10340:             1             16  com.sun.org.apache.xerces.internal.impl.dv.dtd.NOTATIONDatatypeValidator
10341:             1             16  com.sun.org.apache.xerces.internal.impl.dv.dtd.StringDatatypeValidator
10342:             1             16  com.sun.org.apache.xerces.internal.utils.SecuritySupport
10343:             1             16  com.sun.org.apache.xpath.internal.objects.EqualComparator
10344:             1             16  com.sun.org.apache.xpath.internal.objects.GreaterThanComparator
10345:             1             16  com.sun.org.apache.xpath.internal.objects.GreaterThanOrEqualComparator
10346:             1             16  com.sun.org.apache.xpath.internal.objects.LessThanComparator
10347:             1             16  com.sun.org.apache.xpath.internal.objects.LessThanOrEqualComparator
10348:             1             16  com.sun.org.apache.xpath.internal.objects.NotEqualComparator
10349:             1             16  com.sun.org.apache.xpath.internal.objects.XMLStringFactoryImpl
10350:             1             16  com.sun.proxy.$Proxy12
10351:             1             16  com.sun.proxy.$Proxy14
10352:             1             16  com.sun.proxy.$Proxy18
10353:             1             16  com.sun.proxy.$Proxy19
10354:             1             16  com.sun.proxy.$Proxy21
10355:             1             16  com.sun.proxy.$Proxy24
10356:             1             16  com.sun.proxy.$Proxy25
10357:             1             16  com.sun.proxy.$Proxy26
10358:             1             16  com.sun.proxy.$Proxy27
10359:             1             16  com.sun.proxy.$Proxy29
10360:             1             16  com.sun.proxy.$Proxy30
10361:             1             16  com.sun.proxy.$Proxy32
10362:             1             16  com.sun.proxy.$Proxy33
10363:             1             16  com.sun.proxy.$Proxy34
10364:             1             16  com.sun.proxy.$Proxy35
10365:             1             16  com.sun.proxy.$Proxy36
10366:             1             16  com.sun.proxy.$Proxy37
10367:             1             16  com.sun.proxy.$Proxy38
10368:             1             16  com.sun.proxy.$Proxy39
10369:             1             16  com.sun.proxy.$Proxy4
10370:             1             16  com.sun.proxy.$Proxy40
10371:             1             16  com.sun.proxy.$Proxy41
10372:             1             16  com.sun.proxy.$Proxy42
10373:             1             16  com.sun.proxy.$Proxy43
10374:             1             16  com.sun.proxy.$Proxy44
10375:             1             16  com.sun.proxy.$Proxy45
10376:             1             16  com.sun.proxy.$Proxy46
10377:             1             16  com.sun.proxy.$Proxy47
10378:             1             16  com.sun.proxy.$Proxy48
10379:             1             16  com.sun.proxy.$Proxy5
10380:             1             16  com.sun.proxy.$Proxy52
10381:             1             16  com.sun.proxy.$Proxy53
10382:             1             16  com.sun.proxy.$Proxy55
10383:             1             16  com.sun.proxy.$Proxy56
10384:             1             16  com.sun.proxy.$Proxy60
10385:             1             16  com.sun.proxy.$Proxy61
10386:             1             16  com.sun.proxy.$Proxy62
10387:             1             16  com.sun.proxy.$Proxy64
10388:             1             16  com.sun.proxy.$Proxy66
10389:             1             16  com.sun.proxy.$Proxy67
10390:             1             16  com.sun.proxy.$Proxy68
10391:             1             16  com.sun.proxy.$Proxy7
10392:             1             16  com.sun.proxy.$Proxy74
10393:             1             16  com.sun.proxy.$Proxy75
10394:             1             16  com.sun.proxy.$Proxy76
10395:             1             16  com.sun.proxy.$Proxy77
10396:             1             16  com.sun.proxy.$Proxy78
10397:             1             16  com.sun.proxy.$Proxy79
10398:             1             16  com.sun.proxy.$Proxy8
10399:             1             16  com.sun.proxy.$Proxy80
10400:             1             16  com.sun.proxy.$Proxy81
10401:             1             16  com.sun.proxy.$Proxy82
10402:             1             16  com.sun.proxy.$Proxy83
10403:             1             16  com.sun.rowset.JdbcRowSetResourceBundle
10404:             1             16  com.zaxxer.hikari.pool.ProxyConnection$ClosedConnection$$Lambda$12/2121558060
10405:             1             16  com.zaxxer.hikari.util.ClockSource$NanosecondClockSource
10406:             1             16  com.zaxxer.hikari.util.ConcurrentBag$$Lambda$4/560377061
10407:             1             16  com.zaxxer.hikari.util.SuspendResumeLock$1
10408:             1             16  common.log.SimpleLogger
10409:             1             16  flex.messaging.io.ClassAliasRegistry
10410:             1             16  flex.messaging.io.PropertyProxyRegistry
10411:             1             16  flex.messaging.io.amf.AmfObjectFactory$1
10412:             1             16  flex.messaging.io.amf.AmfObjectFactory$2
10413:             1             16  java.awt.Font$FontAccessImpl
10414:             1             16  java.awt.GraphicsEnvironment$$Lambda$254/601299400
10415:             1             16  java.awt.Toolkit$4
10416:             1             16  java.io.FileDescriptor$1
10417:             1             16  java.io.ObjectInputStream$$Lambda$84/136298197
10418:             1             16  java.lang.ApplicationShutdownHooks$1
10419:             1             16  java.lang.CharacterData00
10420:             1             16  java.lang.CharacterDataLatin1
10421:             1             16  java.lang.ClassValue$Identity
10422:             1             16  java.lang.InheritableThreadLocal
10423:             1             16  java.lang.Runtime
10424:             1             16  java.lang.String$CaseInsensitiveComparator
10425:             1             16  java.lang.System$2
10426:             1             16  java.lang.Terminator$1
10427:             1             16  java.lang.invoke.MemberName$Factory
10428:             1             16  java.lang.invoke.MethodHandleImpl$2
10429:             1             16  java.lang.invoke.MethodHandleImpl$3
10430:             1             16  java.lang.management.PlatformComponent$1
10431:             1             16  java.lang.management.PlatformComponent$10
10432:             1             16  java.lang.management.PlatformComponent$11
10433:             1             16  java.lang.management.PlatformComponent$12
10434:             1             16  java.lang.management.PlatformComponent$13
10435:             1             16  java.lang.management.PlatformComponent$14
10436:             1             16  java.lang.management.PlatformComponent$15
10437:             1             16  java.lang.management.PlatformComponent$2
10438:             1             16  java.lang.management.PlatformComponent$3
10439:             1             16  java.lang.management.PlatformComponent$4
10440:             1             16  java.lang.management.PlatformComponent$5
10441:             1             16  java.lang.management.PlatformComponent$6
10442:             1             16  java.lang.management.PlatformComponent$7
10443:             1             16  java.lang.management.PlatformComponent$8
10444:             1             16  java.lang.management.PlatformComponent$9
10445:             1             16  java.lang.ref.Reference$1
10446:             1             16  java.lang.ref.Reference$Lock
10447:             1             16  java.lang.reflect.Proxy$KeyFactory
10448:             1             16  java.lang.reflect.Proxy$ProxyClassFactory
10449:             1             16  java.lang.reflect.ReflectAccess
10450:             1             16  java.math.BigDecimal$1
10451:             1             16  java.net.InetAddress$2
10452:             1             16  java.net.URLClassLoader$7
10453:             1             16  java.nio.Bits$1
10454:             1             16  java.nio.Bits$1$1
10455:             1             16  java.nio.charset.CoderResult$1
10456:             1             16  java.nio.charset.CoderResult$2
10457:             1             16  java.rmi.server.RMIClassLoader$2
10458:             1             16  java.rmi.server.RemoteObjectInvocationHandler$MethodToHash_Maps
10459:             1             16  java.security.AllPermission
10460:             1             16  java.security.ProtectionDomain$2
10461:             1             16  java.security.ProtectionDomain$JavaSecurityAccessImpl
10462:             1             16  java.text.DontCareFieldPosition$1
10463:             1             16  java.text.MessageFormat$Field
10464:             1             16  java.time.LocalDate$$Lambda$114/234741308
10465:             1             16  java.time.LocalDateTime$$Lambda$196/813212492
10466:             1             16  java.time.LocalTime$$Lambda$30/505153986
10467:             1             16  java.time.chrono.AbstractChronology$$Lambda$15/1979841150
10468:             1             16  java.time.chrono.AbstractChronology$$Lambda$16/1842127684
10469:             1             16  java.time.chrono.AbstractChronology$$Lambda$17/1852854395
10470:             1             16  java.time.chrono.IsoChronology
10471:             1             16  java.time.format.DateTimeFormatter$$Lambda$18/605918766
10472:             1             16  java.time.format.DateTimeFormatter$$Lambda$19/2003293452
10473:             1             16  java.time.format.DateTimeFormatterBuilder$$Lambda$14/1125124180
10474:             1             16  java.time.format.DateTimeFormatterBuilder$2
10475:             1             16  java.time.format.DateTimeFormatterBuilder$InstantPrinterParser
10476:             1             16  java.time.format.DateTimeTextProvider$1
10477:             1             16  java.time.temporal.TemporalQueries$$Lambda$31/1266278622
10478:             1             16  java.time.temporal.TemporalQueries$$Lambda$32/1168900805
10479:             1             16  java.time.temporal.TemporalQueries$$Lambda$33/539259217
10480:             1             16  java.time.temporal.TemporalQueries$$Lambda$34/2036672711
10481:             1             16  java.time.temporal.TemporalQueries$$Lambda$35/624296517
10482:             1             16  java.time.temporal.TemporalQueries$$Lambda$36/796240180
10483:             1             16  java.time.temporal.TemporalQueries$$Lambda$37/2139528973
10484:             1             16  java.util.Collections$EmptyIterator
10485:             1             16  java.util.Collections$EmptyList
10486:             1             16  java.util.Collections$EmptySet
10487:             1             16  java.util.Collections$UnmodifiableMap$UnmodifiableEntrySet
10488:             1             16  java.util.Currency$CurrencyNameGetter
10489:             1             16  java.util.EnumMap$1
10490:             1             16  java.util.LinkedHashSet
10491:             1             16  java.util.Optional
10492:             1             16  java.util.ResourceBundle$Control
10493:             1             16  java.util.Spliterators$EmptySpliterator$OfDouble
10494:             1             16  java.util.Spliterators$EmptySpliterator$OfInt
10495:             1             16  java.util.Spliterators$EmptySpliterator$OfLong
10496:             1             16  java.util.Spliterators$EmptySpliterator$OfRef
10497:             1             16  java.util.TreeSet
10498:             1             16  java.util.concurrent.CompletableFuture$AltResult
10499:             1             16  java.util.concurrent.ForkJoinPool$DefaultForkJoinWorkerThreadFactory
10500:             1             16  java.util.concurrent.SynchronousQueue$TransferStack
10501:             1             16  java.util.concurrent.ThreadPoolExecutor$AbortPolicy
10502:             1             16  java.util.jar.JavaUtilJarAccessImpl
10503:             1             16  java.util.logging.LoggingProxyImpl
10504:             1             16  java.util.regex.Pattern$4
10505:             1             16  java.util.regex.Pattern$Dot
10506:             1             16  java.util.regex.Pattern$LastNode
10507:             1             16  java.util.regex.Pattern$Node
10508:             1             16  java.util.stream.Collectors$$Lambda$10/12832938
10509:             1             16  java.util.stream.Collectors$$Lambda$11/101977273
10510:             1             16  java.util.stream.Collectors$$Lambda$182/2026922834
10511:             1             16  java.util.stream.Collectors$$Lambda$183/1770248876
10512:             1             16  java.util.stream.Collectors$$Lambda$184/157910225
10513:             1             16  java.util.stream.Collectors$$Lambda$7/1466096499
10514:             1             16  java.util.stream.Collectors$$Lambda$9/1329151238
10515:             1             16  java.util.stream.FindOps$$Lambda$21/1901463009
10516:             1             16  java.util.stream.FindOps$$Lambda$22/1349593312
10517:             1             16  java.util.stream.LongPipeline$$Lambda$156/1318030044
10518:             1             16  java.util.stream.ReferencePipeline$$Lambda$155/371627427
10519:             1             16  java.util.zip.ZipFile$1
10520:             1             16  javax.crypto.JceSecurityManager
10521:             1             16  javax.management.JMX
10522:             1             16  javax.management.MBeanServerBuilder
10523:             1             16  javax.management.NotificationBroadcasterSupport$1
10524:             1             16  javax.xml.parsers.SecuritySupport
10525:             1             16  jxl.biff.FontRecord$Biff7
10526:             1             16  jxl.biff.Type$ArbitraryType
10527:             1             16  jxl.read.biff.BoundsheetRecord$Biff7
10528:             1             16  jxl.read.biff.DimensionRecord$Biff7
10529:             1             16  jxl.read.biff.FooterRecord$Biff7
10530:             1             16  jxl.read.biff.FormulaRecord$IgnoreSharedFormula
10531:             1             16  jxl.read.biff.HeaderRecord$Biff7
10532:             1             16  jxl.read.biff.Window2Record$Biff7
10533:             1             16  org.apache.log4j.DefaultCategoryFactory
10534:             1             16  org.apache.log4j.or.DefaultRenderer
10535:             1             16  org.apache.log4j.or.RendererMap
10536:             1             16  org.apache.log4j.spi.DefaultRepositorySelector
10537:             1             16  org.dom4j.io.SAXReader$SAXEntityResolver
10538:             1             16  org.dom4j.tree.NamespaceCache
10539:             1             16  org.slf4j.helpers.NOPLoggerFactory
10540:             1             16  org.slf4j.helpers.SubstituteLoggerFactory
10541:             1             16  org.slf4j.impl.Log4jLoggerFactory
10542:             1             16  org.slf4j.impl.StaticLoggerBinder
10543:             1             16  redis.clients.jedis.BuilderFactory$1
10544:             1             16  redis.clients.jedis.BuilderFactory$10
10545:             1             16  redis.clients.jedis.BuilderFactory$11
10546:             1             16  redis.clients.jedis.BuilderFactory$12
10547:             1             16  redis.clients.jedis.BuilderFactory$13
10548:             1             16  redis.clients.jedis.BuilderFactory$14
10549:             1             16  redis.clients.jedis.BuilderFactory$15
10550:             1             16  redis.clients.jedis.BuilderFactory$16
10551:             1             16  redis.clients.jedis.BuilderFactory$17
10552:             1             16  redis.clients.jedis.BuilderFactory$18
10553:             1             16  redis.clients.jedis.BuilderFactory$19
10554:             1             16  redis.clients.jedis.BuilderFactory$2
10555:             1             16  redis.clients.jedis.BuilderFactory$20
10556:             1             16  redis.clients.jedis.BuilderFactory$3
10557:             1             16  redis.clients.jedis.BuilderFactory$4
10558:             1             16  redis.clients.jedis.BuilderFactory$5
10559:             1             16  redis.clients.jedis.BuilderFactory$6
10560:             1             16  redis.clients.jedis.BuilderFactory$7
10561:             1             16  redis.clients.jedis.BuilderFactory$8
10562:             1             16  redis.clients.jedis.BuilderFactory$9
10563:             1             16  redis.clients.util.Hashing$1
10564:             1             16  redis.clients.util.MurmurHash
10565:             1             16  sun.management.ClassLoadingImpl
10566:             1             16  sun.management.HotSpotDiagnostic
10567:             1             16  sun.management.ManagementFactoryHelper$PlatformLoggingImpl
10568:             1             16  sun.misc.ASCIICaseInsensitiveComparator
10569:             1             16  sun.misc.FloatingDecimal$1
10570:             1             16  sun.misc.FormattedFloatingDecimal$1
10571:             1             16  sun.misc.GC$LatencyLock
10572:             1             16  sun.misc.Launcher
10573:             1             16  sun.misc.Launcher$Factory
10574:             1             16  sun.misc.Perf
10575:             1             16  sun.misc.Unsafe
10576:             1             16  sun.net.DefaultProgressMeteringPolicy
10577:             1             16  sun.net.ExtendedOptionsImpl$$Lambda$1/311014371
10578:             1             16  sun.net.spi.DefaultProxySelector
10579:             1             16  sun.net.www.protocol.file.Handler
10580:             1             16  sun.net.www.protocol.http.AuthCacheImpl
10581:             1             16  sun.net.www.protocol.jar.JarFileFactory
10582:             1             16  sun.nio.ch.EPollSelectorProvider
10583:             1             16  sun.nio.ch.ExtendedSocketOption$1
10584:             1             16  sun.nio.ch.FileChannelImpl$1
10585:             1             16  sun.nio.ch.Net$1
10586:             1             16  sun.nio.ch.Util$1
10587:             1             16  sun.nio.fs.LinuxFileSystemProvider
10588:             1             16  sun.reflect.ClassDefiner$1
10589:             1             16  sun.reflect.GeneratedConstructorAccessor1
10590:             1             16  sun.reflect.GeneratedConstructorAccessor10
10591:             1             16  sun.reflect.GeneratedConstructorAccessor100
10592:             1             16  sun.reflect.GeneratedConstructorAccessor101
10593:             1             16  sun.reflect.GeneratedConstructorAccessor102
10594:             1             16  sun.reflect.GeneratedConstructorAccessor103
10595:             1             16  sun.reflect.GeneratedConstructorAccessor104
10596:             1             16  sun.reflect.GeneratedConstructorAccessor105
10597:             1             16  sun.reflect.GeneratedConstructorAccessor106
10598:             1             16  sun.reflect.GeneratedConstructorAccessor107
10599:             1             16  sun.reflect.GeneratedConstructorAccessor11
10600:             1             16  sun.reflect.GeneratedConstructorAccessor110
10601:             1             16  sun.reflect.GeneratedConstructorAccessor111
10602:             1             16  sun.reflect.GeneratedConstructorAccessor112
10603:             1             16  sun.reflect.GeneratedConstructorAccessor113
10604:             1             16  sun.reflect.GeneratedConstructorAccessor114
10605:             1             16  sun.reflect.GeneratedConstructorAccessor115
10606:             1             16  sun.reflect.GeneratedConstructorAccessor116
10607:             1             16  sun.reflect.GeneratedConstructorAccessor117
10608:             1             16  sun.reflect.GeneratedConstructorAccessor118
10609:             1             16  sun.reflect.GeneratedConstructorAccessor119
10610:             1             16  sun.reflect.GeneratedConstructorAccessor120
10611:             1             16  sun.reflect.GeneratedConstructorAccessor127
10612:             1             16  sun.reflect.GeneratedConstructorAccessor128
10613:             1             16  sun.reflect.GeneratedConstructorAccessor129
10614:             1             16  sun.reflect.GeneratedConstructorAccessor13
10615:             1             16  sun.reflect.GeneratedConstructorAccessor130
10616:             1             16  sun.reflect.GeneratedConstructorAccessor131
10617:             1             16  sun.reflect.GeneratedConstructorAccessor132
10618:             1             16  sun.reflect.GeneratedConstructorAccessor134
10619:             1             16  sun.reflect.GeneratedConstructorAccessor135
10620:             1             16  sun.reflect.GeneratedConstructorAccessor136
10621:             1             16  sun.reflect.GeneratedConstructorAccessor137
10622:             1             16  sun.reflect.GeneratedConstructorAccessor138
10623:             1             16  sun.reflect.GeneratedConstructorAccessor139
10624:             1             16  sun.reflect.GeneratedConstructorAccessor14
10625:             1             16  sun.reflect.GeneratedConstructorAccessor140
10626:             1             16  sun.reflect.GeneratedConstructorAccessor141
10627:             1             16  sun.reflect.GeneratedConstructorAccessor142
10628:             1             16  sun.reflect.GeneratedConstructorAccessor143
10629:             1             16  sun.reflect.GeneratedConstructorAccessor144
10630:             1             16  sun.reflect.GeneratedConstructorAccessor145
10631:             1             16  sun.reflect.GeneratedConstructorAccessor146
10632:             1             16  sun.reflect.GeneratedConstructorAccessor147
10633:             1             16  sun.reflect.GeneratedConstructorAccessor148
10634:             1             16  sun.reflect.GeneratedConstructorAccessor149
10635:             1             16  sun.reflect.GeneratedConstructorAccessor15
10636:             1             16  sun.reflect.GeneratedConstructorAccessor150
10637:             1             16  sun.reflect.GeneratedConstructorAccessor151
10638:             1             16  sun.reflect.GeneratedConstructorAccessor152
10639:             1             16  sun.reflect.GeneratedConstructorAccessor153
10640:             1             16  sun.reflect.GeneratedConstructorAccessor154
10641:             1             16  sun.reflect.GeneratedConstructorAccessor155
10642:             1             16  sun.reflect.GeneratedConstructorAccessor156
10643:             1             16  sun.reflect.GeneratedConstructorAccessor157
10644:             1             16  sun.reflect.GeneratedConstructorAccessor158
10645:             1             16  sun.reflect.GeneratedConstructorAccessor159
10646:             1             16  sun.reflect.GeneratedConstructorAccessor16
10647:             1             16  sun.reflect.GeneratedConstructorAccessor160
10648:             1             16  sun.reflect.GeneratedConstructorAccessor161
10649:             1             16  sun.reflect.GeneratedConstructorAccessor162
10650:             1             16  sun.reflect.GeneratedConstructorAccessor163
10651:             1             16  sun.reflect.GeneratedConstructorAccessor164
10652:             1             16  sun.reflect.GeneratedConstructorAccessor165
10653:             1             16  sun.reflect.GeneratedConstructorAccessor166
10654:             1             16  sun.reflect.GeneratedConstructorAccessor167
10655:             1             16  sun.reflect.GeneratedConstructorAccessor168
10656:             1             16  sun.reflect.GeneratedConstructorAccessor169
10657:             1             16  sun.reflect.GeneratedConstructorAccessor17
10658:             1             16  sun.reflect.GeneratedConstructorAccessor170
10659:             1             16  sun.reflect.GeneratedConstructorAccessor171
10660:             1             16  sun.reflect.GeneratedConstructorAccessor172
10661:             1             16  sun.reflect.GeneratedConstructorAccessor173
10662:             1             16  sun.reflect.GeneratedConstructorAccessor174
10663:             1             16  sun.reflect.GeneratedConstructorAccessor175
10664:             1             16  sun.reflect.GeneratedConstructorAccessor178
10665:             1             16  sun.reflect.GeneratedConstructorAccessor179
10666:             1             16  sun.reflect.GeneratedConstructorAccessor18
10667:             1             16  sun.reflect.GeneratedConstructorAccessor180
10668:             1             16  sun.reflect.GeneratedConstructorAccessor181
10669:             1             16  sun.reflect.GeneratedConstructorAccessor182
10670:             1             16  sun.reflect.GeneratedConstructorAccessor183
10671:             1             16  sun.reflect.GeneratedConstructorAccessor184
10672:             1             16  sun.reflect.GeneratedConstructorAccessor185
10673:             1             16  sun.reflect.GeneratedConstructorAccessor186
10674:             1             16  sun.reflect.GeneratedConstructorAccessor187
10675:             1             16  sun.reflect.GeneratedConstructorAccessor188
10676:             1             16  sun.reflect.GeneratedConstructorAccessor189
10677:             1             16  sun.reflect.GeneratedConstructorAccessor19
10678:             1             16  sun.reflect.GeneratedConstructorAccessor190
10679:             1             16  sun.reflect.GeneratedConstructorAccessor191
10680:             1             16  sun.reflect.GeneratedConstructorAccessor192
10681:             1             16  sun.reflect.GeneratedConstructorAccessor193
10682:             1             16  sun.reflect.GeneratedConstructorAccessor194
10683:             1             16  sun.reflect.GeneratedConstructorAccessor195
10684:             1             16  sun.reflect.GeneratedConstructorAccessor196
10685:             1             16  sun.reflect.GeneratedConstructorAccessor197
10686:             1             16  sun.reflect.GeneratedConstructorAccessor198
10687:             1             16  sun.reflect.GeneratedConstructorAccessor199
10688:             1             16  sun.reflect.GeneratedConstructorAccessor2
10689:             1             16  sun.reflect.GeneratedConstructorAccessor20
10690:             1             16  sun.reflect.GeneratedConstructorAccessor200
10691:             1             16  sun.reflect.GeneratedConstructorAccessor201
10692:             1             16  sun.reflect.GeneratedConstructorAccessor202
10693:             1             16  sun.reflect.GeneratedConstructorAccessor203
10694:             1             16  sun.reflect.GeneratedConstructorAccessor204
10695:             1             16  sun.reflect.GeneratedConstructorAccessor205
10696:             1             16  sun.reflect.GeneratedConstructorAccessor206
10697:             1             16  sun.reflect.GeneratedConstructorAccessor207
10698:             1             16  sun.reflect.GeneratedConstructorAccessor208
10699:             1             16  sun.reflect.GeneratedConstructorAccessor209
10700:             1             16  sun.reflect.GeneratedConstructorAccessor21
10701:             1             16  sun.reflect.GeneratedConstructorAccessor210
10702:             1             16  sun.reflect.GeneratedConstructorAccessor211
10703:             1             16  sun.reflect.GeneratedConstructorAccessor212
10704:             1             16  sun.reflect.GeneratedConstructorAccessor214
10705:             1             16  sun.reflect.GeneratedConstructorAccessor215
10706:             1             16  sun.reflect.GeneratedConstructorAccessor216
10707:             1             16  sun.reflect.GeneratedConstructorAccessor217
10708:             1             16  sun.reflect.GeneratedConstructorAccessor219
10709:             1             16  sun.reflect.GeneratedConstructorAccessor22
10710:             1             16  sun.reflect.GeneratedConstructorAccessor220
10711:             1             16  sun.reflect.GeneratedConstructorAccessor221
10712:             1             16  sun.reflect.GeneratedConstructorAccessor23
10713:             1             16  sun.reflect.GeneratedConstructorAccessor233
10714:             1             16  sun.reflect.GeneratedConstructorAccessor24
10715:             1             16  sun.reflect.GeneratedConstructorAccessor25
10716:             1             16  sun.reflect.GeneratedConstructorAccessor26
10717:             1             16  sun.reflect.GeneratedConstructorAccessor27
10718:             1             16  sun.reflect.GeneratedConstructorAccessor28
10719:             1             16  sun.reflect.GeneratedConstructorAccessor29
10720:             1             16  sun.reflect.GeneratedConstructorAccessor3
10721:             1             16  sun.reflect.GeneratedConstructorAccessor30
10722:             1             16  sun.reflect.GeneratedConstructorAccessor31
10723:             1             16  sun.reflect.GeneratedConstructorAccessor32
10724:             1             16  sun.reflect.GeneratedConstructorAccessor33
10725:             1             16  sun.reflect.GeneratedConstructorAccessor34
10726:             1             16  sun.reflect.GeneratedConstructorAccessor35
10727:             1             16  sun.reflect.GeneratedConstructorAccessor36
10728:             1             16  sun.reflect.GeneratedConstructorAccessor37
10729:             1             16  sun.reflect.GeneratedConstructorAccessor38
10730:             1             16  sun.reflect.GeneratedConstructorAccessor39
10731:             1             16  sun.reflect.GeneratedConstructorAccessor4
10732:             1             16  sun.reflect.GeneratedConstructorAccessor40
10733:             1             16  sun.reflect.GeneratedConstructorAccessor41
10734:             1             16  sun.reflect.GeneratedConstructorAccessor42
10735:             1             16  sun.reflect.GeneratedConstructorAccessor43
10736:             1             16  sun.reflect.GeneratedConstructorAccessor44
10737:             1             16  sun.reflect.GeneratedConstructorAccessor45
10738:             1             16  sun.reflect.GeneratedConstructorAccessor46
10739:             1             16  sun.reflect.GeneratedConstructorAccessor47
10740:             1             16  sun.reflect.GeneratedConstructorAccessor48
10741:             1             16  sun.reflect.GeneratedConstructorAccessor50
10742:             1             16  sun.reflect.GeneratedConstructorAccessor51
10743:             1             16  sun.reflect.GeneratedConstructorAccessor52
10744:             1             16  sun.reflect.GeneratedConstructorAccessor53
10745:             1             16  sun.reflect.GeneratedConstructorAccessor54
10746:             1             16  sun.reflect.GeneratedConstructorAccessor55
10747:             1             16  sun.reflect.GeneratedConstructorAccessor56
10748:             1             16  sun.reflect.GeneratedConstructorAccessor57
10749:             1             16  sun.reflect.GeneratedConstructorAccessor58
10750:             1             16  sun.reflect.GeneratedConstructorAccessor59
10751:             1             16  sun.reflect.GeneratedConstructorAccessor6
10752:             1             16  sun.reflect.GeneratedConstructorAccessor60
10753:             1             16  sun.reflect.GeneratedConstructorAccessor61
10754:             1             16  sun.reflect.GeneratedConstructorAccessor62
10755:             1             16  sun.reflect.GeneratedConstructorAccessor63
10756:             1             16  sun.reflect.GeneratedConstructorAccessor64
10757:             1             16  sun.reflect.GeneratedConstructorAccessor65
10758:             1             16  sun.reflect.GeneratedConstructorAccessor66
10759:             1             16  sun.reflect.GeneratedConstructorAccessor68
10760:             1             16  sun.reflect.GeneratedConstructorAccessor69
10761:             1             16  sun.reflect.GeneratedConstructorAccessor70
10762:             1             16  sun.reflect.GeneratedConstructorAccessor71
10763:             1             16  sun.reflect.GeneratedConstructorAccessor73
10764:             1             16  sun.reflect.GeneratedConstructorAccessor74
10765:             1             16  sun.reflect.GeneratedConstructorAccessor75
10766:             1             16  sun.reflect.GeneratedConstructorAccessor76
10767:             1             16  sun.reflect.GeneratedConstructorAccessor77
10768:             1             16  sun.reflect.GeneratedConstructorAccessor78
10769:             1             16  sun.reflect.GeneratedConstructorAccessor79
10770:             1             16  sun.reflect.GeneratedConstructorAccessor80
10771:             1             16  sun.reflect.GeneratedConstructorAccessor82
10772:             1             16  sun.reflect.GeneratedConstructorAccessor83
10773:             1             16  sun.reflect.GeneratedConstructorAccessor84
10774:             1             16  sun.reflect.GeneratedConstructorAccessor85
10775:             1             16  sun.reflect.GeneratedConstructorAccessor86
10776:             1             16  sun.reflect.GeneratedConstructorAccessor87
10777:             1             16  sun.reflect.GeneratedConstructorAccessor88
10778:             1             16  sun.reflect.GeneratedConstructorAccessor89
10779:             1             16  sun.reflect.GeneratedConstructorAccessor9
10780:             1             16  sun.reflect.GeneratedConstructorAccessor90
10781:             1             16  sun.reflect.GeneratedConstructorAccessor91
10782:             1             16  sun.reflect.GeneratedConstructorAccessor92
10783:             1             16  sun.reflect.GeneratedConstructorAccessor93
10784:             1             16  sun.reflect.GeneratedConstructorAccessor94
10785:             1             16  sun.reflect.GeneratedConstructorAccessor95
10786:             1             16  sun.reflect.GeneratedConstructorAccessor96
10787:             1             16  sun.reflect.GeneratedConstructorAccessor97
10788:             1             16  sun.reflect.GeneratedConstructorAccessor98
10789:             1             16  sun.reflect.GeneratedConstructorAccessor99
10790:             1             16  sun.reflect.GeneratedMethodAccessor100
10791:             1             16  sun.reflect.GeneratedMethodAccessor101
10792:             1             16  sun.reflect.GeneratedMethodAccessor102
10793:             1             16  sun.reflect.GeneratedMethodAccessor103
10794:             1             16  sun.reflect.GeneratedMethodAccessor104
10795:             1             16  sun.reflect.GeneratedMethodAccessor105
10796:             1             16  sun.reflect.GeneratedMethodAccessor106
10797:             1             16  sun.reflect.GeneratedMethodAccessor107
10798:             1             16  sun.reflect.GeneratedMethodAccessor108
10799:             1             16  sun.reflect.GeneratedMethodAccessor109
10800:             1             16  sun.reflect.GeneratedMethodAccessor11
10801:             1             16  sun.reflect.GeneratedMethodAccessor110
10802:             1             16  sun.reflect.GeneratedMethodAccessor111
10803:             1             16  sun.reflect.GeneratedMethodAccessor112
10804:             1             16  sun.reflect.GeneratedMethodAccessor113
10805:             1             16  sun.reflect.GeneratedMethodAccessor114
10806:             1             16  sun.reflect.GeneratedMethodAccessor115
10807:             1             16  sun.reflect.GeneratedMethodAccessor116
10808:             1             16  sun.reflect.GeneratedMethodAccessor117
10809:             1             16  sun.reflect.GeneratedMethodAccessor118
10810:             1             16  sun.reflect.GeneratedMethodAccessor119
10811:             1             16  sun.reflect.GeneratedMethodAccessor120
10812:             1             16  sun.reflect.GeneratedMethodAccessor121
10813:             1             16  sun.reflect.GeneratedMethodAccessor122
10814:             1             16  sun.reflect.GeneratedMethodAccessor123
10815:             1             16  sun.reflect.GeneratedMethodAccessor124
10816:             1             16  sun.reflect.GeneratedMethodAccessor125
10817:             1             16  sun.reflect.GeneratedMethodAccessor126
10818:             1             16  sun.reflect.GeneratedMethodAccessor127
10819:             1             16  sun.reflect.GeneratedMethodAccessor128
10820:             1             16  sun.reflect.GeneratedMethodAccessor129
10821:             1             16  sun.reflect.GeneratedMethodAccessor130
10822:             1             16  sun.reflect.GeneratedMethodAccessor131
10823:             1             16  sun.reflect.GeneratedMethodAccessor132
10824:             1             16  sun.reflect.GeneratedMethodAccessor133
10825:             1             16  sun.reflect.GeneratedMethodAccessor134
10826:             1             16  sun.reflect.GeneratedMethodAccessor135
10827:             1             16  sun.reflect.GeneratedMethodAccessor136
10828:             1             16  sun.reflect.GeneratedMethodAccessor137
10829:             1             16  sun.reflect.GeneratedMethodAccessor138
10830:             1             16  sun.reflect.GeneratedMethodAccessor139
10831:             1             16  sun.reflect.GeneratedMethodAccessor14
10832:             1             16  sun.reflect.GeneratedMethodAccessor140
10833:             1             16  sun.reflect.GeneratedMethodAccessor141
10834:             1             16  sun.reflect.GeneratedMethodAccessor142
10835:             1             16  sun.reflect.GeneratedMethodAccessor143
10836:             1             16  sun.reflect.GeneratedMethodAccessor144
10837:             1             16  sun.reflect.GeneratedMethodAccessor145
10838:             1             16  sun.reflect.GeneratedMethodAccessor146
10839:             1             16  sun.reflect.GeneratedMethodAccessor147
10840:             1             16  sun.reflect.GeneratedMethodAccessor148
10841:             1             16  sun.reflect.GeneratedMethodAccessor149
10842:             1             16  sun.reflect.GeneratedMethodAccessor15
10843:             1             16  sun.reflect.GeneratedMethodAccessor150
10844:             1             16  sun.reflect.GeneratedMethodAccessor151
10845:             1             16  sun.reflect.GeneratedMethodAccessor152
10846:             1             16  sun.reflect.GeneratedMethodAccessor153
10847:             1             16  sun.reflect.GeneratedMethodAccessor154
10848:             1             16  sun.reflect.GeneratedMethodAccessor155
10849:             1             16  sun.reflect.GeneratedMethodAccessor156
10850:             1             16  sun.reflect.GeneratedMethodAccessor157
10851:             1             16  sun.reflect.GeneratedMethodAccessor158
10852:             1             16  sun.reflect.GeneratedMethodAccessor159
10853:             1             16  sun.reflect.GeneratedMethodAccessor16
10854:             1             16  sun.reflect.GeneratedMethodAccessor160
10855:             1             16  sun.reflect.GeneratedMethodAccessor161
10856:             1             16  sun.reflect.GeneratedMethodAccessor162
10857:             1             16  sun.reflect.GeneratedMethodAccessor163
10858:             1             16  sun.reflect.GeneratedMethodAccessor164
10859:             1             16  sun.reflect.GeneratedMethodAccessor165
10860:             1             16  sun.reflect.GeneratedMethodAccessor166
10861:             1             16  sun.reflect.GeneratedMethodAccessor167
10862:             1             16  sun.reflect.GeneratedMethodAccessor168
10863:             1             16  sun.reflect.GeneratedMethodAccessor169
10864:             1             16  sun.reflect.GeneratedMethodAccessor17
10865:             1             16  sun.reflect.GeneratedMethodAccessor170
10866:             1             16  sun.reflect.GeneratedMethodAccessor171
10867:             1             16  sun.reflect.GeneratedMethodAccessor172
10868:             1             16  sun.reflect.GeneratedMethodAccessor173
10869:             1             16  sun.reflect.GeneratedMethodAccessor174
10870:             1             16  sun.reflect.GeneratedMethodAccessor175
10871:             1             16  sun.reflect.GeneratedMethodAccessor176
10872:             1             16  sun.reflect.GeneratedMethodAccessor177
10873:             1             16  sun.reflect.GeneratedMethodAccessor178
10874:             1             16  sun.reflect.GeneratedMethodAccessor179
10875:             1             16  sun.reflect.GeneratedMethodAccessor18
10876:             1             16  sun.reflect.GeneratedMethodAccessor180
10877:             1             16  sun.reflect.GeneratedMethodAccessor181
10878:             1             16  sun.reflect.GeneratedMethodAccessor182
10879:             1             16  sun.reflect.GeneratedMethodAccessor183
10880:             1             16  sun.reflect.GeneratedMethodAccessor184
10881:             1             16  sun.reflect.GeneratedMethodAccessor185
10882:             1             16  sun.reflect.GeneratedMethodAccessor186
10883:             1             16  sun.reflect.GeneratedMethodAccessor187
10884:             1             16  sun.reflect.GeneratedMethodAccessor188
10885:             1             16  sun.reflect.GeneratedMethodAccessor189
10886:             1             16  sun.reflect.GeneratedMethodAccessor19
10887:             1             16  sun.reflect.GeneratedMethodAccessor190
10888:             1             16  sun.reflect.GeneratedMethodAccessor191
10889:             1             16  sun.reflect.GeneratedMethodAccessor192
10890:             1             16  sun.reflect.GeneratedMethodAccessor193
10891:             1             16  sun.reflect.GeneratedMethodAccessor194
10892:             1             16  sun.reflect.GeneratedMethodAccessor195
10893:             1             16  sun.reflect.GeneratedMethodAccessor196
10894:             1             16  sun.reflect.GeneratedMethodAccessor197
10895:             1             16  sun.reflect.GeneratedMethodAccessor198
10896:             1             16  sun.reflect.GeneratedMethodAccessor199
10897:             1             16  sun.reflect.GeneratedMethodAccessor20
10898:             1             16  sun.reflect.GeneratedMethodAccessor200
10899:             1             16  sun.reflect.GeneratedMethodAccessor201
10900:             1             16  sun.reflect.GeneratedMethodAccessor202
10901:             1             16  sun.reflect.GeneratedMethodAccessor203
10902:             1             16  sun.reflect.GeneratedMethodAccessor204
10903:             1             16  sun.reflect.GeneratedMethodAccessor205
10904:             1             16  sun.reflect.GeneratedMethodAccessor206
10905:             1             16  sun.reflect.GeneratedMethodAccessor207
10906:             1             16  sun.reflect.GeneratedMethodAccessor208
10907:             1             16  sun.reflect.GeneratedMethodAccessor209
10908:             1             16  sun.reflect.GeneratedMethodAccessor21
10909:             1             16  sun.reflect.GeneratedMethodAccessor210
10910:             1             16  sun.reflect.GeneratedMethodAccessor211
10911:             1             16  sun.reflect.GeneratedMethodAccessor212
10912:             1             16  sun.reflect.GeneratedMethodAccessor213
10913:             1             16  sun.reflect.GeneratedMethodAccessor214
10914:             1             16  sun.reflect.GeneratedMethodAccessor215
10915:             1             16  sun.reflect.GeneratedMethodAccessor216
10916:             1             16  sun.reflect.GeneratedMethodAccessor217
10917:             1             16  sun.reflect.GeneratedMethodAccessor218
10918:             1             16  sun.reflect.GeneratedMethodAccessor219
10919:             1             16  sun.reflect.GeneratedMethodAccessor22
10920:             1             16  sun.reflect.GeneratedMethodAccessor220
10921:             1             16  sun.reflect.GeneratedMethodAccessor221
10922:             1             16  sun.reflect.GeneratedMethodAccessor222
10923:             1             16  sun.reflect.GeneratedMethodAccessor223
10924:             1             16  sun.reflect.GeneratedMethodAccessor224
10925:             1             16  sun.reflect.GeneratedMethodAccessor225
10926:             1             16  sun.reflect.GeneratedMethodAccessor226
10927:             1             16  sun.reflect.GeneratedMethodAccessor227
10928:             1             16  sun.reflect.GeneratedMethodAccessor228
10929:             1             16  sun.reflect.GeneratedMethodAccessor229
10930:             1             16  sun.reflect.GeneratedMethodAccessor23
10931:             1             16  sun.reflect.GeneratedMethodAccessor230
10932:             1             16  sun.reflect.GeneratedMethodAccessor231
10933:             1             16  sun.reflect.GeneratedMethodAccessor232
10934:             1             16  sun.reflect.GeneratedMethodAccessor233
10935:             1             16  sun.reflect.GeneratedMethodAccessor234
10936:             1             16  sun.reflect.GeneratedMethodAccessor235
10937:             1             16  sun.reflect.GeneratedMethodAccessor236
10938:             1             16  sun.reflect.GeneratedMethodAccessor237
10939:             1             16  sun.reflect.GeneratedMethodAccessor238
10940:             1             16  sun.reflect.GeneratedMethodAccessor239
10941:             1             16  sun.reflect.GeneratedMethodAccessor24
10942:             1             16  sun.reflect.GeneratedMethodAccessor240
10943:             1             16  sun.reflect.GeneratedMethodAccessor241
10944:             1             16  sun.reflect.GeneratedMethodAccessor242
10945:             1             16  sun.reflect.GeneratedMethodAccessor243
10946:             1             16  sun.reflect.GeneratedMethodAccessor244
10947:             1             16  sun.reflect.GeneratedMethodAccessor245
10948:             1             16  sun.reflect.GeneratedMethodAccessor246
10949:             1             16  sun.reflect.GeneratedMethodAccessor247
10950:             1             16  sun.reflect.GeneratedMethodAccessor248
10951:             1             16  sun.reflect.GeneratedMethodAccessor249
10952:             1             16  sun.reflect.GeneratedMethodAccessor25
10953:             1             16  sun.reflect.GeneratedMethodAccessor250
10954:             1             16  sun.reflect.GeneratedMethodAccessor251
10955:             1             16  sun.reflect.GeneratedMethodAccessor252
10956:             1             16  sun.reflect.GeneratedMethodAccessor253
10957:             1             16  sun.reflect.GeneratedMethodAccessor254
10958:             1             16  sun.reflect.GeneratedMethodAccessor255
10959:             1             16  sun.reflect.GeneratedMethodAccessor256
10960:             1             16  sun.reflect.GeneratedMethodAccessor257
10961:             1             16  sun.reflect.GeneratedMethodAccessor258
10962:             1             16  sun.reflect.GeneratedMethodAccessor259
10963:             1             16  sun.reflect.GeneratedMethodAccessor26
10964:             1             16  sun.reflect.GeneratedMethodAccessor260
10965:             1             16  sun.reflect.GeneratedMethodAccessor261
10966:             1             16  sun.reflect.GeneratedMethodAccessor262
10967:             1             16  sun.reflect.GeneratedMethodAccessor263
10968:             1             16  sun.reflect.GeneratedMethodAccessor264
10969:             1             16  sun.reflect.GeneratedMethodAccessor265
10970:             1             16  sun.reflect.GeneratedMethodAccessor266
10971:             1             16  sun.reflect.GeneratedMethodAccessor267
10972:             1             16  sun.reflect.GeneratedMethodAccessor268
10973:             1             16  sun.reflect.GeneratedMethodAccessor269
10974:             1             16  sun.reflect.GeneratedMethodAccessor27
10975:             1             16  sun.reflect.GeneratedMethodAccessor270
10976:             1             16  sun.reflect.GeneratedMethodAccessor271
10977:             1             16  sun.reflect.GeneratedMethodAccessor272
10978:             1             16  sun.reflect.GeneratedMethodAccessor273
10979:             1             16  sun.reflect.GeneratedMethodAccessor274
10980:             1             16  sun.reflect.GeneratedMethodAccessor275
10981:             1             16  sun.reflect.GeneratedMethodAccessor276
10982:             1             16  sun.reflect.GeneratedMethodAccessor277
10983:             1             16  sun.reflect.GeneratedMethodAccessor278
10984:             1             16  sun.reflect.GeneratedMethodAccessor279
10985:             1             16  sun.reflect.GeneratedMethodAccessor28
10986:             1             16  sun.reflect.GeneratedMethodAccessor280
10987:             1             16  sun.reflect.GeneratedMethodAccessor281
10988:             1             16  sun.reflect.GeneratedMethodAccessor282
10989:             1             16  sun.reflect.GeneratedMethodAccessor283
10990:             1             16  sun.reflect.GeneratedMethodAccessor284
10991:             1             16  sun.reflect.GeneratedMethodAccessor285
10992:             1             16  sun.reflect.GeneratedMethodAccessor286
10993:             1             16  sun.reflect.GeneratedMethodAccessor287
10994:             1             16  sun.reflect.GeneratedMethodAccessor288
10995:             1             16  sun.reflect.GeneratedMethodAccessor289
10996:             1             16  sun.reflect.GeneratedMethodAccessor290
10997:             1             16  sun.reflect.GeneratedMethodAccessor291
10998:             1             16  sun.reflect.GeneratedMethodAccessor292
10999:             1             16  sun.reflect.GeneratedMethodAccessor293
11000:             1             16  sun.reflect.GeneratedMethodAccessor294
11001:             1             16  sun.reflect.GeneratedMethodAccessor295
11002:             1             16  sun.reflect.GeneratedMethodAccessor296
11003:             1             16  sun.reflect.GeneratedMethodAccessor297
11004:             1             16  sun.reflect.GeneratedMethodAccessor298
11005:             1             16  sun.reflect.GeneratedMethodAccessor299
11006:             1             16  sun.reflect.GeneratedMethodAccessor30
11007:             1             16  sun.reflect.GeneratedMethodAccessor300
11008:             1             16  sun.reflect.GeneratedMethodAccessor301
11009:             1             16  sun.reflect.GeneratedMethodAccessor302
11010:             1             16  sun.reflect.GeneratedMethodAccessor303
11011:             1             16  sun.reflect.GeneratedMethodAccessor304
11012:             1             16  sun.reflect.GeneratedMethodAccessor305
11013:             1             16  sun.reflect.GeneratedMethodAccessor306
11014:             1             16  sun.reflect.GeneratedMethodAccessor307
11015:             1             16  sun.reflect.GeneratedMethodAccessor308
11016:             1             16  sun.reflect.GeneratedMethodAccessor309
11017:             1             16  sun.reflect.GeneratedMethodAccessor31
11018:             1             16  sun.reflect.GeneratedMethodAccessor310
11019:             1             16  sun.reflect.GeneratedMethodAccessor311
11020:             1             16  sun.reflect.GeneratedMethodAccessor312
11021:             1             16  sun.reflect.GeneratedMethodAccessor313
11022:             1             16  sun.reflect.GeneratedMethodAccessor314
11023:             1             16  sun.reflect.GeneratedMethodAccessor315
11024:             1             16  sun.reflect.GeneratedMethodAccessor316
11025:             1             16  sun.reflect.GeneratedMethodAccessor317
11026:             1             16  sun.reflect.GeneratedMethodAccessor318
11027:             1             16  sun.reflect.GeneratedMethodAccessor319
11028:             1             16  sun.reflect.GeneratedMethodAccessor32
11029:             1             16  sun.reflect.GeneratedMethodAccessor320
11030:             1             16  sun.reflect.GeneratedMethodAccessor321
11031:             1             16  sun.reflect.GeneratedMethodAccessor322
11032:             1             16  sun.reflect.GeneratedMethodAccessor323
11033:             1             16  sun.reflect.GeneratedMethodAccessor324
11034:             1             16  sun.reflect.GeneratedMethodAccessor325
11035:             1             16  sun.reflect.GeneratedMethodAccessor326
11036:             1             16  sun.reflect.GeneratedMethodAccessor327
11037:             1             16  sun.reflect.GeneratedMethodAccessor328
11038:             1             16  sun.reflect.GeneratedMethodAccessor329
11039:             1             16  sun.reflect.GeneratedMethodAccessor33
11040:             1             16  sun.reflect.GeneratedMethodAccessor330
11041:             1             16  sun.reflect.GeneratedMethodAccessor331
11042:             1             16  sun.reflect.GeneratedMethodAccessor332
11043:             1             16  sun.reflect.GeneratedMethodAccessor333
11044:             1             16  sun.reflect.GeneratedMethodAccessor334
11045:             1             16  sun.reflect.GeneratedMethodAccessor335
11046:             1             16  sun.reflect.GeneratedMethodAccessor336
11047:             1             16  sun.reflect.GeneratedMethodAccessor337
11048:             1             16  sun.reflect.GeneratedMethodAccessor338
11049:             1             16  sun.reflect.GeneratedMethodAccessor339
11050:             1             16  sun.reflect.GeneratedMethodAccessor34
11051:             1             16  sun.reflect.GeneratedMethodAccessor340
11052:             1             16  sun.reflect.GeneratedMethodAccessor341
11053:             1             16  sun.reflect.GeneratedMethodAccessor342
11054:             1             16  sun.reflect.GeneratedMethodAccessor344
11055:             1             16  sun.reflect.GeneratedMethodAccessor345
11056:             1             16  sun.reflect.GeneratedMethodAccessor346
11057:             1             16  sun.reflect.GeneratedMethodAccessor347
11058:             1             16  sun.reflect.GeneratedMethodAccessor348
11059:             1             16  sun.reflect.GeneratedMethodAccessor349
11060:             1             16  sun.reflect.GeneratedMethodAccessor35
11061:             1             16  sun.reflect.GeneratedMethodAccessor350
11062:             1             16  sun.reflect.GeneratedMethodAccessor351
11063:             1             16  sun.reflect.GeneratedMethodAccessor352
11064:             1             16  sun.reflect.GeneratedMethodAccessor353
11065:             1             16  sun.reflect.GeneratedMethodAccessor354
11066:             1             16  sun.reflect.GeneratedMethodAccessor355
11067:             1             16  sun.reflect.GeneratedMethodAccessor356
11068:             1             16  sun.reflect.GeneratedMethodAccessor357
11069:             1             16  sun.reflect.GeneratedMethodAccessor358
11070:             1             16  sun.reflect.GeneratedMethodAccessor359
11071:             1             16  sun.reflect.GeneratedMethodAccessor36
11072:             1             16  sun.reflect.GeneratedMethodAccessor360
11073:             1             16  sun.reflect.GeneratedMethodAccessor361
11074:             1             16  sun.reflect.GeneratedMethodAccessor362
11075:             1             16  sun.reflect.GeneratedMethodAccessor363
11076:             1             16  sun.reflect.GeneratedMethodAccessor364
11077:             1             16  sun.reflect.GeneratedMethodAccessor366
11078:             1             16  sun.reflect.GeneratedMethodAccessor367
11079:             1             16  sun.reflect.GeneratedMethodAccessor368
11080:             1             16  sun.reflect.GeneratedMethodAccessor369
11081:             1             16  sun.reflect.GeneratedMethodAccessor37
11082:             1             16  sun.reflect.GeneratedMethodAccessor370
11083:             1             16  sun.reflect.GeneratedMethodAccessor371
11084:             1             16  sun.reflect.GeneratedMethodAccessor372
11085:             1             16  sun.reflect.GeneratedMethodAccessor373
11086:             1             16  sun.reflect.GeneratedMethodAccessor374
11087:             1             16  sun.reflect.GeneratedMethodAccessor375
11088:             1             16  sun.reflect.GeneratedMethodAccessor376
11089:             1             16  sun.reflect.GeneratedMethodAccessor377
11090:             1             16  sun.reflect.GeneratedMethodAccessor378
11091:             1             16  sun.reflect.GeneratedMethodAccessor379
11092:             1             16  sun.reflect.GeneratedMethodAccessor38
11093:             1             16  sun.reflect.GeneratedMethodAccessor380
11094:             1             16  sun.reflect.GeneratedMethodAccessor381
11095:             1             16  sun.reflect.GeneratedMethodAccessor382
11096:             1             16  sun.reflect.GeneratedMethodAccessor383
11097:             1             16  sun.reflect.GeneratedMethodAccessor384
11098:             1             16  sun.reflect.GeneratedMethodAccessor385
11099:             1             16  sun.reflect.GeneratedMethodAccessor386
11100:             1             16  sun.reflect.GeneratedMethodAccessor387
11101:             1             16  sun.reflect.GeneratedMethodAccessor388
11102:             1             16  sun.reflect.GeneratedMethodAccessor389
11103:             1             16  sun.reflect.GeneratedMethodAccessor39
11104:             1             16  sun.reflect.GeneratedMethodAccessor390
11105:             1             16  sun.reflect.GeneratedMethodAccessor391
11106:             1             16  sun.reflect.GeneratedMethodAccessor392
11107:             1             16  sun.reflect.GeneratedMethodAccessor393
11108:             1             16  sun.reflect.GeneratedMethodAccessor394
11109:             1             16  sun.reflect.GeneratedMethodAccessor395
11110:             1             16  sun.reflect.GeneratedMethodAccessor396
11111:             1             16  sun.reflect.GeneratedMethodAccessor397
11112:             1             16  sun.reflect.GeneratedMethodAccessor398
11113:             1             16  sun.reflect.GeneratedMethodAccessor399
11114:             1             16  sun.reflect.GeneratedMethodAccessor40
11115:             1             16  sun.reflect.GeneratedMethodAccessor400
11116:             1             16  sun.reflect.GeneratedMethodAccessor401
11117:             1             16  sun.reflect.GeneratedMethodAccessor402
11118:             1             16  sun.reflect.GeneratedMethodAccessor403
11119:             1             16  sun.reflect.GeneratedMethodAccessor404
11120:             1             16  sun.reflect.GeneratedMethodAccessor405
11121:             1             16  sun.reflect.GeneratedMethodAccessor406
11122:             1             16  sun.reflect.GeneratedMethodAccessor407
11123:             1             16  sun.reflect.GeneratedMethodAccessor408
11124:             1             16  sun.reflect.GeneratedMethodAccessor409
11125:             1             16  sun.reflect.GeneratedMethodAccessor41
11126:             1             16  sun.reflect.GeneratedMethodAccessor410
11127:             1             16  sun.reflect.GeneratedMethodAccessor411
11128:             1             16  sun.reflect.GeneratedMethodAccessor412
11129:             1             16  sun.reflect.GeneratedMethodAccessor413
11130:             1             16  sun.reflect.GeneratedMethodAccessor414
11131:             1             16  sun.reflect.GeneratedMethodAccessor415
11132:             1             16  sun.reflect.GeneratedMethodAccessor416
11133:             1             16  sun.reflect.GeneratedMethodAccessor417
11134:             1             16  sun.reflect.GeneratedMethodAccessor418
11135:             1             16  sun.reflect.GeneratedMethodAccessor419
11136:             1             16  sun.reflect.GeneratedMethodAccessor42
11137:             1             16  sun.reflect.GeneratedMethodAccessor420
11138:             1             16  sun.reflect.GeneratedMethodAccessor421
11139:             1             16  sun.reflect.GeneratedMethodAccessor422
11140:             1             16  sun.reflect.GeneratedMethodAccessor423
11141:             1             16  sun.reflect.GeneratedMethodAccessor424
11142:             1             16  sun.reflect.GeneratedMethodAccessor425
11143:             1             16  sun.reflect.GeneratedMethodAccessor426
11144:             1             16  sun.reflect.GeneratedMethodAccessor427
11145:             1             16  sun.reflect.GeneratedMethodAccessor428
11146:             1             16  sun.reflect.GeneratedMethodAccessor429
11147:             1             16  sun.reflect.GeneratedMethodAccessor43
11148:             1             16  sun.reflect.GeneratedMethodAccessor430
11149:             1             16  sun.reflect.GeneratedMethodAccessor431
11150:             1             16  sun.reflect.GeneratedMethodAccessor432
11151:             1             16  sun.reflect.GeneratedMethodAccessor433
11152:             1             16  sun.reflect.GeneratedMethodAccessor434
11153:             1             16  sun.reflect.GeneratedMethodAccessor435
11154:             1             16  sun.reflect.GeneratedMethodAccessor436
11155:             1             16  sun.reflect.GeneratedMethodAccessor437
11156:             1             16  sun.reflect.GeneratedMethodAccessor438
11157:             1             16  sun.reflect.GeneratedMethodAccessor439
11158:             1             16  sun.reflect.GeneratedMethodAccessor44
11159:             1             16  sun.reflect.GeneratedMethodAccessor440
11160:             1             16  sun.reflect.GeneratedMethodAccessor441
11161:             1             16  sun.reflect.GeneratedMethodAccessor442
11162:             1             16  sun.reflect.GeneratedMethodAccessor443
11163:             1             16  sun.reflect.GeneratedMethodAccessor444
11164:             1             16  sun.reflect.GeneratedMethodAccessor445
11165:             1             16  sun.reflect.GeneratedMethodAccessor446
11166:             1             16  sun.reflect.GeneratedMethodAccessor447
11167:             1             16  sun.reflect.GeneratedMethodAccessor448
11168:             1             16  sun.reflect.GeneratedMethodAccessor449
11169:             1             16  sun.reflect.GeneratedMethodAccessor45
11170:             1             16  sun.reflect.GeneratedMethodAccessor450
11171:             1             16  sun.reflect.GeneratedMethodAccessor451
11172:             1             16  sun.reflect.GeneratedMethodAccessor452
11173:             1             16  sun.reflect.GeneratedMethodAccessor453
11174:             1             16  sun.reflect.GeneratedMethodAccessor454
11175:             1             16  sun.reflect.GeneratedMethodAccessor455
11176:             1             16  sun.reflect.GeneratedMethodAccessor456
11177:             1             16  sun.reflect.GeneratedMethodAccessor457
11178:             1             16  sun.reflect.GeneratedMethodAccessor458
11179:             1             16  sun.reflect.GeneratedMethodAccessor459
11180:             1             16  sun.reflect.GeneratedMethodAccessor46
11181:             1             16  sun.reflect.GeneratedMethodAccessor460
11182:             1             16  sun.reflect.GeneratedMethodAccessor461
11183:             1             16  sun.reflect.GeneratedMethodAccessor462
11184:             1             16  sun.reflect.GeneratedMethodAccessor463
11185:             1             16  sun.reflect.GeneratedMethodAccessor464
11186:             1             16  sun.reflect.GeneratedMethodAccessor465
11187:             1             16  sun.reflect.GeneratedMethodAccessor466
11188:             1             16  sun.reflect.GeneratedMethodAccessor467
11189:             1             16  sun.reflect.GeneratedMethodAccessor468
11190:             1             16  sun.reflect.GeneratedMethodAccessor469
11191:             1             16  sun.reflect.GeneratedMethodAccessor47
11192:             1             16  sun.reflect.GeneratedMethodAccessor470
11193:             1             16  sun.reflect.GeneratedMethodAccessor471
11194:             1             16  sun.reflect.GeneratedMethodAccessor472
11195:             1             16  sun.reflect.GeneratedMethodAccessor473
11196:             1             16  sun.reflect.GeneratedMethodAccessor474
11197:             1             16  sun.reflect.GeneratedMethodAccessor475
11198:             1             16  sun.reflect.GeneratedMethodAccessor476
11199:             1             16  sun.reflect.GeneratedMethodAccessor477
11200:             1             16  sun.reflect.GeneratedMethodAccessor478
11201:             1             16  sun.reflect.GeneratedMethodAccessor479
11202:             1             16  sun.reflect.GeneratedMethodAccessor48
11203:             1             16  sun.reflect.GeneratedMethodAccessor480
11204:             1             16  sun.reflect.GeneratedMethodAccessor481
11205:             1             16  sun.reflect.GeneratedMethodAccessor482
11206:             1             16  sun.reflect.GeneratedMethodAccessor483
11207:             1             16  sun.reflect.GeneratedMethodAccessor484
11208:             1             16  sun.reflect.GeneratedMethodAccessor485
11209:             1             16  sun.reflect.GeneratedMethodAccessor486
11210:             1             16  sun.reflect.GeneratedMethodAccessor487
11211:             1             16  sun.reflect.GeneratedMethodAccessor488
11212:             1             16  sun.reflect.GeneratedMethodAccessor489
11213:             1             16  sun.reflect.GeneratedMethodAccessor49
11214:             1             16  sun.reflect.GeneratedMethodAccessor490
11215:             1             16  sun.reflect.GeneratedMethodAccessor491
11216:             1             16  sun.reflect.GeneratedMethodAccessor492
11217:             1             16  sun.reflect.GeneratedMethodAccessor493
11218:             1             16  sun.reflect.GeneratedMethodAccessor494
11219:             1             16  sun.reflect.GeneratedMethodAccessor495
11220:             1             16  sun.reflect.GeneratedMethodAccessor496
11221:             1             16  sun.reflect.GeneratedMethodAccessor497
11222:             1             16  sun.reflect.GeneratedMethodAccessor498
11223:             1             16  sun.reflect.GeneratedMethodAccessor499
11224:             1             16  sun.reflect.GeneratedMethodAccessor50
11225:             1             16  sun.reflect.GeneratedMethodAccessor500
11226:             1             16  sun.reflect.GeneratedMethodAccessor501
11227:             1             16  sun.reflect.GeneratedMethodAccessor502
11228:             1             16  sun.reflect.GeneratedMethodAccessor503
11229:             1             16  sun.reflect.GeneratedMethodAccessor504
11230:             1             16  sun.reflect.GeneratedMethodAccessor505
11231:             1             16  sun.reflect.GeneratedMethodAccessor506
11232:             1             16  sun.reflect.GeneratedMethodAccessor507
11233:             1             16  sun.reflect.GeneratedMethodAccessor508
11234:             1             16  sun.reflect.GeneratedMethodAccessor509
11235:             1             16  sun.reflect.GeneratedMethodAccessor51
11236:             1             16  sun.reflect.GeneratedMethodAccessor510
11237:             1             16  sun.reflect.GeneratedMethodAccessor511
11238:             1             16  sun.reflect.GeneratedMethodAccessor512
11239:             1             16  sun.reflect.GeneratedMethodAccessor513
11240:             1             16  sun.reflect.GeneratedMethodAccessor514
11241:             1             16  sun.reflect.GeneratedMethodAccessor515
11242:             1             16  sun.reflect.GeneratedMethodAccessor516
11243:             1             16  sun.reflect.GeneratedMethodAccessor517
11244:             1             16  sun.reflect.GeneratedMethodAccessor518
11245:             1             16  sun.reflect.GeneratedMethodAccessor519
11246:             1             16  sun.reflect.GeneratedMethodAccessor52
11247:             1             16  sun.reflect.GeneratedMethodAccessor520
11248:             1             16  sun.reflect.GeneratedMethodAccessor521
11249:             1             16  sun.reflect.GeneratedMethodAccessor522
11250:             1             16  sun.reflect.GeneratedMethodAccessor523
11251:             1             16  sun.reflect.GeneratedMethodAccessor524
11252:             1             16  sun.reflect.GeneratedMethodAccessor525
11253:             1             16  sun.reflect.GeneratedMethodAccessor526
11254:             1             16  sun.reflect.GeneratedMethodAccessor527
11255:             1             16  sun.reflect.GeneratedMethodAccessor528
11256:             1             16  sun.reflect.GeneratedMethodAccessor529
11257:             1             16  sun.reflect.GeneratedMethodAccessor53
11258:             1             16  sun.reflect.GeneratedMethodAccessor530
11259:             1             16  sun.reflect.GeneratedMethodAccessor531
11260:             1             16  sun.reflect.GeneratedMethodAccessor532
11261:             1             16  sun.reflect.GeneratedMethodAccessor533
11262:             1             16  sun.reflect.GeneratedMethodAccessor534
11263:             1             16  sun.reflect.GeneratedMethodAccessor535
11264:             1             16  sun.reflect.GeneratedMethodAccessor536
11265:             1             16  sun.reflect.GeneratedMethodAccessor537
11266:             1             16  sun.reflect.GeneratedMethodAccessor538
11267:             1             16  sun.reflect.GeneratedMethodAccessor539
11268:             1             16  sun.reflect.GeneratedMethodAccessor54
11269:             1             16  sun.reflect.GeneratedMethodAccessor540
11270:             1             16  sun.reflect.GeneratedMethodAccessor541
11271:             1             16  sun.reflect.GeneratedMethodAccessor542
11272:             1             16  sun.reflect.GeneratedMethodAccessor543
11273:             1             16  sun.reflect.GeneratedMethodAccessor544
11274:             1             16  sun.reflect.GeneratedMethodAccessor545
11275:             1             16  sun.reflect.GeneratedMethodAccessor546
11276:             1             16  sun.reflect.GeneratedMethodAccessor547
11277:             1             16  sun.reflect.GeneratedMethodAccessor548
11278:             1             16  sun.reflect.GeneratedMethodAccessor549
11279:             1             16  sun.reflect.GeneratedMethodAccessor55
11280:             1             16  sun.reflect.GeneratedMethodAccessor550
11281:             1             16  sun.reflect.GeneratedMethodAccessor551
11282:             1             16  sun.reflect.GeneratedMethodAccessor552
11283:             1             16  sun.reflect.GeneratedMethodAccessor553
11284:             1             16  sun.reflect.GeneratedMethodAccessor554
11285:             1             16  sun.reflect.GeneratedMethodAccessor555
11286:             1             16  sun.reflect.GeneratedMethodAccessor556
11287:             1             16  sun.reflect.GeneratedMethodAccessor557
11288:             1             16  sun.reflect.GeneratedMethodAccessor558
11289:             1             16  sun.reflect.GeneratedMethodAccessor559
11290:             1             16  sun.reflect.GeneratedMethodAccessor56
11291:             1             16  sun.reflect.GeneratedMethodAccessor560
11292:             1             16  sun.reflect.GeneratedMethodAccessor561
11293:             1             16  sun.reflect.GeneratedMethodAccessor562
11294:             1             16  sun.reflect.GeneratedMethodAccessor563
11295:             1             16  sun.reflect.GeneratedMethodAccessor564
11296:             1             16  sun.reflect.GeneratedMethodAccessor565
11297:             1             16  sun.reflect.GeneratedMethodAccessor566
11298:             1             16  sun.reflect.GeneratedMethodAccessor567
11299:             1             16  sun.reflect.GeneratedMethodAccessor568
11300:             1             16  sun.reflect.GeneratedMethodAccessor569
11301:             1             16  sun.reflect.GeneratedMethodAccessor57
11302:             1             16  sun.reflect.GeneratedMethodAccessor571
11303:             1             16  sun.reflect.GeneratedMethodAccessor572
11304:             1             16  sun.reflect.GeneratedMethodAccessor573
11305:             1             16  sun.reflect.GeneratedMethodAccessor574
11306:             1             16  sun.reflect.GeneratedMethodAccessor575
11307:             1             16  sun.reflect.GeneratedMethodAccessor576
11308:             1             16  sun.reflect.GeneratedMethodAccessor577
11309:             1             16  sun.reflect.GeneratedMethodAccessor578
11310:             1             16  sun.reflect.GeneratedMethodAccessor579
11311:             1             16  sun.reflect.GeneratedMethodAccessor58
11312:             1             16  sun.reflect.GeneratedMethodAccessor580
11313:             1             16  sun.reflect.GeneratedMethodAccessor581
11314:             1             16  sun.reflect.GeneratedMethodAccessor582
11315:             1             16  sun.reflect.GeneratedMethodAccessor583
11316:             1             16  sun.reflect.GeneratedMethodAccessor584
11317:             1             16  sun.reflect.GeneratedMethodAccessor585
11318:             1             16  sun.reflect.GeneratedMethodAccessor586
11319:             1             16  sun.reflect.GeneratedMethodAccessor587
11320:             1             16  sun.reflect.GeneratedMethodAccessor588
11321:             1             16  sun.reflect.GeneratedMethodAccessor589
11322:             1             16  sun.reflect.GeneratedMethodAccessor59
11323:             1             16  sun.reflect.GeneratedMethodAccessor590
11324:             1             16  sun.reflect.GeneratedMethodAccessor591
11325:             1             16  sun.reflect.GeneratedMethodAccessor592
11326:             1             16  sun.reflect.GeneratedMethodAccessor593
11327:             1             16  sun.reflect.GeneratedMethodAccessor594
11328:             1             16  sun.reflect.GeneratedMethodAccessor595
11329:             1             16  sun.reflect.GeneratedMethodAccessor596
11330:             1             16  sun.reflect.GeneratedMethodAccessor597
11331:             1             16  sun.reflect.GeneratedMethodAccessor598
11332:             1             16  sun.reflect.GeneratedMethodAccessor599
11333:             1             16  sun.reflect.GeneratedMethodAccessor60
11334:             1             16  sun.reflect.GeneratedMethodAccessor600
11335:             1             16  sun.reflect.GeneratedMethodAccessor601
11336:             1             16  sun.reflect.GeneratedMethodAccessor602
11337:             1             16  sun.reflect.GeneratedMethodAccessor603
11338:             1             16  sun.reflect.GeneratedMethodAccessor604
11339:             1             16  sun.reflect.GeneratedMethodAccessor605
11340:             1             16  sun.reflect.GeneratedMethodAccessor606
11341:             1             16  sun.reflect.GeneratedMethodAccessor607
11342:             1             16  sun.reflect.GeneratedMethodAccessor608
11343:             1             16  sun.reflect.GeneratedMethodAccessor609
11344:             1             16  sun.reflect.GeneratedMethodAccessor610
11345:             1             16  sun.reflect.GeneratedMethodAccessor611
11346:             1             16  sun.reflect.GeneratedMethodAccessor612
11347:             1             16  sun.reflect.GeneratedMethodAccessor613
11348:             1             16  sun.reflect.GeneratedMethodAccessor614
11349:             1             16  sun.reflect.GeneratedMethodAccessor615
11350:             1             16  sun.reflect.GeneratedMethodAccessor617
11351:             1             16  sun.reflect.GeneratedMethodAccessor62
11352:             1             16  sun.reflect.GeneratedMethodAccessor63
11353:             1             16  sun.reflect.GeneratedMethodAccessor64
11354:             1             16  sun.reflect.GeneratedMethodAccessor65
11355:             1             16  sun.reflect.GeneratedMethodAccessor66
11356:             1             16  sun.reflect.GeneratedMethodAccessor67
11357:             1             16  sun.reflect.GeneratedMethodAccessor68
11358:             1             16  sun.reflect.GeneratedMethodAccessor69
11359:             1             16  sun.reflect.GeneratedMethodAccessor7
11360:             1             16  sun.reflect.GeneratedMethodAccessor70
11361:             1             16  sun.reflect.GeneratedMethodAccessor71
11362:             1             16  sun.reflect.GeneratedMethodAccessor72
11363:             1             16  sun.reflect.GeneratedMethodAccessor73
11364:             1             16  sun.reflect.GeneratedMethodAccessor74
11365:             1             16  sun.reflect.GeneratedMethodAccessor75
11366:             1             16  sun.reflect.GeneratedMethodAccessor76
11367:             1             16  sun.reflect.GeneratedMethodAccessor77
11368:             1             16  sun.reflect.GeneratedMethodAccessor79
11369:             1             16  sun.reflect.GeneratedMethodAccessor8
11370:             1             16  sun.reflect.GeneratedMethodAccessor80
11371:             1             16  sun.reflect.GeneratedMethodAccessor81
11372:             1             16  sun.reflect.GeneratedMethodAccessor82
11373:             1             16  sun.reflect.GeneratedMethodAccessor83
11374:             1             16  sun.reflect.GeneratedMethodAccessor84
11375:             1             16  sun.reflect.GeneratedMethodAccessor85
11376:             1             16  sun.reflect.GeneratedMethodAccessor86
11377:             1             16  sun.reflect.GeneratedMethodAccessor87
11378:             1             16  sun.reflect.GeneratedMethodAccessor88
11379:             1             16  sun.reflect.GeneratedMethodAccessor89
11380:             1             16  sun.reflect.GeneratedMethodAccessor90
11381:             1             16  sun.reflect.GeneratedMethodAccessor91
11382:             1             16  sun.reflect.GeneratedMethodAccessor92
11383:             1             16  sun.reflect.GeneratedMethodAccessor93
11384:             1             16  sun.reflect.GeneratedMethodAccessor94
11385:             1             16  sun.reflect.GeneratedMethodAccessor95
11386:             1             16  sun.reflect.GeneratedMethodAccessor96
11387:             1             16  sun.reflect.GeneratedMethodAccessor97
11388:             1             16  sun.reflect.GeneratedMethodAccessor98
11389:             1             16  sun.reflect.GeneratedMethodAccessor99
11390:             1             16  sun.reflect.GeneratedSerializationConstructorAccessor1085
11391:             1             16  sun.reflect.GeneratedSerializationConstructorAccessor1086
11392:             1             16  sun.reflect.GeneratedSerializationConstructorAccessor1087
11393:             1             16  sun.reflect.GeneratedSerializationConstructorAccessor1088
11394:             1             16  sun.reflect.ReflectionFactory
11395:             1             16  sun.reflect.generics.tree.BooleanSignature
11396:             1             16  sun.reflect.generics.tree.BottomSignature
11397:             1             16  sun.reflect.generics.tree.VoidDescriptor
11398:             1             16  sun.rmi.runtime.Log$LoggerLogFactory
11399:             1             16  sun.rmi.runtime.RuntimeUtil
11400:             1             16  sun.rmi.server.UnicastServerRef$HashToMethod_Maps
11401:             1             16  sun.rmi.transport.DGCImpl_Skel
11402:             1             16  sun.rmi.transport.ObjectTable$Reaper
11403:             1             16  sun.rmi.transport.proxy.RMIDirectSocketFactory
11404:             1             16  sun.rmi.transport.tcp.TCPTransport$1
11405:             1             16  sun.security.rsa.RSAKeyFactory
11406:             1             16  sun.security.util.AlgorithmDecomposer
11407:             1             16  sun.security.util.ByteArrayLexOrder
11408:             1             16  sun.security.util.ByteArrayTagOrder
11409:             1             16  sun.security.util.DisabledAlgorithmConstraints$KeySizeConstraints
11410:             1             16  sun.security.x509.GeneralName
11411:             1             16  sun.security.x509.GeneralNames
11412:             1             16  sun.security.x509.RFC822Name
11413:             1             16  sun.text.normalizer.NormalizerBase$Mode
11414:             1             16  sun.text.normalizer.NormalizerBase$NFCMode
11415:             1             16  sun.text.normalizer.NormalizerBase$NFDMode
11416:             1             16  sun.text.normalizer.NormalizerBase$NFKCMode
11417:             1             16  sun.text.normalizer.NormalizerBase$NFKDMode
11418:             1             16  sun.util.CoreResourceBundleControl
11419:             1             16  sun.util.calendar.Gregorian
11420:             1             16  sun.util.locale.provider.AuxLocaleProviderAdapter$NullProvider
11421:             1             16  sun.util.locale.provider.CalendarDataUtility$CalendarWeekParameterGetter
11422:             1             16  sun.util.locale.provider.SPILocaleProviderAdapter
11423:             1             16  sun.util.locale.provider.TimeZoneNameUtility$TimeZoneNameGetter
11424:             1             16  sun.util.resources.LocaleData
11425:             1             16  sun.util.resources.LocaleData$LocaleDataResourceBundleControl
Total      69924586     1885314328
