Java HotSpot(TM) 64-Bit Server VM (25.91-b14) for linux-amd64 JRE (1.8.0_91-b14), built on Apr  1 2016 00:57:21 by "java_re" with gcc 4.3.0 20080428 (Red Hat 4.3.0-8)
Memory: 4k page, physical 32949060k(3411496k free), swap 4192956k(2314528k free)
CommandLine flags: -XX:InitialHeapSize=2147483648 -XX:InitialTenuringThreshold=3 -XX:MaxHeapSize=2147483648 -XX:MaxNewSize=805306368 -XX:MaxTenuringThreshold=3 -XX:NewSize=805306368 -XX:OldPLABSize=16 -XX:ParallelGCThreads=2 -XX:+PrintGC -XX:+PrintGCDetails -XX:+PrintGCTimeStamps -XX:+UseCompressedClassPointers -XX:+UseCompressedOops -XX:+UseConcMarkSweepGC -XX:+UseParNewGC 
2.522: [Full GC (System.gc()) 2.522: [CMS: 0K->13594K(1310720K), 0.0974190 secs] 578914K->13594K(2018560K), [Metaspace: 18444K->18444K(1067008K)], 0.0982900 secs] [Times: user=0.09 sys=0.02, real=0.10 secs] 
6.867: [Full GC (System.gc()) 6.867: [CMS: 13594K->43540K(1310720K), 0.3085150 secs] 592118K->43540K(2018560K), [Metaspace: 28133K->28133K(1075200K)], 0.3092320 secs] [Times: user=0.41 sys=0.02, real=0.31 secs] 
11.759: [GC (Allocation Failure) 11.759: [ParNew: 629248K->32482K(707840K), 0.0972830 secs] 672788K->76023K(2018560K), 0.0975560 secs] [Times: user=0.18 sys=0.01, real=0.09 secs] 
13.860: [GC (CMS Initial Mark) [1 CMS-initial-mark: 43540K(1310720K)] 302765K(2018560K), 0.1671160 secs] [Times: user=0.34 sys=0.00, real=0.16 secs] 
14.027: [CMS-concurrent-mark-start]
14.173: [CMS-concurrent-mark: 0.139/0.146 secs] [Times: user=1.07 sys=0.02, real=0.14 secs] 
14.173: [CMS-concurrent-preclean-start]
14.185: [CMS-concurrent-preclean: 0.011/0.012 secs] [Times: user=0.06 sys=0.00, real=0.01 secs] 
14.185: [CMS-concurrent-abortable-preclean-start]
15.498: [GC (Allocation Failure) 15.498: [ParNew: 661730K->78592K(707840K), 0.4480900 secs] 705271K->144486K(2018560K), 0.4483610 secs] [Times: user=1.10 sys=0.05, real=0.44 secs] 
18.685: [CMS-concurrent-abortable-preclean: 3.920/4.499 secs] [Times: user=22.63 sys=1.18, real=4.50 secs] 
18.687: [GC (CMS Final Remark) [YG occupancy: 398607 K (707840 K)]18.687: [Rescan (parallel) , 0.2078450 secs]18.895: [weak refs processing, 0.0000520 secs]18.895: [class unloading, 0.0134600 secs]18.909: [scrub symbol table, 0.0118620 secs]18.921: [scrub string table, 0.0020330 secs][1 CMS-remark: 65894K(1310720K)] 464501K(2018560K), 0.2363670 secs] [Times: user=0.62 sys=0.00, real=0.24 secs] 
18.924: [CMS-concurrent-sweep-start]
18.967: [CMS-concurrent-sweep: 0.038/0.043 secs] [Times: user=0.11 sys=0.01, real=0.04 secs] 
18.967: [CMS-concurrent-reset-start]
18.972: [CMS-concurrent-reset: 0.005/0.005 secs] [Times: user=0.01 sys=0.00, real=0.01 secs] 
28.197: [GC (Allocation Failure) 28.197: [ParNew: 707840K->66106K(707840K), 0.4202670 secs] 771689K->218096K(2018560K), 0.4206160 secs] [Times: user=0.76 sys=0.04, real=0.42 secs] 
32.471: [GC (Allocation Failure) 32.471: [ParNew: 695354K->44058K(707840K), 0.0743920 secs] 847344K->196047K(2018560K), 0.0747780 secs] [Times: user=0.18 sys=0.00, real=0.07 secs] 
36.851: [GC (Allocation Failure) 36.852: [ParNew: 673306K->37463K(707840K), 0.0782910 secs] 825295K->189452K(2018560K), 0.0786360 secs] [Times: user=0.15 sys=0.00, real=0.08 secs] 
43.714: [GC (Allocation Failure) 43.714: [ParNew: 666711K->26138K(707840K), 0.1294250 secs] 818700K->199681K(2018560K), 0.1297970 secs] [Times: user=0.24 sys=0.01, real=0.13 secs] 
51.757: [GC (Allocation Failure) 51.757: [ParNew: 655386K->23572K(707840K), 0.0637170 secs] 828929K->200565K(2018560K), 0.0640630 secs] [Times: user=0.12 sys=0.00, real=0.06 secs] 
59.908: [GC (Allocation Failure) 59.908: [ParNew: 652820K->28144K(707840K), 0.0692080 secs] 829813K->209703K(2018560K), 0.0695890 secs] [Times: user=0.13 sys=0.01, real=0.07 secs] 
66.961: [GC (Allocation Failure) 66.961: [ParNew: 657392K->19046K(707840K), 0.0712390 secs] 838951K->206303K(2018560K), 0.0716140 secs] [Times: user=0.14 sys=0.00, real=0.07 secs] 
82.569: [GC (Allocation Failure) 82.569: [ParNew: 648294K->26792K(707840K), 0.0822850 secs] 835551K->218766K(2018560K), 0.0826680 secs] [Times: user=0.16 sys=0.00, real=0.08 secs] 
93.238: [GC (Allocation Failure) 93.239: [ParNew: 656040K->35303K(707840K), 0.0913640 secs] 848014K->233062K(2018560K), 0.0917500 secs] [Times: user=0.18 sys=0.00, real=0.10 secs] 
102.581: [GC (Allocation Failure) 102.581: [ParNew: 664551K->42300K(707840K), 0.0947020 secs] 862310K->244041K(2018560K), 0.0950470 secs] [Times: user=0.18 sys=0.00, real=0.09 secs] 
113.006: [GC (Allocation Failure) 113.006: [ParNew: 671548K->36663K(707840K), 0.1128450 secs] 873289K->247578K(2018560K), 0.1132110 secs] [Times: user=0.21 sys=0.01, real=0.11 secs] 
124.692: [GC (Allocation Failure) 124.692: [ParNew: 665911K->37295K(707840K), 0.1076650 secs] 876826K->256168K(2018560K), 0.1080520 secs] [Times: user=0.20 sys=0.00, real=0.11 secs] 
141.035: [GC (Allocation Failure) 141.035: [ParNew: 666543K->48734K(707840K), 0.1165110 secs] 885416K->275514K(2018560K), 0.1168750 secs] [Times: user=0.22 sys=0.01, real=0.12 secs] 
153.600: [GC (Allocation Failure) 153.600: [ParNew: 677982K->33008K(707840K), 0.1162880 secs] 904762K->269300K(2018560K), 0.1166680 secs] [Times: user=0.22 sys=0.00, real=0.11 secs] 
168.542: [GC (Allocation Failure) 168.543: [ParNew: 662256K->45306K(707840K), 0.1139780 secs] 898548K->288643K(2018560K), 0.1143370 secs] [Times: user=0.22 sys=0.00, real=0.11 secs] 
182.560: [GC (Allocation Failure) 182.560: [ParNew: 674554K->39992K(707840K), 0.1281390 secs] 917891K->294694K(2018560K), 0.1285190 secs] [Times: user=0.25 sys=0.00, real=0.13 secs] 
193.938: [GC (Allocation Failure) 193.939: [ParNew: 669240K->51596K(707840K), 0.1123300 secs] 923942K->312925K(2018560K), 0.1126950 secs] [Times: user=0.23 sys=0.00, real=0.11 secs] 
209.702: [GC (Allocation Failure) 209.702: [ParNew: 680844K->34175K(707840K), 0.1266880 secs] 942173K->305273K(2018560K), 0.1270680 secs] [Times: user=0.24 sys=0.00, real=0.13 secs] 
225.464: [GC (Allocation Failure) 225.465: [ParNew: 663423K->35906K(707840K), 0.1065570 secs] 934521K->315317K(2018560K), 0.1069700 secs] [Times: user=0.21 sys=0.00, real=0.11 secs] 
243.181: [GC (Allocation Failure) 243.182: [ParNew: 665154K->34149K(707840K), 0.1120330 secs] 944565K->322369K(2018560K), 0.1124930 secs] [Times: user=0.21 sys=0.01, real=0.12 secs] 
257.091: [GC (Allocation Failure) 257.092: [ParNew: 663397K->33520K(707840K), 0.1059440 secs] 951617K->329063K(2018560K), 0.1063070 secs] [Times: user=0.21 sys=0.01, real=0.11 secs] 
273.721: [GC (Allocation Failure) 273.722: [ParNew: 662768K->45020K(707840K), 0.1073790 secs] 958311K->345338K(2018560K), 0.1077620 secs] [Times: user=0.21 sys=0.00, real=0.11 secs] 
293.277: [GC (Allocation Failure) 293.278: [ParNew: 674268K->39121K(707840K), 0.1195260 secs] 974586K->348563K(2018560K), 0.1198960 secs] [Times: user=0.23 sys=0.01, real=0.12 secs] 
315.712: [GC (Allocation Failure) 315.712: [ParNew: 668369K->37285K(707840K), 0.1128790 secs] 977811K->354692K(2018560K), 0.1132850 secs] [Times: user=0.22 sys=0.00, real=0.12 secs] 
367.167: [GC (Allocation Failure) 367.167: [ParNew: 666533K->37102K(707840K), 0.1128660 secs] 983940K->362211K(2018560K), 0.1133280 secs] [Times: user=0.22 sys=0.00, real=0.11 secs] 
420.181: [GC (Allocation Failure) 420.181: [ParNew: 666350K->34858K(707840K), 0.1114800 secs] 991459K->368134K(2018560K), 0.1118620 secs] [Times: user=0.21 sys=0.01, real=0.11 secs] 
484.985: [GC (Allocation Failure) 484.985: [ParNew: 664106K->21626K(707840K), 0.0958780 secs] 997382K->361335K(2018560K), 0.0962550 secs] [Times: user=0.18 sys=0.00, real=0.10 secs] 
550.444: [GC (Allocation Failure) 550.444: [ParNew: 650874K->18545K(707840K), 0.0916980 secs] 990583K->363777K(2018560K), 0.0921370 secs] [Times: user=0.18 sys=0.00, real=0.09 secs] 
605.670: [GC (Allocation Failure) 605.670: [ParNew: 647793K->24621K(707840K), 0.0951690 secs] 993025K->375718K(2018560K), 0.0956170 secs] [Times: user=0.19 sys=0.00, real=0.09 secs] 
650.145: [GC (Allocation Failure) 650.145: [ParNew: 653869K->25674K(707840K), 0.0876410 secs] 1004966K->380212K(2018560K), 0.0880280 secs] [Times: user=0.17 sys=0.00, real=0.08 secs] 
729.277: [GC (Allocation Failure) 729.277: [ParNew: 654922K->18156K(707840K), 0.0830030 secs] 1009460K->376643K(2018560K), 0.0833920 secs] [Times: user=0.16 sys=0.00, real=0.08 secs] 
811.459: [GC (Allocation Failure) 811.459: [ParNew: 647404K->24935K(707840K), 0.0890530 secs] 1005891K->389653K(2018560K), 0.0894510 secs] [Times: user=0.16 sys=0.01, real=0.09 secs] 
838.009: [GC (Allocation Failure) 838.009: [ParNew: 654183K->23505K(707840K), 0.0838800 secs] 1018901K->393228K(2018560K), 0.0842220 secs] [Times: user=0.16 sys=0.00, real=0.09 secs] 
853.276: [GC (Allocation Failure) 853.276: [ParNew: 652753K->32895K(707840K), 0.0793470 secs] 1022476K->406004K(2018560K), 0.0796830 secs] [Times: user=0.15 sys=0.00, real=0.08 secs] 
886.919: [GC (Allocation Failure) 886.919: [ParNew: 662143K->42373K(707840K), 0.1004910 secs] 1035252K->419618K(2018560K), 0.1009360 secs] [Times: user=0.24 sys=0.00, real=0.10 secs] 
927.484: [GC (Allocation Failure) 927.484: [ParNew: 671621K->28682K(707840K), 0.1143280 secs] 1048866K->415226K(2018560K), 0.1147290 secs] [Times: user=0.22 sys=0.00, real=0.12 secs] 
980.429: [GC (Allocation Failure) 980.429: [ParNew: 657930K->29679K(707840K), 0.1095290 secs] 1044474K->423505K(2018560K), 0.1099640 secs] [Times: user=0.21 sys=0.00, real=0.11 secs] 
1015.358: [GC (Allocation Failure) 1015.358: [ParNew: 658927K->41703K(707840K), 0.1059440 secs] 1052753K->440880K(2018560K), 0.1063380 secs] [Times: user=0.20 sys=0.01, real=0.11 secs] 
1056.806: [GC (Allocation Failure) 1056.807: [ParNew: 670951K->27272K(707840K), 0.1095470 secs] 1070128K->433226K(2018560K), 0.1099600 secs] [Times: user=0.20 sys=0.00, real=0.11 secs] 
1125.175: [GC (Allocation Failure) 1125.175: [ParNew: 656520K->39248K(707840K), 0.1049670 secs] 1062474K->452180K(2018560K), 0.1054090 secs] [Times: user=0.21 sys=0.00, real=0.11 secs] 
1195.253: [GC (Allocation Failure) 1195.254: [ParNew: 668496K->24817K(707840K), 0.0940930 secs] 1081428K->445062K(2018560K), 0.0945030 secs] [Times: user=0.18 sys=0.00, real=0.10 secs] 
1222.878: [GC (Allocation Failure) 1222.879: [ParNew: 654065K->28965K(707840K), 0.0961470 secs] 1074310K->454787K(2018560K), 0.0965620 secs] [Times: user=0.18 sys=0.00, real=0.10 secs] 
1283.286: [GC (Allocation Failure) 1283.286: [ParNew: 658213K->27014K(707840K), 0.0955750 secs] 1084035K->457889K(2018560K), 0.0959670 secs] [Times: user=0.18 sys=0.00, real=0.10 secs] 
1340.500: [GC (Allocation Failure) 1340.501: [ParNew: 656262K->38528K(707840K), 0.0931980 secs] 1087137K->472388K(2018560K), 0.0936280 secs] [Times: user=0.18 sys=0.00, real=0.09 secs] 
1416.384: [GC (Allocation Failure) 1416.384: [ParNew: 667776K->26697K(707840K), 0.1041530 secs] 1101636K->469186K(2018560K), 0.1045710 secs] [Times: user=0.20 sys=0.00, real=0.10 secs] 
1473.360: [GC (Allocation Failure) 1473.360: [ParNew: 655945K->16238K(707840K), 0.0896670 secs] 1098434K->464729K(2018560K), 0.0900710 secs] [Times: user=0.17 sys=0.00, real=0.09 secs] 
1525.114: [GC (Allocation Failure) 1525.115: [ParNew: 645461K->22776K(707840K), 0.0893290 secs] 1093952K->475647K(2018560K), 0.0897590 secs] [Times: user=0.17 sys=0.00, real=0.09 secs] 
1590.298: [GC (Allocation Failure) 1590.298: [ParNew: 652024K->25695K(707840K), 0.0842250 secs] 1104895K->482633K(2018560K), 0.0846320 secs] [Times: user=0.16 sys=0.00, real=0.08 secs] 
1644.354: [GC (Allocation Failure) 1644.354: [ParNew: 654943K->24372K(707840K), 0.0784910 secs] 1111881K->484048K(2018560K), 0.0788960 secs] [Times: user=0.16 sys=0.00, real=0.08 secs] 
1710.054: [GC (Allocation Failure) 1710.054: [ParNew: 653620K->16595K(707840K), 0.0895840 secs] 1113296K->484291K(2018560K), 0.0899930 secs] [Times: user=0.17 sys=0.00, real=0.09 secs] 
1758.747: [GC (Allocation Failure) 1758.747: [ParNew: 645843K->19724K(707840K), 0.0719420 secs] 1113539K->490058K(2018560K), 0.0723520 secs] [Times: user=0.14 sys=0.00, real=0.07 secs] 
1774.953: [GC (Allocation Failure) 1774.953: [ParNew: 648972K->27035K(707840K), 0.0879630 secs] 1119306K->501102K(2018560K), 0.0883880 secs] [Times: user=0.17 sys=0.01, real=0.09 secs] 
1802.868: [GC (Allocation Failure) 1802.868: [ParNew: 656283K->26216K(707840K), 0.0852810 secs] 1130350K->503285K(2018560K), 0.0856990 secs] [Times: user=0.16 sys=0.00, real=0.09 secs] 
1867.221: [GC (Allocation Failure) 1867.221: [ParNew: 655464K->29821K(707840K), 0.0886180 secs] 1132533K->511331K(2018560K), 0.0891200 secs] [Times: user=0.17 sys=0.01, real=0.09 secs] 
1907.772: [GC (Allocation Failure) 1907.772: [ParNew: 659069K->29626K(707840K), 0.1081180 secs] 1140579K->519799K(2018560K), 0.1085310 secs] [Times: user=0.20 sys=0.01, real=0.11 secs] 
1929.308: [GC (Allocation Failure) 1929.309: [ParNew: 658874K->31839K(707840K), 0.0979070 secs] 1149047K->527151K(2018560K), 0.0983340 secs] [Times: user=0.19 sys=0.00, real=0.09 secs] 
1967.489: [GC (Allocation Failure) 1967.489: [ParNew: 661087K->34736K(707840K), 0.0820720 secs] 1156399K->534129K(2018560K), 0.0823680 secs] [Times: user=0.16 sys=0.00, real=0.08 secs] 
2028.279: [GC (Allocation Failure) 2028.279: [ParNew: 663984K->24461K(707840K), 0.1151900 secs] 1163377K->534557K(2018560K), 0.1155920 secs] [Times: user=0.22 sys=0.01, real=0.12 secs] 
2090.117: [GC (Allocation Failure) 2090.117: [ParNew: 653709K->20246K(707840K), 0.1043840 secs] 1163805K->537501K(2018560K), 0.1048090 secs] [Times: user=0.19 sys=0.01, real=0.10 secs] 
2142.467: [GC (Allocation Failure) 2142.467: [ParNew: 649493K->25337K(707840K), 0.0848460 secs] 1166748K->546918K(2018560K), 0.0852750 secs] [Times: user=0.17 sys=0.00, real=0.09 secs] 
2185.406: [GC (Allocation Failure) 2185.406: [ParNew: 654585K->23542K(707840K), 0.0923120 secs] 1176166K->549660K(2018560K), 0.0927200 secs] [Times: user=0.17 sys=0.01, real=0.10 secs] 
2246.447: [GC (Allocation Failure) 2246.447: [ParNew: 652790K->24713K(707840K), 0.0884440 secs] 1178908K->554976K(2018560K), 0.0888550 secs] [Times: user=0.17 sys=0.00, real=0.08 secs] 
2325.804: [GC (Allocation Failure) 2325.804: [ParNew: 653961K->16666K(707840K), 0.0854880 secs] 1184224K->550302K(2018560K), 0.0859110 secs] [Times: user=0.16 sys=0.00, real=0.09 secs] 
2405.765: [GC (Allocation Failure) 2405.765: [ParNew: 645914K->24265K(707840K), 0.0819940 secs] 1179550K->563275K(2018560K), 0.0823290 secs] [Times: user=0.15 sys=0.00, real=0.08 secs] 
2463.992: [GC (Allocation Failure) 2463.992: [ParNew: 653513K->18431K(707840K), 0.0817030 secs] 1192523K->561353K(2018560K), 0.0821020 secs] [Times: user=0.15 sys=0.01, real=0.08 secs] 
2493.673: [GC (Allocation Failure) 2493.673: [ParNew: 647679K->25886K(707840K), 0.0939420 secs] 1190601K->572493K(2018560K), 0.0943620 secs] [Times: user=0.18 sys=0.00, real=0.10 secs] 
2514.063: [GC (Allocation Failure) 2514.063: [ParNew: 655134K->35547K(707840K), 0.0902560 secs] 1201741K->585603K(2018560K), 0.0906230 secs] [Times: user=0.17 sys=0.01, real=0.09 secs] 
2568.229: [GC (Allocation Failure) 2568.229: [ParNew: 664795K->24392K(707840K), 0.0895740 secs] 1214851K->578910K(2018560K), 0.0899710 secs] [Times: user=0.17 sys=0.00, real=0.09 secs] 
2628.644: [GC (Allocation Failure) 2628.644: [ParNew: 653635K->17379K(707840K), 0.1010540 secs] 1208153K->581253K(2018560K), 0.1014420 secs] [Times: user=0.19 sys=0.01, real=0.11 secs] 
2715.796: [GC (Allocation Failure) 2715.796: [ParNew: 646627K->15762K(707840K), 0.0837810 secs] 1210501K->584236K(2018560K), 0.0841970 secs] [Times: user=0.16 sys=0.00, real=0.09 secs] 
2775.208: [GC (Allocation Failure) 2775.208: [ParNew: 645004K->22097K(707840K), 0.0671640 secs] 1213478K->594011K(2018560K), 0.0729730 secs] [Times: user=0.13 sys=0.00, real=0.07 secs] 
2817.126: [GC (Allocation Failure) 2817.127: [ParNew: 651345K->32060K(707840K), 0.0886570 secs] 1223259K->608726K(2018560K), 0.0890440 secs] [Times: user=0.17 sys=0.00, real=0.09 secs] 
2841.167: [GC (Allocation Failure) 2841.167: [ParNew: 661308K->25337K(707840K), 0.0938890 secs] 1237974K->604842K(2018560K), 0.0942720 secs] [Times: user=0.18 sys=0.00, real=0.10 secs] 
2878.826: [GC (Allocation Failure) 2878.826: [ParNew: 654585K->37771K(707840K), 0.1155730 secs] 1234090K->623379K(2018560K), 0.1159640 secs] [Times: user=0.22 sys=0.01, real=0.11 secs] 
2946.098: [GC (Allocation Failure) 2946.098: [ParNew: 667019K->25392K(707840K), 0.0748260 secs] 1252627K->615433K(2018560K), 0.0751520 secs] [Times: user=0.15 sys=0.00, real=0.08 secs] 
2980.996: [GC (Allocation Failure) 2980.997: [ParNew: 654640K->34795K(707840K), 0.1082630 secs] 1244681K->631875K(2018560K), 0.1086500 secs] [Times: user=0.21 sys=0.01, real=0.11 secs] 
3021.315: [GC (Allocation Failure) 3021.316: [ParNew: 664043K->22466K(707840K), 0.0932750 secs] 1261123K->625346K(2018560K), 0.0936770 secs] [Times: user=0.18 sys=0.00, real=0.09 secs] 
3086.931: [GC (Allocation Failure) 3086.931: [ParNew: 651714K->24274K(707840K), 0.0899940 secs] 1254594K->630430K(2018560K), 0.0903690 secs] [Times: user=0.17 sys=0.00, real=0.09 secs] 
3154.814: [GC (Allocation Failure) 3154.814: [ParNew: 653522K->18408K(707840K), 0.0958280 secs] 1259678K->630626K(2018560K), 0.0962130 secs] [Times: user=0.18 sys=0.00, real=0.10 secs] 
3208.488: [GC (Allocation Failure) 3208.488: [ParNew: 647656K->33044K(707840K), 0.0940630 secs] 1259874K->650443K(2018560K), 0.0944820 secs] [Times: user=0.18 sys=0.00, real=0.09 secs] 
3239.807: [GC (Allocation Failure) 3239.807: [ParNew: 662292K->20666K(707840K), 0.0952290 secs] 1279691K->643061K(2018560K), 0.0956510 secs] [Times: user=0.17 sys=0.00, real=0.10 secs] 
3302.968: [GC (Allocation Failure) 3302.969: [ParNew: 649914K->22914K(707840K), 0.0849270 secs] 1272309K->648620K(2018560K), 0.0853530 secs] [Times: user=0.16 sys=0.00, real=0.08 secs] 
3366.945: [GC (Allocation Failure) 3366.945: [ParNew: 652162K->24584K(707840K), 0.0933770 secs] 1277868K->655955K(2018560K), 0.0938260 secs] [Times: user=0.18 sys=0.01, real=0.10 secs] 
3416.584: [GC (Allocation Failure) 3416.584: [ParNew: 653832K->22735K(707840K), 0.0863670 secs] 1285203K->659265K(2018560K), 0.0867990 secs] [Times: user=0.16 sys=0.00, real=0.09 secs] 
3451.079: [GC (Allocation Failure) 3451.080: [ParNew: 651983K->21782K(707840K), 0.0926220 secs] 1288513K->661657K(2018560K), 0.0930370 secs] [Times: user=0.17 sys=0.00, real=0.09 secs] 
3478.864: [GC (Allocation Failure) 3478.864: [ParNew: 651030K->26245K(707840K), 0.0881540 secs] 1290905K->669734K(2018560K), 0.0886220 secs] [Times: user=0.17 sys=0.01, real=0.09 secs] 
3502.347: [GC (Allocation Failure) 3502.348: [ParNew: 655493K->35659K(707840K), 0.1052530 secs] 1298982K->683461K(2018560K), 0.1057260 secs] [Times: user=0.24 sys=0.00, real=0.10 secs] 
3512.369: [GC (Allocation Failure) 3512.369: [ParNew: 664907K->44386K(707840K), 0.1193630 secs] 1312709K->699351K(2018560K), 0.1197660 secs] [Times: user=0.23 sys=0.01, real=0.12 secs] 
3534.879: [GC (Allocation Failure) 3534.880: [ParNew: 673634K->39022K(707840K), 0.1087480 secs] 1328599K->700100K(2018560K), 0.1091830 secs] [Times: user=0.21 sys=0.00, real=0.11 secs] 
3584.810: [GC (Allocation Failure) 3584.811: [ParNew: 668264K->25317K(707840K), 0.1126950 secs] 1329343K->696177K(2018560K), 0.1130870 secs] [Times: user=0.21 sys=0.00, real=0.11 secs] 
3618.972: [Full GC (System.gc()) 3618.972: [CMS: 670860K->387897K(1310720K), 2.5897310 secs] 1169453K->387897K(2018560K), [Metaspace: 101749K->101749K(1140736K)], 2.5906690 secs] [Times: user=2.57 sys=0.02, real=2.59 secs] 
3675.430: [GC (Allocation Failure) 3675.430: [ParNew: 629248K->20070K(707840K), 0.0431800 secs] 1017145K->407968K(2018560K), 0.0436330 secs] [Times: user=0.09 sys=0.00, real=0.04 secs] 
3718.397: [GC (Allocation Failure) 3718.397: [ParNew: 649318K->17074K(707840K), 0.0537800 secs] 1037216K->404971K(2018560K), 0.0541550 secs] [Times: user=0.11 sys=0.00, real=0.06 secs] 
3783.758: [GC (Allocation Failure) 3783.759: [ParNew: 646322K->23629K(707840K), 0.0540180 secs] 1034219K->411526K(2018560K), 0.0544200 secs] [Times: user=0.11 sys=0.00, real=0.06 secs] 
3819.089: [GC (Allocation Failure) 3819.090: [ParNew: 652877K->31128K(707840K), 0.1009930 secs] 1040774K->425034K(2018560K), 0.1015130 secs] [Times: user=0.20 sys=0.01, real=0.10 secs] 
3831.808: [GC (Allocation Failure) 3831.808: [ParNew: 660376K->40000K(707840K), 0.0973670 secs] 1054282K->439148K(2018560K), 0.0977730 secs] [Times: user=0.19 sys=0.00, real=0.09 secs] 
3871.538: [GC (Allocation Failure) 3871.538: [ParNew: 669248K->27548K(707840K), 0.0927280 secs] 1068396K->430231K(2018560K), 0.0931640 secs] [Times: user=0.18 sys=0.01, real=0.09 secs] 
3917.158: [GC (Allocation Failure) 3917.158: [ParNew: 656796K->21316K(707840K), 0.1032510 secs] 1059479K->434101K(2018560K), 0.1036810 secs] [Times: user=0.20 sys=0.00, real=0.11 secs] 
3936.217: [GC (Allocation Failure) 3936.217: [ParNew: 650564K->39693K(707840K), 0.1038670 secs] 1063349K->459263K(2018560K), 0.1043170 secs] [Times: user=0.20 sys=0.00, real=0.10 secs] 
3949.065: [GC (Allocation Failure) 3949.066: [ParNew: 668941K->32582K(707840K), 0.1110000 secs] 1088511K->458044K(2018560K), 0.1114780 secs] [Times: user=0.22 sys=0.00, real=0.11 secs] 
3957.638: [GC (Allocation Failure) 3957.639: [ParNew: 661830K->34545K(707840K), 0.1048260 secs] 1087292K->465159K(2018560K), 0.1053310 secs] [Times: user=0.20 sys=0.00, real=0.10 secs] 
3966.318: [GC (Allocation Failure) 3966.318: [ParNew: 663793K->29390K(707840K), 0.1231600 secs] 1094407K->469854K(2018560K), 0.1236070 secs] [Times: user=0.24 sys=0.00, real=0.13 secs] 
3978.356: [GC (Allocation Failure) 3978.356: [ParNew: 658638K->41235K(707840K), 0.1217820 secs] 1099102K->491236K(2018560K), 0.1222720 secs] [Times: user=0.24 sys=0.00, real=0.12 secs] 
3988.417: [GC (Allocation Failure) 3988.417: [ParNew: 670483K->26511K(707840K), 0.1202870 secs] 1120484K->488453K(2018560K), 0.1207400 secs] [Times: user=0.23 sys=0.00, real=0.12 secs] 
3999.009: [GC (Allocation Failure) 3999.009: [ParNew: 655759K->46891K(707840K), 0.1084700 secs] 1117701K->514446K(2018560K), 0.1088810 secs] [Times: user=0.22 sys=0.00, real=0.11 secs] 
4010.195: [GC (Allocation Failure) 4010.195: [ParNew: 676139K->31525K(707840K), 0.1179410 secs] 1143694K->507935K(2018560K), 0.1183980 secs] [Times: user=0.23 sys=0.00, real=0.11 secs] 
4022.204: [GC (Allocation Failure) 4022.204: [ParNew: 660773K->45224K(707840K), 0.1086510 secs] 1137183K->528887K(2018560K), 0.1090840 secs] [Times: user=0.21 sys=0.00, real=0.11 secs] 
4036.479: [GC (Allocation Failure) 4036.479: [ParNew: 674472K->28772K(707840K), 0.1048490 secs] 1158135K->519638K(2018560K), 0.1052630 secs] [Times: user=0.20 sys=0.00, real=0.10 secs] 
4057.725: [GC (Allocation Failure) 4057.726: [ParNew: 658020K->30236K(707840K), 0.1021690 secs] 1148886K->529022K(2018560K), 0.1026320 secs] [Times: user=0.20 sys=0.01, real=0.10 secs] 
4093.791: [GC (Allocation Failure) 4093.792: [ParNew: 659484K->29775K(707840K), 0.0803570 secs] 1158270K->534585K(2018560K), 0.0807670 secs] [Times: user=0.15 sys=0.00, real=0.08 secs] 
4127.896: [GC (Allocation Failure) 4127.896: [ParNew: 659023K->28093K(707840K), 0.1020360 secs] 1163833K->540111K(2018560K), 0.1024630 secs] [Times: user=0.20 sys=0.00, real=0.10 secs] 
4167.077: [GC (Allocation Failure) 4167.077: [ParNew: 657341K->21617K(707840K), 0.0870310 secs] 1169359K->538106K(2018560K), 0.0874100 secs] [Times: user=0.17 sys=0.01, real=0.09 secs] 
4208.097: [GC (Allocation Failure) 4208.097: [ParNew: 650865K->28070K(707840K), 0.0950830 secs] 1167354K->548785K(2018560K), 0.0955330 secs] [Times: user=0.18 sys=0.00, real=0.09 secs] 
4225.210: [GC (Allocation Failure) 4225.210: [ParNew: 657318K->33944K(707840K), 0.1027090 secs] 1178033K->559331K(2018560K), 0.1030940 secs] [Times: user=0.20 sys=0.00, real=0.10 secs] 
4248.010: [GC (Allocation Failure) 4248.010: [ParNew: 663192K->34005K(707840K), 0.0934060 secs] 1188579K->563283K(2018560K), 0.0938430 secs] [Times: user=0.18 sys=0.00, real=0.10 secs] 
4275.950: [GC (Allocation Failure) 4275.950: [ParNew: 663253K->22077K(707840K), 0.1045120 secs] 1192531K->558531K(2018560K), 0.1048930 secs] [Times: user=0.20 sys=0.00, real=0.10 secs] 
4311.014: [GC (Allocation Failure) 4311.014: [ParNew: 651325K->20363K(707840K), 0.0977000 secs] 1187779K->563788K(2018560K), 0.0980760 secs] [Times: user=0.19 sys=0.00, real=0.10 secs] 
4341.474: [GC (Allocation Failure) 4341.474: [ParNew: 649611K->27294K(707840K), 0.0880810 secs] 1193036K->574898K(2018560K), 0.0884940 secs] [Times: user=0.17 sys=0.00, real=0.09 secs] 
4371.508: [GC (Allocation Failure) 4371.508: [ParNew: 656542K->36699K(707840K), 0.0977640 secs] 1204146K->589312K(2018560K), 0.0981920 secs] [Times: user=0.19 sys=0.00, real=0.10 secs] 
4404.366: [GC (Allocation Failure) 4404.366: [ParNew: 665947K->24838K(707840K), 0.0919870 secs] 1218560K->583754K(2018560K), 0.0923690 secs] [Times: user=0.18 sys=0.00, real=0.09 secs] 
4447.933: [GC (Allocation Failure) 4447.933: [ParNew: 654086K->23230K(707840K), 0.0762220 secs] 1213002K->586948K(2018560K), 0.0936190 secs] [Times: user=0.15 sys=0.00, real=0.09 secs] 
4486.767: [GC (Allocation Failure) 4486.768: [ParNew: 652478K->24195K(707840K), 0.0804290 secs] 1216196K->592338K(2018560K), 0.0808740 secs] [Times: user=0.15 sys=0.01, real=0.08 secs] 
4514.158: [GC (Allocation Failure) 4514.158: [ParNew: 653443K->33550K(707840K), 0.0913300 secs] 1221586K->605700K(2018560K), 0.0917290 secs] [Times: user=0.18 sys=0.01, real=0.09 secs] 
4543.590: [GC (Allocation Failure) 4543.590: [ParNew: 662798K->28939K(707840K), 0.0932530 secs] 1234948K->605385K(2018560K), 0.0936760 secs] [Times: user=0.18 sys=0.00, real=0.09 secs] 
4574.139: [GC (Allocation Failure) 4574.140: [ParNew: 658187K->28292K(707840K), 0.0936380 secs] 1234633K->611074K(2018560K), 0.0940200 secs] [Times: user=0.18 sys=0.00, real=0.10 secs] 
4616.905: [GC (Allocation Failure) 4616.905: [ParNew: 657540K->20027K(707840K), 0.0998650 secs] 1240322K->608916K(2018560K), 0.1002640 secs] [Times: user=0.19 sys=0.00, real=0.10 secs] 
4660.039: [GC (Allocation Failure) 4660.039: [ParNew: 649275K->19064K(707840K), 0.0953720 secs] 1238164K->614342K(2018560K), 0.0957530 secs] [Times: user=0.18 sys=0.00, real=0.10 secs] 
4686.246: [GC (Allocation Failure) 4686.247: [ParNew: 648312K->33787K(707840K), 0.1016670 secs] 1243590K->633545K(2018560K), 0.1020920 secs] [Times: user=0.20 sys=0.00, real=0.11 secs] 
4714.166: [GC (Allocation Failure) 4714.166: [ParNew: 663035K->22854K(707840K), 0.0965700 secs] 1262793K->627205K(2018560K), 0.0969530 secs] [Times: user=0.19 sys=0.00, real=0.10 secs] 
4744.632: [GC (Allocation Failure) 4744.632: [ParNew: 652102K->35036K(707840K), 0.0919330 secs] 1256453K->643862K(2018560K), 0.0923370 secs] [Times: user=0.19 sys=0.00, real=0.09 secs] 
4785.588: [GC (Allocation Failure) 4785.588: [ParNew: 664284K->22755K(707840K), 0.0996300 secs] 1273110K->637142K(2018560K), 0.1000160 secs] [Times: user=0.18 sys=0.01, real=0.10 secs] 
4816.588: [GC (Allocation Failure) 4816.588: [ParNew: 652003K->35646K(707840K), 0.1000420 secs] 1266390K->656272K(2018560K), 0.1004430 secs] [Times: user=0.20 sys=0.00, real=0.10 secs] 
4840.890: [GC (Allocation Failure) 4840.891: [ParNew: 664894K->24237K(707840K), 0.0908280 secs] 1285520K->649091K(2018560K), 0.0912310 secs] [Times: user=0.18 sys=0.00, real=0.10 secs] 
4870.264: [GC (Allocation Failure) 4870.265: [ParNew: 653485K->34539K(707840K), 0.0974500 secs] 1278339K->664642K(2018560K), 0.0979650 secs] [Times: user=0.18 sys=0.00, real=0.10 secs] 
4898.674: [GC (Allocation Failure) 4898.675: [ParNew: 663787K->29143K(707840K), 0.1007590 secs] 1293890K->664239K(2018560K), 0.1012150 secs] [Times: user=0.19 sys=0.00, real=0.10 secs] 
4924.774: [GC (Allocation Failure) 4924.774: [ParNew: 658391K->29545K(707840K), 0.0989040 secs] 1293487K->671319K(2018560K), 0.0993260 secs] [Times: user=0.20 sys=0.01, real=0.10 secs] 
4964.621: [GC (Allocation Failure) 4964.621: [ParNew: 658793K->23107K(707840K), 0.0900030 secs] 1300567K->670287K(2018560K), 0.0904150 secs] [Times: user=0.18 sys=0.00, real=0.09 secs] 
5014.067: [GC (Allocation Failure) 5014.067: [ParNew: 652355K->21574K(707840K), 0.0889040 secs] 1299535K->674177K(2018560K), 0.0893650 secs] [Times: user=0.17 sys=0.00, real=0.08 secs] 
5049.962: [GC (Allocation Failure) 5049.963: [ParNew: 650822K->13891K(707840K), 0.0739350 secs] 1303425K->669558K(2018560K), 0.0743230 secs] [Times: user=0.15 sys=0.01, real=0.07 secs] 
5088.890: [GC (Allocation Failure) 5088.890: [ParNew: 643139K->19923K(707840K), 0.0746610 secs] 1298806K->677886K(2018560K), 0.0751560 secs] [Times: user=0.15 sys=0.00, real=0.07 secs] 
5126.271: [GC (Allocation Failure) 5126.272: [ParNew: 649171K->28161K(707840K), 0.0830530 secs] 1307134K->689429K(2018560K), 0.0835190 secs] [Times: user=0.16 sys=0.00, real=0.09 secs] 
5174.269: [GC (Allocation Failure) 5174.270: [ParNew: 657409K->23533K(707840K), 0.0701810 secs] 1318677K->688661K(2018560K), 0.0706090 secs] [Times: user=0.13 sys=0.00, real=0.07 secs] 
5214.380: [GC (Allocation Failure) 5214.380: [ParNew: 652781K->28443K(707840K), 0.0859030 secs] 1317909K->697931K(2018560K), 0.0863270 secs] [Times: user=0.17 sys=0.00, real=0.08 secs] 
5242.011: [GC (Allocation Failure) 5242.011: [ParNew: 657691K->18214K(707840K), 0.0864550 secs] 1327179K->691235K(2018560K), 0.0869660 secs] [Times: user=0.17 sys=0.01, real=0.09 secs] 
5266.732: [GC (Allocation Failure) 5266.732: [ParNew: 647462K->29051K(707840K), 0.0882090 secs] 1320483K->705626K(2018560K), 0.0886090 secs] [Times: user=0.18 sys=0.00, real=0.09 secs] 
5287.195: [GC (Allocation Failure) 5287.195: [ParNew: 658299K->36654K(707840K), 0.0998790 secs] 1334874K->717448K(2018560K), 0.1002590 secs] [Times: user=0.19 sys=0.00, real=0.10 secs] 
5317.997: [GC (Allocation Failure) 5317.997: [ParNew: 665902K->32318K(707840K), 0.1078860 secs] 1346696K->719584K(2018560K), 0.1082910 secs] [Times: user=0.21 sys=0.00, real=0.11 secs] 
5351.636: [GC (Allocation Failure) 5351.637: [ParNew: 661566K->33714K(707840K), 0.1116690 secs] 1348832K->728567K(2018560K), 0.1120620 secs] [Times: user=0.22 sys=0.00, real=0.12 secs] 
5388.074: [GC (Allocation Failure) 5388.074: [ParNew: 662962K->26327K(707840K), 0.1021560 secs] 1357815K->728227K(2018560K), 0.1025480 secs] [Times: user=0.20 sys=0.01, real=0.10 secs] 
5421.906: [GC (Allocation Failure) 5421.906: [ParNew: 655575K->32591K(707840K), 0.0895260 secs] 1357475K->739484K(2018560K), 0.0899830 secs] [Times: user=0.17 sys=0.01, real=0.09 secs] 
5464.890: [GC (Allocation Failure) 5464.890: [ParNew: 661839K->21884K(707840K), 0.0887720 secs] 1368732K->734232K(2018560K), 0.0891750 secs] [Times: user=0.17 sys=0.01, real=0.09 secs] 
5510.239: [GC (Allocation Failure) 5510.239: [ParNew: 651132K->29963K(707840K), 0.0865290 secs] 1363480K->746533K(2018560K), 0.0869250 secs] [Times: user=0.17 sys=0.00, real=0.09 secs] 
5549.953: [GC (Allocation Failure) 5549.953: [ParNew: 659211K->20264K(707840K), 0.0934080 secs] 1375781K->742028K(2018560K), 0.0938070 secs] [Times: user=0.18 sys=0.00, real=0.09 secs] 
5581.794: [GC (Allocation Failure) 5581.794: [ParNew: 649512K->23899K(707840K), 0.0859060 secs] 1371276K->749849K(2018560K), 0.0863530 secs] [Times: user=0.16 sys=0.01, real=0.08 secs] 
5615.461: [GC (Allocation Failure) 5615.461: [ParNew: 653147K->33289K(707840K), 0.0914040 secs] 1379097K->763770K(2018560K), 0.0918280 secs] [Times: user=0.18 sys=0.00, real=0.09 secs] 
5645.078: [GC (Allocation Failure) 5645.078: [ParNew: 662537K->21712K(707840K), 0.0891700 secs] 1393018K->757258K(2018560K), 0.0895950 secs] [Times: user=0.18 sys=0.00, real=0.09 secs] 
5690.908: [GC (Allocation Failure) 5690.908: [ParNew: 650960K->23322K(707840K), 0.0795140 secs] 1386506K->762958K(2018560K), 0.0799160 secs] [Times: user=0.15 sys=0.00, real=0.08 secs] 
5736.677: [GC (Allocation Failure) 5736.677: [ParNew: 652570K->23914K(707840K), 0.0847270 secs] 1392206K->768701K(2018560K), 0.0851600 secs] [Times: user=0.17 sys=0.00, real=0.09 secs] 
5774.144: [GC (Allocation Failure) 5774.144: [ParNew: 653162K->23869K(707840K), 0.0726710 secs] 1397949K->772753K(2018560K), 0.0730190 secs] [Times: user=0.14 sys=0.00, real=0.07 secs] 
5793.605: [GC (Allocation Failure) 5793.606: [ParNew: 653117K->35040K(707840K), 0.0950880 secs] 1402001K->787642K(2018560K), 0.0954950 secs] [Times: user=0.28 sys=0.01, real=0.09 secs] 
5835.704: [GC (Allocation Failure) 5835.704: [ParNew: 664288K->30587K(707840K), 0.1004810 secs] 1416890K->787947K(2018560K), 0.1009080 secs] [Times: user=0.19 sys=0.00, real=0.10 secs] 
5890.710: [GC (Allocation Failure) 5890.710: [ParNew: 659835K->21950K(707840K), 0.1005330 secs] 1417195K->786225K(2018560K), 0.1009270 secs] [Times: user=0.19 sys=0.01, real=0.11 secs] 
5941.066: [GC (Allocation Failure) 5941.066: [ParNew: 651198K->20344K(707840K), 0.1005090 secs] 1415473K->791992K(2018560K), 0.1009410 secs] [Times: user=0.19 sys=0.01, real=0.10 secs] 
5973.669: [GC (Allocation Failure) 5973.670: [ParNew: 649592K->26392K(707840K), 0.0884680 secs] 1421240K->803473K(2018560K), 0.0888690 secs] [Times: user=0.17 sys=0.01, real=0.09 secs] 
6004.636: [GC (Allocation Failure) 6004.636: [ParNew: 655600K->20404K(707840K), 0.0834410 secs] 1432680K->801104K(2018560K), 0.0838290 secs] [Times: user=0.16 sys=0.00, real=0.09 secs] 
6030.738: [GC (Allocation Failure) 6030.738: [ParNew: 649652K->30425K(707840K), 0.0916000 secs] 1430352K->815289K(2018560K), 0.0920160 secs] [Times: user=0.18 sys=0.00, real=0.09 secs] 
6069.761: [GC (Allocation Failure) 6069.761: [ParNew: 659673K->36888K(707840K), 0.0901840 secs] 1444537K->825555K(2018560K), 0.0905730 secs] [Times: user=0.18 sys=0.00, real=0.09 secs] 
6096.868: [GC (Allocation Failure) 6096.868: [ParNew: 666136K->25066K(707840K), 0.0838030 secs] 1454803K->820083K(2018560K), 0.0841300 secs] [Times: user=0.16 sys=0.01, real=0.09 secs] 
6125.853: [GC (Allocation Failure) 6125.853: [ParNew: 654314K->27774K(707840K), 0.0991730 secs] 1449331K->828944K(2018560K), 0.0995700 secs] [Times: user=0.19 sys=0.01, real=0.10 secs] 
6170.445: [GC (Allocation Failure) 6170.445: [ParNew: 657022K->27562K(707840K), 0.0951080 secs] 1458192K->833148K(2018560K), 0.0955380 secs] [Times: user=0.19 sys=0.00, real=0.09 secs] 
6197.086: [GC (Allocation Failure) 6197.087: [ParNew: 656810K->25913K(707840K), 0.1107810 secs] 1462396K->838171K(2018560K), 0.1111640 secs] [Times: user=0.21 sys=0.01, real=0.12 secs] 
6227.475: [GC (Allocation Failure) 6227.475: [ParNew: 655161K->25401K(707840K), 0.0870000 secs] 1467419K->842244K(2018560K), 0.0873860 secs] [Times: user=0.17 sys=0.00, real=0.09 secs] 
6266.677: [GC (Allocation Failure) 6266.678: [ParNew: 654649K->32756K(707840K), 0.0909800 secs] 1471492K->852785K(2018560K), 0.0913990 secs] [Times: user=0.18 sys=0.00, real=0.09 secs] 
6297.067: [GC (Allocation Failure) 6297.067: [ParNew: 662004K->22382K(707840K), 0.0979790 secs] 1482033K->849405K(2018560K), 0.0984020 secs] [Times: user=0.19 sys=0.01, real=0.10 secs] 
6323.886: [GC (Allocation Failure) 6323.886: [ParNew: 651630K->29352K(707840K), 0.0891920 secs] 1478653K->860849K(2018560K), 0.0896240 secs] [Times: user=0.17 sys=0.01, real=0.09 secs] 
6343.079: [GC (Allocation Failure) 6343.079: [ParNew: 658600K->35689K(707840K), 0.0983540 secs] 1490097K->871793K(2018560K), 0.0987910 secs] [Times: user=0.19 sys=0.00, real=0.09 secs] 
6365.045: [GC (Allocation Failure) 6365.045: [ParNew: 664937K->24856K(707840K), 0.0796370 secs] 1501041K->866210K(2018560K), 0.0800210 secs] [Times: user=0.15 sys=0.01, real=0.08 secs] 
6404.465: [GC (Allocation Failure) 6404.465: [ParNew: 654104K->27254K(707840K), 0.0978460 secs] 1495458K->875725K(2018560K), 0.0982580 secs] [Times: user=0.19 sys=0.00, real=0.10 secs] 
6436.025: [GC (Allocation Failure) 6436.025: [ParNew: 656502K->21223K(707840K), 0.0957960 secs] 1504973K->876687K(2018560K), 0.0962290 secs] [Times: user=0.18 sys=0.01, real=0.09 secs] 
6476.832: [GC (Allocation Failure) 6476.832: [ParNew: 650471K->22502K(707840K), 0.0864750 secs] 1505935K->882342K(2018560K), 0.0868890 secs] [Times: user=0.17 sys=0.01, real=0.09 secs] 
6508.732: [GC (Allocation Failure) 6508.733: [ParNew: 651750K->22750K(707840K), 0.0732090 secs] 1511590K->885580K(2018560K), 0.0737190 secs] [Times: user=0.14 sys=0.00, real=0.08 secs] 
6547.023: [GC (Allocation Failure) 6547.024: [ParNew: 651998K->25422K(707840K), 0.1110740 secs] 1514828K->894311K(2018560K), 0.1115680 secs] [Times: user=0.21 sys=0.00, real=0.11 secs] 
6596.941: [GC (Allocation Failure) 6596.941: [ParNew: 654670K->33849K(707840K), 0.0854570 secs] 1523559K->906114K(2018560K), 0.0858480 secs] [Times: user=0.16 sys=0.01, real=0.08 secs] 
6628.496: [GC (Allocation Failure) 6628.496: [ParNew: 663097K->26887K(707840K), 0.0952680 secs] 1535362K->903775K(2018560K), 0.0956720 secs] [Times: user=0.19 sys=0.01, real=0.09 secs] 
6668.279: [GC (Allocation Failure) 6668.279: [ParNew: 656135K->33930K(707840K), 0.0933450 secs] 1533023K->914573K(2018560K), 0.0938190 secs] [Times: user=0.18 sys=0.01, real=0.09 secs] 
6697.509: [GC (Allocation Failure) 6697.509: [ParNew: 663178K->23244K(707840K), 0.1031830 secs] 1543821K->908961K(2018560K), 0.1035870 secs] [Times: user=0.20 sys=0.01, real=0.10 secs] 
6723.922: [GC (Allocation Failure) 6723.922: [ParNew: 652487K->29479K(707840K), 0.1079500 secs] 1538204K->922140K(2018560K), 0.1083320 secs] [Times: user=0.20 sys=0.01, real=0.11 secs] 
6768.560: [GC (Allocation Failure) 6768.560: [ParNew: 658727K->29702K(707840K), 0.0927550 secs] 1551388K->927391K(2018560K), 0.0931340 secs] [Times: user=0.18 sys=0.00, real=0.09 secs] 
6805.957: [GC (Allocation Failure) 6805.957: [ParNew: 658950K->18558K(707840K), 0.0981600 secs] 1556639K->923720K(2018560K), 0.0985680 secs] [Times: user=0.19 sys=0.00, real=0.10 secs] 
6843.261: [GC (Allocation Failure) 6843.262: [ParNew: 647806K->16105K(707840K), 0.0760330 secs] 1552968K->926091K(2018560K), 0.0764150 secs] [Times: user=0.14 sys=0.00, real=0.08 secs] 
6897.159: [GC (Allocation Failure) 6897.159: [ParNew: 645353K->28597K(707840K), 0.0836210 secs] 1555339K->941365K(2018560K), 0.0840020 secs] [Times: user=0.16 sys=0.00, real=0.08 secs] 
6921.820: [GC (Allocation Failure) 6921.821: [ParNew: 657845K->24004K(707840K), 0.0951120 secs] 1570613K->940796K(2018560K), 0.0955080 secs] [Times: user=0.19 sys=0.01, real=0.09 secs] 
6943.343: [GC (Allocation Failure) 6943.343: [ParNew: 653252K->33534K(707840K), 0.0979550 secs] 1570044K->953744K(2018560K), 0.0983790 secs] [Times: user=0.20 sys=0.00, real=0.10 secs] 
6963.880: [GC (Allocation Failure) 6963.880: [ParNew: 662782K->32487K(707840K), 0.1113780 secs] 1582992K->959175K(2018560K), 0.1117750 secs] [Times: user=0.21 sys=0.00, real=0.11 secs] 
6988.208: [GC (Allocation Failure) 6988.208: [ParNew: 661735K->32677K(707840K), 0.1102480 secs] 1588423K->966787K(2018560K), 0.1106310 secs] [Times: user=0.21 sys=0.01, real=0.11 secs] 
7020.428: [GC (Allocation Failure) 7020.429: [ParNew: 661925K->31435K(707840K), 0.1095430 secs] 1596035K->973740K(2018560K), 0.1099210 secs] [Times: user=0.21 sys=0.01, real=0.11 secs] 
7056.929: [GC (Allocation Failure) 7056.930: [ParNew: 660683K->19931K(707840K), 0.0926700 secs] 1602988K->967771K(2018560K), 0.0930770 secs] [Times: user=0.18 sys=0.00, real=0.09 secs] 
7086.253: [GC (Allocation Failure) 7086.253: [ParNew: 649179K->28014K(707840K), 0.0956260 secs] 1597019K->981631K(2018560K), 0.0960090 secs] [Times: user=0.19 sys=0.00, real=0.09 secs] 
7130.748: [GC (Allocation Failure) 7130.748: [ParNew: 657262K->17892K(707840K), 0.0959690 secs] 1610879K->978241K(2018560K), 0.0963400 secs] [Times: user=0.18 sys=0.00, real=0.10 secs] 
7176.276: [GC (Allocation Failure) 7176.276: [ParNew: 647140K->15580K(707840K), 0.0811170 secs] 1607489K->980109K(2018560K), 0.0814910 secs] [Times: user=0.16 sys=0.00, real=0.09 secs] 
7219.736: [GC (Allocation Failure) 7219.737: [ParNew: 644828K->21761K(707840K), 0.0788460 secs] 1609357K->990626K(2018560K), 0.0792520 secs] [Times: user=0.15 sys=0.00, real=0.08 secs] 
7221.575: [Full GC (System.gc()) 7221.575: [CMS: 968864K->477143K(1310720K), 2.6170740 secs] 1027808K->477143K(2018560K), [Metaspace: 105081K->105081K(1144832K)], 2.6177070 secs] [Times: user=2.61 sys=0.01, real=2.61 secs] 
7264.143: [GC (Allocation Failure) 7264.143: [ParNew: 629248K->8498K(707840K), 0.0424230 secs] 1106391K->485641K(2018560K), 0.0428060 secs] [Times: user=0.08 sys=0.00, real=0.04 secs] 
7312.580: [GC (Allocation Failure) 7312.581: [ParNew: 637746K->14563K(707840K), 0.0519720 secs] 1114889K->491706K(2018560K), 0.0525060 secs] [Times: user=0.10 sys=0.00, real=0.05 secs] 
7360.638: [GC (Allocation Failure) 7360.638: [ParNew: 643811K->19747K(707840K), 0.0640570 secs] 1120954K->496890K(2018560K), 0.0644730 secs] [Times: user=0.13 sys=0.00, real=0.06 secs] 
7410.136: [GC (Allocation Failure) 7410.136: [ParNew: 648995K->20382K(707840K), 0.0805820 secs] 1126138K->502501K(2018560K), 0.0811030 secs] [Times: user=0.16 sys=0.00, real=0.08 secs] 
7432.892: [GC (Allocation Failure) 7432.892: [ParNew: 649630K->26440K(707840K), 0.0890020 secs] 1131749K->511743K(2018560K), 0.0894150 secs] [Times: user=0.17 sys=0.01, real=0.09 secs] 
7448.827: [GC (Allocation Failure) 7448.827: [ParNew: 655685K->34634K(707840K), 0.0946410 secs] 1140988K->524768K(2018560K), 0.0950750 secs] [Times: user=0.18 sys=0.00, real=0.09 secs] 
7493.904: [GC (Allocation Failure) 7493.904: [ParNew: 663882K->23415K(707840K), 0.0909900 secs] 1154016K->516690K(2018560K), 0.0914490 secs] [Times: user=0.17 sys=0.00, real=0.10 secs] 
7545.859: [GC (Allocation Failure) 7545.859: [ParNew: 652663K->19096K(707840K), 0.0999780 secs] 1145938K->521821K(2018560K), 0.1004130 secs] [Times: user=0.18 sys=0.01, real=0.10 secs] 
7590.285: [GC (Allocation Failure) 7590.285: [ParNew: 648344K->24679K(707840K), 0.0903040 secs] 1151069K->532179K(2018560K), 0.0907550 secs] [Times: user=0.18 sys=0.00, real=0.09 secs] 
7614.836: [GC (Allocation Failure) 7614.836: [ParNew: 653927K->26411K(707840K), 0.0824650 secs] 1161427K->539006K(2018560K), 0.0828990 secs] [Times: user=0.16 sys=0.00, real=0.08 secs] 
7658.070: [GC (Allocation Failure) 7658.070: [ParNew: 655659K->24971K(707840K), 0.0819670 secs] 1168254K->540944K(2018560K), 0.0823410 secs] [Times: user=0.16 sys=0.00, real=0.08 secs] 
7690.987: [GC (Allocation Failure) 7690.987: [ParNew: 654219K->25495K(707840K), 0.0946300 secs] 1170192K->548064K(2018560K), 0.0950280 secs] [Times: user=0.19 sys=0.01, real=0.09 secs] 
7725.588: [GC (Allocation Failure) 7725.589: [ParNew: 654736K->33736K(707840K), 0.0728740 secs] 1177305K->559577K(2018560K), 0.0732690 secs] [Times: user=0.14 sys=0.00, real=0.08 secs] 
7767.186: [GC (Allocation Failure) 7767.186: [ParNew: 662984K->22644K(707840K), 0.0890010 secs] 1188825K->553589K(2018560K), 0.0894170 secs] [Times: user=0.17 sys=0.00, real=0.09 secs] 
7809.340: [GC (Allocation Failure) 7809.340: [ParNew: 651892K->23336K(707840K), 0.0932690 secs] 1182837K->559980K(2018560K), 0.0937240 secs] [Times: user=0.18 sys=0.00, real=0.10 secs] 
7859.732: [GC (Allocation Failure) 7859.733: [ParNew: 652584K->16421K(707840K), 0.0863280 secs] 1189228K->558003K(2018560K), 0.0867340 secs] [Times: user=0.17 sys=0.00, real=0.08 secs] 
7885.944: [GC (Allocation Failure) 7885.944: [ParNew: 645669K->31243K(707840K), 0.0878700 secs] 1187251K->576693K(2018560K), 0.0882670 secs] [Times: user=0.17 sys=0.01, real=0.08 secs] 
7922.128: [GC (Allocation Failure) 7922.129: [ParNew: 660491K->27262K(707840K), 0.0769410 secs] 1205941K->577472K(2018560K), 0.0772520 secs] [Times: user=0.15 sys=0.00, real=0.08 secs] 
7947.573: [GC (Allocation Failure) 7947.574: [ParNew: 656510K->34295K(707840K), 0.0969950 secs] 1206720K->588821K(2018560K), 0.0973740 secs] [Times: user=0.19 sys=0.00, real=0.09 secs] 
7977.547: [GC (Allocation Failure) 7977.548: [ParNew: 663543K->30671K(707840K), 0.1035230 secs] 1218069K->593004K(2018560K), 0.1039080 secs] [Times: user=0.20 sys=0.00, real=0.10 secs] 
8025.643: [GC (Allocation Failure) 8025.643: [ParNew: 659919K->20322K(707840K), 0.0713040 secs] 1222252K->587929K(2018560K), 0.0717300 secs] [Times: user=0.14 sys=0.00, real=0.07 secs] 
8064.553: [GC (Allocation Failure) 8064.553: [ParNew: 649570K->26814K(707840K), 0.0923170 secs] 1217177K->600473K(2018560K), 0.0928440 secs] [Times: user=0.18 sys=0.00, real=0.09 secs] 
8104.852: [GC (Allocation Failure) 8104.852: [ParNew: 656062K->16990K(707840K), 0.0837340 secs] 1229721K->596985K(2018560K), 0.0841790 secs] [Times: user=0.16 sys=0.01, real=0.08 secs] 
8151.303: [GC (Allocation Failure) 8151.304: [ParNew: 646238K->21814K(707840K), 0.0737030 secs] 1226233K->603822K(2018560K), 0.0742100 secs] [Times: user=0.14 sys=0.00, real=0.08 secs] 
8191.465: [GC (Allocation Failure) 8191.465: [ParNew: 651062K->22397K(707840K), 0.0844910 secs] 1233070K->610162K(2018560K), 0.0849230 secs] [Times: user=0.17 sys=0.00, real=0.08 secs] 
8210.497: [GC (Allocation Failure) 8210.497: [ParNew: 651645K->29385K(707840K), 0.0855320 secs] 1239410K->621249K(2018560K), 0.0859650 secs] [Times: user=0.17 sys=0.00, real=0.08 secs] 
8247.519: [GC (Allocation Failure) 8247.519: [ParNew: 658633K->20384K(707840K), 0.0810300 secs] 1250497K->615143K(2018560K), 0.0814680 secs] [Times: user=0.16 sys=0.00, real=0.08 secs] 
8302.179: [GC (Allocation Failure) 8302.180: [ParNew: 649579K->33061K(707840K), 0.0950920 secs] 1244337K->633646K(2018560K), 0.0955260 secs] [Times: user=0.18 sys=0.00, real=0.09 secs] 
8344.510: [GC (Allocation Failure) 8344.510: [ParNew: 662309K->22018K(707840K), 0.0962830 secs] 1262894K->629036K(2018560K), 0.0966670 secs] [Times: user=0.19 sys=0.00, real=0.10 secs] 
8387.762: [GC (Allocation Failure) 8387.763: [ParNew: 651266K->24467K(707840K), 0.0874220 secs] 1258284K->635881K(2018560K), 0.0878200 secs] [Times: user=0.17 sys=0.00, real=0.09 secs] 
8447.624: [GC (Allocation Failure) 8447.625: [ParNew: 653715K->26239K(707840K), 0.0843680 secs] 1265129K->643135K(2018560K), 0.0847760 secs] [Times: user=0.16 sys=0.01, real=0.09 secs] 
8484.167: [GC (Allocation Failure) 8484.167: [ParNew: 655487K->20335K(707840K), 0.0817330 secs] 1272383K->642502K(2018560K), 0.0821790 secs] [Times: user=0.15 sys=0.00, real=0.08 secs] 
8517.287: [GC (Allocation Failure) 8517.287: [ParNew: 649583K->25470K(707840K), 0.0785360 secs] 1271750K->651896K(2018560K), 0.0789260 secs] [Times: user=0.15 sys=0.00, real=0.08 secs] 
8556.601: [GC (Allocation Failure) 8556.602: [ParNew: 654718K->17421K(707840K), 0.0782700 secs] 1281144K->647176K(2018560K), 0.0787060 secs] [Times: user=0.15 sys=0.00, real=0.08 secs] 
8592.586: [GC (Allocation Failure) 8592.586: [ParNew: 646669K->28851K(707840K), 0.0885470 secs] 1276424K->661737K(2018560K), 0.0947940 secs] [Times: user=0.17 sys=0.00, real=0.09 secs] 
8609.036: [GC (Allocation Failure) 8609.036: [ParNew: 658099K->36996K(707840K), 0.1200300 secs] 1290985K->675743K(2018560K), 0.1204310 secs] [Times: user=0.23 sys=0.00, real=0.12 secs] 
8623.340: [GC (Allocation Failure) 8623.340: [ParNew: 666244K->34809K(707840K), 0.0957240 secs] 1304991K->679425K(2018560K), 0.0961300 secs] [Times: user=0.19 sys=0.00, real=0.10 secs] 
8653.729: [GC (Allocation Failure) 8653.730: [ParNew: 664057K->22170K(707840K), 0.0706580 secs] 1308673K->674046K(2018560K), 0.0710750 secs] [Times: user=0.13 sys=0.00, real=0.08 secs] 
8704.633: [GC (Allocation Failure) 8704.633: [ParNew: 651418K->28616K(707840K), 0.1022250 secs] 1303294K->687540K(2018560K), 0.1026490 secs] [Times: user=0.20 sys=0.00, real=0.10 secs] 
8714.356: [GC (Allocation Failure) 8714.357: [ParNew: 657864K->39848K(707840K), 0.1028040 secs] 1316788K->702675K(2018560K), 0.1032330 secs] [Times: user=0.20 sys=0.00, real=0.11 secs] 
8724.674: [GC (Allocation Failure) 8724.675: [ParNew: 669096K->49324K(707840K), 0.1049770 secs] 1331923K->717021K(2018560K), 0.1053790 secs] [Times: user=0.20 sys=0.00, real=0.10 secs] 
8756.331: [GC (Allocation Failure) 8756.331: [ParNew: 678572K->33504K(707840K), 0.1019260 secs] 1346269K->708237K(2018560K), 0.1023420 secs] [Times: user=0.20 sys=0.00, real=0.10 secs] 
8803.384: [GC (Allocation Failure) 8803.385: [ParNew: 662752K->19385K(707840K), 0.1005720 secs] 1337485K->702048K(2018560K), 0.1010700 secs] [Times: user=0.19 sys=0.01, real=0.10 secs] 
8847.606: [GC (Allocation Failure) 8847.606: [ParNew: 648633K->26814K(707840K), 0.0902500 secs] 1331296K->715989K(2018560K), 0.0906460 secs] [Times: user=0.18 sys=0.00, real=0.09 secs] 
8888.584: [GC (Allocation Failure) 8888.584: [ParNew: 656062K->20284K(707840K), 0.0913540 secs] 1345237K->713085K(2018560K), 0.0918200 secs] [Times: user=0.18 sys=0.00, real=0.09 secs] 
8930.667: [GC (Allocation Failure) 8930.667: [ParNew: 649532K->28273K(707840K), 0.0694590 secs] 1342333K->725229K(2018560K), 0.0698650 secs] [Times: user=0.13 sys=0.00, real=0.07 secs] 
8964.705: [GC (Allocation Failure) 8964.705: [ParNew: 657521K->26135K(707840K), 0.0867790 secs] 1354477K->725892K(2018560K), 0.0871580 secs] [Times: user=0.17 sys=0.00, real=0.09 secs] 
9006.078: [GC (Allocation Failure) 9006.078: [ParNew: 655383K->18237K(707840K), 0.0863680 secs] 1355140K->723068K(2018560K), 0.0867730 secs] [Times: user=0.17 sys=0.01, real=0.09 secs] 
9049.595: [GC (Allocation Failure) 9049.596: [ParNew: 647485K->25162K(707840K), 0.0850790 secs] 1352316K->734741K(2018560K), 0.0855130 secs] [Times: user=0.17 sys=0.00, real=0.09 secs] 
9098.224: [GC (Allocation Failure) 9098.224: [ParNew: 654410K->16180K(707840K), 0.0830830 secs] 1363989K->730543K(2018560K), 0.0835360 secs] [Times: user=0.16 sys=0.00, real=0.08 secs] 
9132.183: [GC (Allocation Failure) 9132.183: [ParNew: 645428K->23256K(707840K), 0.0865660 secs] 1359791K->741285K(2018560K), 0.0869710 secs] [Times: user=0.17 sys=0.00, real=0.09 secs] 
9162.904: [GC (Allocation Failure) 9162.904: [ParNew: 652504K->33024K(707840K), 0.0918170 secs] 1370533K->754634K(2018560K), 0.0922360 secs] [Times: user=0.18 sys=0.00, real=0.09 secs] 
9188.646: [GC (Allocation Failure) 9188.647: [ParNew: 662272K->27989K(707840K), 0.1019210 secs] 1383882K->754376K(2018560K), 0.1023240 secs] [Times: user=0.20 sys=0.01, real=0.10 secs] 
9224.316: [GC (Allocation Failure) 9224.316: [ParNew: 657237K->26001K(707840K), 0.0886870 secs] 1383624K->758245K(2018560K), 0.0890750 secs] [Times: user=0.17 sys=0.00, real=0.09 secs] 
9265.131: [GC (Allocation Failure) 9265.131: [ParNew: 655249K->18011K(707840K), 0.0865100 secs] 1387493K->755853K(2018560K), 0.0869080 secs] [Times: user=0.17 sys=0.00, real=0.09 secs] 
9293.010: [GC (Allocation Failure) 9293.010: [ParNew: 647259K->25225K(707840K), 0.0877120 secs] 1385101K->768208K(2018560K), 0.0881090 secs] [Times: user=0.16 sys=0.00, real=0.09 secs] 
9327.360: [GC (Allocation Failure) 9327.360: [ParNew: 654473K->25496K(707840K), 0.0809810 secs] 1397456K->772144K(2018560K), 0.0813960 secs] [Times: user=0.16 sys=0.00, real=0.08 secs] 
9365.978: [GC (Allocation Failure) 9365.978: [ParNew: 654744K->25581K(707840K), 0.0768540 secs] 1401392K->776503K(2018560K), 0.0772480 secs] [Times: user=0.15 sys=0.00, real=0.08 secs] 
9402.674: [GC (Allocation Failure) 9402.674: [ParNew: 654829K->15839K(707840K), 0.0823600 secs] 1405751K->772597K(2018560K), 0.0827520 secs] [Times: user=0.17 sys=0.00, real=0.08 secs] 
9447.684: [GC (Allocation Failure) 9447.684: [ParNew: 645087K->28102K(707840K), 0.0546000 secs] 1401845K->788815K(2018560K), 0.0549300 secs] [Times: user=0.11 sys=0.00, real=0.05 secs] 
9473.186: [GC (Allocation Failure) 9473.186: [ParNew: 657350K->18197K(707840K), 0.0792090 secs] 1418063K->782400K(2018560K), 0.0795970 secs] [Times: user=0.16 sys=0.00, real=0.08 secs] 
9500.386: [GC (Allocation Failure) 9500.387: [ParNew: 647445K->30143K(707840K), 0.0840430 secs] 1411648K->798189K(2018560K), 0.0844200 secs] [Times: user=0.16 sys=0.00, real=0.09 secs] 
9518.846: [GC (Allocation Failure) 9518.846: [ParNew: 659391K->25309K(707840K), 0.1012190 secs] 1427437K->798983K(2018560K), 0.1016140 secs] [Times: user=0.20 sys=0.00, real=0.10 secs] 
9539.257: [GC (Allocation Failure) 9539.258: [ParNew: 654557K->26358K(707840K), 0.0903140 secs] 1428231K->806194K(2018560K), 0.0906670 secs] [Times: user=0.18 sys=0.00, real=0.09 secs] 
9572.071: [GC (Allocation Failure) 9572.071: [ParNew: 655606K->35459K(707840K), 0.0868620 secs] 1435442K->819130K(2018560K), 0.0873280 secs] [Times: user=0.17 sys=0.01, real=0.08 secs] 
9607.136: [GC (Allocation Failure) 9607.136: [ParNew: 664707K->22972K(707840K), 0.0951660 secs] 1448378K->813917K(2018560K), 0.0956270 secs] [Times: user=0.19 sys=0.00, real=0.09 secs] 
9631.843: [GC (Allocation Failure) 9631.843: [ParNew: 652220K->28076K(707840K), 0.0929070 secs] 1443165K->824436K(2018560K), 0.0933430 secs] [Times: user=0.18 sys=0.00, real=0.09 secs] 
9657.285: [GC (Allocation Failure) 9657.285: [ParNew: 657324K->25776K(707840K), 0.0838880 secs] 1453684K->826380K(2018560K), 0.0843240 secs] [Times: user=0.16 sys=0.00, real=0.08 secs] 
9703.720: [GC (Allocation Failure) 9703.720: [ParNew: 655024K->25785K(707840K), 0.0852650 secs] 1455628K->830125K(2018560K), 0.0856470 secs] [Times: user=0.17 sys=0.00, real=0.09 secs] 
9741.983: [GC (Allocation Failure) 9741.983: [ParNew: 655033K->26998K(707840K), 0.0940730 secs] 1459373K->839071K(2018560K), 0.0944610 secs] [Times: user=0.19 sys=0.00, real=0.10 secs] 
9768.698: [GC (Allocation Failure) 9768.698: [ParNew: 656246K->20854K(707840K), 0.0886960 secs] 1468319K->837016K(2018560K), 0.0891780 secs] [Times: user=0.17 sys=0.00, real=0.09 secs] 
9800.777: [GC (Allocation Failure) 9800.777: [ParNew: 650102K->24477K(707840K), 0.0877300 secs] 1466264K->844905K(2018560K), 0.0881130 secs] [Times: user=0.17 sys=0.01, real=0.08 secs] 
9843.592: [GC (Allocation Failure) 9843.592: [ParNew: 653725K->26388K(707840K), 0.0932070 secs] 1474153K->852005K(2018560K), 0.0936180 secs] [Times: user=0.18 sys=0.00, real=0.09 secs] 
9876.845: [GC (Allocation Failure) 9876.845: [ParNew: 655636K->25609K(707840K), 0.0852820 secs] 1481253K->855909K(2018560K), 0.0856840 secs] [Times: user=0.17 sys=0.00, real=0.09 secs] 
9933.881: [GC (Allocation Failure) 9933.881: [ParNew: 654857K->17115K(707840K), 0.0865600 secs] 1485157K->851932K(2018560K), 0.0869640 secs] [Times: user=0.16 sys=0.01, real=0.09 secs] 
9966.812: [GC (Allocation Failure) 9966.812: [ParNew: 646363K->24276K(707840K), 0.0877560 secs] 1481180K->864185K(2018560K), 0.0881480 secs] [Times: user=0.17 sys=0.00, real=0.08 secs] 
10003.270: [GC (Allocation Failure) 10003.270: [ParNew: 653524K->16314K(707840K), 0.0823130 secs] 1493433K->861350K(2018560K), 0.0827120 secs] [Times: user=0.16 sys=0.00, real=0.08 secs] 
10020.211: [GC (Allocation Failure) 10020.211: [ParNew: 645562K->30343K(707840K), 0.0920210 secs] 1490598K->878190K(2018560K), 0.0923930 secs] [Times: user=0.17 sys=0.00, real=0.09 secs] 
10039.141: [GC (Allocation Failure) 10039.141: [ParNew: 659591K->30216K(707840K), 0.0924250 secs] 1507438K->883512K(2018560K), 0.0928210 secs] [Times: user=0.18 sys=0.00, real=0.10 secs] 
10062.107: [GC (Allocation Failure) 10062.107: [ParNew: 659464K->39053K(707840K), 0.1083510 secs] 1512760K->897506K(2018560K), 0.1087700 secs] [Times: user=0.21 sys=0.01, real=0.11 secs] 
10073.981: [GC (Allocation Failure) 10073.982: [ParNew: 668301K->33999K(707840K), 0.1107830 secs] 1526754K->899592K(2018560K), 0.1111910 secs] [Times: user=0.21 sys=0.01, real=0.11 secs] 
10103.987: [GC (Allocation Failure) 10103.987: [ParNew: 663247K->22971K(707840K), 0.0870080 secs] 1528840K->892944K(2018560K), 0.0874390 secs] [Times: user=0.17 sys=0.00, real=0.09 secs] 
10139.079: [GC (Allocation Failure) 10139.079: [ParNew: 652219K->20591K(707840K), 0.0999020 secs] 1522192K->900305K(2018560K), 0.1003610 secs] [Times: user=0.19 sys=0.01, real=0.10 secs] 
10154.087: [GC (Allocation Failure) 10154.088: [ParNew: 649839K->31775K(707840K), 0.1021520 secs] 1529553K->917258K(2018560K), 0.1026830 secs] [Times: user=0.20 sys=0.00, real=0.11 secs] 
10167.425: [GC (Allocation Failure) 10167.425: [ParNew: 661023K->37933K(707840K), 0.0869890 secs] 1546506K->926560K(2018560K), 0.0873960 secs] [Times: user=0.17 sys=0.00, real=0.09 secs] 
10186.886: [GC (Allocation Failure) 10186.887: [ParNew: 667181K->32199K(707840K), 0.1029150 secs] 1555808K->924678K(2018560K), 0.1034040 secs] [Times: user=0.21 sys=0.01, real=0.10 secs] 
10198.661: [GC (Allocation Failure) 10198.662: [ParNew: 661447K->34987K(707840K), 0.1217540 secs] 1553926K->937965K(2018560K), 0.1221680 secs] [Times: user=0.24 sys=0.00, real=0.12 secs] 
10212.546: [GC (Allocation Failure) 10212.546: [ParNew: 664235K->35796K(707840K), 0.1037060 secs] 1567213K->944021K(2018560K), 0.1041470 secs] [Times: user=0.21 sys=0.01, real=0.11 secs] 
10246.234: [GC (Allocation Failure) 10246.234: [ParNew: 665044K->23553K(707840K), 0.1041350 secs] 1573269K->940463K(2018560K), 0.1045550 secs] [Times: user=0.20 sys=0.00, real=0.10 secs] 
10276.697: [GC (Allocation Failure) 10276.697: [ParNew: 652801K->19706K(707840K), 0.0976130 secs] 1569711K->944447K(2018560K), 0.0980520 secs] [Times: user=0.19 sys=0.00, real=0.10 secs] 
10320.648: [GC (Allocation Failure) 10320.648: [ParNew: 648954K->16558K(707840K), 0.0820250 secs] 1573695K->945815K(2018560K), 0.0824520 secs] [Times: user=0.16 sys=0.00, real=0.08 secs] 
10365.411: [GC (Allocation Failure) 10365.411: [ParNew: 645806K->14833K(707840K), 0.0760040 secs] 1575063K->947464K(2018560K), 0.0763970 secs] [Times: user=0.15 sys=0.00, real=0.07 secs] 
10415.030: [GC (Allocation Failure) 10415.031: [ParNew: 644081K->13222K(707840K), 0.0980960 secs] 1576712K->950153K(2018560K), 0.0986120 secs] [Times: user=0.17 sys=0.01, real=0.10 secs] 
10458.427: [GC (Allocation Failure) 10458.427: [ParNew: 642470K->18486K(707840K), 0.0503490 secs] 1579401K->957679K(2018560K), 0.0506620 secs] [Times: user=0.10 sys=0.00, real=0.05 secs] 
10509.423: [GC (Allocation Failure) 10509.423: [ParNew: 647734K->24026K(707840K), 0.0729500 secs] 1586927K->965622K(2018560K), 0.0733540 secs] [Times: user=0.14 sys=0.00, real=0.07 secs] 
10547.726: [GC (Allocation Failure) 10547.727: [ParNew: 653274K->23660K(707840K), 0.0787360 secs] 1594870K->967801K(2018560K), 0.0791660 secs] [Times: user=0.15 sys=0.00, real=0.08 secs] 
10564.831: [GC (Allocation Failure) 10564.831: [ParNew: 652908K->28093K(707840K), 0.0850160 secs] 1597049K->975835K(2018560K), 0.0854160 secs] [Times: user=0.17 sys=0.00, real=0.09 secs] 
10597.880: [GC (Allocation Failure) 10597.880: [ParNew: 657341K->26309K(707840K), 0.0808220 secs] 1605083K->977320K(2018560K), 0.0812120 secs] [Times: user=0.16 sys=0.00, real=0.08 secs] 
10643.206: [GC (Allocation Failure) 10643.206: [ParNew: 655557K->18013K(707840K), 0.0857570 secs] 1606568K->973968K(2018560K), 0.0861620 secs] [Times: user=0.16 sys=0.00, real=0.08 secs] 
10687.066: [GC (Allocation Failure) 10687.066: [ParNew: 647261K->16428K(707840K), 0.0923800 secs] 1603216K->978129K(2018560K), 0.0928360 secs] [Times: user=0.18 sys=0.00, real=0.09 secs] 
10707.937: [GC (Allocation Failure) 10707.937: [ParNew: 645676K->22420K(707840K), 0.0806860 secs] 1607377K->987554K(2018560K), 0.0810700 secs] [Times: user=0.16 sys=0.00, real=0.08 secs] 
10743.151: [GC (Allocation Failure) 10743.152: [ParNew: 651668K->24161K(707840K), 0.0867120 secs] 1616802K->992728K(2018560K), 0.0871080 secs] [Times: user=0.17 sys=0.00, real=0.09 secs] 
10794.529: [GC (Allocation Failure) 10794.529: [ParNew: 653409K->17340K(707840K), 0.0909740 secs] 1621976K->990461K(2018560K), 0.0913950 secs] [Times: user=0.17 sys=0.00, real=0.09 secs] 
10824.206: [Full GC (System.gc()) 10824.206: [CMS: 973121K->493577K(1310720K), 3.0078200 secs] 1334538K->493577K(2018560K), [Metaspace: 106948K->106948K(1146880K)], 3.0085830 secs] [Times: user=2.98 sys=0.03, real=3.01 secs] 
10862.440: [GC (Allocation Failure) 10862.440: [ParNew: 629248K->16522K(707840K), 0.0453170 secs] 1122825K->510099K(2018560K), 0.0457250 secs] [Times: user=0.09 sys=0.00, real=0.04 secs] 
10909.967: [GC (Allocation Failure) 10909.967: [ParNew: 645770K->13808K(707840K), 0.0576800 secs] 1139347K->507385K(2018560K), 0.0580730 secs] [Times: user=0.11 sys=0.00, real=0.06 secs] 
10950.238: [GC (Allocation Failure) 10950.238: [ParNew: 643056K->22313K(707840K), 0.0687340 secs] 1136633K->515890K(2018560K), 0.0691450 secs] [Times: user=0.14 sys=0.01, real=0.07 secs] 
10999.961: [GC (Allocation Failure) 10999.961: [ParNew: 651561K->31087K(707840K), 0.0645840 secs] 1145138K->531223K(2018560K), 0.0650030 secs] [Times: user=0.12 sys=0.00, real=0.06 secs] 
11026.211: [GC (Allocation Failure) 11026.342: [ParNew: 660335K->30474K(707840K), 0.1049020 secs] 1160471K->535626K(2018560K), 0.2359670 secs] [Times: user=0.21 sys=0.01, real=0.23 secs] 
11048.083: [GC (Allocation Failure) 11048.084: [ParNew: 659722K->38640K(707840K), 0.1056090 secs] 1164874K->548372K(2018560K), 0.1060280 secs] [Times: user=0.20 sys=0.01, real=0.11 secs] 
11076.330: [GC (Allocation Failure) 11076.330: [ParNew: 667888K->32660K(707840K), 0.1011330 secs] 1177620K->547301K(2018560K), 0.1015440 secs] [Times: user=0.20 sys=0.00, real=0.10 secs] 
11096.463: [GC (Allocation Failure) 11096.464: [ParNew: 661908K->31314K(707840K), 0.1100740 secs] 1176549K->554797K(2018560K), 0.1104900 secs] [Times: user=0.21 sys=0.00, real=0.11 secs] 
11130.216: [GC (Allocation Failure) 11130.216: [ParNew: 660562K->21958K(707840K), 0.0970270 secs] 1184045K->550876K(2018560K), 0.0974640 secs] [Times: user=0.19 sys=0.00, real=0.10 secs] 
11180.697: [GC (Allocation Failure) 11180.697: [ParNew: 651206K->21459K(707840K), 0.0978450 secs] 1180124K->558049K(2018560K), 0.0982970 secs] [Times: user=0.19 sys=0.00, real=0.10 secs] 
11218.355: [GC (Allocation Failure) 11218.355: [ParNew: 650707K->18766K(707840K), 0.0945380 secs] 1187297K->562618K(2018560K), 0.0949290 secs] [Times: user=0.18 sys=0.00, real=0.09 secs] 
11262.660: [GC (Allocation Failure) 11262.660: [ParNew: 648014K->24844K(707840K), 0.0602840 secs] 1191866K->572502K(2018560K), 0.0606900 secs] [Times: user=0.12 sys=0.00, real=0.06 secs] 
11320.797: [GC (Allocation Failure) 11320.797: [ParNew: 654092K->16478K(707840K), 0.0836700 secs] 1201750K->568335K(2018560K), 0.0841940 secs] [Times: user=0.17 sys=0.00, real=0.08 secs] 
11370.144: [GC (Allocation Failure) 11370.144: [ParNew: 645726K->23920K(707840K), 0.0976030 secs] 1197583K->580699K(2018560K), 0.0980430 secs] [Times: user=0.19 sys=0.00, real=0.09 secs] 
11421.791: [GC (Allocation Failure) 11421.791: [ParNew: 653168K->16882K(707840K), 0.0793700 secs] 1209947K->577545K(2018560K), 0.0798040 secs] [Times: user=0.16 sys=0.00, real=0.08 secs] 
11474.640: [GC (Allocation Failure) 11474.640: [ParNew: 646130K->24472K(707840K), 0.0847920 secs] 1206793K->588590K(2018560K), 0.0853620 secs] [Times: user=0.17 sys=0.00, real=0.08 secs] 
11515.815: [GC (Allocation Failure) 11515.815: [ParNew: 653720K->24196K(707840K), 0.0898500 secs] 1217838K->594149K(2018560K), 0.0903360 secs] [Times: user=0.18 sys=0.01, real=0.09 secs] 
11532.498: [GC (Allocation Failure) 11532.498: [ParNew: 653444K->31375K(707840K), 0.0680010 secs] 1223397K->604967K(2018560K), 0.0684420 secs] [Times: user=0.14 sys=0.00, real=0.06 secs] 
11561.867: [GC (Allocation Failure) 11561.867: [ParNew: 660623K->38433K(707840K), 0.0964740 secs] 1234215K->616386K(2018560K), 0.0968950 secs] [Times: user=0.19 sys=0.01, real=0.10 secs] 
11578.642: [GC (Allocation Failure) 11578.642: [ParNew: 667681K->25638K(707840K), 0.1001010 secs] 1245634K->609523K(2018560K), 0.1005440 secs] [Times: user=0.19 sys=0.00, real=0.10 secs] 
11599.409: [GC (Allocation Failure) 11599.409: [ParNew: 654886K->39177K(707840K), 0.1069410 secs] 1238771K->630712K(2018560K), 0.1073610 secs] [Times: user=0.21 sys=0.00, real=0.10 secs] 
11617.371: [GC (Allocation Failure) 11617.372: [ParNew: 668425K->26365K(707840K), 0.1044800 secs] 1259960K->624059K(2018560K), 0.1049670 secs] [Times: user=0.20 sys=0.00, real=0.10 secs] 
11625.713: [GC (Allocation Failure) 11625.713: [ParNew: 655613K->41610K(707840K), 0.1149490 secs] 1253307K->646556K(2018560K), 0.1153760 secs] [Times: user=0.22 sys=0.00, real=0.11 secs] 
11647.044: [GC (Allocation Failure) 11647.044: [ParNew: 670858K->21131K(707840K), 0.1035790 secs] 1275804K->633535K(2018560K), 0.1039990 secs] [Times: user=0.20 sys=0.00, real=0.11 secs] 
11688.165: [GC (Allocation Failure) 11688.165: [ParNew: 650379K->16582K(707840K), 0.0872050 secs] 1262783K->635060K(2018560K), 0.0876100 secs] [Times: user=0.17 sys=0.00, real=0.09 secs] 
11730.638: [GC (Allocation Failure) 11730.638: [ParNew: 645830K->15986K(707840K), 0.0809730 secs] 1264308K->639661K(2018560K), 0.0814410 secs] [Times: user=0.16 sys=0.01, real=0.09 secs] 
11766.677: [GC (Allocation Failure) 11766.678: [ParNew: 645234K->27596K(707840K), 0.0773530 secs] 1268909K->655033K(2018560K), 0.0777380 secs] [Times: user=0.16 sys=0.00, real=0.08 secs] 
11777.484: [GC (Allocation Failure) 11777.484: [ParNew: 656844K->27045K(707840K), 0.0991500 secs] 1284281K->658730K(2018560K), 0.0995650 secs] [Times: user=0.20 sys=0.00, real=0.10 secs] 
11786.529: [GC (Allocation Failure) 11786.529: [ParNew: 656293K->37848K(707840K), 0.1108300 secs] 1287978K->673203K(2018560K), 0.1112230 secs] [Times: user=0.21 sys=0.01, real=0.11 secs] 
11797.633: [GC (Allocation Failure) 11797.633: [ParNew: 667096K->39146K(707840K), 0.1112160 secs] 1302451K->680221K(2018560K), 0.1115930 secs] [Times: user=0.22 sys=0.01, real=0.11 secs] 
11819.218: [GC (Allocation Failure) 11819.218: [ParNew: 668394K->27830K(707840K), 0.1205720 secs] 1309469K->681659K(2018560K), 0.1209410 secs] [Times: user=0.23 sys=0.00, real=0.12 secs] 
11844.415: [GC (Allocation Failure) 11844.416: [ParNew: 657078K->22458K(707840K), 0.1186310 secs] 1310907K->686665K(2018560K), 0.1190150 secs] [Times: user=0.23 sys=0.00, real=0.11 secs] 
11854.623: [GC (Allocation Failure) 11854.624: [ParNew: 651706K->37757K(707840K), 0.1020860 secs] 1315913K->707714K(2018560K), 0.1024580 secs] [Times: user=0.20 sys=0.00, real=0.10 secs] 
11866.769: [GC (Allocation Failure) 11866.770: [ParNew: 667005K->32567K(707840K), 0.1006680 secs] 1336962K->705912K(2018560K), 0.1010470 secs] [Times: user=0.20 sys=0.00, real=0.10 secs] 
11892.292: [GC (Allocation Failure) 11892.292: [ParNew: 661815K->33559K(707840K), 0.1015050 secs] 1335160K->713603K(2018560K), 0.1019190 secs] [Times: user=0.19 sys=0.00, real=0.11 secs] 
11913.998: [GC (Allocation Failure) 11913.999: [ParNew: 662807K->32836K(707840K), 0.1445470 secs] 1342851K->724182K(2018560K), 0.1449730 secs] [Times: user=0.28 sys=0.00, real=0.14 secs] 
11946.155: [GC (Allocation Failure) 11946.155: [ParNew: 662084K->24911K(707840K), 0.0639510 secs] 1353430K->722224K(2018560K), 0.0642890 secs] [Times: user=0.12 sys=0.00, real=0.06 secs] 
11984.748: [GC (Allocation Failure) 11984.749: [ParNew: 654159K->31954K(707840K), 0.0818020 secs] 1351472K->731877K(2018560K), 0.0822270 secs] [Times: user=0.16 sys=0.00, real=0.08 secs] 
12030.229: [GC (Allocation Failure) 12030.229: [ParNew: 661202K->21982K(707840K), 0.0931990 secs] 1361125K->729667K(2018560K), 0.0936490 secs] [Times: user=0.18 sys=0.01, real=0.09 secs] 
12064.457: [GC (Allocation Failure) 12064.458: [ParNew: 651230K->20252K(707840K), 0.0779820 secs] 1358915K->731680K(2018560K), 0.0783680 secs] [Times: user=0.15 sys=0.00, real=0.08 secs] 
12094.948: [GC (Allocation Failure) 12094.948: [ParNew: 649500K->28691K(707840K), 0.0667440 secs] 1360928K->744276K(2018560K), 0.0670680 secs] [Times: user=0.13 sys=0.00, real=0.07 secs] 
12128.811: [GC (Allocation Failure) 12128.811: [ParNew: 657939K->24728K(707840K), 0.0914850 secs] 1373524K->743685K(2018560K), 0.0919310 secs] [Times: user=0.26 sys=0.00, real=0.09 secs] 
12170.513: [GC (Allocation Failure) 12170.513: [ParNew: 653976K->32703K(707840K), 0.0731170 secs] 1372933K->756502K(2018560K), 0.0735810 secs] [Times: user=0.14 sys=0.00, real=0.08 secs] 
12201.046: [GC (Allocation Failure) 12201.046: [ParNew: 661951K->27229K(707840K), 0.1019050 secs] 1385750K->756630K(2018560K), 0.1023120 secs] [Times: user=0.20 sys=0.00, real=0.10 secs] 
12210.554: [GC (Allocation Failure) 12210.554: [ParNew: 656477K->34816K(707840K), 0.1103310 secs] 1385878K->769409K(2018560K), 0.1107390 secs] [Times: user=0.22 sys=0.00, real=0.11 secs] 
12223.711: [GC (Allocation Failure) 12223.711: [ParNew: 664064K->36373K(707840K), 0.1155160 secs] 1398657K->776596K(2018560K), 0.1159640 secs] [Times: user=0.23 sys=0.00, real=0.12 secs] 
12247.241: [GC (Allocation Failure) 12247.241: [ParNew: 665621K->39383K(707840K), 0.0939020 secs] 1405844K->786947K(2018560K), 0.0942570 secs] [Times: user=0.18 sys=0.00, real=0.09 secs] 
12261.322: [GC (Allocation Failure) 12261.323: [ParNew: 668631K->24754K(707840K), 0.1195480 secs] 1416195K->783915K(2018560K), 0.1199440 secs] [Times: user=0.23 sys=0.00, real=0.12 secs] 
12278.548: [GC (Allocation Failure) 12278.548: [ParNew: 654002K->32280K(707840K), 0.0941330 secs] 1413163K->796587K(2018560K), 0.0945200 secs] [Times: user=0.18 sys=0.00, real=0.10 secs] 
12309.883: [GC (Allocation Failure) 12309.883: [ParNew: 661528K->31076K(707840K), 0.0968270 secs] 1425835K->802089K(2018560K), 0.0972140 secs] [Times: user=0.19 sys=0.00, real=0.10 secs] 
12353.787: [GC (Allocation Failure) 12353.787: [ParNew: 660324K->24181K(707840K), 0.0888470 secs] 1431337K->801258K(2018560K), 0.0892590 secs] [Times: user=0.17 sys=0.01, real=0.09 secs] 
12398.545: [GC (Allocation Failure) 12398.546: [ParNew: 653429K->21844K(707840K), 0.0861700 secs] 1430506K->804768K(2018560K), 0.0865920 secs] [Times: user=0.16 sys=0.00, real=0.09 secs] 
12452.641: [GC (Allocation Failure) 12452.641: [ParNew: 651092K->27414K(707840K), 0.0781890 secs] 1434016K->813511K(2018560K), 0.0785930 secs] [Times: user=0.15 sys=0.00, real=0.08 secs] 
12502.900: [GC (Allocation Failure) 12502.900: [ParNew: 656662K->17860K(707840K), 0.0784140 secs] 1442759K->806998K(2018560K), 0.0788570 secs] [Times: user=0.15 sys=0.00, real=0.08 secs] 
12545.455: [GC (Allocation Failure) 12545.455: [ParNew: 647108K->26844K(707840K), 0.0852910 secs] 1436246K->819541K(2018560K), 0.0857010 secs] [Times: user=0.16 sys=0.00, real=0.08 secs] 
12557.041: [GC (Allocation Failure) 12557.041: [ParNew: 656092K->27737K(707840K), 0.0811860 secs] 1448789K->825285K(2018560K), 0.0816020 secs] [Times: user=0.16 sys=0.00, real=0.08 secs] 
12574.558: [GC (Allocation Failure) 12574.558: [ParNew: 656985K->37189K(707840K), 0.0908910 secs] 1454533K->838426K(2018560K), 0.0913100 secs] [Times: user=0.17 sys=0.00, real=0.09 secs] 
12600.010: [GC (Allocation Failure) 12600.010: [ParNew: 666437K->25427K(707840K), 0.0947570 secs] 1467674K->832060K(2018560K), 0.0951490 secs] [Times: user=0.19 sys=0.00, real=0.10 secs] 
12637.725: [GC (Allocation Failure) 12637.725: [ParNew: 654675K->18899K(707840K), 0.0925770 secs] 1461308K->833708K(2018560K), 0.0929870 secs] [Times: user=0.18 sys=0.00, real=0.10 secs] 
12678.273: [GC (Allocation Failure) 12678.273: [ParNew: 648147K->30179K(707840K), 0.0821610 secs] 1462956K->849148K(2018560K), 0.0826180 secs] [Times: user=0.15 sys=0.00, real=0.08 secs] 
12726.982: [GC (Allocation Failure) 12726.982: [ParNew: 659427K->20279K(707840K), 0.0832180 secs] 1478396K->844225K(2018560K), 0.0836740 secs] [Times: user=0.17 sys=0.00, real=0.08 secs] 
12772.334: [GC (Allocation Failure) 12772.334: [ParNew: 649527K->25870K(707840K), 0.0753100 secs] 1473473K->852026K(2018560K), 0.0757110 secs] [Times: user=0.15 sys=0.00, real=0.08 secs] 
12798.647: [GC (Allocation Failure) 12798.647: [ParNew: 655118K->30517K(707840K), 0.0784130 secs] 1481274K->863474K(2018560K), 0.0787670 secs] [Times: user=0.15 sys=0.00, real=0.08 secs] 
12831.623: [GC (Allocation Failure) 12831.624: [ParNew: 659765K->20900K(707840K), 0.0761720 secs] 1492722K->856284K(2018560K), 0.0765750 secs] [Times: user=0.15 sys=0.00, real=0.08 secs] 
12878.230: [GC (Allocation Failure) 12878.230: [ParNew: 650148K->30301K(707840K), 0.0848730 secs] 1485532K->869659K(2018560K), 0.0853500 secs] [Times: user=0.17 sys=0.00, real=0.09 secs] 
12903.058: [GC (Allocation Failure) 12903.059: [ParNew: 659549K->20455K(707840K), 0.1052070 secs] 1498907K->865802K(2018560K), 0.1055950 secs] [Times: user=0.20 sys=0.00, real=0.10 secs] 
12911.539: [GC (Allocation Failure) 12911.539: [ParNew: 649703K->34076K(707840K), 0.1060260 secs] 1495050K->883948K(2018560K), 0.1063800 secs] [Times: user=0.21 sys=0.00, real=0.10 secs] 
12918.710: [GC (Allocation Failure) 12918.710: [ParNew: 663324K->48155K(707840K), 0.1135350 secs] 1513196K->902897K(2018560K), 0.1139720 secs] [Times: user=0.22 sys=0.01, real=0.11 secs] 
12933.603: [GC (Allocation Failure) 12933.603: [ParNew: 677403K->28609K(707840K), 0.1159330 secs] 1532145K->892404K(2018560K), 0.1163260 secs] [Times: user=0.23 sys=0.00, real=0.11 secs] 
12944.393: [GC (Allocation Failure) 12944.394: [ParNew: 657857K->25638K(707840K), 0.1241600 secs] 1521652K->901392K(2018560K), 0.1245770 secs] [Times: user=0.24 sys=0.00, real=0.12 secs] 
12957.440: [GC (Allocation Failure) 12957.440: [ParNew: 654886K->23207K(707840K), 0.0973710 secs] 1530640K->906053K(2018560K), 0.0977680 secs] [Times: user=0.19 sys=0.00, real=0.10 secs] 
12981.155: [GC (Allocation Failure) 12981.156: [ParNew: 652455K->20067K(707840K), 0.0765880 secs] 1535301K->905887K(2018560K), 0.0769690 secs] [Times: user=0.15 sys=0.00, real=0.08 secs] 
12996.818: [GC (Allocation Failure) 12996.818: [ParNew: 649315K->18306K(707840K), 0.0964330 secs] 1535135K->911588K(2018560K), 0.0968350 secs] [Times: user=0.19 sys=0.00, real=0.10 secs] 
13018.454: [GC (Allocation Failure) 13018.454: [ParNew: 647516K->17658K(707840K), 0.0853290 secs] 1540798K->916324K(2018560K), 0.0857250 secs] [Times: user=0.16 sys=0.00, real=0.09 secs] 
13047.081: [GC (Allocation Failure) 13047.082: [ParNew: 646906K->24378K(707840K), 0.0544780 secs] 1545572K->926693K(2018560K), 0.0548180 secs] [Times: user=0.11 sys=0.00, real=0.05 secs] 
13084.118: [GC (Allocation Failure) 13084.118: [ParNew: 653626K->15634K(707840K), 0.0780890 secs] 1555941K->923596K(2018560K), 0.0784960 secs] [Times: user=0.15 sys=0.01, real=0.08 secs] 
13123.520: [GC (Allocation Failure) 13123.520: [ParNew: 644882K->19806K(707840K), 0.0798310 secs] 1552844K->932267K(2018560K), 0.0802280 secs] [Times: user=0.16 sys=0.00, real=0.09 secs] 
13149.585: [GC (Allocation Failure) 13149.586: [ParNew: 649054K->26746K(707840K), 0.0828370 secs] 1561515K->941674K(2018560K), 0.0832330 secs] [Times: user=0.16 sys=0.00, real=0.08 secs] 
13195.974: [GC (Allocation Failure) 13195.974: [ParNew: 655994K->32526K(707840K), 0.0860270 secs] 1570922K->950862K(2018560K), 0.0864170 secs] [Times: user=0.17 sys=0.00, real=0.08 secs] 
13236.998: [GC (Allocation Failure) 13236.998: [ParNew: 661774K->21795K(707840K), 0.0619840 secs] 1580110K->944529K(2018560K), 0.0623230 secs] [Times: user=0.12 sys=0.00, real=0.06 secs] 
13270.939: [GC (Allocation Failure) 13270.940: [ParNew: 651043K->24549K(707840K), 0.1001170 secs] 1573777K->954489K(2018560K), 0.1005480 secs] [Times: user=0.19 sys=0.00, real=0.10 secs] 
13283.959: [GC (Allocation Failure) 13283.959: [ParNew: 653797K->34818K(707840K), 0.0958740 secs] 1583737K->969194K(2018560K), 0.0962410 secs] [Times: user=0.19 sys=0.00, real=0.10 secs] 
13313.853: [GC (Allocation Failure) 13313.853: [ParNew: 664066K->30487K(707840K), 0.0861290 secs] 1598442K->968298K(2018560K), 0.0865530 secs] [Times: user=0.17 sys=0.00, real=0.09 secs] 
13357.130: [GC (Allocation Failure) 13357.131: [ParNew: 659735K->19914K(707840K), 0.0924910 secs] 1597546K->964483K(2018560K), 0.0930080 secs] [Times: user=0.18 sys=0.01, real=0.09 secs] 
13406.265: [GC (Allocation Failure) 13406.284: [ParNew: 649162K->25233K(707840K), 0.0893730 secs] 1593731K->976409K(2018560K), 0.1081860 secs] [Times: user=0.17 sys=0.00, real=0.11 secs] 
13436.726: [GC (Allocation Failure) 13436.726: [ParNew: 654481K->23747K(707840K), 0.0827190 secs] 1605657K->977398K(2018560K), 0.0830990 secs] [Times: user=0.17 sys=0.00, real=0.09 secs] 
13464.531: [GC (Allocation Failure) 13464.531: [ParNew: 652995K->36107K(707840K), 0.0931190 secs] 1606646K->993224K(2018560K), 0.0935170 secs] [Times: user=0.18 sys=0.00, real=0.09 secs] 
13492.948: [GC (Allocation Failure) 13492.949: [ParNew: 665355K->24506K(707840K), 0.0927320 secs] 1622472K->985418K(2018560K), 0.0931480 secs] [Times: user=0.18 sys=0.01, real=0.09 secs] 
13518.799: [GC (Allocation Failure) 13518.800: [ParNew: 653754K->37899K(707840K), 0.1083910 secs] 1614666K->1006328K(2018560K), 0.1088510 secs] [Times: user=0.21 sys=0.01, real=0.11 secs] 
13549.067: [GC (Allocation Failure) 13549.068: [ParNew: 667147K->25418K(707840K), 0.0991240 secs] 1635576K->1000689K(2018560K), 0.0995530 secs] [Times: user=0.19 sys=0.01, real=0.10 secs] 
13589.567: [GC (Allocation Failure) 13589.567: [ParNew: 654666K->17214K(707840K), 0.0839290 secs] 1629937K->996735K(2018560K), 0.0843150 secs] [Times: user=0.15 sys=0.02, real=0.09 secs] 
13632.893: [GC (Allocation Failure) 13632.893: [ParNew: 646462K->14990K(707840K), 0.0861810 secs] 1625983K->1000997K(2018560K), 0.0866330 secs] [Times: user=0.16 sys=0.00, real=0.09 secs] 
13675.471: [GC (Allocation Failure) 13675.471: [ParNew: 644238K->25684K(707840K), 0.0717860 secs] 1630245K->1013627K(2018560K), 0.0722040 secs] [Times: user=0.14 sys=0.00, real=0.07 secs] 
13709.356: [GC (Allocation Failure) 13709.357: [ParNew: 654932K->21561K(707840K), 0.0853560 secs] 1642875K->1012574K(2018560K), 0.0857690 secs] [Times: user=0.17 sys=0.00, real=0.09 secs] 
13755.228: [GC (Allocation Failure) 13755.229: [ParNew: 650809K->30781K(707840K), 0.0893430 secs] 1641822K->1025723K(2018560K), 0.0898870 secs] [Times: user=0.17 sys=0.01, real=0.09 secs] 
13796.061: [GC (Allocation Failure) 13796.061: [ParNew: 660029K->20772K(707840K), 0.0789260 secs] 1654971K->1019597K(2018560K), 0.0793420 secs] [Times: user=0.14 sys=0.01, real=0.08 secs] 
13849.306: [GC (Allocation Failure) 13849.307: [ParNew: 650020K->19607K(707840K), 0.0774330 secs] 1648845K->1023424K(2018560K), 0.0778850 secs] [Times: user=0.15 sys=0.00, real=0.08 secs] 
13897.314: [GC (Allocation Failure) 13897.314: [ParNew: 648855K->18241K(707840K), 0.0743280 secs] 1652672K->1025618K(2018560K), 0.0747250 secs] [Times: user=0.14 sys=0.00, real=0.08 secs] 
13939.267: [GC (Allocation Failure) 13939.267: [ParNew: 647489K->24482K(707840K), 0.0737850 secs] 1654866K->1034254K(2018560K), 0.0742340 secs] [Times: user=0.15 sys=0.01, real=0.07 secs] 
13984.119: [GC (Allocation Failure) 13984.119: [ParNew: 653730K->20119K(707840K), 0.0752390 secs] 1663502K->1032514K(2018560K), 0.0756240 secs] [Times: user=0.15 sys=0.00, real=0.08 secs] 
14015.954: [GC (Allocation Failure) 14015.954: [ParNew: 649367K->26163K(707840K), 0.0842890 secs] 1661762K->1041908K(2018560K), 0.0846800 secs] [Times: user=0.16 sys=0.01, real=0.09 secs] 
14047.647: [GC (Allocation Failure) 14047.647: [ParNew: 655411K->31486K(707840K), 0.0963030 secs] 1671156K->1051328K(2018560K), 0.0967740 secs] [Times: user=0.18 sys=0.01, real=0.10 secs] 
14087.291: [GC (Allocation Failure) 14087.291: [ParNew: 660734K->27044K(707840K), 0.0969480 secs] 1680576K->1050401K(2018560K), 0.0973990 secs] [Times: user=0.19 sys=0.00, real=0.10 secs] 
14098.887: [GC (Allocation Failure) 14098.887: [ParNew: 656292K->37488K(707840K), 0.1089770 secs] 1679649K->1066475K(2018560K), 0.1094280 secs] [Times: user=0.21 sys=0.01, real=0.11 secs] 
14111.367: [GC (Allocation Failure) 14111.367: [ParNew: 666736K->36006K(707840K), 0.1094670 secs] 1695723K->1071072K(2018560K), 0.1098670 secs] [Times: user=0.21 sys=0.00, real=0.11 secs] 
14140.243: [GC (Allocation Failure) 14140.243: [ParNew: 665254K->24909K(707840K), 0.1015680 secs] 1700320K->1066865K(2018560K), 0.1019800 secs] [Times: user=0.20 sys=0.00, real=0.11 secs] 
14172.798: [GC (Allocation Failure) 14172.798: [ParNew: 654157K->22595K(707840K), 0.1109180 secs] 1696113K->1074479K(2018560K), 0.1113190 secs] [Times: user=0.21 sys=0.01, real=0.12 secs] 
14208.787: [GC (Allocation Failure) 14208.787: [ParNew: 651843K->27517K(707840K), 0.0846430 secs] 1703727K->1084253K(2018560K), 0.0850730 secs] [Times: user=0.16 sys=0.00, real=0.08 secs] 
14252.438: [GC (Allocation Failure) 14252.438: [ParNew: 656765K->25842K(707840K), 0.0783630 secs] 1713501K->1086135K(2018560K), 0.0787520 secs] [Times: user=0.15 sys=0.00, real=0.08 secs] 
14267.820: [GC (Allocation Failure) 14267.820: [ParNew: 655090K->32106K(707840K), 0.0710440 secs] 1715383K->1096392K(2018560K), 0.0713960 secs] [Times: user=0.13 sys=0.00, real=0.07 secs] 
14289.750: [GC (Allocation Failure) 14289.750: [ParNew: 661354K->31456K(707840K), 0.0983670 secs] 1725640K->1101200K(2018560K), 0.0987420 secs] [Times: user=0.18 sys=0.01, real=0.10 secs] 
14317.125: [GC (Allocation Failure) 14317.125: [ParNew: 660704K->30988K(707840K), 0.0936260 secs] 1730448K->1104305K(2018560K), 0.0940820 secs] [Times: user=0.18 sys=0.00, real=0.09 secs] 
14349.172: [GC (Allocation Failure) 14349.172: [ParNew: 660236K->21317K(707840K), 0.1195040 secs] 1733553K->1104560K(2018560K), 0.1199120 secs] [Times: user=0.23 sys=0.01, real=0.12 secs] 
14382.958: [GC (Allocation Failure) 14382.958: [ParNew: 650565K->24810K(707840K), 0.0857210 secs] 1733808K->1111213K(2018560K), 0.0861090 secs] [Times: user=0.16 sys=0.00, real=0.09 secs] 
14427.228: [Full GC (System.gc()) 14427.228: [CMS: 1086403K->507276K(1310720K), 3.2809830 secs] 1665461K->507276K(2018560K), [Metaspace: 108370K->108370K(1148928K)], 3.2817020 secs] [Times: user=3.27 sys=0.01, real=3.28 secs] 
14470.613: [GC (Allocation Failure) 14470.614: [ParNew: 629248K->15668K(707840K), 0.0527940 secs] 1136524K->522945K(2018560K), 0.0532120 secs] [Times: user=0.11 sys=0.00, real=0.06 secs] 
14522.981: [GC (Allocation Failure) 14522.981: [ParNew: 644916K->12808K(707840K), 0.0546830 secs] 1152193K->520085K(2018560K), 0.0550530 secs] [Times: user=0.10 sys=0.00, real=0.06 secs] 
14554.582: [GC (Allocation Failure) 14554.582: [ParNew: 642056K->18120K(707840K), 0.0668350 secs] 1149333K->525396K(2018560K), 0.0672100 secs] [Times: user=0.13 sys=0.00, real=0.07 secs] 
14569.183: [GC (Allocation Failure) 14569.183: [ParNew: 647368K->28390K(707840K), 0.0823240 secs] 1154644K->540134K(2018560K), 0.0827400 secs] [Times: user=0.16 sys=0.00, real=0.08 secs] 
14599.130: [GC (Allocation Failure) 14599.131: [ParNew: 657638K->33242K(707840K), 0.0770480 secs] 1169382K->548489K(2018560K), 0.0774430 secs] [Times: user=0.15 sys=0.00, real=0.08 secs] 
14647.491: [GC (Allocation Failure) 14647.491: [ParNew: 662490K->21315K(707840K), 0.0961390 secs] 1177737K->542656K(2018560K), 0.0966090 secs] [Times: user=0.19 sys=0.00, real=0.10 secs] 
14703.340: [GC (Allocation Failure) 14703.340: [ParNew: 650563K->14626K(707840K), 0.0904350 secs] 1171904K->542704K(2018560K), 0.0908320 secs] [Times: user=0.17 sys=0.01, real=0.10 secs] 
14748.226: [GC (Allocation Failure) 14748.227: [ParNew: 643874K->24805K(707840K), 0.0847080 secs] 1171952K->555393K(2018560K), 0.0851230 secs] [Times: user=0.17 sys=0.01, real=0.09 secs] 
14762.253: [GC (Allocation Failure) 14762.253: [ParNew: 654024K->30192K(707840K), 0.0983060 secs] 1184612K->563910K(2018560K), 0.0987960 secs] [Times: user=0.20 sys=0.00, real=0.10 secs] 
14776.290: [GC (Allocation Failure) 14776.290: [ParNew: 659440K->40315K(707840K), 0.1055960 secs] 1193158K->577717K(2018560K), 0.1060480 secs] [Times: user=0.21 sys=0.00, real=0.11 secs] 
14785.161: [GC (Allocation Failure) 14785.162: [ParNew: 669563K->52565K(707840K), 0.1176150 secs] 1206965K->597387K(2018560K), 0.1179990 secs] [Times: user=0.24 sys=0.00, real=0.12 secs] 
14794.052: [GC (Allocation Failure) 14794.052: [ParNew: 681813K->34841K(707840K), 0.1157010 secs] 1226635K->590049K(2018560K), 0.1161020 secs] [Times: user=0.22 sys=0.01, real=0.12 secs] 
14811.403: [GC (Allocation Failure) 14811.404: [ParNew: 664089K->33208K(707840K), 0.1001310 secs] 1219297K->595996K(2018560K), 0.1005250 secs] [Times: user=0.19 sys=0.01, real=0.10 secs] 
14832.353: [GC (Allocation Failure) 14832.354: [ParNew: 662456K->25434K(707840K), 0.1012490 secs] 1225244K->595495K(2018560K), 0.1016470 secs] [Times: user=0.20 sys=0.00, real=0.10 secs] 
14869.218: [GC (Allocation Failure) 14869.219: [ParNew: 654682K->36250K(707840K), 0.1045990 secs] 1224743K->610614K(2018560K), 0.1050120 secs] [Times: user=0.20 sys=0.00, real=0.10 secs] 
14898.011: [GC (Allocation Failure) 14898.012: [ParNew: 665498K->33918K(707840K), 0.0864610 secs] 1239862K->613675K(2018560K), 0.0868710 secs] [Times: user=0.16 sys=0.00, real=0.08 secs] 
14922.341: [GC (Allocation Failure) 14922.341: [ParNew: 663166K->34617K(707840K), 0.1175490 secs] 1242923K->621663K(2018560K), 0.1179570 secs] [Times: user=0.23 sys=0.00, real=0.12 secs] 
14945.188: [GC (Allocation Failure) 14945.189: [ParNew: 663865K->35681K(707840K), 0.1049880 secs] 1250911K->630341K(2018560K), 0.1054600 secs] [Times: user=0.20 sys=0.00, real=0.10 secs] 
14986.938: [GC (Allocation Failure) 14986.939: [ParNew: 664929K->27851K(707840K), 0.0995110 secs] 1259589K->628062K(2018560K), 0.0999010 secs] [Times: user=0.20 sys=0.00, real=0.10 secs] 
15023.618: [GC (Allocation Failure) 15023.618: [ParNew: 657099K->19617K(707840K), 0.0997730 secs] 1257310K->628716K(2018560K), 0.1001770 secs] [Times: user=0.19 sys=0.00, real=0.11 secs] 
15066.182: [GC (Allocation Failure) 15066.182: [ParNew: 648865K->17264K(707840K), 0.0783120 secs] 1257964K->630677K(2018560K), 0.0787330 secs] [Times: user=0.15 sys=0.00, real=0.08 secs] 
15106.311: [GC (Allocation Failure) 15106.311: [ParNew: 646512K->15298K(707840K), 0.0511500 secs] 1259925K->633269K(2018560K), 0.0514980 secs] [Times: user=0.10 sys=0.00, real=0.06 secs] 
15141.744: [GC (Allocation Failure) 15141.744: [ParNew: 644546K->25563K(707840K), 0.0747480 secs] 1262517K->647412K(2018560K), 0.0751480 secs] [Times: user=0.15 sys=0.00, real=0.08 secs] 
15156.193: [GC (Allocation Failure) 15156.193: [ParNew: 654811K->24702K(707840K), 0.0814580 secs] 1276660K->649212K(2018560K), 0.0818390 secs] [Times: user=0.17 sys=0.00, real=0.08 secs] 
15176.578: [GC (Allocation Failure) 15176.578: [ParNew: 653950K->33503K(707840K), 0.0794100 secs] 1278460K->661443K(2018560K), 0.0798730 secs] [Times: user=0.15 sys=0.00, real=0.08 secs] 
15216.485: [GC (Allocation Failure) 15216.492: [ParNew: 662751K->22276K(707840K), 0.0877770 secs] 1290691K->654675K(2018560K), 0.0943830 secs] [Times: user=0.17 sys=0.00, real=0.10 secs] 
15265.405: [GC (Allocation Failure) 15265.405: [ParNew: 651524K->14791K(707840K), 0.0849370 secs] 1283923K->655401K(2018560K), 0.0853280 secs] [Times: user=0.16 sys=0.00, real=0.09 secs] 
15304.310: [GC (Allocation Failure) 15304.310: [ParNew: 644039K->17525K(707840K), 0.0686160 secs] 1284649K->660466K(2018560K), 0.0689920 secs] [Times: user=0.13 sys=0.00, real=0.07 secs] 
15355.680: [GC (Allocation Failure) 15355.681: [ParNew: 646773K->24272K(707840K), 0.0729270 secs] 1289714K->669819K(2018560K), 0.0734900 secs] [Times: user=0.15 sys=0.00, real=0.07 secs] 
15397.229: [GC (Allocation Failure) 15397.230: [ParNew: 653520K->15847K(707840K), 0.0780470 secs] 1299067K->664337K(2018560K), 0.0784600 secs] [Times: user=0.15 sys=0.00, real=0.08 secs] 
15426.123: [GC (Allocation Failure) 15426.124: [ParNew: 645095K->25708K(707840K), 0.0898180 secs] 1293585K->678539K(2018560K), 0.0902150 secs] [Times: user=0.17 sys=0.00, real=0.09 secs] 
15461.399: [GC (Allocation Failure) 15461.399: [ParNew: 654956K->34095K(707840K), 0.0924810 secs] 1307787K->690049K(2018560K), 0.0928620 secs] [Times: user=0.18 sys=0.01, real=0.09 secs] 
15502.035: [GC (Allocation Failure) 15502.035: [ParNew: 663343K->30032K(707840K), 0.0888230 secs] 1319297K->689572K(2018560K), 0.0892230 secs] [Times: user=0.17 sys=0.00, real=0.09 secs] 
15537.173: [GC (Allocation Failure) 15537.173: [ParNew: 659280K->20602K(707840K), 0.1022340 secs] 1318820K->688872K(2018560K), 0.1026110 secs] [Times: user=0.20 sys=0.00, real=0.10 secs] 
15598.943: [GC (Allocation Failure) 15598.943: [ParNew: 649850K->26858K(707840K), 0.0870890 secs] 1318120K->699161K(2018560K), 0.0875170 secs] [Times: user=0.17 sys=0.01, real=0.09 secs] 
15650.943: [GC (Allocation Failure) 15650.943: [ParNew: 656106K->25715K(707840K), 0.0927480 secs] 1328409K->704036K(2018560K), 0.0931530 secs] [Times: user=0.18 sys=0.01, real=0.10 secs] 
15682.511: [GC (Allocation Failure) 15682.511: [ParNew: 654963K->25051K(707840K), 0.0851830 secs] 1333284K->707939K(2018560K), 0.0855780 secs] [Times: user=0.16 sys=0.00, real=0.08 secs] 
15727.486: [GC (Allocation Failure) 15727.487: [ParNew: 654299K->24480K(707840K), 0.0824450 secs] 1337187K->711025K(2018560K), 0.0829320 secs] [Times: user=0.16 sys=0.00, real=0.08 secs] 
15772.840: [GC (Allocation Failure) 15772.840: [ParNew: 653728K->15998K(707840K), 0.0815520 secs] 1340273K->707788K(2018560K), 0.0820300 secs] [Times: user=0.15 sys=0.01, real=0.09 secs] 
15807.941: [GC (Allocation Failure) 15807.942: [ParNew: 645246K->21085K(707840K), 0.0779450 secs] 1337036K->716643K(2018560K), 0.0783350 secs] [Times: user=0.15 sys=0.00, real=0.08 secs] 
15850.727: [GC (Allocation Failure) 15850.728: [ParNew: 650333K->14420K(707840K), 0.0854190 secs] 1345891K->713702K(2018560K), 0.0858100 secs] [Times: user=0.17 sys=0.00, real=0.08 secs] 
15881.204: [GC (Allocation Failure) 15881.204: [ParNew: 643668K->28271K(707840K), 0.0788040 secs] 1342950K->730479K(2018560K), 0.0792620 secs] [Times: user=0.15 sys=0.01, real=0.08 secs] 
15923.366: [GC (Allocation Failure) 15923.367: [ParNew: 657519K->23675K(707840K), 0.0904950 secs] 1359727K->729847K(2018560K), 0.0909190 secs] [Times: user=0.17 sys=0.00, real=0.09 secs] 
15964.135: [GC (Allocation Failure) 15964.135: [ParNew: 652923K->32698K(707840K), 0.0873000 secs] 1359095K->742921K(2018560K), 0.0877160 secs] [Times: user=0.17 sys=0.00, real=0.09 secs] 
15983.260: [GC (Allocation Failure) 15983.261: [ParNew: 661946K->21880K(707840K), 0.0910710 secs] 1372169K->736572K(2018560K), 0.0914750 secs] [Times: user=0.18 sys=0.00, real=0.09 secs] 
16007.409: [GC (Allocation Failure) 16007.409: [ParNew: 651128K->18666K(707840K), 0.0989120 secs] 1365820K->739740K(2018560K), 0.0993030 secs] [Times: user=0.18 sys=0.01, real=0.10 secs] 
16055.386: [GC (Allocation Failure) 16055.387: [ParNew: 647914K->18333K(707840K), 0.0850440 secs] 1368988K->744646K(2018560K), 0.0854470 secs] [Times: user=0.17 sys=0.00, real=0.08 secs] 
16109.460: [GC (Allocation Failure) 16109.466: [ParNew: 647581K->23261K(707840K), 0.0807310 secs] 1373894K->754472K(2018560K), 0.0863900 secs] [Times: user=0.15 sys=0.01, real=0.09 secs] 
16152.701: [GC (Allocation Failure) 16152.701: [ParNew: 652509K->21949K(707840K), 0.0582970 secs] 1383720K->757461K(2018560K), 0.0587320 secs] [Times: user=0.12 sys=0.00, real=0.05 secs] 
16177.801: [GC (Allocation Failure) 16177.801: [ParNew: 651197K->29581K(707840K), 0.0813630 secs] 1386709K->767954K(2018560K), 0.0817630 secs] [Times: user=0.17 sys=0.00, real=0.08 secs] 
16224.439: [GC (Allocation Failure) 16224.439: [ParNew: 658829K->25648K(707840K), 0.0842000 secs] 1397202K->767662K(2018560K), 0.0846490 secs] [Times: user=0.16 sys=0.00, real=0.09 secs] 
16258.914: [GC (Allocation Failure) 16258.915: [ParNew: 654896K->26625K(707840K), 0.0837740 secs] 1396910K->773109K(2018560K), 0.0842150 secs] [Times: user=0.16 sys=0.00, real=0.09 secs] 
16309.151: [GC (Allocation Failure) 16309.151: [ParNew: 655817K->26082K(707840K), 0.0902830 secs] 1402301K->779012K(2018560K), 0.0907430 secs] [Times: user=0.18 sys=0.00, real=0.09 secs] 
16340.121: [GC (Allocation Failure) 16340.122: [ParNew: 655330K->32270K(707840K), 0.0643940 secs] 1408260K->789181K(2018560K), 0.0648330 secs] [Times: user=0.12 sys=0.00, real=0.06 secs] 
16383.256: [GC (Allocation Failure) 16383.256: [ParNew: 661518K->21733K(707840K), 0.0800610 secs] 1418429K->781557K(2018560K), 0.0805150 secs] [Times: user=0.15 sys=0.00, real=0.08 secs] 
16428.853: [GC (Allocation Failure) 16428.853: [ParNew: 650981K->24024K(707840K), 0.0841170 secs] 1410805K->788999K(2018560K), 0.0845390 secs] [Times: user=0.17 sys=0.00, real=0.08 secs] 
16458.407: [GC (Allocation Failure) 16458.407: [ParNew: 653272K->31702K(707840K), 0.0661540 secs] 1418247K->802313K(2018560K), 0.0666190 secs] [Times: user=0.12 sys=0.01, real=0.07 secs] 
16499.808: [GC (Allocation Failure) 16499.808: [ParNew: 660950K->20664K(707840K), 0.0880470 secs] 1431561K->795539K(2018560K), 0.0886510 secs] [Times: user=0.17 sys=0.00, real=0.09 secs] 
16537.840: [GC (Allocation Failure) 16537.841: [ParNew: 649912K->31011K(707840K), 0.0879350 secs] 1424787K->809451K(2018560K), 0.0884860 secs] [Times: user=0.17 sys=0.00, real=0.08 secs] 
16583.390: [GC (Allocation Failure) 16583.390: [ParNew: 660259K->21497K(707840K), 0.0909020 secs] 1438699K->806327K(2018560K), 0.0913750 secs] [Times: user=0.17 sys=0.00, real=0.09 secs] 
16609.935: [GC (Allocation Failure) 16609.935: [ParNew: 650745K->29400K(707840K), 0.0943930 secs] 1435575K->819120K(2018560K), 0.0948210 secs] [Times: user=0.18 sys=0.00, real=0.09 secs] 
16654.170: [GC (Allocation Failure) 16654.170: [ParNew: 658648K->35789K(707840K), 0.0940310 secs] 1448368K->830305K(2018560K), 0.0944170 secs] [Times: user=0.18 sys=0.00, real=0.09 secs] 
16693.389: [GC (Allocation Failure) 16693.389: [ParNew: 665037K->24117K(707840K), 0.0655390 secs] 1459553K->823042K(2018560K), 0.0658990 secs] [Times: user=0.13 sys=0.01, real=0.07 secs] 
16743.382: [GC (Allocation Failure) 16743.382: [ParNew: 653365K->34007K(707840K), 0.0921710 secs] 1452290K->838504K(2018560K), 0.0925960 secs] [Times: user=0.19 sys=0.00, real=0.09 secs] 
16796.689: [GC (Allocation Failure) 16796.689: [ParNew: 663255K->21420K(707840K), 0.0850680 secs] 1467752K->831869K(2018560K), 0.0854910 secs] [Times: user=0.16 sys=0.00, real=0.08 secs] 
16838.767: [GC (Allocation Failure) 16838.767: [ParNew: 650668K->20492K(707840K), 0.0794140 secs] 1461117K->834801K(2018560K), 0.0799100 secs] [Times: user=0.16 sys=0.00, real=0.08 secs] 
16886.493: [GC (Allocation Failure) 16886.493: [ParNew: 649740K->28870K(707840K), 0.0760770 secs] 1464049K->846712K(2018560K), 0.0764920 secs] [Times: user=0.15 sys=0.00, real=0.07 secs] 
16934.491: [GC (Allocation Failure) 16934.491: [ParNew: 658118K->23127K(707840K), 0.0678520 secs] 1475960K->843776K(2018560K), 0.0682070 secs] [Times: user=0.13 sys=0.00, real=0.07 secs] 
16957.628: [GC (Allocation Failure) 16957.628: [ParNew: 652375K->22657K(707840K), 0.1011160 secs] 1473024K->848623K(2018560K), 0.1015520 secs] [Times: user=0.20 sys=0.00, real=0.11 secs] 
17014.552: [GC (Allocation Failure) 17014.552: [ParNew: 651905K->26466K(707840K), 0.0938810 secs] 1477871K->856522K(2018560K), 0.0943210 secs] [Times: user=0.17 sys=0.01, real=0.09 secs] 
17070.328: [GC (Allocation Failure) 17070.328: [ParNew: 655714K->26167K(707840K), 0.0903770 secs] 1485770K->860770K(2018560K), 0.0907720 secs] [Times: user=0.17 sys=0.00, real=0.09 secs] 
17101.867: [GC (Allocation Failure) 17101.868: [ParNew: 655415K->25742K(707840K), 0.0950800 secs] 1490018K->866495K(2018560K), 0.0954680 secs] [Times: user=0.18 sys=0.00, real=0.09 secs] 
17121.256: [GC (Allocation Failure) 17121.256: [ParNew: 654990K->33966K(707840K), 0.0876150 secs] 1495743K->878029K(2018560K), 0.0880150 secs] [Times: user=0.17 sys=0.00, real=0.09 secs] 
17159.753: [GC (Allocation Failure) 17159.753: [ParNew: 663214K->23384K(707840K), 0.0917540 secs] 1507277K->871995K(2018560K), 0.0921650 secs] [Times: user=0.18 sys=0.00, real=0.09 secs] 
17199.390: [GC (Allocation Failure) 17199.391: [ParNew: 652632K->26436K(707840K), 0.0986280 secs] 1501243K->881664K(2018560K), 0.0990500 secs] [Times: user=0.18 sys=0.01, real=0.10 secs] 
17258.113: [GC (Allocation Failure) 17258.113: [ParNew: 655684K->17802K(707840K), 0.0872490 secs] 1510912K->877799K(2018560K), 0.0876450 secs] [Times: user=0.17 sys=0.00, real=0.09 secs] 
17308.901: [GC (Allocation Failure) 17308.901: [ParNew: 647050K->16673K(707840K), 0.0925620 secs] 1507047K->881779K(2018560K), 0.0929620 secs] [Times: user=0.18 sys=0.00, real=0.09 secs] 
17349.687: [GC (Allocation Failure) 17349.687: [ParNew: 645921K->22190K(707840K), 0.0724940 secs] 1511027K->892235K(2018560K), 0.0728510 secs] [Times: user=0.13 sys=0.01, real=0.07 secs] 
17407.101: [GC (Allocation Failure) 17407.101: [ParNew: 651438K->30743K(707840K), 0.0930190 secs] 1521483K->903339K(2018560K), 0.0934140 secs] [Times: user=0.18 sys=0.00, real=0.10 secs] 
17456.280: [GC (Allocation Failure) 17456.281: [ParNew: 659991K->21191K(707840K), 0.0904710 secs] 1532587K->897437K(2018560K), 0.0908800 secs] [Times: user=0.17 sys=0.00, real=0.09 secs] 
17493.599: [GC (Allocation Failure) 17493.599: [ParNew: 650439K->23665K(707840K), 0.0943750 secs] 1526685K->905901K(2018560K), 0.0948050 secs] [Times: user=0.18 sys=0.00, real=0.09 secs] 
17525.225: [GC (Allocation Failure) 17525.225: [ParNew: 652913K->32039K(707840K), 0.1040620 secs] 1535149K->918553K(2018560K), 0.1045420 secs] [Times: user=0.20 sys=0.00, real=0.11 secs] 
17554.479: [GC (Allocation Failure) 17554.479: [ParNew: 661287K->29035K(707840K), 0.0927500 secs] 1547801K->919641K(2018560K), 0.0931870 secs] [Times: user=0.18 sys=0.01, real=0.09 secs] 
17602.030: [GC (Allocation Failure) 17602.031: [ParNew: 658283K->19743K(707840K), 0.0953880 secs] 1548889K->916138K(2018560K), 0.0958040 secs] [Times: user=0.18 sys=0.00, real=0.09 secs] 
17628.776: [GC (Allocation Failure) 17628.776: [ParNew: 648939K->18490K(707840K), 0.0935000 secs] 1545334K->921815K(2018560K), 0.0939690 secs] [Times: user=0.19 sys=0.00, real=0.09 secs] 
17674.051: [GC (Allocation Failure) 17674.051: [ParNew: 647738K->23714K(707840K), 0.0751720 secs] 1551063K->929986K(2018560K), 0.0756380 secs] [Times: user=0.15 sys=0.01, real=0.08 secs] 
17703.923: [GC (Allocation Failure) 17703.923: [ParNew: 652962K->30821K(707840K), 0.0835030 secs] 1559234K->940302K(2018560K), 0.0839170 secs] [Times: user=0.16 sys=0.00, real=0.09 secs] 
17743.722: [GC (Allocation Failure) 17743.722: [ParNew: 660069K->21476K(707840K), 0.0872450 secs] 1569550K->934682K(2018560K), 0.0876850 secs] [Times: user=0.17 sys=0.01, real=0.08 secs] 
17787.328: [GC (Allocation Failure) 17787.328: [ParNew: 650724K->26233K(707840K), 0.0934160 secs] 1563930K->944590K(2018560K), 0.0939150 secs] [Times: user=0.18 sys=0.00, real=0.10 secs] 
17837.339: [GC (Allocation Failure) 17837.339: [ParNew: 655481K->25928K(707840K), 0.0944400 secs] 1573838K->950513K(2018560K), 0.0949450 secs] [Times: user=0.18 sys=0.00, real=0.09 secs] 
17869.821: [GC (Allocation Failure) 17869.822: [ParNew: 655176K->24532K(707840K), 0.0874390 secs] 1579761K->953188K(2018560K), 0.0878840 secs] [Times: user=0.17 sys=0.01, real=0.08 secs] 
17892.901: [GC (Allocation Failure) 17892.901: [ParNew: 653780K->26104K(707840K), 0.0760470 secs] 1582436K->958964K(2018560K), 0.0764990 secs] [Times: user=0.15 sys=0.01, real=0.08 secs] 
17937.622: [GC (Allocation Failure) 17937.622: [ParNew: 655352K->28277K(707840K), 0.0861770 secs] 1588212K->965932K(2018560K), 0.0866070 secs] [Times: user=0.16 sys=0.00, real=0.08 secs] 
17986.002: [GC (Allocation Failure) 17986.002: [ParNew: 657525K->18025K(707840K), 0.0890800 secs] 1595180K->961154K(2018560K), 0.0894840 secs] [Times: user=0.18 sys=0.00, real=0.09 secs] 
18028.450: [GC (Allocation Failure) 18028.451: [ParNew: 647273K->24450K(707840K), 0.0824560 secs] 1590402K->972187K(2018560K), 0.0828740 secs] [Times: user=0.16 sys=0.00, real=0.08 secs] 
18030.524: [Full GC (System.gc()) 18030.524: [CMS: 947737K->476195K(1310720K), 2.6909430 secs] 1016418K->476195K(2018560K), [Metaspace: 109596K->109596K(1148928K)], 2.6917270 secs] [Times: user=2.70 sys=0.00, real=2.69 secs] 
18075.344: [GC (Allocation Failure) 18075.344: [ParNew: 629248K->15882K(707840K), 0.0433090 secs] 1105443K->492078K(2018560K), 0.0437300 secs] [Times: user=0.09 sys=0.00, real=0.04 secs] 
18110.606: [GC (Allocation Failure) 18110.606: [ParNew: 645130K->19346K(707840K), 0.0615020 secs] 1121326K->495542K(2018560K), 0.0619450 secs] [Times: user=0.12 sys=0.01, real=0.06 secs] 
18142.489: [GC (Allocation Failure) 18142.489: [ParNew: 648594K->23510K(707840K), 0.0745050 secs] 1124790K->499706K(2018560K), 0.0749880 secs] [Times: user=0.15 sys=0.00, real=0.08 secs] 
18179.990: [GC (Allocation Failure) 18179.990: [ParNew: 652758K->34414K(707840K), 0.0899480 secs] 1128954K->515683K(2018560K), 0.0903880 secs] [Times: user=0.18 sys=0.00, real=0.09 secs] 
18230.518: [GC (Allocation Failure) 18230.518: [ParNew: 663662K->22764K(707840K), 0.0900020 secs] 1144931K->509280K(2018560K), 0.0903890 secs] [Times: user=0.18 sys=0.00, real=0.09 secs] 
18275.500: [GC (Allocation Failure) 18275.500: [ParNew: 652012K->24546K(707840K), 0.0741030 secs] 1138528K->515975K(2018560K), 0.0744600 secs] [Times: user=0.14 sys=0.00, real=0.08 secs] 
18328.769: [GC (Allocation Failure) 18328.769: [ParNew: 653794K->24441K(707840K), 0.0865140 secs] 1145223K->520080K(2018560K), 0.0869290 secs] [Times: user=0.17 sys=0.00, real=0.09 secs] 
18352.790: [GC (Allocation Failure) 18352.790: [ParNew: 653689K->24991K(707840K), 0.0889830 secs] 1149328K->525353K(2018560K), 0.0893850 secs] [Times: user=0.18 sys=0.00, real=0.09 secs] 
18394.029: [GC (Allocation Failure) 18394.029: [ParNew: 654239K->25702K(707840K), 0.0851340 secs] 1154601K->529054K(2018560K), 0.0855460 secs] [Times: user=0.17 sys=0.00, real=0.09 secs] 
18434.041: [GC (Allocation Failure) 18434.041: [ParNew: 654950K->18774K(707840K), 0.0892450 secs] 1158302K->527493K(2018560K), 0.0896270 secs] [Times: user=0.18 sys=0.00, real=0.09 secs] 
18468.650: [GC (Allocation Failure) 18468.650: [ParNew: 648022K->26708K(707840K), 0.0898240 secs] 1156741K->540025K(2018560K), 0.0902290 secs] [Times: user=0.18 sys=0.00, real=0.09 secs] 
18505.872: [GC (Allocation Failure) 18505.873: [ParNew: 655956K->27230K(707840K), 0.0781260 secs] 1169273K->545718K(2018560K), 0.0784960 secs] [Times: user=0.15 sys=0.00, real=0.08 secs] 
18531.567: [GC (Allocation Failure) 18531.567: [ParNew: 656478K->36467K(707840K), 0.0985320 secs] 1174966K->559813K(2018560K), 0.0989280 secs] [Times: user=0.19 sys=0.01, real=0.10 secs] 
18560.650: [GC (Allocation Failure) 18560.650: [ParNew: 665715K->31487K(707840K), 0.1003160 secs] 1189061K->560257K(2018560K), 0.1008260 secs] [Times: user=0.19 sys=0.00, real=0.10 secs] 
18597.144: [GC (Allocation Failure) 18597.144: [ParNew: 660735K->30843K(707840K), 0.0910850 secs] 1189505K->564074K(2018560K), 0.0914880 secs] [Times: user=0.18 sys=0.00, real=0.09 secs] 
18634.321: [GC (Allocation Failure) 18634.321: [ParNew: 660091K->29852K(707840K), 0.1000960 secs] 1193322K->569287K(2018560K), 0.1005030 secs] [Times: user=0.19 sys=0.00, real=0.10 secs] 
18663.096: [GC (Allocation Failure) 18663.096: [ParNew: 659100K->19574K(707840K), 0.1017560 secs] 1198535K->566211K(2018560K), 0.1021890 secs] [Times: user=0.20 sys=0.00, real=0.10 secs] 
18694.989: [GC (Allocation Failure) 18694.989: [ParNew: 648822K->28075K(707840K), 0.0941070 secs] 1195459K->579173K(2018560K), 0.0944970 secs] [Times: user=0.18 sys=0.01, real=0.09 secs] 
18725.299: [GC (Allocation Failure) 18725.300: [ParNew: 657323K->27460K(707840K), 0.0945700 secs] 1208421K->583659K(2018560K), 0.0950190 secs] [Times: user=0.18 sys=0.01, real=0.10 secs] 
18769.251: [GC (Allocation Failure) 18769.251: [ParNew: 656708K->26468K(707840K), 0.0933750 secs] 1212907K->587749K(2018560K), 0.0937640 secs] [Times: user=0.19 sys=0.00, real=0.09 secs] 
18800.006: [GC (Allocation Failure) 18800.006: [ParNew: 655716K->33529K(707840K), 0.0876890 secs] 1216997K->598880K(2018560K), 0.0880780 secs] [Times: user=0.17 sys=0.01, real=0.09 secs] 
18833.889: [GC (Allocation Failure) 18833.889: [ParNew: 662755K->21061K(707840K), 0.0853550 secs] 1228106K->590151K(2018560K), 0.0857520 secs] [Times: user=0.17 sys=0.00, real=0.08 secs] 
18867.831: [GC (Allocation Failure) 18867.832: [ParNew: 650309K->32198K(707840K), 0.0801780 secs] 1219399K->606122K(2018560K), 0.0805750 secs] [Times: user=0.16 sys=0.00, real=0.08 secs] 
18906.600: [GC (Allocation Failure) 18906.600: [ParNew: 661446K->27996K(707840K), 0.0954740 secs] 1235370K->607125K(2018560K), 0.0960000 secs] [Times: user=0.18 sys=0.00, real=0.09 secs] 
18930.690: [GC (Allocation Failure) 18930.690: [ParNew: 657244K->35125K(707840K), 0.0956270 secs] 1236373K->619405K(2018560K), 0.0961010 secs] [Times: user=0.19 sys=0.00, real=0.10 secs] 
18970.790: [GC (Allocation Failure) 18970.790: [ParNew: 664373K->20393K(707840K), 0.0905600 secs] 1248653K->610074K(2018560K), 0.0910240 secs] [Times: user=0.18 sys=0.00, real=0.09 secs] 
19004.054: [GC (Allocation Failure) 19004.054: [ParNew: 649641K->17873K(707840K), 0.0848480 secs] 1239322K->612854K(2018560K), 0.0852670 secs] [Times: user=0.17 sys=0.00, real=0.08 secs] 
19039.256: [GC (Allocation Failure) 19039.256: [ParNew: 647121K->25700K(707840K), 0.0860120 secs] 1242102K->625293K(2018560K), 0.0864250 secs] [Times: user=0.17 sys=0.01, real=0.09 secs] 
19080.026: [GC (Allocation Failure) 19080.026: [ParNew: 654948K->34859K(707840K), 0.0900460 secs] 1254541K->638803K(2018560K), 0.0904710 secs] [Times: user=0.18 sys=0.00, real=0.09 secs] 
19121.716: [GC (Allocation Failure) 19121.716: [ParNew: 664107K->17504K(707840K), 0.0730660 secs] 1268051K->626238K(2018560K), 0.0734160 secs] [Times: user=0.14 sys=0.01, real=0.07 secs] 
19165.114: [GC (Allocation Failure) 19165.114: [ParNew: 646752K->31233K(707840K), 0.0896260 secs] 1255486K->644126K(2018560K), 0.0900230 secs] [Times: user=0.17 sys=0.00, real=0.09 secs] 
19200.880: [GC (Allocation Failure) 19200.880: [ParNew: 660481K->18532K(707840K), 0.0884800 secs] 1273374K->636670K(2018560K), 0.0888770 secs] [Times: user=0.17 sys=0.00, real=0.09 secs] 
19228.841: [GC (Allocation Failure) 19228.841: [ParNew: 647780K->35901K(707840K), 0.0923120 secs] 1265918K->658670K(2018560K), 0.0927150 secs] [Times: user=0.18 sys=0.00, real=0.09 secs] 
19255.460: [GC (Allocation Failure) 19255.460: [ParNew: 665149K->24020K(707840K), 0.0973810 secs] 1287918K->653112K(2018560K), 0.0977840 secs] [Times: user=0.19 sys=0.00, real=0.10 secs] 
19289.388: [GC (Allocation Failure) 19289.389: [ParNew: 653268K->35061K(707840K), 0.0877040 secs] 1282360K->668217K(2018560K), 0.0882110 secs] [Times: user=0.17 sys=0.00, real=0.08 secs] 
19309.995: [GC (Allocation Failure) 19309.995: [ParNew: 664309K->28476K(707840K), 0.1041370 secs] 1297465K->668021K(2018560K), 0.1045850 secs] [Times: user=0.21 sys=0.00, real=0.10 secs] 
19338.156: [GC (Allocation Failure) 19338.156: [ParNew: 657724K->29492K(707840K), 0.0962060 secs] 1297269K->674701K(2018560K), 0.0966400 secs] [Times: user=0.19 sys=0.00, real=0.09 secs] 
19367.255: [GC (Allocation Failure) 19367.255: [ParNew: 658740K->39652K(707840K), 0.0941600 secs] 1303949K->689329K(2018560K), 0.0945820 secs] [Times: user=0.19 sys=0.00, real=0.10 secs] 
19410.498: [GC (Allocation Failure) 19410.498: [ParNew: 668900K->19546K(707840K), 0.1047900 secs] 1318577K->679482K(2018560K), 0.1052130 secs] [Times: user=0.20 sys=0.01, real=0.10 secs] 
19449.252: [GC (Allocation Failure) 19449.252: [ParNew: 648794K->22789K(707840K), 0.0743530 secs] 1308730K->686877K(2018560K), 0.0747610 secs] [Times: user=0.14 sys=0.01, real=0.07 secs] 
19474.921: [GC (Allocation Failure) 19474.922: [ParNew: 652037K->33068K(707840K), 0.0933520 secs] 1316125K->703033K(2018560K), 0.0937350 secs] [Times: user=0.18 sys=0.00, real=0.10 secs] 
19502.063: [GC (Allocation Failure) 19502.063: [ParNew: 662316K->26712K(707840K), 0.0924900 secs] 1332281K->700139K(2018560K), 0.0929120 secs] [Times: user=0.18 sys=0.00, real=0.09 secs] 
19536.037: [GC (Allocation Failure) 19536.037: [ParNew: 655960K->27882K(707840K), 0.0945760 secs] 1329387K->706332K(2018560K), 0.0950180 secs] [Times: user=0.18 sys=0.01, real=0.09 secs] 
19591.217: [GC (Allocation Failure) 19591.218: [ParNew: 657130K->19381K(707840K), 0.0926440 secs] 1335580K->705194K(2018560K), 0.0931330 secs] [Times: user=0.18 sys=0.00, real=0.09 secs] 
19632.144: [GC (Allocation Failure) 19632.144: [ParNew: 648629K->24868K(707840K), 0.0901000 secs] 1334442K->716249K(2018560K), 0.0905240 secs] [Times: user=0.17 sys=0.00, real=0.09 secs] 
19660.641: [GC (Allocation Failure) 19660.642: [ParNew: 654116K->24856K(707840K), 0.0890330 secs] 1345497K->719874K(2018560K), 0.0895020 secs] [Times: user=0.17 sys=0.00, real=0.09 secs] 
19697.560: [GC (Allocation Failure) 19697.560: [ParNew: 654104K->36822K(707840K), 0.0833990 secs] 1349122K->735335K(2018560K), 0.0838240 secs] [Times: user=0.16 sys=0.00, real=0.08 secs] 
19729.420: [GC (Allocation Failure) 19729.421: [ParNew: 666070K->23713K(707840K), 0.0990930 secs] 1364583K->728150K(2018560K), 0.0995230 secs] [Times: user=0.20 sys=0.00, real=0.10 secs] 
19763.929: [GC (Allocation Failure) 19763.929: [ParNew: 652961K->35919K(707840K), 0.0903400 secs] 1357398K->744757K(2018560K), 0.0908200 secs] [Times: user=0.18 sys=0.01, real=0.09 secs] 
19795.105: [GC (Allocation Failure) 19795.105: [ParNew: 665167K->29457K(707840K), 0.0990000 secs] 1374005K->742850K(2018560K), 0.0994110 secs] [Times: user=0.20 sys=0.00, real=0.10 secs] 
19831.558: [GC (Allocation Failure) 19831.558: [ParNew: 658705K->29695K(707840K), 0.0993080 secs] 1372098K->749081K(2018560K), 0.0997550 secs] [Times: user=0.19 sys=0.01, real=0.10 secs] 
19874.238: [GC (Allocation Failure) 19874.238: [ParNew: 658943K->20393K(707840K), 0.0804880 secs] 1378329K->745818K(2018560K), 0.0809390 secs] [Times: user=0.16 sys=0.00, real=0.08 secs] 
19916.146: [GC (Allocation Failure) 19916.146: [ParNew: 649641K->28892K(707840K), 0.0929290 secs] 1375066K->760211K(2018560K), 0.0933730 secs] [Times: user=0.18 sys=0.00, real=0.09 secs] 
19955.635: [GC (Allocation Failure) 19955.635: [ParNew: 658140K->22400K(707840K), 0.0909520 secs] 1389459K->759141K(2018560K), 0.0913550 secs] [Times: user=0.18 sys=0.00, real=0.09 secs] 
20011.487: [GC (Allocation Failure) 20011.487: [ParNew: 651648K->26068K(707840K), 0.0816800 secs] 1388389K->766794K(2018560K), 0.0820560 secs] [Times: user=0.16 sys=0.00, real=0.09 secs] 
20064.509: [GC (Allocation Failure) 20064.509: [ParNew: 655316K->16650K(707840K), 0.0791360 secs] 1396042K->761964K(2018560K), 0.0795170 secs] [Times: user=0.15 sys=0.00, real=0.08 secs] 
20119.578: [GC (Allocation Failure) 20119.578: [ParNew: 645898K->14323K(707840K), 0.0750190 secs] 1391212K->763573K(2018560K), 0.0754890 secs] [Times: user=0.15 sys=0.00, real=0.08 secs] 
20165.134: [GC (Allocation Failure) 20165.134: [ParNew: 643571K->20332K(707840K), 0.0715800 secs] 1392821K->773013K(2018560K), 0.0719660 secs] [Times: user=0.14 sys=0.00, real=0.07 secs] 
20219.180: [GC (Allocation Failure) 20219.180: [ParNew: 649580K->13423K(707840K), 0.0690780 secs] 1402261K->768963K(2018560K), 0.0694620 secs] [Times: user=0.13 sys=0.00, real=0.07 secs] 
20287.882: [GC (Allocation Failure) 20287.882: [ParNew: 642671K->19073K(707840K), 0.0822610 secs] 1398211K->777995K(2018560K), 0.0827630 secs] [Times: user=0.16 sys=0.01, real=0.08 secs] 
20339.432: [GC (Allocation Failure) 20339.432: [ParNew: 648321K->24732K(707840K), 0.0738970 secs] 1407243K->786136K(2018560K), 0.0742860 secs] [Times: user=0.15 sys=0.00, real=0.08 secs] 
20398.739: [GC (Allocation Failure) 20398.739: [ParNew: 653980K->16874K(707840K), 0.0676600 secs] 1415384K->780422K(2018560K), 0.0680730 secs] [Times: user=0.13 sys=0.00, real=0.07 secs] 
20464.023: [GC (Allocation Failure) 20464.023: [ParNew: 646122K->12252K(707840K), 0.0701250 secs] 1409670K->779774K(2018560K), 0.0705460 secs] [Times: user=0.14 sys=0.00, real=0.07 secs] 
20517.867: [GC (Allocation Failure) 20517.867: [ParNew: 641500K->11595K(707840K), 0.0674620 secs] 1409022K->783414K(2018560K), 0.0678390 secs] [Times: user=0.14 sys=0.00, real=0.07 secs] 
20595.485: [GC (Allocation Failure) 20595.485: [ParNew: 640843K->15909K(707840K), 0.0624440 secs] 1412662K->789844K(2018560K), 0.0628350 secs] [Times: user=0.12 sys=0.00, real=0.07 secs] 
20667.071: [GC (Allocation Failure) 20667.072: [ParNew: 645157K->20892K(707840K), 0.0690800 secs] 1419092K->796316K(2018560K), 0.0695440 secs] [Times: user=0.14 sys=0.00, real=0.07 secs] 
20731.606: [GC (Allocation Failure) 20731.607: [ParNew: 650140K->18530K(707840K), 0.0735490 secs] 1425564K->797403K(2018560K), 0.0739780 secs] [Times: user=0.14 sys=0.00, real=0.07 secs] 
20785.554: [GC (Allocation Failure) 20785.554: [ParNew: 647778K->18480K(707840K), 0.0720520 secs] 1426651K->799728K(2018560K), 0.0725050 secs] [Times: user=0.14 sys=0.00, real=0.08 secs] 
20843.925: [GC (Allocation Failure) 20843.925: [ParNew: 647728K->19863K(707840K), 0.0752710 secs] 1428976K->804874K(2018560K), 0.0756540 secs] [Times: user=0.15 sys=0.00, real=0.07 secs] 
20906.837: [GC (Allocation Failure) 20906.837: [ParNew: 649111K->20215K(707840K), 0.0631980 secs] 1434122K->808022K(2018560K), 0.0635460 secs] [Times: user=0.13 sys=0.00, real=0.06 secs] 
20975.345: [GC (Allocation Failure) 20975.346: [ParNew: 649463K->13846K(707840K), 0.0718510 secs] 1437270K->805429K(2018560K), 0.0722440 secs] [Times: user=0.14 sys=0.00, real=0.07 secs] 
21014.483: [GC (Allocation Failure) 21014.483: [ParNew: 643094K->18611K(707840K), 0.0659560 secs] 1434677K->813280K(2018560K), 0.0662870 secs] [Times: user=0.13 sys=0.00, real=0.06 secs] 
21045.115: [GC (Allocation Failure) 21045.115: [ParNew: 647859K->31465K(707840K), 0.0834830 secs] 1442528K->830388K(2018560K), 0.0838750 secs] [Times: user=0.16 sys=0.01, real=0.08 secs] 
21131.337: [GC (Allocation Failure) 21131.337: [ParNew: 660674K->20799K(707840K), 0.0726790 secs] 1459598K->821698K(2018560K), 0.0731170 secs] [Times: user=0.15 sys=0.00, real=0.08 secs] 
21210.259: [GC (Allocation Failure) 21210.259: [ParNew: 650047K->14995K(707840K), 0.0828610 secs] 1450946K->822578K(2018560K), 0.0832500 secs] [Times: user=0.16 sys=0.00, real=0.08 secs] 
21252.645: [GC (Allocation Failure) 21252.645: [ParNew: 644243K->20454K(707840K), 0.0658550 secs] 1451826K->833109K(2018560K), 0.0662850 secs] [Times: user=0.13 sys=0.00, real=0.07 secs] 
21325.914: [GC (Allocation Failure) 21325.915: [ParNew: 649702K->20808K(707840K), 0.0692770 secs] 1462357K->835834K(2018560K), 0.0697310 secs] [Times: user=0.13 sys=0.01, real=0.07 secs] 
21373.118: [GC (Allocation Failure) 21373.118: [ParNew: 650056K->27065K(707840K), 0.0790250 secs] 1465082K->845434K(2018560K), 0.0794410 secs] [Times: user=0.15 sys=0.00, real=0.08 secs] 
21389.983: [GC (Allocation Failure) 21389.983: [ParNew: 656313K->27095K(707840K), 0.1008180 secs] 1474682K->851017K(2018560K), 0.1012310 secs] [Times: user=0.18 sys=0.01, real=0.10 secs] 
21450.949: [GC (Allocation Failure) 21450.950: [ParNew: 656343K->28037K(707840K), 0.0647340 secs] 1480265K->854122K(2018560K), 0.0651900 secs] [Times: user=0.12 sys=0.00, real=0.06 secs] 
21515.672: [GC (Allocation Failure) 21515.672: [ParNew: 657285K->18440K(707840K), 0.0989130 secs] 1483370K->852587K(2018560K), 0.0994260 secs] [Times: user=0.19 sys=0.00, real=0.10 secs] 
21588.364: [GC (Allocation Failure) 21588.364: [ParNew: 647688K->15203K(707840K), 0.0783070 secs] 1481835K->853303K(2018560K), 0.0787830 secs] [Times: user=0.15 sys=0.00, real=0.08 secs] 
21612.835: [GC (Allocation Failure) 21612.835: [ParNew: 644451K->27794K(707840K), 0.0795660 secs] 1482551K->869894K(2018560K), 0.0799860 secs] [Times: user=0.16 sys=0.00, real=0.08 secs] 
21633.231: [Full GC (System.gc()) 21633.232: [CMS: 842099K->363287K(1310720K), 2.3150270 secs] 1158578K->363287K(2018560K), [Metaspace: 110158K->110158K(1148928K)], 2.3162030 secs] [Times: user=2.31 sys=0.02, real=2.32 secs] 
21665.600: [GC (Allocation Failure) 21665.600: [ParNew: 629248K->9717K(707840K), 0.0448750 secs] 992535K->373005K(2018560K), 0.0452970 secs] [Times: user=0.09 sys=0.00, real=0.04 secs] 
21683.028: [GC (Allocation Failure) 21683.029: [ParNew: 638965K->17130K(707840K), 0.0545920 secs] 1002253K->380418K(2018560K), 0.0550210 secs] [Times: user=0.11 sys=0.00, real=0.06 secs] 
21746.612: [GC (Allocation Failure) 21746.613: [ParNew: 646378K->25177K(707840K), 0.0626300 secs] 1009666K->388465K(2018560K), 0.0630580 secs] [Times: user=0.12 sys=0.01, real=0.06 secs] 
21801.719: [GC (Allocation Failure) 21801.719: [ParNew: 654425K->22670K(707840K), 0.0850020 secs] 1017713K->391831K(2018560K), 0.0853950 secs] [Times: user=0.16 sys=0.00, real=0.09 secs] 
21813.353: [GC (Allocation Failure) 21813.353: [ParNew: 651918K->32554K(707840K), 0.0942400 secs] 1021079K->407261K(2018560K), 0.0946060 secs] [Times: user=0.18 sys=0.01, real=0.09 secs] 
21838.396: [GC (Allocation Failure) 21838.396: [ParNew: 661802K->39556K(707840K), 0.0848040 secs] 1036509K->417371K(2018560K), 0.0852750 secs] [Times: user=0.17 sys=0.00, real=0.08 secs] 
21870.962: [GC (Allocation Failure) 21870.962: [ParNew: 668804K->25582K(707840K), 0.1042650 secs] 1046619K->409165K(2018560K), 0.1046990 secs] [Times: user=0.20 sys=0.00, real=0.10 secs] 
21903.484: [GC (Allocation Failure) 21903.484: [ParNew: 654830K->30938K(707840K), 0.1118760 secs] 1038413K->424678K(2018560K), 0.1123140 secs] [Times: user=0.22 sys=0.00, real=0.12 secs] 
21984.089: [GC (Allocation Failure) 21984.089: [ParNew: 660186K->19299K(707840K), 0.0823870 secs] 1053926K->416302K(2018560K), 0.0828250 secs] [Times: user=0.17 sys=0.00, real=0.08 secs] 
22060.569: [GC (Allocation Failure) 22060.569: [ParNew: 648547K->17692K(707840K), 0.0876270 secs] 1045550K->421779K(2018560K), 0.0880480 secs] [Times: user=0.17 sys=0.00, real=0.08 secs] 
22103.789: [GC (Allocation Failure) 22103.789: [ParNew: 646940K->21202K(707840K), 0.0791650 secs] 1051027K->429933K(2018560K), 0.0795800 secs] [Times: user=0.16 sys=0.00, real=0.08 secs] 
22163.521: [GC (Allocation Failure) 22163.521: [ParNew: 650450K->21640K(707840K), 0.0728190 secs] 1059181K->432208K(2018560K), 0.0732640 secs] [Times: user=0.15 sys=0.00, real=0.08 secs] 
22242.828: [GC (Allocation Failure) 22242.828: [ParNew: 650888K->29978K(707840K), 0.0877760 secs] 1061456K->443720K(2018560K), 0.0882280 secs] [Times: user=0.17 sys=0.00, real=0.08 secs] 
22302.950: [GC (Allocation Failure) 22302.950: [ParNew: 659226K->20659K(707840K), 0.0867540 secs] 1072968K->439884K(2018560K), 0.0871940 secs] [Times: user=0.17 sys=0.00, real=0.09 secs] 
22352.252: [GC (Allocation Failure) 22352.253: [ParNew: 649907K->22079K(707840K), 0.0818020 secs] 1069132K->445465K(2018560K), 0.0822030 secs] [Times: user=0.16 sys=0.00, real=0.08 secs] 
22408.136: [GC (Allocation Failure) 22408.136: [ParNew: 651327K->24130K(707840K), 0.0807020 secs] 1074713K->452523K(2018560K), 0.0810770 secs] [Times: user=0.16 sys=0.00, real=0.08 secs] 
22478.865: [GC (Allocation Failure) 22478.865: [ParNew: 653378K->18741K(707840K), 0.0699230 secs] 1081771K->450431K(2018560K), 0.0702850 secs] [Times: user=0.13 sys=0.00, real=0.07 secs] 
22530.643: [GC (Allocation Failure) 22530.643: [ParNew: 647989K->25584K(707840K), 0.0797960 secs] 1079679K->461026K(2018560K), 0.0801990 secs] [Times: user=0.16 sys=0.00, real=0.08 secs] 
22572.212: [GC (Allocation Failure) 22572.212: [ParNew: 654832K->24609K(707840K), 0.0749470 secs] 1090274K->463369K(2018560K), 0.0753290 secs] [Times: user=0.15 sys=0.00, real=0.08 secs] 
22639.166: [GC (Allocation Failure) 22639.166: [ParNew: 653857K->25326K(707840K), 0.0861070 secs] 1092617K->468331K(2018560K), 0.0865430 secs] [Times: user=0.17 sys=0.00, real=0.09 secs] 
22722.139: [GC (Allocation Failure) 22722.152: [ParNew: 654574K->18370K(707840K), 0.0880870 secs] 1097579K->468471K(2018560K), 0.1006550 secs] [Times: user=0.17 sys=0.00, real=0.10 secs] 
22791.565: [GC (Allocation Failure) 22791.565: [ParNew: 647618K->21705K(707840K), 0.0706100 secs] 1097719K->475095K(2018560K), 0.0710710 secs] [Times: user=0.14 sys=0.00, real=0.07 secs] 
22818.486: [GC (Allocation Failure) 22818.486: [ParNew: 650953K->28427K(707840K), 0.0783690 secs] 1104343K->486100K(2018560K), 0.0787680 secs] [Times: user=0.16 sys=0.00, real=0.08 secs] 
22871.198: [GC (Allocation Failure) 22871.199: [ParNew: 657675K->24196K(707840K), 0.0773890 secs] 1115348K->484204K(2018560K), 0.0778330 secs] [Times: user=0.15 sys=0.00, real=0.08 secs] 
22930.996: [GC (Allocation Failure) 22930.996: [ParNew: 653444K->22823K(707840K), 0.0796960 secs] 1113452K->487292K(2018560K), 0.0801110 secs] [Times: user=0.15 sys=0.00, real=0.08 secs] 
23014.020: [GC (Allocation Failure) 23014.020: [ParNew: 652071K->15681K(707840K), 0.0833580 secs] 1116540K->485820K(2018560K), 0.0837860 secs] [Times: user=0.16 sys=0.00, real=0.09 secs] 
23076.584: [GC (Allocation Failure) 23076.584: [ParNew: 644929K->22320K(707840K), 0.0794520 secs] 1115068K->496045K(2018560K), 0.0799020 secs] [Times: user=0.16 sys=0.00, real=0.08 secs] 
23112.541: [GC (Allocation Failure) 23112.541: [ParNew: 651568K->33211K(707840K), 0.0801720 secs] 1125293K->510138K(2018560K), 0.0806050 secs] [Times: user=0.16 sys=0.00, real=0.08 secs] 
23178.191: [GC (Allocation Failure) 23178.192: [ParNew: 662439K->23179K(707840K), 0.0852570 secs] 1139366K->505915K(2018560K), 0.0856880 secs] [Times: user=0.17 sys=0.00, real=0.08 secs] 
23234.526: [GC (Allocation Failure) 23234.526: [ParNew: 652427K->29746K(707840K), 0.0806200 secs] 1135163K->517053K(2018560K), 0.0810310 secs] [Times: user=0.16 sys=0.00, real=0.08 secs] 
23296.130: [GC (Allocation Failure) 23296.130: [ParNew: 658994K->20792K(707840K), 0.0777710 secs] 1146301K->512290K(2018560K), 0.0782070 secs] [Times: user=0.15 sys=0.00, real=0.08 secs] 
23361.950: [GC (Allocation Failure) 23361.950: [ParNew: 650040K->29220K(707840K), 0.0680730 secs] 1141538K->524613K(2018560K), 0.0683900 secs] [Times: user=0.14 sys=0.00, real=0.07 secs] 
23419.988: [GC (Allocation Failure) 23419.988: [ParNew: 658468K->33885K(707840K), 0.0756650 secs] 1153861K->532708K(2018560K), 0.0760820 secs] [Times: user=0.15 sys=0.00, real=0.07 secs] 
23491.067: [GC (Allocation Failure) 23491.067: [ParNew: 663133K->22200K(707840K), 0.0899620 secs] 1161956K->526509K(2018560K), 0.0903650 secs] [Times: user=0.18 sys=0.00, real=0.09 secs] 
23552.996: [GC (Allocation Failure) 23552.996: [ParNew: 651448K->33859K(707840K), 0.0907610 secs] 1155757K->544013K(2018560K), 0.0911420 secs] [Times: user=0.18 sys=0.00, real=0.09 secs] 
23606.925: [GC (Allocation Failure) 23606.925: [ParNew: 663107K->22830K(707840K), 0.0893570 secs] 1173261K->537308K(2018560K), 0.0897490 secs] [Times: user=0.18 sys=0.00, real=0.09 secs] 
23663.404: [GC (Allocation Failure) 23663.404: [ParNew: 652078K->38124K(707840K), 0.0978890 secs] 1166556K->558450K(2018560K), 0.0982970 secs] [Times: user=0.19 sys=0.01, real=0.10 secs] 
23712.600: [GC (Allocation Failure) 23712.600: [ParNew: 667372K->25297K(707840K), 0.0942540 secs] 1187698K->552036K(2018560K), 0.1008350 secs] [Times: user=0.18 sys=0.00, real=0.10 secs] 
23756.342: [GC (Allocation Failure) 23756.343: [ParNew: 654545K->27899K(707840K), 0.0840180 secs] 1181284K->560526K(2018560K), 0.0844100 secs] [Times: user=0.16 sys=0.00, real=0.09 secs] 
23817.948: [GC (Allocation Failure) 23817.948: [ParNew: 657147K->17314K(707840K), 0.0735140 secs] 1189774K->554797K(2018560K), 0.0738830 secs] [Times: user=0.15 sys=0.00, real=0.07 secs] 
23888.549: [GC (Allocation Failure) 23888.550: [ParNew: 646562K->14803K(707840K), 0.0759390 secs] 1184045K->554980K(2018560K), 0.0763490 secs] [Times: user=0.15 sys=0.00, real=0.07 secs] 
23937.454: [GC (Allocation Failure) 23937.455: [ParNew: 644051K->27666K(707840K), 0.0726040 secs] 1184228K->571353K(2018560K), 0.0730160 secs] [Times: user=0.14 sys=0.01, real=0.07 secs] 
23982.686: [GC (Allocation Failure) 23982.686: [ParNew: 656914K->22943K(707840K), 0.0773770 secs] 1200601K->568688K(2018560K), 0.0777980 secs] [Times: user=0.14 sys=0.00, real=0.08 secs] 
24051.265: [GC (Allocation Failure) 24051.265: [ParNew: 652191K->24556K(707840K), 0.0798680 secs] 1197936K->574806K(2018560K), 0.0803220 secs] [Times: user=0.16 sys=0.00, real=0.08 secs] 
24108.419: [GC (Allocation Failure) 24108.419: [ParNew: 653804K->24943K(707840K), 0.0874840 secs] 1204054K->580155K(2018560K), 0.0879190 secs] [Times: user=0.17 sys=0.00, real=0.09 secs] 
24163.295: [GC (Allocation Failure) 24163.295: [ParNew: 654191K->26211K(707840K), 0.0825500 secs] 1209403K->586617K(2018560K), 0.0829720 secs] [Times: user=0.16 sys=0.00, real=0.08 secs] 
24226.564: [GC (Allocation Failure) 24226.564: [ParNew: 655459K->25795K(707840K), 0.0802890 secs] 1215865K->590164K(2018560K), 0.0807060 secs] [Times: user=0.15 sys=0.00, real=0.08 secs] 
24271.122: [GC (Allocation Failure) 24271.122: [ParNew: 655043K->34921K(707840K), 0.0910180 secs] 1219412K->605185K(2018560K), 0.0914010 secs] [Times: user=0.18 sys=0.00, real=0.09 secs] 
24334.304: [GC (Allocation Failure) 24334.304: [ParNew: 664169K->23120K(707840K), 0.0812810 secs] 1234433K->598130K(2018560K), 0.0816960 secs] [Times: user=0.16 sys=0.01, real=0.09 secs] 
24395.957: [GC (Allocation Failure) 24395.957: [ParNew: 652368K->32923K(707840K), 0.0814650 secs] 1227378K->611445K(2018560K), 0.0819170 secs] [Times: user=0.16 sys=0.00, real=0.08 secs] 
24460.102: [GC (Allocation Failure) 24460.102: [ParNew: 662171K->22379K(707840K), 0.0849180 secs] 1240693K->607078K(2018560K), 0.0853590 secs] [Times: user=0.17 sys=0.00, real=0.09 secs] 
24520.524: [GC (Allocation Failure) 24520.524: [ParNew: 651627K->29599K(707840K), 0.0759080 secs] 1236326K->617862K(2018560K), 0.0763260 secs] [Times: user=0.15 sys=0.00, real=0.07 secs] 
24571.098: [GC (Allocation Failure) 24571.098: [ParNew: 658847K->20382K(707840K), 0.0824450 secs] 1247110K->612925K(2018560K), 0.0828620 secs] [Times: user=0.16 sys=0.00, real=0.09 secs] 
24621.462: [GC (Allocation Failure) 24621.462: [ParNew: 649630K->31401K(707840K), 0.0855020 secs] 1242173K->628613K(2018560K), 0.0859640 secs] [Times: user=0.16 sys=0.00, real=0.09 secs] 
24671.072: [GC (Allocation Failure) 24671.073: [ParNew: 660649K->21261K(707840K), 0.0880770 secs] 1257861K->624026K(2018560K), 0.0885010 secs] [Times: user=0.17 sys=0.00, real=0.09 secs] 
24735.516: [GC (Allocation Failure) 24735.517: [ParNew: 650509K->24605K(707840K), 0.0784310 secs] 1253274K->630898K(2018560K), 0.0788460 secs] [Times: user=0.15 sys=0.00, real=0.08 secs] 
24794.845: [GC (Allocation Failure) 24794.845: [ParNew: 653853K->25695K(707840K), 0.0727310 secs] 1260146K->636690K(2018560K), 0.0730430 secs] [Times: user=0.14 sys=0.00, real=0.07 secs] 
24863.999: [GC (Allocation Failure) 24863.999: [ParNew: 654943K->18108K(707840K), 0.0805350 secs] 1265938K->634277K(2018560K), 0.0809600 secs] [Times: user=0.16 sys=0.00, real=0.08 secs] 
24918.849: [GC (Allocation Failure) 24918.850: [ParNew: 647356K->32838K(707840K), 0.0796350 secs] 1263525K->652657K(2018560K), 0.0800390 secs] [Times: user=0.16 sys=0.00, real=0.08 secs] 
24975.814: [GC (Allocation Failure) 24975.815: [ParNew: 662086K->22307K(707840K), 0.0882200 secs] 1281905K->647390K(2018560K), 0.0886240 secs] [Times: user=0.17 sys=0.00, real=0.09 secs] 
25044.462: [GC (Allocation Failure) 25044.462: [ParNew: 651555K->32291K(707840K), 0.0852050 secs] 1276638K->661356K(2018560K), 0.0856140 secs] [Times: user=0.17 sys=0.00, real=0.09 secs] 
25120.019: [GC (Allocation Failure) 25120.019: [ParNew: 661539K->22410K(707840K), 0.0884000 secs] 1290604K->657167K(2018560K), 0.0888490 secs] [Times: user=0.17 sys=0.00, real=0.09 secs] 
25179.675: [GC (Allocation Failure) 25179.675: [ParNew: 651658K->33102K(707840K), 0.0925100 secs] 1286415K->673594K(2018560K), 0.0928910 secs] [Times: user=0.18 sys=0.00, real=0.10 secs] 
25235.563: [Full GC (System.gc()) 25235.563: [CMS: 640492K->323640K(1310720K), 2.0958860 secs] 1209192K->323640K(2018560K), [Metaspace: 110417K->110417K(1150976K)], 2.0969330 secs] [Times: user=2.09 sys=0.01, real=2.09 secs] 
25304.444: [GC (Allocation Failure) 25304.445: [ParNew: 629248K->11011K(707840K), 0.0424360 secs] 952888K->334652K(2018560K), 0.0429310 secs] [Times: user=0.09 sys=0.00, real=0.04 secs] 
25368.461: [GC (Allocation Failure) 25368.461: [ParNew: 640259K->20801K(707840K), 0.0642820 secs] 963900K->344441K(2018560K), 0.0647100 secs] [Times: user=0.13 sys=0.00, real=0.07 secs] 
25448.301: [GC (Allocation Failure) 25448.301: [ParNew: 650049K->29249K(707840K), 0.0699750 secs] 973689K->352890K(2018560K), 0.0704840 secs] [Times: user=0.13 sys=0.00, real=0.07 secs] 
25527.809: [GC (Allocation Failure) 25527.809: [ParNew: 658497K->27649K(707840K), 0.0862490 secs] 982138K->357399K(2018560K), 0.0866550 secs] [Times: user=0.17 sys=0.00, real=0.09 secs] 
25636.502: [GC (Allocation Failure) 25636.502: [ParNew: 656897K->19147K(707840K), 0.0893400 secs] 986647K->357306K(2018560K), 0.0897270 secs] [Times: user=0.18 sys=0.00, real=0.09 secs] 
25745.820: [GC (Allocation Failure) 25745.820: [ParNew: 648395K->23110K(707840K), 0.0619270 secs] 986554K->364339K(2018560K), 0.0622610 secs] [Times: user=0.12 sys=0.00, real=0.06 secs] 
25876.260: [GC (Allocation Failure) 25876.346: [ParNew: 652358K->14575K(707840K), 0.0731300 secs] 993587K->359894K(2018560K), 0.1597050 secs] [Times: user=0.14 sys=0.00, real=0.16 secs] 
25990.602: [GC (Allocation Failure) 25990.602: [ParNew: 643823K->13300K(707840K), 0.0635700 secs] 989142K->360659K(2018560K), 0.0639530 secs] [Times: user=0.13 sys=0.00, real=0.07 secs] 
26130.021: [GC (Allocation Failure) 26130.021: [ParNew: 642548K->18979K(707840K), 0.0635400 secs] 989907K->369394K(2018560K), 0.0639500 secs] [Times: user=0.13 sys=0.00, real=0.06 secs] 
26257.631: [GC (Allocation Failure) 26257.631: [ParNew: 648227K->18017K(707840K), 0.0663130 secs] 998642K->372154K(2018560K), 0.0666900 secs] [Times: user=0.13 sys=0.00, real=0.07 secs] 
26399.475: [GC (Allocation Failure) 26399.475: [ParNew: 647265K->13999K(707840K), 0.0594990 secs] 1001402K->371233K(2018560K), 0.0598840 secs] [Times: user=0.12 sys=0.00, real=0.06 secs] 
26561.144: [GC (Allocation Failure) 26561.145: [ParNew: 643247K->17840K(707840K), 0.0612740 secs] 1000481K->377045K(2018560K), 0.0617010 secs] [Times: user=0.12 sys=0.00, real=0.06 secs] 
26725.606: [GC (Allocation Failure) 26725.606: [ParNew: 647088K->18021K(707840K), 0.0587090 secs] 1006293K->379654K(2018560K), 0.0590970 secs] [Times: user=0.11 sys=0.01, real=0.06 secs] 
26993.240: [GC (Allocation Failure) 26993.240: [ParNew: 647269K->18197K(707840K), 0.0652850 secs] 1008902K->381527K(2018560K), 0.0656780 secs] [Times: user=0.13 sys=0.00, real=0.06 secs] 
27251.033: [GC (Allocation Failure) 27251.034: [ParNew: 647445K->13179K(707840K), 0.0569370 secs] 1010775K->379371K(2018560K), 0.0573220 secs] [Times: user=0.11 sys=0.00, real=0.06 secs] 
27515.903: [GC (Allocation Failure) 27515.903: [ParNew: 642427K->15284K(707840K), 0.0447110 secs] 1008619K->383127K(2018560K), 0.0450900 secs] [Times: user=0.08 sys=0.00, real=0.05 secs] 
27866.930: [GC (Allocation Failure) 27866.930: [ParNew: 644525K->16335K(707840K), 0.0545240 secs] 1012368K->386529K(2018560K), 0.0549110 secs] [Times: user=0.11 sys=0.00, real=0.06 secs] 
Heap
 par new generation   total 707840K, used 619177K [0x0000000080000000, 0x00000000b0000000, 0x00000000b0000000)
  eden space 629248K,  95% used [0x0000000080000000, 0x00000000a4cb6a30, 0x00000000a6680000)
  from space 78592K,  20% used [0x00000000ab340000, 0x00000000ac333ca8, 0x00000000b0000000)
  to   space 78592K,   0% used [0x00000000a6680000, 0x00000000a6680000, 0x00000000ab340000)
 concurrent mark-sweep generation total 1310720K, used 370194K [0x00000000b0000000, 0x0000000100000000, 0x0000000100000000)
 Metaspace       used 110553K, capacity 115008K, committed 115368K, reserved 1150976K
  class space    used 13437K, capacity 14510K, committed 14608K, reserved 1048576K
