Java HotSpot(TM) 64-Bit Server VM (25.91-b14) for linux-amd64 JRE (1.8.0_91-b14), built on Apr  1 2016 00:57:21 by "java_re" with gcc 4.3.0 20080428 (Red Hat 4.3.0-8)
Memory: 4k page, physical 32949060k(27329612k free), swap 4192956k(2314528k free)
CommandLine flags: -XX:InitialHeapSize=2147483648 -XX:InitialTenuringThreshold=3 -XX:MaxHeapSize=2147483648 -XX:MaxNewSize=805306368 -XX:MaxTenuringThreshold=3 -XX:NewSize=805306368 -XX:OldPLABSize=16 -XX:ParallelGCThreads=2 -XX:+PrintGC -XX:+PrintGCDetails -XX:+PrintGCTimeStamps -XX:+UseCompressedClassPointers -XX:+UseCompressedOops -XX:+UseConcMarkSweepGC -XX:+UseParNewGC 
4.275: [GC (Allocation Failure) 4.276: [ParNew: 629248K->13423K(707840K), 0.0429240 secs] 629248K->13423K(2018560K), 0.0431920 secs] [Times: user=0.07 sys=0.01, real=0.05 secs] 
4.399: [Full GC (System.gc()) 4.399: [CMS: 0K->9150K(1310720K), 0.0876300 secs] 115530K->9150K(2018560K), [Metaspace: 18339K->18339K(1067008K)], 0.0882460 secs] [Times: user=0.08 sys=0.01, real=0.09 secs] 
13.012: [Full GC (System.gc()) 13.012: [CMS: 9150K->44479K(1310720K), 0.4594300 secs] 637441K->44479K(2018560K), [Metaspace: 28069K->28069K(1075200K)], 0.4615320 secs] [Times: user=0.41 sys=0.01, real=0.46 secs] 
25.393: [GC (Allocation Failure) 25.394: [ParNew: 629248K->48054K(707840K), 0.1719120 secs] 673727K->92533K(2018560K), 0.1721720 secs] [Times: user=0.24 sys=0.02, real=0.17 secs] 
25.579: [GC (CMS Initial Mark) [1 CMS-initial-mark: 44479K(1310720K)] 102306K(2018560K), 0.1010470 secs] [Times: user=0.08 sys=0.00, real=0.10 secs] 
25.681: [CMS-concurrent-mark-start]
26.377: [CMS-concurrent-mark: 0.109/0.697 secs] [Times: user=0.49 sys=0.00, real=0.69 secs] 
26.377: [CMS-concurrent-preclean-start]
26.383: [CMS-concurrent-preclean: 0.006/0.006 secs] [Times: user=0.02 sys=0.00, real=0.01 secs] 
26.383: [CMS-concurrent-abortable-preclean-start]
 CMS: abort preclean due to time 31.599: [CMS-concurrent-abortable-preclean: 4.328/5.216 secs] [Times: user=7.74 sys=0.09, real=5.21 secs] 
31.654: [GC (CMS Final Remark) [YG occupancy: 111541 K (707840 K)]31.654: [Rescan (parallel) , 0.0751970 secs]31.729: [weak refs processing, 0.0000670 secs]31.730: [class unloading, 0.0123930 secs]31.742: [scrub symbol table, 0.0142690 secs]31.756: [scrub string table, 0.0026700 secs][1 CMS-remark: 44479K(1310720K)] 156021K(2018560K), 0.1058080 secs] [Times: user=0.16 sys=0.00, real=0.10 secs] 
31.761: [CMS-concurrent-sweep-start]
31.815: [CMS-concurrent-sweep: 0.049/0.054 secs] [Times: user=0.08 sys=0.00, real=0.06 secs] 
31.815: [CMS-concurrent-reset-start]
31.852: [CMS-concurrent-reset: 0.036/0.037 secs] [Times: user=0.06 sys=0.01, real=0.04 secs] 
36.111: [GC (Allocation Failure) 36.112: [ParNew: 677302K->71453K(707840K), 0.8965270 secs] 719740K->163942K(2018560K), 0.8968310 secs] [Times: user=1.96 sys=0.08, real=0.90 secs] 
63.972: [GC (Allocation Failure) 63.972: [ParNew: 700701K->71414K(707840K), 0.2090950 secs] 793190K->185778K(2018560K), 0.2094460 secs] [Times: user=0.39 sys=0.01, real=0.21 secs] 
239.436: [GC (Allocation Failure) 239.436: [ParNew: 700662K->51458K(707840K), 0.1045660 secs] 815026K->165822K(2018560K), 0.1048900 secs] [Times: user=0.20 sys=0.01, real=0.10 secs] 
240.756: [GC (Allocation Failure) 240.756: [ParNew: 680706K->36069K(707840K), 0.1653410 secs] 795070K->189339K(2018560K), 0.1656430 secs] [Times: user=0.30 sys=0.02, real=0.16 secs] 
254.004: [GC (Allocation Failure) 254.004: [ParNew: 665317K->9888K(707840K), 0.0273340 secs] 818587K->163158K(2018560K), 0.0276960 secs] [Times: user=0.05 sys=0.00, real=0.03 secs] 
784.713: [GC (Allocation Failure) 784.714: [ParNew: 639136K->9347K(707840K), 0.0491570 secs] 792406K->166344K(2018560K), 0.0495260 secs] [Times: user=0.09 sys=0.01, real=0.05 secs] 
910.413: [GC (Allocation Failure) 910.414: [ParNew: 638595K->15532K(707840K), 0.0427150 secs] 795592K->172529K(2018560K), 0.0430350 secs] [Times: user=0.08 sys=0.00, real=0.05 secs] 
991.056: [GC (Allocation Failure) 991.056: [ParNew: 644780K->21699K(707840K), 0.0598460 secs] 801777K->179660K(2018560K), 0.0602240 secs] [Times: user=0.12 sys=0.00, real=0.06 secs] 
1039.156: [GC (CMS Initial Mark) [1 CMS-initial-mark: 157960K(1310720K)] 701580K(2018560K), 0.3989840 secs] [Times: user=0.80 sys=0.00, real=0.40 secs] 
1039.555: [CMS-concurrent-mark-start]
1039.986: [CMS-concurrent-mark: 0.428/0.431 secs] [Times: user=0.51 sys=0.02, real=0.43 secs] 
1039.986: [CMS-concurrent-preclean-start]
1040.002: [CMS-concurrent-preclean: 0.013/0.016 secs] [Times: user=0.01 sys=0.00, real=0.01 secs] 
1040.002: [CMS-concurrent-abortable-preclean-start]
 CMS: abort preclean due to time 1045.218: [CMS-concurrent-abortable-preclean: 4.697/5.216 secs] [Times: user=5.12 sys=0.04, real=5.22 secs] 
1045.220: [GC (CMS Final Remark) [YG occupancy: 570144 K (707840 K)]1045.220: [Rescan (parallel) , 0.3744610 secs]1045.594: [weak refs processing, 0.0042000 secs]1045.598: [class unloading, 0.0214770 secs]1045.620: [scrub symbol table, 0.0144840 secs]1045.635: [scrub string table, 0.0025200 secs][1 CMS-remark: 157960K(1310720K)] 728104K(2018560K), 0.4190590 secs] [Times: user=0.80 sys=0.00, real=0.42 secs] 
1045.639: [CMS-concurrent-sweep-start]
1045.737: [CMS-concurrent-sweep: 0.097/0.098 secs] [Times: user=0.10 sys=0.00, real=0.10 secs] 
1045.737: [CMS-concurrent-reset-start]
1045.740: [CMS-concurrent-reset: 0.003/0.003 secs] [Times: user=0.00 sys=0.00, real=0.00 secs] 
1057.988: [GC (Allocation Failure) 1057.989: [ParNew: 650947K->34565K(707840K), 0.0772420 secs] 806218K->194805K(2018560K), 0.0776040 secs] [Times: user=0.15 sys=0.00, real=0.07 secs] 
1106.783: [GC (Allocation Failure) 1106.783: [ParNew: 663813K->29929K(707840K), 0.0870280 secs] 824053K->195045K(2018560K), 0.0874010 secs] [Times: user=0.17 sys=0.01, real=0.09 secs] 
1164.609: [GC (Allocation Failure) 1164.609: [ParNew: 659177K->40000K(707840K), 0.0956930 secs] 824293K->211008K(2018560K), 0.0961580 secs] [Times: user=0.18 sys=0.00, real=0.10 secs] 
1212.903: [GC (Allocation Failure) 1212.903: [ParNew: 669248K->35557K(707840K), 0.1052690 secs] 840256K->213615K(2018560K), 0.1056480 secs] [Times: user=0.20 sys=0.00, real=0.10 secs] 
1241.885: [GC (Allocation Failure) 1241.886: [ParNew: 664805K->52552K(707840K), 0.1227630 secs] 842863K->239526K(2018560K), 0.1231560 secs] [Times: user=0.24 sys=0.00, real=0.12 secs] 
1273.801: [GC (Allocation Failure) 1273.899: [ParNew: 681800K->44016K(707840K), 0.1221630 secs] 868774K->239827K(2018560K), 0.2208270 secs] [Times: user=0.24 sys=0.00, real=0.22 secs] 
1304.564: [GC (Allocation Failure) 1304.564: [ParNew: 673264K->53203K(707840K), 0.1205340 secs] 869075K->257850K(2018560K), 0.1209690 secs] [Times: user=0.29 sys=0.01, real=0.13 secs] 
1340.537: [GC (Allocation Failure) 1340.537: [ParNew: 682451K->34946K(707840K), 0.1196830 secs] 887098K->249998K(2018560K), 0.1200550 secs] [Times: user=0.23 sys=0.00, real=0.12 secs] 
1368.647: [GC (Allocation Failure) 1368.647: [ParNew: 664194K->34513K(707840K), 0.0978640 secs] 879246K->258480K(2018560K), 0.0982450 secs] [Times: user=0.19 sys=0.00, real=0.10 secs] 
1401.055: [GC (Allocation Failure) 1401.055: [ParNew: 663761K->37943K(707840K), 0.1104610 secs] 887728K->269353K(2018560K), 0.1108150 secs] [Times: user=0.21 sys=0.00, real=0.11 secs] 
1436.852: [GC (Allocation Failure) 1436.852: [ParNew: 667191K->38091K(707840K), 0.0965380 secs] 898601K->277164K(2018560K), 0.0969030 secs] [Times: user=0.18 sys=0.01, real=0.10 secs] 
1459.141: [GC (Allocation Failure) 1459.141: [ParNew: 667339K->39251K(707840K), 0.1175820 secs] 906412K->287376K(2018560K), 0.1179480 secs] [Times: user=0.22 sys=0.01, real=0.12 secs] 
1488.856: [GC (Allocation Failure) 1488.856: [ParNew: 668499K->39070K(707840K), 0.1163050 secs] 916624K->294716K(2018560K), 0.1166830 secs] [Times: user=0.22 sys=0.00, real=0.11 secs] 
1521.578: [GC (Allocation Failure) 1521.578: [ParNew: 668318K->26184K(707840K), 0.1117460 secs] 923964K->290170K(2018560K), 0.1122010 secs] [Times: user=0.22 sys=0.01, real=0.11 secs] 
1551.759: [GC (Allocation Failure) 1551.759: [ParNew: 655432K->24769K(707840K), 0.1128040 secs] 919418K->298029K(2018560K), 0.1132160 secs] [Times: user=0.22 sys=0.00, real=0.11 secs] 
1581.463: [GC (Allocation Failure) 1581.463: [ParNew: 654017K->22669K(707840K), 0.1030360 secs] 927277K->302862K(2018560K), 0.1034140 secs] [Times: user=0.19 sys=0.01, real=0.10 secs] 
1622.022: [GC (Allocation Failure) 1622.023: [ParNew: 651917K->31816K(707840K), 0.0975050 secs] 932110K->317673K(2018560K), 0.0978870 secs] [Times: user=0.19 sys=0.00, real=0.10 secs] 
1677.742: [GC (Allocation Failure) 1677.742: [ParNew: 661064K->30984K(707840K), 0.1042390 secs] 946921K->322323K(2018560K), 0.1046200 secs] [Times: user=0.20 sys=0.00, real=0.10 secs] 
1723.528: [GC (Allocation Failure) 1723.528: [ParNew: 660232K->21796K(707840K), 0.1018640 secs] 951571K->320633K(2018560K), 0.1022490 secs] [Times: user=0.21 sys=0.00, real=0.11 secs] 
1768.219: [GC (Allocation Failure) 1768.219: [ParNew: 651044K->30540K(707840K), 0.0951620 secs] 949881K->335039K(2018560K), 0.0955450 secs] [Times: user=0.19 sys=0.00, real=0.09 secs] 
1800.770: [GC (Allocation Failure) 1800.771: [ParNew: 659788K->29671K(707840K), 0.1034720 secs] 964287K->341051K(2018560K), 0.1038680 secs] [Times: user=0.20 sys=0.01, real=0.10 secs] 
1822.412: [GC (Allocation Failure) 1822.412: [ParNew: 658919K->39799K(707840K), 0.1066170 secs] 970299K->355917K(2018560K), 0.1070110 secs] [Times: user=0.21 sys=0.00, real=0.11 secs] 
1855.739: [GC (Allocation Failure) 1855.739: [ParNew: 669014K->36151K(707840K), 0.1080740 secs] 985132K->358220K(2018560K), 0.1084680 secs] [Times: user=0.21 sys=0.00, real=0.10 secs] 
1907.696: [GC (Allocation Failure) 1907.696: [ParNew: 665399K->23558K(707840K), 0.1034640 secs] 987468K->352589K(2018560K), 0.1038520 secs] [Times: user=0.20 sys=0.01, real=0.11 secs] 
1962.440: [GC (Allocation Failure) 1962.440: [ParNew: 652806K->21009K(707840K), 0.1049680 secs] 981837K->358988K(2018560K), 0.1053430 secs] [Times: user=0.20 sys=0.00, real=0.11 secs] 
2024.103: [GC (Allocation Failure) 2024.103: [ParNew: 650257K->27512K(707840K), 0.0735370 secs] 988236K->369760K(2018560K), 0.0739360 secs] [Times: user=0.14 sys=0.00, real=0.08 secs] 
2104.130: [GC (Allocation Failure) 2104.130: [ParNew: 656760K->25625K(707840K), 0.0893890 secs] 999008K->371701K(2018560K), 0.0897660 secs] [Times: user=0.17 sys=0.00, real=0.09 secs] 
2182.766: [GC (Allocation Failure) 2182.766: [ParNew: 654873K->16962K(707840K), 0.0838430 secs] 1000949K->368335K(2018560K), 0.0842450 secs] [Times: user=0.17 sys=0.00, real=0.09 secs] 
2220.531: [GC (Allocation Failure) 2220.531: [ParNew: 646182K->28714K(707840K), 0.0832360 secs] 997556K->383353K(2018560K), 0.0836770 secs] [Times: user=0.16 sys=0.00, real=0.09 secs] 
2252.253: [GC (Allocation Failure) 2252.253: [ParNew: 657962K->24371K(707840K), 0.0926530 secs] 1012601K->382410K(2018560K), 0.0930950 secs] [Times: user=0.18 sys=0.01, real=0.09 secs] 
2316.557: [GC (Allocation Failure) 2316.558: [ParNew: 653619K->25659K(707840K), 0.0845940 secs] 1011658K->387289K(2018560K), 0.0849850 secs] [Times: user=0.17 sys=0.00, real=0.09 secs] 
2378.482: [GC (Allocation Failure) 2378.482: [ParNew: 654907K->27109K(707840K), 0.0896360 secs] 1016537K->394523K(2018560K), 0.0900450 secs] [Times: user=0.17 sys=0.00, real=0.09 secs] 
2440.581: [GC (Allocation Failure) 2440.581: [ParNew: 656357K->17175K(707840K), 0.0895390 secs] 1023771K->391299K(2018560K), 0.0899610 secs] [Times: user=0.17 sys=0.01, real=0.09 secs] 
2516.135: [GC (Allocation Failure) 2516.135: [ParNew: 646423K->22330K(707840K), 0.0615250 secs] 1020547K->399390K(2018560K), 0.0619030 secs] [Times: user=0.12 sys=0.00, real=0.06 secs] 
2583.835: [GC (Allocation Failure) 2583.835: [ParNew: 651578K->21155K(707840K), 0.0811140 secs] 1028638K->402516K(2018560K), 0.0814790 secs] [Times: user=0.15 sys=0.00, real=0.08 secs] 
2632.843: [GC (Allocation Failure) 2632.843: [ParNew: 650403K->20803K(707840K), 0.0814760 secs] 1031764K->406224K(2018560K), 0.0818510 secs] [Times: user=0.16 sys=0.00, real=0.08 secs] 
2663.397: [GC (Allocation Failure) 2663.397: [ParNew: 650051K->29527K(707840K), 0.0857680 secs] 1035472K->418060K(2018560K), 0.0861410 secs] [Times: user=0.17 sys=0.01, real=0.09 secs] 
2712.779: [GC (Allocation Failure) 2712.780: [ParNew: 658775K->36756K(707840K), 0.0935320 secs] 1047308K->429234K(2018560K), 0.0939200 secs] [Times: user=0.18 sys=0.01, real=0.09 secs] 
2764.438: [GC (Allocation Failure) 2764.438: [ParNew: 666004K->24270K(707840K), 0.0932690 secs] 1058482K->422677K(2018560K), 0.0936830 secs] [Times: user=0.18 sys=0.00, real=0.09 secs] 
2821.086: [GC (Allocation Failure) 2821.086: [ParNew: 653518K->16041K(707840K), 0.0930540 secs] 1051925K->421143K(2018560K), 0.0934480 secs] [Times: user=0.18 sys=0.00, real=0.09 secs] 
2846.416: [GC (Allocation Failure) 2846.416: [ParNew: 645289K->29909K(707840K), 0.0962800 secs] 1050391K->439881K(2018560K), 0.0966760 secs] [Times: user=0.18 sys=0.00, real=0.10 secs] 
2877.858: [GC (Allocation Failure) 2877.858: [ParNew: 659157K->29004K(707840K), 0.0743830 secs] 1069129K->442847K(2018560K), 0.0747320 secs] [Times: user=0.14 sys=0.00, real=0.07 secs] 
2956.650: [GC (Allocation Failure) 2956.650: [ParNew: 658252K->30974K(707840K), 0.0879490 secs] 1072095K->448176K(2018560K), 0.0883390 secs] [Times: user=0.17 sys=0.00, real=0.09 secs] 
3001.220: [GC (Allocation Failure) 3001.220: [ParNew: 660222K->20508K(707840K), 0.1051390 secs] 1077424K->447681K(2018560K), 0.1055330 secs] [Times: user=0.21 sys=0.01, real=0.11 secs] 
3077.505: [GC (Allocation Failure) 3077.505: [ParNew: 649756K->17385K(707840K), 0.0817840 secs] 1076929K->449038K(2018560K), 0.0821890 secs] [Times: user=0.16 sys=0.00, real=0.08 secs] 
3118.904: [GC (Allocation Failure) 3118.905: [ParNew: 646633K->31898K(707840K), 0.0865140 secs] 1078286K->466703K(2018560K), 0.0869830 secs] [Times: user=0.16 sys=0.00, real=0.09 secs] 
3183.976: [GC (Allocation Failure) 3183.976: [ParNew: 661146K->16227K(707840K), 0.0762300 secs] 1095951K->456424K(2018560K), 0.0766130 secs] [Times: user=0.14 sys=0.01, real=0.08 secs] 
3265.862: [GC (Allocation Failure) 3265.862: [ParNew: 645475K->29200K(707840K), 0.0761340 secs] 1085672K->472657K(2018560K), 0.0765000 secs] [Times: user=0.15 sys=0.00, real=0.08 secs] 
3337.446: [GC (Allocation Failure) 3337.446: [ParNew: 658448K->18536K(707840K), 0.0792240 secs] 1101905K->466780K(2018560K), 0.0796240 secs] [Times: user=0.15 sys=0.00, real=0.08 secs] 
3389.422: [GC (Allocation Failure) 3389.422: [ParNew: 647784K->23330K(707840K), 0.0841340 secs] 1096028K->476339K(2018560K), 0.0845180 secs] [Times: user=0.17 sys=0.00, real=0.08 secs] 
3403.685: [GC (Allocation Failure) 3403.685: [ParNew: 652578K->27227K(707840K), 0.0856630 secs] 1105587K->482947K(2018560K), 0.0860400 secs] [Times: user=0.17 sys=0.00, real=0.08 secs] 
3439.936: [GC (Allocation Failure) 3439.936: [ParNew: 656475K->35715K(707840K), 0.0848890 secs] 1112195K->494238K(2018560K), 0.0853030 secs] [Times: user=0.17 sys=0.00, real=0.09 secs] 
3466.964: [GC (Allocation Failure) 3466.964: [ParNew: 664963K->24374K(707840K), 0.0996480 secs] 1123486K->489318K(2018560K), 0.1000370 secs] [Times: user=0.19 sys=0.00, real=0.10 secs] 
3532.345: [GC (Allocation Failure) 3532.345: [ParNew: 653622K->26502K(707840K), 0.0982650 secs] 1118566K->498418K(2018560K), 0.0986870 secs] [Times: user=0.18 sys=0.01, real=0.10 secs] 
3580.484: [GC (Allocation Failure) 3580.485: [ParNew: 655750K->35889K(707840K), 0.0979820 secs] 1127666K->512858K(2018560K), 0.0983450 secs] [Times: user=0.19 sys=0.01, real=0.10 secs] 
3612.006: [GC (Allocation Failure) 3612.006: [ParNew: 665137K->25011K(707840K), 0.0953510 secs] 1142106K->507776K(2018560K), 0.0957650 secs] [Times: user=0.19 sys=0.01, real=0.09 secs] 
3675.725: [GC (Allocation Failure) 3675.725: [ParNew: 654259K->26592K(707840K), 0.0941540 secs] 1137024K->514738K(2018560K), 0.0945700 secs] [Times: user=0.18 sys=0.00, real=0.09 secs] 
3716.938: [GC (Allocation Failure) 3716.938: [ParNew: 655840K->17879K(707840K), 0.0800290 secs] 1143986K->513592K(2018560K), 0.0804040 secs] [Times: user=0.16 sys=0.00, real=0.08 secs] 
3758.865: [GC (Allocation Failure) 3758.962: [ParNew: 647124K->26405K(707840K), 0.0853380 secs] 1142837K->526569K(2018560K), 0.1821150 secs] [Times: user=0.17 sys=0.01, real=0.18 secs] 
3822.365: [GC (Allocation Failure) 3822.365: [ParNew: 655653K->25266K(707840K), 0.0828270 secs] 1155817K->529205K(2018560K), 0.0833660 secs] [Times: user=0.16 sys=0.00, real=0.09 secs] 
3896.968: [GC (Allocation Failure) 3896.969: [ParNew: 654514K->15784K(707840K), 0.0878070 secs] 1158453K->525980K(2018560K), 0.0882880 secs] [Times: user=0.17 sys=0.01, real=0.09 secs] 
3916.463: [GC (Allocation Failure) 3916.463: [ParNew: 645032K->26389K(707840K), 0.0858280 secs] 1155228K->540266K(2018560K), 0.0862120 secs] [Times: user=0.16 sys=0.00, real=0.08 secs] 
3957.780: [GC (Allocation Failure) 3957.780: [ParNew: 655637K->24242K(707840K), 0.0851580 secs] 1169514K->541337K(2018560K), 0.0855450 secs] [Times: user=0.16 sys=0.00, real=0.08 secs] 
4016.441: [GC (Allocation Failure) 4016.441: [ParNew: 653490K->25898K(707840K), 0.0808040 secs] 1170585K->546006K(2018560K), 0.0811670 secs] [Times: user=0.16 sys=0.01, real=0.08 secs] 
4069.145: [GC (Allocation Failure) 4069.146: [ParNew: 655146K->17605K(707840K), 0.0980710 secs] 1175254K->545713K(2018560K), 0.0984430 secs] [Times: user=0.19 sys=0.01, real=0.09 secs] 
4103.023: [GC (Allocation Failure) 4103.023: [ParNew: 646853K->30970K(707840K), 0.0823680 secs] 1174961K->562209K(2018560K), 0.0826980 secs] [Times: user=0.15 sys=0.00, real=0.08 secs] 
4162.243: [GC (Allocation Failure) 4162.244: [ParNew: 660218K->25303K(707840K), 0.0842600 secs] 1191457K->560427K(2018560K), 0.0846440 secs] [Times: user=0.16 sys=0.01, real=0.08 secs] 
4233.985: [GC (Allocation Failure) 4233.985: [ParNew: 654551K->22327K(707840K), 0.0899020 secs] 1189675K->562869K(2018560K), 0.0904060 secs] [Times: user=0.17 sys=0.00, real=0.09 secs] 
4285.063: [GC (Allocation Failure) 4285.064: [ParNew: 651575K->27971K(707840K), 0.0929540 secs] 1192117K->573565K(2018560K), 0.0933510 secs] [Times: user=0.17 sys=0.01, real=0.09 secs] 
4335.470: [GC (Allocation Failure) 4335.470: [ParNew: 657219K->18885K(707840K), 0.0824420 secs] 1202813K->567205K(2018560K), 0.0828600 secs] [Times: user=0.15 sys=0.00, real=0.08 secs] 
4421.297: [GC (Allocation Failure) 4421.297: [ParNew: 648133K->29112K(707840K), 0.0844270 secs] 1196453K->580387K(2018560K), 0.0848080 secs] [Times: user=0.16 sys=0.01, real=0.09 secs] 
4509.295: [GC (Allocation Failure) 4509.295: [ParNew: 658360K->19112K(707840K), 0.0922680 secs] 1209635K->576776K(2018560K), 0.0926560 secs] [Times: user=0.17 sys=0.00, real=0.09 secs] 
4584.238: [GC (Allocation Failure) 4584.238: [ParNew: 648360K->16570K(707840K), 0.0768910 secs] 1206024K->577614K(2018560K), 0.0772820 secs] [Times: user=0.15 sys=0.00, real=0.08 secs] 
4638.091: [GC (Allocation Failure) 4638.091: [ParNew: 645818K->19836K(707840K), 0.0769130 secs] 1206862K->583623K(2018560K), 0.0772890 secs] [Times: user=0.15 sys=0.00, real=0.08 secs] 
4645.781: [Full GC (System.gc()) 4645.781: [CMS: 563787K->346700K(1310720K), 2.1725860 secs] 635883K->346700K(2018560K), [Metaspace: 101063K->101063K(1140736K)], 2.1733330 secs] [Times: user=2.16 sys=0.01, real=2.18 secs] 
4727.475: [GC (Allocation Failure) 4727.476: [ParNew: 629248K->13371K(707840K), 0.0395440 secs] 975948K->360072K(2018560K), 0.0399510 secs] [Times: user=0.08 sys=0.00, real=0.04 secs] 
4814.204: [GC (Allocation Failure) 4814.204: [ParNew: 642619K->10954K(707840K), 0.0498700 secs] 989320K->357654K(2018560K), 0.0502550 secs] [Times: user=0.10 sys=0.00, real=0.05 secs] 
4885.335: [GC (Allocation Failure) 4885.336: [ParNew: 640202K->17611K(707840K), 0.0582180 secs] 986902K->364311K(2018560K), 0.0586160 secs] [Times: user=0.11 sys=0.00, real=0.06 secs] 
4988.427: [GC (Allocation Failure) 4988.428: [ParNew: 646859K->24777K(707840K), 0.0733150 secs] 993559K->375358K(2018560K), 0.0737200 secs] [Times: user=0.14 sys=0.00, real=0.07 secs] 
5067.559: [GC (Allocation Failure) 5067.559: [ParNew: 654025K->20507K(707840K), 0.0716680 secs] 1004606K->373580K(2018560K), 0.0720490 secs] [Times: user=0.14 sys=0.01, real=0.07 secs] 
5095.537: [GC (Allocation Failure) 5095.537: [ParNew: 649755K->27270K(707840K), 0.0900510 secs] 1002828K->384186K(2018560K), 0.0904290 secs] [Times: user=0.17 sys=0.00, real=0.09 secs] 
5144.462: [GC (Allocation Failure) 5144.462: [ParNew: 656518K->37689K(707840K), 0.0986350 secs] 1013434K->398704K(2018560K), 0.0990360 secs] [Times: user=0.19 sys=0.00, real=0.10 secs] 
5233.308: [GC (Allocation Failure) 5233.308: [ParNew: 666937K->22112K(707840K), 0.0870730 secs] 1027952K->387416K(2018560K), 0.0874520 secs] [Times: user=0.17 sys=0.01, real=0.09 secs] 
5319.149: [GC (Allocation Failure) 5319.149: [ParNew: 651360K->20069K(707840K), 0.0951980 secs] 1016664K->394774K(2018560K), 0.0955860 secs] [Times: user=0.18 sys=0.01, real=0.09 secs] 
5406.969: [GC (Allocation Failure) 5406.970: [ParNew: 649317K->15664K(707840K), 0.0732000 secs] 1024022K->395997K(2018560K), 0.0735830 secs] [Times: user=0.14 sys=0.00, real=0.07 secs] 
5431.588: [GC (Allocation Failure) 5431.588: [ParNew: 644912K->24945K(707840K), 0.0769080 secs] 1025245K->407528K(2018560K), 0.0772740 secs] [Times: user=0.16 sys=0.00, real=0.08 secs] 
5478.462: [GC (Allocation Failure) 5478.462: [ParNew: 654193K->25819K(707840K), 0.0774900 secs] 1036776K->412076K(2018560K), 0.0779160 secs] [Times: user=0.15 sys=0.00, real=0.08 secs] 
5538.110: [GC (Allocation Failure) 5538.110: [ParNew: 655067K->35058K(707840K), 0.0863610 secs] 1041324K->424084K(2018560K), 0.0867350 secs] [Times: user=0.17 sys=0.00, real=0.08 secs] 
5554.370: [GC (Allocation Failure) 5554.370: [ParNew: 664306K->21402K(707840K), 0.1031720 secs] 1053332K->419678K(2018560K), 0.1035370 secs] [Times: user=0.21 sys=0.00, real=0.11 secs] 
5582.552: [GC (Allocation Failure) 5582.552: [ParNew: 650650K->40774K(707840K), 0.0910800 secs] 1048926K->442731K(2018560K), 0.0914580 secs] [Times: user=0.18 sys=0.01, real=0.09 secs] 
5600.120: [GC (Allocation Failure) 5600.120: [ParNew: 670022K->27437K(707840K), 0.1116130 secs] 1071979K->437877K(2018560K), 0.1119810 secs] [Times: user=0.22 sys=0.00, real=0.11 secs] 
5617.340: [GC (Allocation Failure) 5617.341: [ParNew: 656685K->31366K(707840K), 0.1048520 secs] 1067125K->448763K(2018560K), 0.1052470 secs] [Times: user=0.21 sys=0.00, real=0.11 secs] 
5640.630: [GC (Allocation Failure) 5640.631: [ParNew: 660614K->43690K(707840K), 0.1077350 secs] 1078011K->467918K(2018560K), 0.1081510 secs] [Times: user=0.21 sys=0.00, real=0.11 secs] 
5685.788: [GC (Allocation Failure) 5685.788: [ParNew: 672903K->28941K(707840K), 0.1062220 secs] 1097131K->462283K(2018560K), 0.1066120 secs] [Times: user=0.20 sys=0.00, real=0.11 secs] 
5749.890: [GC (Allocation Failure) 5749.890: [ParNew: 658189K->26727K(707840K), 0.0888320 secs] 1091531K->465343K(2018560K), 0.0892460 secs] [Times: user=0.17 sys=0.00, real=0.09 secs] 
5785.653: [GC (Allocation Failure) 5785.653: [ParNew: 655975K->17571K(707840K), 0.0936610 secs] 1094591K->464710K(2018560K), 0.0941090 secs] [Times: user=0.18 sys=0.00, real=0.10 secs] 
5829.917: [GC (Allocation Failure) 5829.917: [ParNew: 646819K->29280K(707840K), 0.0784860 secs] 1093958K->479451K(2018560K), 0.0788700 secs] [Times: user=0.16 sys=0.00, real=0.08 secs] 
5889.871: [GC (Allocation Failure) 5889.871: [ParNew: 658528K->18535K(707840K), 0.0753790 secs] 1108699K->472163K(2018560K), 0.0757960 secs] [Times: user=0.15 sys=0.00, real=0.08 secs] 
5951.691: [GC (Allocation Failure) 5951.691: [ParNew: 647783K->25800K(707840K), 0.0757440 secs] 1101411K->483350K(2018560K), 0.0761090 secs] [Times: user=0.15 sys=0.00, real=0.07 secs] 
5999.444: [GC (Allocation Failure) 5999.444: [ParNew: 655048K->16793K(707840K), 0.0771280 secs] 1112598K->479005K(2018560K), 0.0775150 secs] [Times: user=0.16 sys=0.00, real=0.08 secs] 
6060.036: [GC (Allocation Failure) 6060.036: [ParNew: 646041K->17959K(707840K), 0.0697980 secs] 1108253K->483028K(2018560K), 0.0702040 secs] [Times: user=0.14 sys=0.00, real=0.07 secs] 
6130.767: [GC (Allocation Failure) 6130.767: [ParNew: 647207K->19020K(707840K), 0.0696910 secs] 1112276K->486967K(2018560K), 0.0700650 secs] [Times: user=0.13 sys=0.00, real=0.07 secs] 
6205.087: [GC (Allocation Failure) 6205.088: [ParNew: 648268K->25444K(707840K), 0.0746200 secs] 1116215K->496316K(2018560K), 0.0750600 secs] [Times: user=0.15 sys=0.00, real=0.08 secs] 
6225.683: [GC (Allocation Failure) 6225.684: [ParNew: 654692K->25559K(707840K), 0.0881860 secs] 1125564K->499697K(2018560K), 0.0885500 secs] [Times: user=0.20 sys=0.00, real=0.08 secs] 
6248.312: [GC (Allocation Failure) 6248.312: [ParNew: 654807K->34202K(707840K), 0.0890250 secs] 1128945K->511347K(2018560K), 0.0894160 secs] [Times: user=0.17 sys=0.00, real=0.09 secs] 
6308.932: [GC (Allocation Failure) 6308.932: [ParNew: 663450K->31241K(707840K), 0.0787630 secs] 1140595K->513137K(2018560K), 0.0791220 secs] [Times: user=0.15 sys=0.00, real=0.08 secs] 
6361.495: [GC (Allocation Failure) 6361.495: [ParNew: 660489K->20895K(707840K), 0.0829860 secs] 1142385K->512444K(2018560K), 0.0833270 secs] [Times: user=0.16 sys=0.00, real=0.08 secs] 
6419.017: [GC (Allocation Failure) 6419.018: [ParNew: 650143K->16797K(707840K), 0.0832360 secs] 1141692K->514328K(2018560K), 0.0836850 secs] [Times: user=0.16 sys=0.00, real=0.08 secs] 
6471.622: [GC (Allocation Failure) 6471.622: [ParNew: 646045K->27422K(707840K), 0.0816410 secs] 1143576K->528059K(2018560K), 0.0967870 secs] [Times: user=0.16 sys=0.00, real=0.09 secs] 
6493.292: [GC (Allocation Failure) 6493.292: [ParNew: 656670K->23063K(707840K), 0.0845690 secs] 1157307K->526853K(2018560K), 0.0849440 secs] [Times: user=0.16 sys=0.01, real=0.09 secs] 
6546.494: [GC (Allocation Failure) 6546.495: [ParNew: 652311K->31651K(707840K), 0.0785060 secs] 1156101K->538719K(2018560K), 0.0788790 secs] [Times: user=0.15 sys=0.00, real=0.08 secs] 
6616.693: [GC (Allocation Failure) 6616.693: [ParNew: 660899K->21263K(707840K), 0.0847690 secs] 1167967K->533882K(2018560K), 0.0851380 secs] [Times: user=0.16 sys=0.01, real=0.08 secs] 
6683.911: [GC (Allocation Failure) 6683.911: [ParNew: 650511K->21344K(707840K), 0.0799620 secs] 1163130K->540070K(2018560K), 0.0804350 secs] [Times: user=0.15 sys=0.00, real=0.08 secs] 
6755.598: [GC (Allocation Failure) 6755.599: [ParNew: 650592K->16135K(707840K), 0.0712450 secs] 1169318K->537559K(2018560K), 0.0716290 secs] [Times: user=0.14 sys=0.00, real=0.07 secs] 
6844.208: [GC (Allocation Failure) 6844.208: [ParNew: 645383K->17100K(707840K), 0.0682660 secs] 1166807K->541575K(2018560K), 0.0686540 secs] [Times: user=0.13 sys=0.00, real=0.07 secs] 
6886.918: [GC (Allocation Failure) 6886.918: [ParNew: 646348K->22511K(707840K), 0.0796200 secs] 1170823K->549443K(2018560K), 0.0800670 secs] [Times: user=0.16 sys=0.00, real=0.08 secs] 
6902.961: [GC (Allocation Failure) 6902.961: [ParNew: 651759K->32277K(707840K), 0.0709990 secs] 1178691K->562165K(2018560K), 0.0713260 secs] [Times: user=0.14 sys=0.00, real=0.07 secs] 
6942.092: [GC (Allocation Failure) 6942.092: [ParNew: 661525K->40829K(707840K), 0.0885330 secs] 1191413K->573897K(2018560K), 0.0889570 secs] [Times: user=0.17 sys=0.00, real=0.08 secs] 
6988.179: [GC (Allocation Failure) 6988.179: [ParNew: 670077K->27458K(707840K), 0.1116010 secs] 1203145K->569559K(2018560K), 0.1120680 secs] [Times: user=0.21 sys=0.00, real=0.11 secs] 
7059.852: [GC (Allocation Failure) 7059.852: [ParNew: 656706K->25776K(707840K), 0.0890000 secs] 1198807K->573586K(2018560K), 0.0893960 secs] [Times: user=0.18 sys=0.00, real=0.09 secs] 
7075.166: [GC (Allocation Failure) 7075.166: [ParNew: 655024K->33356K(707840K), 0.1018430 secs] 1202834K->587034K(2018560K), 0.1022700 secs] [Times: user=0.20 sys=0.00, real=0.10 secs] 
7094.668: [GC (Allocation Failure) 7094.668: [ParNew: 662604K->30724K(707840K), 0.0781360 secs] 1216282K->589335K(2018560K), 0.0785050 secs] [Times: user=0.15 sys=0.00, real=0.08 secs] 
7139.074: [GC (Allocation Failure) 7139.074: [ParNew: 659972K->30850K(707840K), 0.0705570 secs] 1218583K->593501K(2018560K), 0.0709420 secs] [Times: user=0.14 sys=0.00, real=0.07 secs] 
7196.758: [GC (Allocation Failure) 7196.759: [ParNew: 660098K->19593K(707840K), 0.0910800 secs] 1222749K->592112K(2018560K), 0.0914590 secs] [Times: user=0.17 sys=0.01, real=0.09 secs] 
7214.138: [GC (Allocation Failure) 7214.138: [ParNew: 648841K->21489K(707840K), 0.0895600 secs] 1221360K->598652K(2018560K), 0.0899420 secs] [Times: user=0.18 sys=0.00, real=0.09 secs] 
7234.900: [GC (Allocation Failure) 7234.900: [ParNew: 650737K->25487K(707840K), 0.0852310 secs] 1227900K->605542K(2018560K), 0.0856200 secs] [Times: user=0.17 sys=0.01, real=0.09 secs] 
7254.799: [GC (Allocation Failure) 7254.799: [ParNew: 654735K->39012K(707840K), 0.0995510 secs] 1234790K->622129K(2018560K), 0.0999380 secs] [Times: user=0.19 sys=0.00, real=0.10 secs] 
7265.066: [GC (Allocation Failure) 7265.066: [ParNew: 668260K->38275K(707840K), 0.1226450 secs] 1251377K->631687K(2018560K), 0.1230730 secs] [Times: user=0.23 sys=0.00, real=0.12 secs] 
7282.463: [GC (Allocation Failure) 7282.464: [ParNew: 667523K->38441K(707840K), 0.1019500 secs] 1260935K->637469K(2018560K), 0.1023180 secs] [Times: user=0.20 sys=0.01, real=0.11 secs] 
7325.279: [GC (Allocation Failure) 7325.279: [ParNew: 667689K->25238K(707840K), 0.1167050 secs] 1266717K->635354K(2018560K), 0.1170840 secs] [Times: user=0.21 sys=0.01, real=0.12 secs] 
7365.853: [GC (Allocation Failure) 7365.853: [ParNew: 654486K->19788K(707840K), 0.0943530 secs] 1264602K->637234K(2018560K), 0.0948250 secs] [Times: user=0.27 sys=0.00, real=0.10 secs] 
7378.596: [GC (Allocation Failure) 7378.596: [ParNew: 649036K->34315K(707840K), 0.0999370 secs] 1266482K->656578K(2018560K), 0.1003200 secs] [Times: user=0.19 sys=0.01, real=0.10 secs] 
7396.467: [GC (Allocation Failure) 7396.467: [ParNew: 663563K->42242K(707840K), 0.0922440 secs] 1285826K->667642K(2018560K), 0.0926060 secs] [Times: user=0.17 sys=0.00, real=0.09 secs] 
7427.795: [GC (Allocation Failure) 7427.795: [ParNew: 671490K->28014K(707840K), 0.1047130 secs] 1296890K->660016K(2018560K), 0.1050820 secs] [Times: user=0.20 sys=0.01, real=0.11 secs] 
7452.520: [GC (Allocation Failure) 7452.520: [ParNew: 657262K->30740K(707840K), 0.1184150 secs] 1289264K->672656K(2018560K), 0.1187900 secs] [Times: user=0.23 sys=0.01, real=0.12 secs] 
7470.233: [GC (Allocation Failure) 7470.233: [ParNew: 659988K->39170K(707840K), 0.0978760 secs] 1301904K->685501K(2018560K), 0.0982350 secs] [Times: user=0.18 sys=0.01, real=0.09 secs] 
7495.184: [GC (Allocation Failure) 7495.184: [ParNew: 668418K->25893K(707840K), 0.1002260 secs] 1314749K->676840K(2018560K), 0.1006780 secs] [Times: user=0.19 sys=0.00, real=0.10 secs] 
7520.432: [GC (Allocation Failure) 7520.432: [ParNew: 655141K->37999K(707840K), 0.1226010 secs] 1306088K->696814K(2018560K), 0.1230660 secs] [Times: user=0.35 sys=0.01, real=0.12 secs] 
7539.796: [GC (Allocation Failure) 7539.796: [ParNew: 667247K->25502K(707840K), 0.1034090 secs] 1326062K->690333K(2018560K), 0.1038170 secs] [Times: user=0.20 sys=0.00, real=0.10 secs] 
7562.617: [GC (Allocation Failure) 7562.617: [ParNew: 654750K->28911K(707840K), 0.1026770 secs] 1319581K->699391K(2018560K), 0.1030490 secs] [Times: user=0.20 sys=0.00, real=0.10 secs] 
7597.039: [GC (Allocation Failure) 7597.039: [ParNew: 658159K->21064K(707840K), 0.1045780 secs] 1328639K->699686K(2018560K), 0.1049520 secs] [Times: user=0.20 sys=0.01, real=0.11 secs] 
7624.276: [GC (Allocation Failure) 7624.277: [ParNew: 650312K->18696K(707840K), 0.0947750 secs] 1328934K->703288K(2018560K), 0.0951640 secs] [Times: user=0.19 sys=0.01, real=0.09 secs] 
7656.602: [GC (Allocation Failure) 7656.602: [ParNew: 647944K->26865K(707840K), 0.0862430 secs] 1332536K->717057K(2018560K), 0.0865860 secs] [Times: user=0.16 sys=0.01, real=0.08 secs] 
7690.618: [GC (Allocation Failure) 7690.619: [ParNew: 656113K->30114K(707840K), 0.0876100 secs] 1346305K->725109K(2018560K), 0.0879680 secs] [Times: user=0.17 sys=0.01, real=0.09 secs] 
7722.708: [GC (Allocation Failure) 7722.708: [ParNew: 659325K->30146K(707840K), 0.0997970 secs] 1354320K->730005K(2018560K), 0.1001920 secs] [Times: user=0.19 sys=0.01, real=0.10 secs] 
7769.160: [GC (Allocation Failure) 7769.161: [ParNew: 659394K->20675K(707840K), 0.1001520 secs] 1359253K->727550K(2018560K), 0.1005400 secs] [Times: user=0.19 sys=0.01, real=0.10 secs] 
7815.905: [GC (Allocation Failure) 7815.905: [ParNew: 649923K->27110K(707840K), 0.0952090 secs] 1356798K->739094K(2018560K), 0.0956590 secs] [Times: user=0.18 sys=0.01, real=0.09 secs] 
7852.433: [GC (Allocation Failure) 7852.433: [ParNew: 656358K->17194K(707840K), 0.0900450 secs] 1368342K->734498K(2018560K), 0.0904430 secs] [Times: user=0.18 sys=0.01, real=0.09 secs] 
7892.311: [GC (Allocation Failure) 7892.312: [ParNew: 646442K->16264K(707840K), 0.0824180 secs] 1363746K->737330K(2018560K), 0.0827870 secs] [Times: user=0.15 sys=0.01, real=0.08 secs] 
7925.367: [GC (Allocation Failure) 7925.367: [ParNew: 645512K->15486K(707840K), 0.0875330 secs] 1366578K->741614K(2018560K), 0.0879330 secs] [Times: user=0.17 sys=0.00, real=0.09 secs] 
7964.624: [GC (Allocation Failure) 7964.625: [ParNew: 644734K->30614K(707840K), 0.0735350 secs] 1370862K->760281K(2018560K), 0.0738920 secs] [Times: user=0.14 sys=0.01, real=0.08 secs] 
7997.772: [GC (Allocation Failure) 7997.773: [ParNew: 659862K->24940K(707840K), 0.0901440 secs] 1389529K->757658K(2018560K), 0.0905210 secs] [Times: user=0.18 sys=0.00, real=0.09 secs] 
8029.569: [GC (Allocation Failure) 8029.570: [ParNew: 654188K->34453K(707840K), 0.0961890 secs] 1386906K->771890K(2018560K), 0.0966570 secs] [Times: user=0.19 sys=0.00, real=0.09 secs] 
8067.445: [GC (Allocation Failure) 8067.445: [ParNew: 663701K->23366K(707840K), 0.0937120 secs] 1401138K->765667K(2018560K), 0.0940870 secs] [Times: user=0.18 sys=0.00, real=0.09 secs] 
8108.619: [GC (Allocation Failure) 8108.619: [ParNew: 652614K->25174K(707840K), 0.0933800 secs] 1394915K->773464K(2018560K), 0.0937580 secs] [Times: user=0.18 sys=0.00, real=0.09 secs] 
8152.361: [GC (Allocation Failure) 8152.361: [ParNew: 654422K->24339K(707840K), 0.0888450 secs] 1402712K->777082K(2018560K), 0.0892380 secs] [Times: user=0.17 sys=0.00, real=0.09 secs] 
8184.988: [GC (Allocation Failure) 8184.988: [ParNew: 653587K->24972K(707840K), 0.0891690 secs] 1406330K->781644K(2018560K), 0.0895820 secs] [Times: user=0.17 sys=0.01, real=0.09 secs] 
8231.846: [GC (Allocation Failure) 8231.846: [ParNew: 654204K->17588K(707840K), 0.0858140 secs] 1410875K->778992K(2018560K), 0.0862550 secs] [Times: user=0.17 sys=0.00, real=0.09 secs] 
8247.998: [Full GC (System.gc()) 8247.998: [CMS: 761404K->445667K(1310720K), 2.6523130 secs] 983136K->445667K(2018560K), [Metaspace: 104205K->104205K(1144832K)], 2.6530080 secs] [Times: user=2.64 sys=0.02, real=2.66 secs] 
8294.489: [GC (Allocation Failure) 8294.489: [ParNew: 629237K->16107K(707840K), 0.0426980 secs] 1074905K->461775K(2018560K), 0.0430990 secs] [Times: user=0.08 sys=0.00, real=0.04 secs] 
8338.390: [GC (Allocation Failure) 8338.390: [ParNew: 645355K->16446K(707840K), 0.0575760 secs] 1091023K->462114K(2018560K), 0.0579570 secs] [Times: user=0.11 sys=0.01, real=0.06 secs] 
8385.544: [GC (Allocation Failure) 8385.544: [ParNew: 645694K->22660K(707840K), 0.0771910 secs] 1091362K->468328K(2018560K), 0.0775770 secs] [Times: user=0.16 sys=0.00, real=0.08 secs] 
8428.656: [GC (Allocation Failure) 8428.656: [ParNew: 651908K->25692K(707840K), 0.0976090 secs] 1097576K->476559K(2018560K), 0.0980170 secs] [Times: user=0.20 sys=0.00, real=0.10 secs] 
8466.913: [GC (Allocation Failure) 8466.913: [ParNew: 654940K->18415K(707840K), 0.0978930 secs] 1105807K->475394K(2018560K), 0.0983050 secs] [Times: user=0.19 sys=0.00, real=0.10 secs] 
8505.912: [GC (Allocation Failure) 8505.913: [ParNew: 647663K->26944K(707840K), 0.0923230 secs] 1104642K->489244K(2018560K), 0.0927640 secs] [Times: user=0.18 sys=0.00, real=0.09 secs] 
8554.274: [GC (Allocation Failure) 8554.274: [ParNew: 656192K->36180K(707840K), 0.0900870 secs] 1118492K->502310K(2018560K), 0.0904780 secs] [Times: user=0.18 sys=0.00, real=0.09 secs] 
8603.552: [GC (Allocation Failure) 8603.553: [ParNew: 665428K->22899K(707840K), 0.0994900 secs] 1131558K->493858K(2018560K), 0.0999380 secs] [Times: user=0.19 sys=0.01, real=0.10 secs] 
8636.554: [GC (Allocation Failure) 8636.555: [ParNew: 652147K->25392K(707840K), 0.0798800 secs] 1123106K->501425K(2018560K), 0.0802580 secs] [Times: user=0.16 sys=0.01, real=0.08 secs] 
8681.493: [GC (Allocation Failure) 8681.493: [ParNew: 654640K->27815K(707840K), 0.0910520 secs] 1130673K->508188K(2018560K), 0.0914520 secs] [Times: user=0.18 sys=0.00, real=0.09 secs] 
8727.236: [GC (Allocation Failure) 8727.236: [ParNew: 657063K->28456K(707840K), 0.0880050 secs] 1137436K->513800K(2018560K), 0.0884210 secs] [Times: user=0.17 sys=0.01, real=0.09 secs] 
8757.446: [GC (Allocation Failure) 8757.446: [ParNew: 657704K->27012K(707840K), 0.0972280 secs] 1143048K->518662K(2018560K), 0.0976910 secs] [Times: user=0.19 sys=0.00, real=0.10 secs] 
8771.561: [GC (Allocation Failure) 8771.561: [ParNew: 656260K->35913K(707840K), 0.1048120 secs] 1147910K->532969K(2018560K), 0.1052890 secs] [Times: user=0.20 sys=0.00, real=0.10 secs] 
8795.295: [GC (Allocation Failure) 8795.295: [ParNew: 665161K->30960K(707840K), 0.1022650 secs] 1162217K->531881K(2018560K), 0.1026430 secs] [Times: user=0.20 sys=0.01, real=0.10 secs] 
8813.700: [GC (Allocation Failure) 8813.700: [ParNew: 660208K->42840K(707840K), 0.1118070 secs] 1161129K->550484K(2018560K), 0.1122760 secs] [Times: user=0.22 sys=0.00, real=0.11 secs] 
8844.449: [GC (Allocation Failure) 8844.449: [ParNew: 672088K->29086K(707840K), 0.1043700 secs] 1179732K->543317K(2018560K), 0.1048050 secs] [Times: user=0.20 sys=0.00, real=0.11 secs] 
8892.141: [GC (Allocation Failure) 8892.142: [ParNew: 658334K->29241K(707840K), 0.0985620 secs] 1172565K->550507K(2018560K), 0.0989330 secs] [Times: user=0.20 sys=0.00, real=0.10 secs] 
8925.458: [GC (Allocation Failure) 8925.459: [ParNew: 658489K->22466K(707840K), 0.0958760 secs] 1179755K->550625K(2018560K), 0.0963040 secs] [Times: user=0.19 sys=0.00, real=0.10 secs] 
8968.467: [GC (Allocation Failure) 8968.467: [ParNew: 651714K->22202K(707840K), 0.0804190 secs] 1179873K->554127K(2018560K), 0.0807980 secs] [Times: user=0.15 sys=0.00, real=0.08 secs] 
9005.877: [GC (Allocation Failure) 9005.877: [ParNew: 651450K->30536K(707840K), 0.0933480 secs] 1183375K->566664K(2018560K), 0.0937270 secs] [Times: user=0.18 sys=0.01, real=0.09 secs] 
9043.059: [GC (Allocation Failure) 9043.059: [ParNew: 659784K->20064K(707840K), 0.1034600 secs] 1195912K->561548K(2018560K), 0.1039310 secs] [Times: user=0.20 sys=0.01, real=0.11 secs] 
9067.253: [GC (Allocation Failure) 9067.253: [ParNew: 649312K->31107K(707840K), 0.0982080 secs] 1190796K->575724K(2018560K), 0.0985830 secs] [Times: user=0.18 sys=0.01, real=0.10 secs] 
9104.772: [GC (Allocation Failure) 9104.772: [ParNew: 660355K->19452K(707840K), 0.1016090 secs] 1204972K->569742K(2018560K), 0.1019860 secs] [Times: user=0.19 sys=0.00, real=0.10 secs] 
9147.193: [GC (Allocation Failure) 9147.194: [ParNew: 648700K->28341K(707840K), 0.0834940 secs] 1198990K->583371K(2018560K), 0.0838750 secs] [Times: user=0.16 sys=0.00, real=0.09 secs] 
9190.278: [GC (Allocation Failure) 9190.279: [ParNew: 657589K->19064K(707840K), 0.0974480 secs] 1212619K->580446K(2018560K), 0.0978290 secs] [Times: user=0.19 sys=0.00, real=0.10 secs] 
9233.775: [GC (Allocation Failure) 9233.775: [ParNew: 648312K->26331K(707840K), 0.0909240 secs] 1209694K->591907K(2018560K), 0.0913030 secs] [Times: user=0.18 sys=0.00, real=0.09 secs] 
9264.037: [GC (Allocation Failure) 9264.037: [ParNew: 655579K->25648K(707840K), 0.0911550 secs] 1221155K->595960K(2018560K), 0.0915410 secs] [Times: user=0.18 sys=0.00, real=0.09 secs] 
9286.006: [GC (Allocation Failure) 9286.007: [ParNew: 654896K->26508K(707840K), 0.0911800 secs] 1225208K->600975K(2018560K), 0.0915690 secs] [Times: user=0.17 sys=0.00, real=0.10 secs] 
9322.613: [GC (Allocation Failure) 9322.613: [ParNew: 655756K->28440K(707840K), 0.0945330 secs] 1230223K->607764K(2018560K), 0.0949410 secs] [Times: user=0.18 sys=0.00, real=0.10 secs] 
9363.325: [GC (Allocation Failure) 9363.325: [ParNew: 657688K->29579K(707840K), 0.0938750 secs] 1237012K->615568K(2018560K), 0.0942800 secs] [Times: user=0.19 sys=0.00, real=0.09 secs] 
9397.740: [GC (Allocation Failure) 9397.740: [ParNew: 658827K->22508K(707840K), 0.0701310 secs] 1244816K->613654K(2018560K), 0.0705950 secs] [Times: user=0.14 sys=0.00, real=0.07 secs] 
9429.744: [GC (Allocation Failure) 9429.744: [ParNew: 651756K->29143K(707840K), 0.0868020 secs] 1242902K->625501K(2018560K), 0.0871860 secs] [Times: user=0.17 sys=0.01, real=0.09 secs] 
9468.939: [GC (Allocation Failure) 9468.939: [ParNew: 658391K->19128K(707840K), 0.0946900 secs] 1254749K->619022K(2018560K), 0.0951540 secs] [Times: user=0.18 sys=0.00, real=0.09 secs] 
9505.203: [GC (Allocation Failure) 9505.203: [ParNew: 648376K->28885K(707840K), 0.0962050 secs] 1248270K->633338K(2018560K), 0.0965960 secs] [Times: user=0.18 sys=0.00, real=0.09 secs] 
9549.760: [GC (Allocation Failure) 9549.761: [ParNew: 658133K->20124K(707840K), 0.0877220 secs] 1262586K->629607K(2018560K), 0.0881200 secs] [Times: user=0.17 sys=0.00, real=0.09 secs] 
9603.404: [GC (Allocation Failure) 9603.404: [ParNew: 649372K->20302K(707840K), 0.0864550 secs] 1258855K->634131K(2018560K), 0.0868480 secs] [Times: user=0.17 sys=0.00, real=0.09 secs] 
9644.950: [GC (Allocation Failure) 9644.950: [ParNew: 649550K->21502K(707840K), 0.0877570 secs] 1263379K->640283K(2018560K), 0.0881600 secs] [Times: user=0.17 sys=0.00, real=0.09 secs] 
9684.406: [GC (Allocation Failure) 9684.406: [ParNew: 650750K->28823K(707840K), 0.0848660 secs] 1269531K->650924K(2018560K), 0.0852750 secs] [Times: user=0.17 sys=0.00, real=0.09 secs] 
9721.016: [GC (Allocation Failure) 9721.016: [ParNew: 658071K->24464K(707840K), 0.0778910 secs] 1280172K->651104K(2018560K), 0.0782580 secs] [Times: user=0.15 sys=0.01, real=0.08 secs] 
9748.540: [GC (Allocation Failure) 9748.540: [ParNew: 653712K->34662K(707840K), 0.1013200 secs] 1280352K->665430K(2018560K), 0.1017100 secs] [Times: user=0.20 sys=0.00, real=0.10 secs] 
9771.955: [GC (Allocation Failure) 9771.955: [ParNew: 663910K->30619K(707840K), 0.1103670 secs] 1294678K->666889K(2018560K), 0.1107770 secs] [Times: user=0.22 sys=0.00, real=0.11 secs] 
9821.760: [GC (Allocation Failure) 9821.760: [ParNew: 659867K->22081K(707840K), 0.1032790 secs] 1296137K->665745K(2018560K), 0.1037330 secs] [Times: user=0.20 sys=0.00, real=0.10 secs] 
9869.905: [GC (Allocation Failure) 9869.906: [ParNew: 651329K->18683K(707840K), 0.0989050 secs] 1294993K->668943K(2018560K), 0.1000410 secs] [Times: user=0.19 sys=0.01, real=0.10 secs] 
9904.354: [GC (Allocation Failure) 9904.354: [ParNew: 647931K->16435K(707840K), 0.0913820 secs] 1298191K->672654K(2018560K), 0.0918210 secs] [Times: user=0.18 sys=0.01, real=0.09 secs] 
9949.123: [GC (Allocation Failure) 9949.123: [ParNew: 645683K->23240K(707840K), 0.0803730 secs] 1301902K->681747K(2018560K), 0.0808390 secs] [Times: user=0.16 sys=0.00, real=0.08 secs] 
9991.727: [GC (Allocation Failure) 9991.727: [ParNew: 652488K->16646K(707840K), 0.0715580 secs] 1310995K->680137K(2018560K), 0.0719160 secs] [Times: user=0.14 sys=0.00, real=0.07 secs] 
10032.566: [GC (Allocation Failure) 10032.567: [ParNew: 645894K->24605K(707840K), 0.0914800 secs] 1309385K->693280K(2018560K), 0.0918920 secs] [Times: user=0.17 sys=0.00, real=0.09 secs] 
10068.183: [GC (Allocation Failure) 10068.183: [ParNew: 653853K->19034K(707840K), 0.0773560 secs] 1322528K->690967K(2018560K), 0.0777650 secs] [Times: user=0.15 sys=0.00, real=0.08 secs] 
10105.501: [GC (Allocation Failure) 10105.501: [ParNew: 648282K->26584K(707840K), 0.0880970 secs] 1320215K->703690K(2018560K), 0.0885030 secs] [Times: user=0.17 sys=0.00, real=0.09 secs] 
10146.993: [GC (Allocation Failure) 10146.994: [ParNew: 655832K->30771K(707840K), 0.0831450 secs] 1332938K->711409K(2018560K), 0.0835520 secs] [Times: user=0.16 sys=0.00, real=0.08 secs] 
10192.822: [GC (Allocation Failure) 10192.822: [ParNew: 660019K->20228K(707840K), 0.0797670 secs] 1340657K->704327K(2018560K), 0.0801740 secs] [Times: user=0.16 sys=0.00, real=0.08 secs] 
10224.964: [GC (Allocation Failure) 10224.964: [ParNew: 649476K->21751K(707840K), 0.0861660 secs] 1333575K->711488K(2018560K), 0.0865950 secs] [Times: user=0.17 sys=0.01, real=0.09 secs] 
10268.362: [GC (Allocation Failure) 10268.362: [ParNew: 650999K->21818K(707840K), 0.0829150 secs] 1340736K->714810K(2018560K), 0.0833540 secs] [Times: user=0.16 sys=0.00, real=0.08 secs] 
10300.052: [GC (Allocation Failure) 10300.052: [ParNew: 651048K->31371K(707840K), 0.0891440 secs] 1344039K->727857K(2018560K), 0.0895380 secs] [Times: user=0.18 sys=0.01, real=0.08 secs] 
10336.784: [GC (Allocation Failure) 10336.784: [ParNew: 660619K->27593K(707840K), 0.0946450 secs] 1357105K->728581K(2018560K), 0.0951060 secs] [Times: user=0.18 sys=0.00, real=0.10 secs] 
10383.295: [GC (Allocation Failure) 10383.295: [ParNew: 656841K->27816K(707840K), 0.0882610 secs] 1357829K->733384K(2018560K), 0.0886550 secs] [Times: user=0.17 sys=0.00, real=0.08 secs] 
10423.201: [GC (Allocation Failure) 10423.201: [ParNew: 657064K->17588K(707840K), 0.0929250 secs] 1362632K->728956K(2018560K), 0.0933310 secs] [Times: user=0.18 sys=0.00, real=0.09 secs] 
10470.669: [GC (Allocation Failure) 10470.669: [ParNew: 646836K->16838K(707840K), 0.0644460 secs] 1358204K->733354K(2018560K), 0.0648850 secs] [Times: user=0.12 sys=0.00, real=0.06 secs] 
10509.595: [GC (Allocation Failure) 10509.596: [ParNew: 646086K->15396K(707840K), 0.0800250 secs] 1362602K->735731K(2018560K), 0.0804510 secs] [Times: user=0.16 sys=0.01, real=0.08 secs] 
10542.259: [GC (Allocation Failure) 10542.259: [ParNew: 644640K->22748K(707840K), 0.0870610 secs] 1364975K->748188K(2018560K), 0.0874590 secs] [Times: user=0.17 sys=0.00, real=0.08 secs] 
10591.907: [GC (Allocation Failure) 10591.907: [ParNew: 651996K->32154K(707840K), 0.0628260 secs] 1377436K->761149K(2018560K), 0.0632040 secs] [Times: user=0.12 sys=0.01, real=0.06 secs] 
10622.120: [GC (Allocation Failure) 10622.121: [ParNew: 661402K->21336K(707840K), 0.0637590 secs] 1390397K->754053K(2018560K), 0.0641230 secs] [Times: user=0.12 sys=0.00, real=0.07 secs] 
10654.923: [GC (Allocation Failure) 10654.923: [ParNew: 650584K->35218K(707840K), 0.0975100 secs] 1383301K->774277K(2018560K), 0.0979160 secs] [Times: user=0.18 sys=0.01, real=0.10 secs] 
10687.516: [GC (Allocation Failure) 10687.516: [ParNew: 664466K->22326K(707840K), 0.0666880 secs] 1403525K->766287K(2018560K), 0.0670920 secs] [Times: user=0.13 sys=0.00, real=0.07 secs] 
10723.555: [GC (Allocation Failure) 10723.555: [ParNew: 651574K->24766K(707840K), 0.0909220 secs] 1395535K->774256K(2018560K), 0.0913260 secs] [Times: user=0.17 sys=0.00, real=0.09 secs] 
10764.095: [GC (Allocation Failure) 10764.095: [ParNew: 654014K->35883K(707840K), 0.0912830 secs] 1403504K->789738K(2018560K), 0.0917350 secs] [Times: user=0.18 sys=0.00, real=0.09 secs] 
10811.680: [GC (Allocation Failure) 10811.680: [ParNew: 665131K->23505K(707840K), 0.0959710 secs] 1418986K->781587K(2018560K), 0.0964390 secs] [Times: user=0.19 sys=0.00, real=0.09 secs] 
10845.603: [GC (Allocation Failure) 10845.603: [ParNew: 652753K->26120K(707840K), 0.0989530 secs] 1410835K->790244K(2018560K), 0.0993850 secs] [Times: user=0.19 sys=0.01, real=0.10 secs] 
10894.395: [GC (Allocation Failure) 10894.395: [ParNew: 655368K->27903K(707840K), 0.0899730 secs] 1419492K->796573K(2018560K), 0.0903660 secs] [Times: user=0.17 sys=0.00, real=0.09 secs] 
10931.486: [GC (Allocation Failure) 10931.487: [ParNew: 657151K->35921K(707840K), 0.0969360 secs] 1425821K->810361K(2018560K), 0.0973940 secs] [Times: user=0.18 sys=0.01, real=0.10 secs] 
10973.415: [GC (Allocation Failure) 10973.415: [ParNew: 665169K->23799K(707840K), 0.0799890 secs] 1439609K->803473K(2018560K), 0.0803550 secs] [Times: user=0.15 sys=0.00, real=0.08 secs] 
11008.587: [GC (Allocation Failure) 11008.587: [ParNew: 653047K->28491K(707840K), 0.0848010 secs] 1432721K->812451K(2018560K), 0.0851990 secs] [Times: user=0.17 sys=0.01, real=0.09 secs] 
11020.540: [GC (Allocation Failure) 11020.540: [ParNew: 657739K->32706K(707840K), 0.0967100 secs] 1441699K->819876K(2018560K), 0.0971080 secs] [Times: user=0.19 sys=0.00, real=0.10 secs] 
11031.911: [GC (Allocation Failure) 11031.911: [ParNew: 661922K->45604K(707840K), 0.1083140 secs] 1449093K->836941K(2018560K), 0.1087370 secs] [Times: user=0.21 sys=0.00, real=0.11 secs] 
11053.534: [GC (Allocation Failure) 11053.534: [ParNew: 674852K->31433K(707840K), 0.1056990 secs] 1466189K->830710K(2018560K), 0.1061020 secs] [Times: user=0.20 sys=0.00, real=0.11 secs] 
11077.401: [GC (Allocation Failure) 11077.401: [ParNew: 660681K->20784K(707840K), 0.1111740 secs] 1459958K->830698K(2018560K), 0.1117250 secs] [Times: user=0.21 sys=0.00, real=0.11 secs] 
11118.939: [GC (Allocation Failure) 11118.940: [ParNew: 650032K->18701K(707840K), 0.0908110 secs] 1459946K->834094K(2018560K), 0.0913170 secs] [Times: user=0.18 sys=0.01, real=0.09 secs] 
11155.214: [GC (Allocation Failure) 11155.214: [ParNew: 647949K->25749K(707840K), 0.0731550 secs] 1463342K->846340K(2018560K), 0.0735640 secs] [Times: user=0.14 sys=0.00, real=0.07 secs] 
11189.057: [GC (Allocation Failure) 11189.058: [ParNew: 654997K->24526K(707840K), 0.0983920 secs] 1475588K->850257K(2018560K), 0.0987730 secs] [Times: user=0.19 sys=0.00, real=0.09 secs] 
11196.531: [GC (Allocation Failure) 11196.531: [ParNew: 653774K->33044K(707840K), 0.1067650 secs] 1479505K->863389K(2018560K), 0.1071490 secs] [Times: user=0.21 sys=0.00, real=0.10 secs] 
11204.559: [GC (Allocation Failure) 11204.559: [ParNew: 662292K->45346K(707840K), 0.0759060 secs] 1492637K->879033K(2018560K), 0.0762870 secs] [Times: user=0.15 sys=0.00, real=0.08 secs] 
11220.273: [GC (Allocation Failure) 11220.273: [ParNew: 674594K->27543K(707840K), 0.1243050 secs] 1508281K->870731K(2018560K), 0.1246770 secs] [Times: user=0.23 sys=0.02, real=0.12 secs] 
11253.831: [GC (Allocation Failure) 11253.831: [ParNew: 656791K->25233K(707840K), 0.1121230 secs] 1499979K->878663K(2018560K), 0.1125120 secs] [Times: user=0.21 sys=0.00, real=0.11 secs] 
11300.128: [GC (Allocation Failure) 11300.128: [ParNew: 654481K->19120K(707840K), 0.0898500 secs] 1507911K->880349K(2018560K), 0.0902700 secs] [Times: user=0.17 sys=0.00, real=0.09 secs] 
11345.390: [GC (Allocation Failure) 11345.390: [ParNew: 648368K->21793K(707840K), 0.0724420 secs] 1509597K->886237K(2018560K), 0.0728720 secs] [Times: user=0.15 sys=0.00, real=0.08 secs] 
11371.963: [GC (Allocation Failure) 11371.963: [ParNew: 651041K->20979K(707840K), 0.0862240 secs] 1515485K->888942K(2018560K), 0.0866360 secs] [Times: user=0.17 sys=0.00, real=0.09 secs] 
11395.184: [GC (Allocation Failure) 11395.184: [ParNew: 650227K->29651K(707840K), 0.0882760 secs] 1518190K->901168K(2018560K), 0.0886780 secs] [Times: user=0.17 sys=0.00, real=0.09 secs] 
11411.440: [GC (Allocation Failure) 11411.440: [ParNew: 658899K->34632K(707840K), 0.1032740 secs] 1530416K->910149K(2018560K), 0.1037420 secs] [Times: user=0.21 sys=0.00, real=0.11 secs] 
11432.185: [GC (Allocation Failure) 11432.185: [ParNew: 663880K->33214K(707840K), 0.1135730 secs] 1539397K->916647K(2018560K), 0.1139700 secs] [Times: user=0.21 sys=0.00, real=0.11 secs] 
11447.951: [GC (Allocation Failure) 11447.951: [ParNew: 662462K->44950K(707840K), 0.1176790 secs] 1545895K->933730K(2018560K), 0.1180790 secs] [Times: user=0.23 sys=0.00, real=0.12 secs] 
11455.255: [GC (Allocation Failure) 11455.255: [ParNew: 674198K->54499K(707840K), 0.1372380 secs] 1562978K->953193K(2018560K), 0.1376320 secs] [Times: user=0.26 sys=0.01, real=0.14 secs] 
11464.246: [GC (Allocation Failure) 11464.246: [ParNew: 683747K->36152K(707840K), 0.1161990 secs] 1582441K->941308K(2018560K), 0.1165990 secs] [Times: user=0.22 sys=0.01, real=0.12 secs] 
11484.494: [GC (Allocation Failure) 11484.494: [ParNew: 665400K->25277K(707840K), 0.1186970 secs] 1570556K->941727K(2018560K), 0.1190960 secs] [Times: user=0.23 sys=0.01, real=0.12 secs] 
11514.234: [GC (Allocation Failure) 11514.234: [ParNew: 654525K->22102K(707840K), 0.1027810 secs] 1570975K->949159K(2018560K), 0.1031840 secs] [Times: user=0.20 sys=0.01, real=0.11 secs] 
11547.656: [GC (Allocation Failure) 11547.656: [ParNew: 651350K->16514K(707840K), 0.0815120 secs] 1578407K->948495K(2018560K), 0.0819250 secs] [Times: user=0.15 sys=0.01, real=0.08 secs] 
11574.882: [GC (Allocation Failure) 11574.882: [ParNew: 645762K->21257K(707840K), 0.0942770 secs] 1577743K->956897K(2018560K), 0.0946580 secs] [Times: user=0.17 sys=0.01, real=0.10 secs] 
11605.189: [GC (Allocation Failure) 11605.189: [ParNew: 650505K->21296K(707840K), 0.0858480 secs] 1586145K->961617K(2018560K), 0.0862220 secs] [Times: user=0.16 sys=0.01, real=0.09 secs] 
11618.055: [GC (Allocation Failure) 11618.055: [ParNew: 650544K->28357K(707840K), 0.1007260 secs] 1590865K->971956K(2018560K), 0.1011330 secs] [Times: user=0.20 sys=0.01, real=0.10 secs] 
11626.074: [GC (Allocation Failure) 11626.074: [ParNew: 657605K->29584K(707840K), 0.1098410 secs] 1601204K->977604K(2018560K), 0.1102840 secs] [Times: user=0.22 sys=0.00, real=0.11 secs] 
11642.631: [GC (Allocation Failure) 11642.631: [ParNew: 658832K->35030K(707840K), 0.0982860 secs] 1606852K->987578K(2018560K), 0.0987480 secs] [Times: user=0.19 sys=0.00, real=0.10 secs] 
11682.591: [GC (Allocation Failure) 11682.591: [ParNew: 664278K->23530K(707840K), 0.1060460 secs] 1616826K->986413K(2018560K), 0.1064260 secs] [Times: user=0.20 sys=0.01, real=0.11 secs] 
11717.423: [GC (Allocation Failure) 11717.424: [ParNew: 652778K->17646K(707840K), 0.0611970 secs] 1615661K->987826K(2018560K), 0.0616050 secs] [Times: user=0.11 sys=0.01, real=0.06 secs] 
11747.692: [GC (Allocation Failure) 11747.693: [ParNew: 646894K->20767K(707840K), 0.0793980 secs] 1617074K->994332K(2018560K), 0.0798240 secs] [Times: user=0.16 sys=0.00, real=0.08 secs] 
11781.816: [GC (Allocation Failure) 11781.816: [ParNew: 650015K->29182K(707840K), 0.0800430 secs] 1623580K->1005587K(2018560K), 0.0804640 secs] [Times: user=0.16 sys=0.00, real=0.08 secs] 
11818.089: [GC (Allocation Failure) 11818.089: [ParNew: 658430K->18937K(707840K), 0.0815210 secs] 1634835K->999145K(2018560K), 0.0819870 secs] [Times: user=0.16 sys=0.00, real=0.08 secs] 
11850.693: [Full GC (System.gc()) 11850.693: [CMS: 980208K->520232K(1310720K), 3.2081420 secs] 1414220K->520232K(2018560K), [Metaspace: 106504K->106504K(1146880K)], 3.2088080 secs] [Times: user=3.16 sys=0.03, real=3.21 secs] 
11894.267: [GC (Allocation Failure) 11894.267: [ParNew: 629248K->13199K(707840K), 0.0393600 secs] 1149480K->533431K(2018560K), 0.0397140 secs] [Times: user=0.08 sys=0.00, real=0.04 secs] 
11931.996: [GC (Allocation Failure) 11931.996: [ParNew: 642447K->14179K(707840K), 0.0583710 secs] 1162679K->534411K(2018560K), 0.0588930 secs] [Times: user=0.11 sys=0.00, real=0.06 secs] 
11957.672: [GC (Allocation Failure) 11957.672: [ParNew: 643427K->24364K(707840K), 0.0815040 secs] 1163659K->544596K(2018560K), 0.0819690 secs] [Times: user=0.16 sys=0.01, real=0.09 secs] 
11968.186: [GC (Allocation Failure) 11968.186: [ParNew: 653612K->34556K(707840K), 0.1141960 secs] 1173844K->559834K(2018560K), 0.1145810 secs] [Times: user=0.22 sys=0.01, real=0.11 secs] 
11981.725: [GC (Allocation Failure) 11981.725: [ParNew: 663804K->32930K(707840K), 0.1028410 secs] 1189082K->563398K(2018560K), 0.1032270 secs] [Times: user=0.20 sys=0.01, real=0.11 secs] 
12015.469: [GC (Allocation Failure) 12015.469: [ParNew: 662178K->21569K(707840K), 0.0851940 secs] 1192646K->559127K(2018560K), 0.0855690 secs] [Times: user=0.16 sys=0.01, real=0.09 secs] 
12042.618: [GC (Allocation Failure) 12042.619: [ParNew: 650817K->19194K(707840K), 0.1097180 secs] 1188375K->564927K(2018560K), 0.1101760 secs] [Times: user=0.21 sys=0.00, real=0.11 secs] 
12052.900: [GC (Allocation Failure) 12052.900: [ParNew: 648442K->36520K(707840K), 0.1148630 secs] 1194175K->587372K(2018560K), 0.1152690 secs] [Times: user=0.22 sys=0.00, real=0.11 secs] 
12063.709: [GC (Allocation Failure) 12063.709: [ParNew: 665768K->51162K(707840K), 0.1167740 secs] 1216620K->606254K(2018560K), 0.1171610 secs] [Times: user=0.23 sys=0.00, real=0.12 secs] 
12082.163: [GC (Allocation Failure) 12082.163: [ParNew: 680410K->44177K(707840K), 0.1056970 secs] 1235502K->606961K(2018560K), 0.1060730 secs] [Times: user=0.20 sys=0.00, real=0.10 secs] 
12093.493: [GC (Allocation Failure) 12093.493: [ParNew: 673425K->28614K(707840K), 0.1390580 secs] 1236209K->605463K(2018560K), 0.1394970 secs] [Times: user=0.27 sys=0.00, real=0.14 secs] 
12106.492: [GC (Allocation Failure) 12106.492: [ParNew: 657862K->39679K(707840K), 0.1237050 secs] 1234711K->623785K(2018560K), 0.1241010 secs] [Times: user=0.24 sys=0.00, real=0.12 secs] 
12128.973: [GC (Allocation Failure) 12128.974: [ParNew: 668927K->38328K(707840K), 0.1105660 secs] 1253033K->628020K(2018560K), 0.1110380 secs] [Times: user=0.22 sys=0.00, real=0.11 secs] 
12152.653: [GC (Allocation Failure) 12152.653: [ParNew: 667576K->36638K(707840K), 0.1328920 secs] 1257268K->638791K(2018560K), 0.1332750 secs] [Times: user=0.26 sys=0.01, real=0.14 secs] 
12159.344: [GC (Allocation Failure) 12159.344: [ParNew: 665886K->45704K(707840K), 0.1270690 secs] 1268039K->654486K(2018560K), 0.1274610 secs] [Times: user=0.24 sys=0.01, real=0.13 secs] 
12165.184: [GC (Allocation Failure) 12165.185: [ParNew: 674952K->40315K(707840K), 0.1246180 secs] 1283734K->654123K(2018560K), 0.1250030 secs] [Times: user=0.24 sys=0.00, real=0.13 secs] 
12173.459: [GC (Allocation Failure) 12173.459: [ParNew: 669563K->28968K(707840K), 0.1364190 secs] 1283371K->653024K(2018560K), 0.1368070 secs] [Times: user=0.26 sys=0.01, real=0.13 secs] 
12189.453: [GC (Allocation Failure) 12189.453: [ParNew: 658216K->27763K(707840K), 0.1237150 secs] 1282272K->664122K(2018560K), 0.1241030 secs] [Times: user=0.24 sys=0.00, real=0.12 secs] 
12220.037: [GC (Allocation Failure) 12220.037: [ParNew: 657011K->21477K(707840K), 0.0887750 secs] 1293370K->663908K(2018560K), 0.0891840 secs] [Times: user=0.18 sys=0.00, real=0.09 secs] 
12249.007: [GC (Allocation Failure) 12249.007: [ParNew: 650725K->23464K(707840K), 0.0846840 secs] 1293156K->670391K(2018560K), 0.0850880 secs] [Times: user=0.17 sys=0.00, real=0.09 secs] 
12281.616: [GC (Allocation Failure) 12281.616: [ParNew: 652712K->14692K(707840K), 0.0817040 secs] 1299639K->665118K(2018560K), 0.0821270 secs] [Times: user=0.15 sys=0.00, real=0.08 secs] 
12307.257: [GC (Allocation Failure) 12307.257: [ParNew: 643940K->21325K(707840K), 0.0795940 secs] 1294366K->675242K(2018560K), 0.0799760 secs] [Times: user=0.16 sys=0.00, real=0.08 secs] 
12343.053: [GC (Allocation Failure) 12343.053: [ParNew: 650573K->21495K(707840K), 0.0810150 secs] 1304490K->679275K(2018560K), 0.0814400 secs] [Times: user=0.16 sys=0.00, real=0.08 secs] 
12378.998: [GC (Allocation Failure) 12378.999: [ParNew: 650743K->13905K(707840K), 0.0862310 secs] 1308523K->675342K(2018560K), 0.0866620 secs] [Times: user=0.16 sys=0.01, real=0.08 secs] 
12426.335: [GC (Allocation Failure) 12426.335: [ParNew: 643153K->13485K(707840K), 0.0813750 secs] 1304590K->678397K(2018560K), 0.0817770 secs] [Times: user=0.15 sys=0.00, real=0.08 secs] 
12456.517: [GC (Allocation Failure) 12456.517: [ParNew: 642733K->19988K(707840K), 0.0830700 secs] 1307645K->688164K(2018560K), 0.0834670 secs] [Times: user=0.16 sys=0.00, real=0.09 secs] 
12493.781: [GC (Allocation Failure) 12493.781: [ParNew: 649236K->20312K(707840K), 0.0789470 secs] 1317412K->692323K(2018560K), 0.0793410 secs] [Times: user=0.15 sys=0.01, real=0.08 secs] 
12536.977: [GC (Allocation Failure) 12536.978: [ParNew: 649560K->20225K(707840K), 0.0830970 secs] 1321571K->695846K(2018560K), 0.0834820 secs] [Times: user=0.16 sys=0.00, real=0.08 secs] 
12573.467: [GC (Allocation Failure) 12573.467: [ParNew: 649473K->19667K(707840K), 0.0763330 secs] 1325094K->699212K(2018560K), 0.0767360 secs] [Times: user=0.15 sys=0.00, real=0.08 secs] 
12614.884: [GC (Allocation Failure) 12614.884: [ParNew: 648915K->12329K(707840K), 0.0739650 secs] 1328460K->694932K(2018560K), 0.0743530 secs] [Times: user=0.14 sys=0.00, real=0.07 secs] 
12649.972: [GC (Allocation Failure) 12649.973: [ParNew: 641577K->18354K(707840K), 0.0791530 secs] 1324180K->704154K(2018560K), 0.0796590 secs] [Times: user=0.15 sys=0.00, real=0.08 secs] 
12671.873: [GC (Allocation Failure) 12671.873: [ParNew: 647602K->23456K(707840K), 0.0815120 secs] 1333402K->712092K(2018560K), 0.0819210 secs] [Times: user=0.16 sys=0.00, real=0.08 secs] 
12693.268: [GC (Allocation Failure) 12693.268: [ParNew: 652704K->23075K(707840K), 0.0804780 secs] 1341340K->715747K(2018560K), 0.0808740 secs] [Times: user=0.16 sys=0.00, real=0.08 secs] 
12728.274: [GC (Allocation Failure) 12728.275: [ParNew: 652323K->23625K(707840K), 0.0760250 secs] 1344995K->718794K(2018560K), 0.0764120 secs] [Times: user=0.15 sys=0.00, real=0.08 secs] 
12760.044: [GC (Allocation Failure) 12760.044: [ParNew: 652873K->24306K(707840K), 0.0830980 secs] 1348042K->726938K(2018560K), 0.0835110 secs] [Times: user=0.16 sys=0.00, real=0.09 secs] 
12782.771: [GC (Allocation Failure) 12782.771: [ParNew: 653554K->24239K(707840K), 0.0771100 secs] 1356186K->730045K(2018560K), 0.0774800 secs] [Times: user=0.15 sys=0.00, real=0.07 secs] 
12824.894: [GC (Allocation Failure) 12824.894: [ParNew: 653487K->15867K(707840K), 0.0822560 secs] 1359293K->725115K(2018560K), 0.0826700 secs] [Times: user=0.16 sys=0.00, real=0.09 secs] 
12868.865: [GC (Allocation Failure) 12868.865: [ParNew: 645115K->15799K(707840K), 0.0916600 secs] 1354363K->732152K(2018560K), 0.0920500 secs] [Times: user=0.18 sys=0.00, real=0.09 secs] 
12902.254: [GC (Allocation Failure) 12902.255: [ParNew: 645047K->21256K(707840K), 0.0739870 secs] 1361400K->739950K(2018560K), 0.0744270 secs] [Times: user=0.14 sys=0.00, real=0.08 secs] 
12943.526: [GC (Allocation Failure) 12943.526: [ParNew: 650504K->13853K(707840K), 0.0781810 secs] 1369198K->736136K(2018560K), 0.0785830 secs] [Times: user=0.15 sys=0.00, real=0.08 secs] 
12985.592: [GC (Allocation Failure) 12985.592: [ParNew: 643101K->13567K(707840K), 0.0759500 secs] 1365384K->740107K(2018560K), 0.0763520 secs] [Times: user=0.15 sys=0.00, real=0.07 secs] 
13027.400: [GC (Allocation Failure) 13027.400: [ParNew: 642815K->12677K(707840K), 0.0731170 secs] 1369355K->742675K(2018560K), 0.0735400 secs] [Times: user=0.15 sys=0.00, real=0.07 secs] 
13073.499: [GC (Allocation Failure) 13073.499: [ParNew: 641925K->18566K(707840K), 0.0645790 secs] 1371923K->751262K(2018560K), 0.0650610 secs] [Times: user=0.12 sys=0.00, real=0.07 secs] 
13119.132: [GC (Allocation Failure) 13119.133: [ParNew: 647814K->18757K(707840K), 0.0736020 secs] 1380510K->754749K(2018560K), 0.0740180 secs] [Times: user=0.14 sys=0.00, real=0.07 secs] 
13135.742: [GC (Allocation Failure) 13135.742: [ParNew: 648005K->24597K(707840K), 0.0849020 secs] 1383997K->763534K(2018560K), 0.0852940 secs] [Times: user=0.17 sys=0.00, real=0.09 secs] 
13150.902: [GC (Allocation Failure) 13150.903: [ParNew: 653845K->35518K(707840K), 0.0943260 secs] 1392782K->778145K(2018560K), 0.0947890 secs] [Times: user=0.18 sys=0.00, real=0.10 secs] 
13192.291: [GC (Allocation Failure) 13192.291: [ParNew: 664766K->30918K(707840K), 0.0966950 secs] 1407393K->776570K(2018560K), 0.0970900 secs] [Times: user=0.19 sys=0.00, real=0.10 secs] 
13223.909: [GC (Allocation Failure) 13223.909: [ParNew: 660166K->21483K(707840K), 0.1102080 secs] 1405818K->777363K(2018560K), 0.1106070 secs] [Times: user=0.21 sys=0.00, real=0.11 secs] 
13269.385: [GC (Allocation Failure) 13269.385: [ParNew: 650731K->16874K(707840K), 0.0800710 secs] 1406611K->777585K(2018560K), 0.0804630 secs] [Times: user=0.16 sys=0.00, real=0.08 secs] 
13282.033: [GC (Allocation Failure) 13282.033: [ParNew: 646122K->28064K(707840K), 0.0946340 secs] 1406833K->792580K(2018560K), 0.0950160 secs] [Times: user=0.19 sys=0.00, real=0.10 secs] 
13291.637: [GC (Allocation Failure) 13291.637: [ParNew: 657312K->37194K(707840K), 0.1055010 secs] 1421828K->806182K(2018560K), 0.1058820 secs] [Times: user=0.21 sys=0.00, real=0.10 secs] 
13307.496: [GC (Allocation Failure) 13307.496: [ParNew: 666442K->34072K(707840K), 0.0918930 secs] 1435430K->806725K(2018560K), 0.0922740 secs] [Times: user=0.18 sys=0.00, real=0.09 secs] 
13341.322: [GC (Allocation Failure) 13341.323: [ParNew: 663320K->22901K(707840K), 0.0874400 secs] 1435973K->805621K(2018560K), 0.0878110 secs] [Times: user=0.17 sys=0.00, real=0.09 secs] 
13376.141: [GC (Allocation Failure) 13376.142: [ParNew: 652149K->18569K(707840K), 0.0933280 secs] 1434869K->809066K(2018560K), 0.0937630 secs] [Times: user=0.18 sys=0.00, real=0.09 secs] 
13392.859: [GC (Allocation Failure) 13392.859: [ParNew: 647817K->29618K(707840K), 0.0927790 secs] 1438314K->823677K(2018560K), 0.0931820 secs] [Times: user=0.19 sys=0.00, real=0.10 secs] 
13411.874: [GC (Allocation Failure) 13411.875: [ParNew: 658866K->35780K(707840K), 0.0986350 secs] 1452925K->833752K(2018560K), 0.0990710 secs] [Times: user=0.19 sys=0.00, real=0.10 secs] 
13438.237: [GC (Allocation Failure) 13438.237: [ParNew: 665028K->24932K(707840K), 0.0903050 secs] 1463000K->827035K(2018560K), 0.0907480 secs] [Times: user=0.17 sys=0.01, real=0.09 secs] 
13473.726: [GC (Allocation Failure) 13473.726: [ParNew: 654180K->17497K(707840K), 0.0992980 secs] 1456283K->827291K(2018560K), 0.0996910 secs] [Times: user=0.20 sys=0.00, real=0.10 secs] 
13513.006: [GC (Allocation Failure) 13513.007: [ParNew: 646745K->15117K(707840K), 0.0891210 secs] 1456539K->830493K(2018560K), 0.0895200 secs] [Times: user=0.17 sys=0.00, real=0.09 secs] 
13549.631: [GC (Allocation Failure) 13549.631: [ParNew: 644365K->13159K(707840K), 0.0723350 secs] 1459741K->831131K(2018560K), 0.0727570 secs] [Times: user=0.14 sys=0.00, real=0.07 secs] 
13581.888: [GC (Allocation Failure) 13581.888: [ParNew: 642407K->25235K(707840K), 0.0721730 secs] 1460379K->846066K(2018560K), 0.0725860 secs] [Times: user=0.14 sys=0.00, real=0.07 secs] 
13611.701: [GC (Allocation Failure) 13611.701: [ParNew: 654483K->16197K(707840K), 0.0957830 secs] 1475314K->840095K(2018560K), 0.0961830 secs] [Times: user=0.19 sys=0.00, real=0.10 secs] 
13648.750: [GC (Allocation Failure) 13648.750: [ParNew: 645445K->19774K(707840K), 0.0816290 secs] 1469343K->847263K(2018560K), 0.0820250 secs] [Times: user=0.16 sys=0.00, real=0.09 secs] 
13673.069: [GC (Allocation Failure) 13673.070: [ParNew: 648983K->33654K(707840K), 0.0787090 secs] 1476472K->864177K(2018560K), 0.0791430 secs] [Times: user=0.15 sys=0.00, real=0.08 secs] 
13686.137: [GC (Allocation Failure) 13686.137: [ParNew: 662902K->39191K(707840K), 0.0991180 secs] 1493425K->872808K(2018560K), 0.0995380 secs] [Times: user=0.20 sys=0.00, real=0.09 secs] 
13716.808: [GC (Allocation Failure) 13716.808: [ParNew: 668420K->26214K(707840K), 0.0956640 secs] 1502037K->863976K(2018560K), 0.0960580 secs] [Times: user=0.19 sys=0.00, real=0.10 secs] 
13733.939: [GC (Allocation Failure) 13733.940: [ParNew: 655462K->39682K(707840K), 0.1122720 secs] 1493224K->884880K(2018560K), 0.1126580 secs] [Times: user=0.21 sys=0.00, real=0.11 secs] 
13745.286: [GC (Allocation Failure) 13745.286: [ParNew: 668930K->34275K(707840K), 0.1170850 secs] 1514128K->887595K(2018560K), 0.1174550 secs] [Times: user=0.23 sys=0.00, real=0.11 secs] 
13770.248: [GC (Allocation Failure) 13770.248: [ParNew: 663523K->44036K(707840K), 0.1126770 secs] 1516843K->902016K(2018560K), 0.1131330 secs] [Times: user=0.22 sys=0.01, real=0.12 secs] 
13805.338: [GC (Allocation Failure) 13805.338: [ParNew: 673284K->30752K(707840K), 0.1119170 secs] 1531264K->897039K(2018560K), 0.1123060 secs] [Times: user=0.22 sys=0.01, real=0.11 secs] 
13845.216: [GC (Allocation Failure) 13845.216: [ParNew: 660000K->19697K(707840K), 0.1078110 secs] 1526287K->894729K(2018560K), 0.1082540 secs] [Times: user=0.21 sys=0.00, real=0.11 secs] 
13883.389: [GC (Allocation Failure) 13883.389: [ParNew: 648945K->26784K(707840K), 0.0928690 secs] 1523977K->907000K(2018560K), 0.0932820 secs] [Times: user=0.18 sys=0.00, real=0.09 secs] 
13921.073: [GC (Allocation Failure) 13921.073: [ParNew: 656032K->25369K(707840K), 0.0877400 secs] 1536248K->910174K(2018560K), 0.0882250 secs] [Times: user=0.18 sys=0.00, real=0.08 secs] 
13954.984: [GC (Allocation Failure) 13954.984: [ParNew: 654617K->15890K(707840K), 0.0773840 secs] 1539422K->905250K(2018560K), 0.0777730 secs] [Times: user=0.14 sys=0.00, real=0.08 secs] 
13993.026: [GC (Allocation Failure) 13993.026: [ParNew: 645138K->22241K(707840K), 0.0695250 secs] 1534498K->916016K(2018560K), 0.0699220 secs] [Times: user=0.13 sys=0.00, real=0.07 secs] 
14036.820: [GC (Allocation Failure) 14036.820: [ParNew: 651489K->20921K(707840K), 0.0632580 secs] 1545264K->918277K(2018560K), 0.0636700 secs] [Times: user=0.12 sys=0.00, real=0.06 secs] 
14070.791: [GC (Allocation Failure) 14070.792: [ParNew: 650169K->20349K(707840K), 0.0904640 secs] 1547525K->921646K(2018560K), 0.0908680 secs] [Times: user=0.17 sys=0.01, real=0.09 secs] 
14082.009: [GC (Allocation Failure) 14082.009: [ParNew: 649597K->28261K(707840K), 0.0980190 secs] 1550894K->932559K(2018560K), 0.0984760 secs] [Times: user=0.19 sys=0.00, real=0.10 secs] 
14093.853: [GC (Allocation Failure) 14093.854: [ParNew: 657509K->40577K(707840K), 0.1040440 secs] 1561807K->947916K(2018560K), 0.1044500 secs] [Times: user=0.20 sys=0.00, real=0.10 secs] 
14125.206: [GC (Allocation Failure) 14125.206: [ParNew: 669825K->35127K(707840K), 0.1092810 secs] 1577164K->950290K(2018560K), 0.1097100 secs] [Times: user=0.21 sys=0.00, real=0.11 secs] 
14158.694: [GC (Allocation Failure) 14158.695: [ParNew: 664375K->22081K(707840K), 0.0870790 secs] 1579538K->946744K(2018560K), 0.0875020 secs] [Times: user=0.17 sys=0.00, real=0.09 secs] 
14182.099: [GC (Allocation Failure) 14182.099: [ParNew: 651329K->35822K(707840K), 0.0979730 secs] 1575992K->965689K(2018560K), 0.0983960 secs] [Times: user=0.19 sys=0.00, real=0.10 secs] 
14197.023: [GC (Allocation Failure) 14197.023: [ParNew: 665070K->23895K(707840K), 0.0972850 secs] 1594937K->957225K(2018560K), 0.0977570 secs] [Times: user=0.19 sys=0.01, real=0.10 secs] 
14239.511: [GC (Allocation Failure) 14239.511: [ParNew: 653143K->19668K(707840K), 0.0949010 secs] 1586473K->958776K(2018560K), 0.0953270 secs] [Times: user=0.18 sys=0.00, real=0.09 secs] 
14285.776: [GC (Allocation Failure) 14285.777: [ParNew: 648916K->26201K(707840K), 0.0739290 secs] 1588024K->970071K(2018560K), 0.0743260 secs] [Times: user=0.15 sys=0.00, real=0.08 secs] 
14326.352: [GC (Allocation Failure) 14326.352: [ParNew: 655427K->15329K(707840K), 0.0922800 secs] 1599297K->964535K(2018560K), 0.0926990 secs] [Times: user=0.18 sys=0.00, real=0.10 secs] 
14362.301: [GC (Allocation Failure) 14362.301: [ParNew: 644567K->18395K(707840K), 0.0802110 secs] 1593774K->971404K(2018560K), 0.0806470 secs] [Times: user=0.16 sys=0.00, real=0.08 secs] 
14389.175: [GC (Allocation Failure) 14389.176: [ParNew: 647643K->25929K(707840K), 0.0876300 secs] 1600652K->982649K(2018560K), 0.0880230 secs] [Times: user=0.17 sys=0.00, real=0.08 secs] 
14401.569: [GC (Allocation Failure) 14401.570: [ParNew: 655177K->32456K(707840K), 0.0932640 secs] 1611897K->992165K(2018560K), 0.0936440 secs] [Times: user=0.18 sys=0.01, real=0.09 secs] 
14419.127: [GC (Allocation Failure) 14419.127: [ParNew: 661669K->29736K(707840K), 0.1006100 secs] 1621377K->994055K(2018560K), 0.1010310 secs] [Times: user=0.19 sys=0.00, real=0.11 secs] 
14439.433: [GC (Allocation Failure) 14439.434: [ParNew: 658984K->22062K(707840K), 0.1129260 secs] 1623303K->994021K(2018560K), 0.1133340 secs] [Times: user=0.22 sys=0.00, real=0.11 secs] 
14469.293: [GC (Allocation Failure) 14469.293: [ParNew: 651310K->31760K(707840K), 0.0966140 secs] 1623269K->1011801K(2018560K), 0.0970050 secs] [Times: user=0.19 sys=0.00, real=0.10 secs] 
14508.106: [GC (Allocation Failure) 14508.106: [ParNew: 661008K->23935K(707840K), 0.0936300 secs] 1641049K->1009846K(2018560K), 0.0940260 secs] [Times: user=0.18 sys=0.00, real=0.09 secs] 
14550.658: [GC (Allocation Failure) 14550.658: [ParNew: 653183K->14942K(707840K), 0.0832360 secs] 1639094K->1005311K(2018560K), 0.0836240 secs] [Times: user=0.16 sys=0.01, real=0.08 secs] 
14596.664: [GC (Allocation Failure) 14596.664: [ParNew: 644190K->28879K(707840K), 0.0812580 secs] 1634559K->1022285K(2018560K), 0.0816430 secs] [Times: user=0.16 sys=0.00, real=0.09 secs] 
14608.581: [GC (Allocation Failure) 14608.581: [ParNew: 658127K->32966K(707840K), 0.1052590 secs] 1651533K->1029861K(2018560K), 0.1056340 secs] [Times: user=0.20 sys=0.00, real=0.11 secs] 
14625.090: [GC (Allocation Failure) 14625.090: [ParNew: 662214K->43445K(707840K), 0.0976230 secs] 1659109K->1044723K(2018560K), 0.0980140 secs] [Times: user=0.19 sys=0.00, real=0.09 secs] 
14661.788: [GC (Allocation Failure) 14661.788: [ParNew: 672693K->27877K(707840K), 0.0921240 secs] 1673971K->1034407K(2018560K), 0.0925990 secs] [Times: user=0.17 sys=0.01, real=0.09 secs] 
14700.981: [GC (Allocation Failure) 14700.981: [ParNew: 657125K->24130K(707840K), 0.0931300 secs] 1663655K->1038146K(2018560K), 0.0935160 secs] [Times: user=0.18 sys=0.00, real=0.09 secs] 
14740.164: [GC (Allocation Failure) 14740.165: [ParNew: 653378K->17965K(707840K), 0.0738940 secs] 1667394K->1034765K(2018560K), 0.0743070 secs] [Times: user=0.14 sys=0.01, real=0.08 secs] 
14782.808: [GC (Allocation Failure) 14782.808: [ParNew: 647213K->24659K(707840K), 0.0764070 secs] 1664013K->1043746K(2018560K), 0.0768160 secs] [Times: user=0.15 sys=0.00, real=0.08 secs] 
14825.323: [GC (Allocation Failure) 14825.323: [ParNew: 653907K->20998K(707840K), 0.0716380 secs] 1672994K->1043597K(2018560K), 0.0720150 secs] [Times: user=0.13 sys=0.01, real=0.07 secs] 
14855.487: [GC (Allocation Failure) 14855.487: [ParNew: 650246K->26456K(707840K), 0.1134860 secs] 1672845K->1052493K(2018560K), 0.1139010 secs] [Times: user=0.22 sys=0.01, real=0.11 secs] 
14865.481: [GC (Allocation Failure) 14865.482: [ParNew: 655704K->37241K(707840K), 0.1075070 secs] 1681741K->1067417K(2018560K), 0.1078980 secs] [Times: user=0.21 sys=0.00, real=0.11 secs] 
14882.482: [GC (Allocation Failure) 14882.482: [ParNew: 666489K->46396K(707840K), 0.0893740 secs] 1696665K->1081836K(2018560K), 0.0898260 secs] [Times: user=0.17 sys=0.01, real=0.09 secs] 
14913.519: [GC (Allocation Failure) 14913.519: [ParNew: 675644K->29147K(707840K), 0.1110840 secs] 1711084K->1074140K(2018560K), 0.1115210 secs] [Times: user=0.21 sys=0.00, real=0.11 secs] 
14953.864: [GC (Allocation Failure) 14954.022: [ParNew: 658395K->17507K(707840K), 0.0926260 secs] 1703388K->1070847K(2018560K), 0.2508440 secs] [Times: user=0.18 sys=0.00, real=0.25 secs] 
14999.922: [GC (Allocation Failure) 14999.922: [ParNew: 646755K->13488K(707840K), 0.0660740 secs] 1700095K->1070197K(2018560K), 0.0663930 secs] [Times: user=0.13 sys=0.00, real=0.07 secs] 
15034.521: [GC (Allocation Failure) 15034.522: [ParNew: 642736K->25629K(707840K), 0.0800330 secs] 1699445K->1086233K(2018560K), 0.0804270 secs] [Times: user=0.15 sys=0.01, real=0.09 secs] 
15082.860: [GC (Allocation Failure) 15082.860: [ParNew: 654877K->16685K(707840K), 0.0775500 secs] 1715481K->1079465K(2018560K), 0.0779740 secs] [Times: user=0.15 sys=0.00, real=0.07 secs] 
15124.715: [GC (Allocation Failure) 15124.715: [ParNew: 645933K->25194K(707840K), 0.0780630 secs] 1708713K->1090901K(2018560K), 0.0784520 secs] [Times: user=0.15 sys=0.00, real=0.08 secs] 
15164.595: [GC (Allocation Failure) 15164.595: [ParNew: 654442K->16836K(707840K), 0.0830740 secs] 1720149K->1087077K(2018560K), 0.0834730 secs] [Times: user=0.16 sys=0.01, real=0.08 secs] 
15184.815: [GC (Allocation Failure) 15184.815: [ParNew: 646084K->21739K(707840K), 0.0894580 secs] 1716325K->1094816K(2018560K), 0.0898830 secs] [Times: user=0.17 sys=0.00, real=0.09 secs] 
15194.007: [GC (Allocation Failure) 15194.007: [ParNew: 650987K->34354K(707840K), 0.1059470 secs] 1724064K->1111830K(2018560K), 0.1063350 secs] [Times: user=0.21 sys=0.00, real=0.10 secs] 
15207.395: [GC (Allocation Failure) 15207.395: [ParNew: 663549K->45628K(707840K), 0.0975330 secs] 1741025K->1126035K(2018560K), 0.0979740 secs] [Times: user=0.19 sys=0.00, real=0.10 secs] 
15229.551: [GC (Allocation Failure) 15229.552: [ParNew: 674876K->26331K(707840K), 0.0975590 secs] 1755283K->1117669K(2018560K), 0.0979500 secs] [Times: user=0.19 sys=0.00, real=0.10 secs] 
15250.875: [GC (Allocation Failure) 15250.876: [ParNew: 655579K->21592K(707840K), 0.1083950 secs] 1746917K->1122986K(2018560K), 0.1087800 secs] [Times: user=0.21 sys=0.00, real=0.10 secs] 
15283.475: [GC (Allocation Failure) 15283.475: [ParNew: 650840K->17826K(707840K), 0.0819120 secs] 1752234K->1124017K(2018560K), 0.0823020 secs] [Times: user=0.16 sys=0.00, real=0.08 secs] 
15316.881: [GC (Allocation Failure) 15316.881: [ParNew: 647074K->29546K(707840K), 0.0816950 secs] 1753265K->1138741K(2018560K), 0.0820930 secs] [Times: user=0.15 sys=0.00, real=0.08 secs] 
15325.993: [GC (Allocation Failure) 15325.993: [ParNew: 658794K->29648K(707840K), 0.1100100 secs] 1767989K->1143881K(2018560K), 0.1104050 secs] [Times: user=0.20 sys=0.01, real=0.11 secs] 
15336.523: [GC (Allocation Failure) 15336.523: [ParNew: 658896K->39551K(707840K), 0.0999730 secs] 1773129K->1157750K(2018560K), 0.1003540 secs] [Times: user=0.19 sys=0.01, real=0.10 secs] 
15359.308: [GC (Allocation Failure) 15359.308: [ParNew: 668799K->23602K(707840K), 0.1004750 secs] 1786998K->1148428K(2018560K), 0.1008730 secs] [Times: user=0.19 sys=0.01, real=0.10 secs] 
15400.521: [GC (Allocation Failure) 15400.521: [ParNew: 652850K->21309K(707840K), 0.1122220 secs] 1777676K->1156470K(2018560K), 0.1126200 secs] [Times: user=0.21 sys=0.00, real=0.11 secs] 
15424.698: [GC (Allocation Failure) 15424.698: [ParNew: 650557K->32997K(707840K), 0.0988160 secs] 1785718K->1172727K(2018560K), 0.0992590 secs] [Times: user=0.18 sys=0.01, real=0.10 secs] 
15431.956: [GC (Allocation Failure) 15431.957: [ParNew: 662245K->33169K(707840K), 0.1122190 secs] 1801975K->1176145K(2018560K), 0.1126120 secs] [Times: user=0.22 sys=0.00, real=0.11 secs] 
15438.533: [GC (Allocation Failure) 15438.533: [ParNew: 662417K->46842K(707840K), 0.1197170 secs] 1805393K->1195751K(2018560K), 0.1201850 secs] [Times: user=0.23 sys=0.01, real=0.12 secs] 
15448.498: [GC (Allocation Failure) 15448.498: [ParNew: 676090K->41170K(707840K), 0.1354850 secs] 1824999K->1198901K(2018560K), 0.1359490 secs] [Times: user=0.25 sys=0.01, real=0.13 secs] 
15453.945: [Full GC (System.gc()) 15453.945: [CMS: 1157731K->574818K(1310720K), 3.9056540 secs] 1401646K->574818K(2018560K), [Metaspace: 108611K->108611K(1148928K)], 3.9063460 secs] [Times: user=3.86 sys=0.03, real=3.91 secs] 
15473.383: [GC (Allocation Failure) 15473.383: [ParNew: 629248K->25638K(707840K), 0.0392710 secs] 1204066K->600456K(2018560K), 0.0396410 secs] [Times: user=0.07 sys=0.00, real=0.04 secs] 
15496.560: [GC (Allocation Failure) 15496.560: [ParNew: 654886K->16292K(707840K), 0.0593670 secs] 1229704K->591110K(2018560K), 0.0597640 secs] [Times: user=0.12 sys=0.00, real=0.06 secs] 
15525.220: [GC (Allocation Failure) 15525.220: [ParNew: 645540K->23847K(707840K), 0.0743870 secs] 1220358K->598665K(2018560K), 0.0747930 secs] [Times: user=0.15 sys=0.00, real=0.07 secs] 
15555.293: [GC (Allocation Failure) 15555.294: [ParNew: 653095K->16885K(707840K), 0.0885540 secs] 1227913K->598349K(2018560K), 0.0889670 secs] [Times: user=0.17 sys=0.00, real=0.09 secs] 
15588.025: [GC (Allocation Failure) 15588.025: [ParNew: 646133K->15379K(707840K), 0.0834760 secs] 1227597K->601669K(2018560K), 0.0838780 secs] [Times: user=0.16 sys=0.00, real=0.09 secs] 
15623.823: [GC (Allocation Failure) 15623.823: [ParNew: 644627K->14072K(707840K), 0.0802420 secs] 1230917K->604328K(2018560K), 0.0806720 secs] [Times: user=0.16 sys=0.00, real=0.08 secs] 
15653.455: [GC (Allocation Failure) 15653.456: [ParNew: 643320K->19909K(707840K), 0.0769510 secs] 1233576K->613459K(2018560K), 0.0773550 secs] [Times: user=0.15 sys=0.00, real=0.08 secs] 
15693.448: [GC (Allocation Failure) 15693.449: [ParNew: 649157K->13649K(707840K), 0.0765390 secs] 1242707K->610366K(2018560K), 0.0769420 secs] [Times: user=0.15 sys=0.00, real=0.08 secs] 
15722.913: [GC (Allocation Failure) 15722.913: [ParNew: 642897K->19089K(707840K), 0.0741570 secs] 1239613K->618556K(2018560K), 0.0745690 secs] [Times: user=0.15 sys=0.00, real=0.08 secs] 
15747.476: [GC (Allocation Failure) 15747.476: [ParNew: 648337K->26359K(707840K), 0.0854940 secs] 1247804K->629302K(2018560K), 0.0859130 secs] [Times: user=0.16 sys=0.00, real=0.09 secs] 
15747.564: [GC (GCLocker Initiated GC) 15747.564: [ParNew: 26658K->17531K(707840K), 0.0632590 secs] 629601K->623600K(2018560K), 0.0635870 secs] [Times: user=0.12 sys=0.00, real=0.06 secs] 
15777.063: [GC (Allocation Failure) 15777.063: [ParNew: 646779K->21770K(707840K), 0.0783150 secs] 1252848K->631846K(2018560K), 0.0787170 secs] [Times: user=0.15 sys=0.01, real=0.08 secs] 
15813.404: [GC (Allocation Failure) 15813.404: [ParNew: 651018K->12605K(707840K), 0.0784740 secs] 1261094K->628343K(2018560K), 0.0788830 secs] [Times: user=0.15 sys=0.01, real=0.08 secs] 
15859.623: [GC (Allocation Failure) 15859.623: [ParNew: 641853K->23521K(707840K), 0.0635130 secs] 1257591K->639259K(2018560K), 0.0639250 secs] [Times: user=0.12 sys=0.00, real=0.07 secs] 
15898.363: [GC (Allocation Failure) 15898.363: [ParNew: 652769K->16045K(707840K), 0.0823660 secs] 1268507K->636225K(2018560K), 0.0828050 secs] [Times: user=0.16 sys=0.00, real=0.08 secs] 
15907.140: [GC (Allocation Failure) 15907.141: [ParNew: 645293K->29011K(707840K), 0.1031240 secs] 1265473K->652138K(2018560K), 0.1035700 secs] [Times: user=0.20 sys=0.01, real=0.10 secs] 
15913.368: [GC (Allocation Failure) 15913.368: [ParNew: 658259K->42495K(707840K), 0.1109140 secs] 1281386K->668794K(2018560K), 0.1112930 secs] [Times: user=0.22 sys=0.00, real=0.11 secs] 
15921.707: [GC (Allocation Failure) 15921.707: [ParNew: 671743K->41219K(707840K), 0.1163730 secs] 1298042K->673283K(2018560K), 0.1168470 secs] [Times: user=0.23 sys=0.00, real=0.11 secs] 
15932.571: [GC (Allocation Failure) 15932.571: [ParNew: 670467K->28506K(707840K), 0.1302770 secs] 1302531K->674645K(2018560K), 0.1307120 secs] [Times: user=0.25 sys=0.00, real=0.13 secs] 
15940.466: [GC (Allocation Failure) 15940.467: [ParNew: 657754K->34566K(707840K), 0.1069610 secs] 1303893K->689057K(2018560K), 0.1073750 secs] [Times: user=0.21 sys=0.00, real=0.11 secs] 
15949.178: [GC (Allocation Failure) 15949.178: [ParNew: 663814K->32043K(707840K), 0.0989960 secs] 1318305K->690844K(2018560K), 0.0994050 secs] [Times: user=0.19 sys=0.00, real=0.10 secs] 
15963.400: [GC (Allocation Failure) 15963.400: [ParNew: 661291K->23930K(707840K), 0.0863430 secs] 1320092K->690183K(2018560K), 0.0867800 secs] [Times: user=0.16 sys=0.01, real=0.09 secs] 
15992.234: [GC (Allocation Failure) 15992.235: [ParNew: 653178K->22110K(707840K), 0.1005870 secs] 1319431K->696289K(2018560K), 0.1011040 secs] [Times: user=0.20 sys=0.00, real=0.10 secs] 
16030.939: [GC (Allocation Failure) 16030.939: [ParNew: 651358K->17688K(707840K), 0.1034800 secs] 1325537K->699801K(2018560K), 0.1038620 secs] [Times: user=0.20 sys=0.00, real=0.11 secs] 
16052.536: [GC (Allocation Failure) 16052.536: [ParNew: 646936K->30726K(707840K), 0.0977750 secs] 1329049K->716919K(2018560K), 0.0981940 secs] [Times: user=0.19 sys=0.01, real=0.10 secs] 
16065.575: [GC (Allocation Failure) 16065.575: [ParNew: 659974K->25330K(707840K), 0.0879000 secs] 1346167K->714646K(2018560K), 0.0882160 secs] [Times: user=0.17 sys=0.01, real=0.09 secs] 
16081.511: [GC (Allocation Failure) 16081.511: [ParNew: 654578K->27698K(707840K), 0.1010260 secs] 1343894K->722983K(2018560K), 0.1014120 secs] [Times: user=0.20 sys=0.00, real=0.10 secs] 
16104.632: [GC (Allocation Failure) 16104.632: [ParNew: 656946K->19693K(707840K), 0.0949770 secs] 1352231K->721319K(2018560K), 0.0954120 secs] [Times: user=0.18 sys=0.00, real=0.10 secs] 
16127.096: [GC (Allocation Failure) 16127.096: [ParNew: 648941K->26424K(707840K), 0.0998400 secs] 1350567K->734971K(2018560K), 0.1002450 secs] [Times: user=0.20 sys=0.00, real=0.10 secs] 
16139.134: [GC (Allocation Failure) 16139.134: [ParNew: 655664K->25514K(707840K), 0.0974850 secs] 1364212K->737988K(2018560K), 0.0978800 secs] [Times: user=0.19 sys=0.00, real=0.10 secs] 
16155.242: [GC (Allocation Failure) 16155.242: [ParNew: 654762K->38791K(707840K), 0.1086330 secs] 1367236K->756175K(2018560K), 0.1090260 secs] [Times: user=0.21 sys=0.00, real=0.10 secs] 
16177.887: [GC (Allocation Failure) 16177.887: [ParNew: 668039K->25974K(707840K), 0.1061270 secs] 1385423K->749674K(2018560K), 0.1065200 secs] [Times: user=0.21 sys=0.00, real=0.10 secs] 
16206.782: [GC (Allocation Failure) 16206.782: [ParNew: 655222K->28149K(707840K), 0.0847370 secs] 1378922K->758787K(2018560K), 0.0850990 secs] [Times: user=0.16 sys=0.00, real=0.08 secs] 
16230.817: [GC (Allocation Failure) 16230.818: [ParNew: 657397K->27433K(707840K), 0.1020040 secs] 1388035K->764871K(2018560K), 0.1024260 secs] [Times: user=0.20 sys=0.00, real=0.10 secs] 
16247.881: [GC (Allocation Failure) 16247.881: [ParNew: 656681K->26376K(707840K), 0.0971760 secs] 1394119K->768917K(2018560K), 0.0975610 secs] [Times: user=0.19 sys=0.00, real=0.10 secs] 
16264.637: [GC (Allocation Failure) 16264.637: [ParNew: 655624K->34208K(707840K), 0.1006150 secs] 1398165K->780572K(2018560K), 0.1010070 secs] [Times: user=0.19 sys=0.01, real=0.10 secs] 
16282.970: [GC (Allocation Failure) 16282.970: [ParNew: 663456K->22849K(707840K), 0.1102940 secs] 1409820K->775346K(2018560K), 0.1107290 secs] [Times: user=0.21 sys=0.00, real=0.11 secs] 
16300.790: [GC (Allocation Failure) 16300.790: [ParNew: 652097K->24667K(707840K), 0.0960600 secs] 1404594K->782720K(2018560K), 0.0964500 secs] [Times: user=0.19 sys=0.01, real=0.10 secs] 
16319.535: [GC (Allocation Failure) 16319.535: [ParNew: 653915K->33881K(707840K), 0.0965080 secs] 1411968K->798072K(2018560K), 0.0969340 secs] [Times: user=0.18 sys=0.00, real=0.10 secs] 
16338.539: [GC (Allocation Failure) 16338.539: [ParNew: 663129K->22109K(707840K), 0.1004350 secs] 1427320K->791679K(2018560K), 0.1008580 secs] [Times: user=0.19 sys=0.00, real=0.11 secs] 
16365.836: [GC (Allocation Failure) 16365.836: [ParNew: 651357K->33508K(707840K), 0.0950280 secs] 1420927K->807305K(2018560K), 0.0954150 secs] [Times: user=0.19 sys=0.00, real=0.09 secs] 
16398.611: [GC (Allocation Failure) 16398.611: [ParNew: 662756K->22168K(707840K), 0.0976810 secs] 1436553K->802387K(2018560K), 0.0980890 secs] [Times: user=0.19 sys=0.00, real=0.10 secs] 
16418.235: [GC (Allocation Failure) 16418.235: [ParNew: 651416K->21883K(707840K), 0.1019650 secs] 1431635K->808150K(2018560K), 0.1023760 secs] [Times: user=0.20 sys=0.00, real=0.10 secs] 
16441.140: [GC (Allocation Failure) 16441.141: [ParNew: 651131K->29814K(707840K), 0.0882370 secs] 1437398K->819758K(2018560K), 0.0886600 secs] [Times: user=0.17 sys=0.00, real=0.09 secs] 
16463.851: [GC (Allocation Failure) 16463.851: [ParNew: 659062K->25372K(707840K), 0.0828010 secs] 1449006K->819404K(2018560K), 0.0831490 secs] [Times: user=0.16 sys=0.00, real=0.08 secs] 
16481.326: [GC (Allocation Failure) 16481.326: [ParNew: 654606K->33003K(707840K), 0.0929270 secs] 1448638K->831579K(2018560K), 0.0933540 secs] [Times: user=0.18 sys=0.00, real=0.09 secs] 
16502.872: [GC (Allocation Failure) 16502.872: [ParNew: 662251K->21855K(707840K), 0.1049620 secs] 1460827K->825849K(2018560K), 0.1053620 secs] [Times: user=0.20 sys=0.01, real=0.11 secs] 
16519.276: [GC (Allocation Failure) 16519.276: [ParNew: 651103K->33605K(707840K), 0.0971230 secs] 1455097K->843532K(2018560K), 0.0976140 secs] [Times: user=0.19 sys=0.00, real=0.10 secs] 
16546.968: [GC (Allocation Failure) 16546.968: [ParNew: 662853K->21662K(707840K), 0.0879530 secs] 1472780K->836005K(2018560K), 0.0883750 secs] [Times: user=0.17 sys=0.00, real=0.09 secs] 
16571.801: [GC (Allocation Failure) 16571.801: [ParNew: 650910K->23250K(707840K), 0.0892800 secs] 1465253K->843267K(2018560K), 0.0896800 secs] [Times: user=0.18 sys=0.00, real=0.09 secs] 
16599.584: [GC (Allocation Failure) 16599.584: [ParNew: 652498K->15041K(707840K), 0.0862890 secs] 1472515K->839709K(2018560K), 0.0866960 secs] [Times: user=0.17 sys=0.00, real=0.09 secs] 
16630.625: [GC (Allocation Failure) 16630.625: [ParNew: 644289K->28954K(707840K), 0.0903290 secs] 1468957K->857613K(2018560K), 0.0908010 secs] [Times: user=0.17 sys=0.01, real=0.09 secs] 
16656.173: [GC (Allocation Failure) 16656.174: [ParNew: 658202K->22778K(707840K), 0.0859520 secs] 1486861K->854967K(2018560K), 0.0863650 secs] [Times: user=0.17 sys=0.00, real=0.09 secs] 
16680.564: [GC (Allocation Failure) 16680.564: [ParNew: 652026K->28728K(707840K), 0.0877260 secs] 1484215K->864016K(2018560K), 0.0881330 secs] [Times: user=0.18 sys=0.00, real=0.09 secs] 
16702.278: [GC (Allocation Failure) 16702.278: [ParNew: 657976K->35003K(707840K), 0.1013900 secs] 1493264K->875592K(2018560K), 0.1018190 secs] [Times: user=0.19 sys=0.00, real=0.10 secs] 
16717.716: [GC (Allocation Failure) 16717.717: [ParNew: 664251K->23221K(707840K), 0.1031300 secs] 1504840K->869147K(2018560K), 0.1035230 secs] [Times: user=0.19 sys=0.00, real=0.11 secs] 
16741.153: [GC (Allocation Failure) 16741.154: [ParNew: 652469K->28084K(707840K), 0.1016900 secs] 1498395K->879526K(2018560K), 0.1020790 secs] [Times: user=0.20 sys=0.00, real=0.10 secs] 
16770.142: [GC (Allocation Failure) 16770.142: [ParNew: 657332K->20380K(707840K), 0.1038100 secs] 1508774K->878227K(2018560K), 0.1042020 secs] [Times: user=0.20 sys=0.00, real=0.11 secs] 
16796.662: [GC (Allocation Failure) 16796.662: [ParNew: 649628K->19600K(707840K), 0.1001660 secs] 1507475K->884668K(2018560K), 0.1005900 secs] [Times: user=0.19 sys=0.00, real=0.10 secs] 
16815.988: [GC (Allocation Failure) 16815.988: [ParNew: 648848K->25912K(707840K), 0.0926320 secs] 1513916K->895988K(2018560K), 0.0930370 secs] [Times: user=0.18 sys=0.00, real=0.09 secs] 
16836.196: [GC (Allocation Failure) 16836.196: [ParNew: 655160K->34184K(707840K), 0.0985380 secs] 1525236K->908234K(2018560K), 0.0989830 secs] [Times: user=0.19 sys=0.00, real=0.09 secs] 
16853.607: [GC (Allocation Failure) 16853.607: [ParNew: 663425K->23265K(707840K), 0.1010220 secs] 1537475K->902115K(2018560K), 0.1014460 secs] [Times: user=0.20 sys=0.00, real=0.11 secs] 
16874.758: [GC (Allocation Failure) 16874.759: [ParNew: 652513K->35688K(707840K), 0.1075890 secs] 1531363K->920213K(2018560K), 0.1079920 secs] [Times: user=0.21 sys=0.00, real=0.11 secs] 
16893.883: [GC (Allocation Failure) 16893.883: [ParNew: 664936K->24159K(707840K), 0.1009580 secs] 1549461K->915597K(2018560K), 0.1013810 secs] [Times: user=0.20 sys=0.00, real=0.11 secs] 
16913.032: [GC (Allocation Failure) 16913.032: [ParNew: 653407K->33681K(707840K), 0.0929900 secs] 1544845K->929176K(2018560K), 0.0934000 secs] [Times: user=0.19 sys=0.00, real=0.09 secs] 
16932.958: [GC (Allocation Failure) 16932.959: [ParNew: 662929K->23513K(707840K), 0.1017310 secs] 1558424K->926118K(2018560K), 0.1021250 secs] [Times: user=0.20 sys=0.00, real=0.11 secs] 
16951.099: [GC (Allocation Failure) 16951.099: [ParNew: 652761K->34444K(707840K), 0.1108830 secs] 1555366K->942056K(2018560K), 0.1113750 secs] [Times: user=0.22 sys=0.00, real=0.11 secs] 
16968.858: [GC (Allocation Failure) 16968.858: [ParNew: 663692K->31319K(707840K), 0.1014060 secs] 1571304K->944948K(2018560K), 0.1018210 secs] [Times: user=0.19 sys=0.00, real=0.10 secs] 
16992.382: [GC (Allocation Failure) 16992.382: [ParNew: 660567K->30839K(707840K), 0.0842770 secs] 1574196K->950606K(2018560K), 0.0845980 secs] [Times: user=0.16 sys=0.01, real=0.08 secs] 
17008.730: [GC (Allocation Failure) 17008.730: [ParNew: 660087K->39873K(707840K), 0.1103220 secs] 1579854K->967411K(2018560K), 0.1107610 secs] [Times: user=0.21 sys=0.00, real=0.11 secs] 
17029.096: [GC (Allocation Failure) 17029.096: [ParNew: 669121K->25544K(707840K), 0.1007650 secs] 1596659K->958453K(2018560K), 0.1011480 secs] [Times: user=0.19 sys=0.00, real=0.10 secs] 
17044.761: [GC (Allocation Failure) 17044.761: [ParNew: 654792K->36079K(707840K), 0.1020120 secs] 1587701K->974889K(2018560K), 0.1024010 secs] [Times: user=0.20 sys=0.00, real=0.10 secs] 
17059.224: [GC (Allocation Failure) 17059.224: [ParNew: 665327K->24646K(707840K), 0.0955700 secs] 1604137K->971073K(2018560K), 0.0959150 secs] [Times: user=0.18 sys=0.01, real=0.10 secs] 
17079.444: [GC (Allocation Failure) 17079.444: [ParNew: 653894K->35417K(707840K), 0.1057920 secs] 1600321K->987041K(2018560K), 0.1061650 secs] [Times: user=0.21 sys=0.00, real=0.10 secs] 
17101.789: [GC (Allocation Failure) 17101.789: [ParNew: 664665K->30788K(707840K), 0.1085020 secs] 1616289K->989450K(2018560K), 0.1088990 secs] [Times: user=0.21 sys=0.00, real=0.11 secs] 
17127.469: [GC (Allocation Failure) 17127.469: [ParNew: 660036K->30437K(707840K), 0.0999960 secs] 1618698K->995045K(2018560K), 0.1004020 secs] [Times: user=0.20 sys=0.00, real=0.11 secs] 
17143.222: [GC (Allocation Failure) 17143.222: [ParNew: 659685K->38204K(707840K), 0.1081690 secs] 1624293K->1009774K(2018560K), 0.1085550 secs] [Times: user=0.21 sys=0.00, real=0.10 secs] 
17151.528: [GC (Allocation Failure) 17151.528: [ParNew: 667452K->30991K(707840K), 0.1087580 secs] 1639022K->1008601K(2018560K), 0.1091540 secs] [Times: user=0.21 sys=0.00, real=0.11 secs] 
17161.358: [GC (Allocation Failure) 17161.358: [ParNew: 660239K->39543K(707840K), 0.1080780 secs] 1637849K->1021671K(2018560K), 0.1084560 secs] [Times: user=0.21 sys=0.01, real=0.11 secs] 
17174.653: [GC (Allocation Failure) 17174.654: [ParNew: 668791K->23562K(707840K), 0.1105350 secs] 1650919K->1014382K(2018560K), 0.1110000 secs] [Times: user=0.21 sys=0.00, real=0.11 secs] 
17194.985: [GC (Allocation Failure) 17194.985: [ParNew: 652810K->21491K(707840K), 0.1050680 secs] 1643630K->1019765K(2018560K), 0.1054770 secs] [Times: user=0.21 sys=0.00, real=0.11 secs] 
17224.475: [GC (Allocation Failure) 17224.475: [ParNew: 650739K->19030K(707840K), 0.1041450 secs] 1649013K->1025509K(2018560K), 0.1045610 secs] [Times: user=0.21 sys=0.00, real=0.10 secs] 
17250.571: [GC (Allocation Failure) 17250.571: [ParNew: 648278K->24474K(707840K), 0.0912480 secs] 1654757K->1034807K(2018560K), 0.0916910 secs] [Times: user=0.27 sys=0.00, real=0.09 secs] 
17272.260: [GC (Allocation Failure) 17272.260: [ParNew: 653722K->18677K(707840K), 0.0872610 secs] 1664055K->1033373K(2018560K), 0.0876660 secs] [Times: user=0.17 sys=0.00, real=0.09 secs] 
17295.095: [GC (Allocation Failure) 17295.095: [ParNew: 647925K->24745K(707840K), 0.0771550 secs] 1662621K->1044409K(2018560K), 0.0774960 secs] [Times: user=0.15 sys=0.00, real=0.08 secs] 
17322.439: [GC (Allocation Failure) 17322.439: [ParNew: 653993K->22913K(707840K), 0.0866090 secs] 1673657K->1045457K(2018560K), 0.0870780 secs] [Times: user=0.16 sys=0.00, real=0.09 secs] 
17351.763: [GC (Allocation Failure) 17351.764: [ParNew: 652161K->14794K(707840K), 0.0854180 secs] 1674705K->1042493K(2018560K), 0.0858340 secs] [Times: user=0.16 sys=0.00, real=0.09 secs] 
17376.498: [GC (Allocation Failure) 17376.498: [ParNew: 644042K->13054K(707840K), 0.0723260 secs] 1671741K->1043740K(2018560K), 0.0727170 secs] [Times: user=0.14 sys=0.00, real=0.07 secs] 
17410.694: [GC (Allocation Failure) 17410.694: [ParNew: 642302K->18897K(707840K), 0.0773010 secs] 1672988K->1052934K(2018560K), 0.0777090 secs] [Times: user=0.15 sys=0.01, real=0.07 secs] 
17439.010: [GC (Allocation Failure) 17439.019: [ParNew: 648145K->19317K(707840K), 0.0802790 secs] 1682182K->1056859K(2018560K), 0.0893690 secs] [Times: user=0.16 sys=0.00, real=0.09 secs] 
17470.298: [GC (Allocation Failure) 17470.298: [ParNew: 648565K->19957K(707840K), 0.0808010 secs] 1686107K->1060944K(2018560K), 0.0812450 secs] [Times: user=0.15 sys=0.00, real=0.08 secs] 
17499.427: [GC (Allocation Failure) 17499.427: [ParNew: 649205K->19926K(707840K), 0.0798630 secs] 1690192K->1064496K(2018560K), 0.0802670 secs] [Times: user=0.15 sys=0.00, real=0.08 secs] 
17529.371: [GC (Allocation Failure) 17529.371: [ParNew: 649174K->13229K(707840K), 0.0539010 secs] 1693744K->1061409K(2018560K), 0.0542450 secs] [Times: user=0.10 sys=0.00, real=0.05 secs] 
17561.952: [GC (Allocation Failure) 17561.952: [ParNew: 642477K->25485K(707840K), 0.0827860 secs] 1690657K->1076936K(2018560K), 0.0831820 secs] [Times: user=0.16 sys=0.00, real=0.08 secs] 
17594.760: [GC (Allocation Failure) 17594.760: [ParNew: 654733K->16147K(707840K), 0.0676790 secs] 1706184K->1070737K(2018560K), 0.0680660 secs] [Times: user=0.13 sys=0.00, real=0.07 secs] 
17616.596: [GC (Allocation Failure) 17616.596: [ParNew: 645395K->22603K(707840K), 0.0814500 secs] 1699985K->1079875K(2018560K), 0.0819290 secs] [Times: user=0.15 sys=0.00, real=0.08 secs] 
17633.478: [GC (Allocation Failure) 17633.478: [ParNew: 651851K->28526K(707840K), 0.0934190 secs] 1709123K->1090516K(2018560K), 0.0938220 secs] [Times: user=0.18 sys=0.00, real=0.09 secs] 
17650.397: [GC (Allocation Failure) 17650.398: [ParNew: 657774K->33234K(707840K), 0.0845130 secs] 1719764K->1097812K(2018560K), 0.0849040 secs] [Times: user=0.16 sys=0.01, real=0.09 secs] 
17665.102: [GC (Allocation Failure) 17665.103: [ParNew: 662482K->22270K(707840K), 0.0987370 secs] 1727060K->1093134K(2018560K), 0.0991590 secs] [Times: user=0.19 sys=0.00, real=0.10 secs] 
17677.586: [GC (Allocation Failure) 17677.586: [ParNew: 651518K->34723K(707840K), 0.1032830 secs] 1722382K->1111742K(2018560K), 0.1036650 secs] [Times: user=0.20 sys=0.00, real=0.10 secs] 
17700.753: [GC (Allocation Failure) 17700.753: [ParNew: 663971K->22515K(707840K), 0.0909660 secs] 1740990K->1104044K(2018560K), 0.0913790 secs] [Times: user=0.18 sys=0.00, real=0.09 secs] 
17727.732: [GC (Allocation Failure) 17727.732: [ParNew: 651763K->15487K(707840K), 0.0949220 secs] 1733292K->1104177K(2018560K), 0.0953310 secs] [Times: user=0.18 sys=0.01, real=0.09 secs] 
17759.561: [GC (Allocation Failure) 17759.561: [ParNew: 644735K->21651K(707840K), 0.0685710 secs] 1733425K->1114646K(2018560K), 0.0689570 secs] [Times: user=0.14 sys=0.00, real=0.07 secs] 
17791.727: [GC (Allocation Failure) 17791.727: [ParNew: 650899K->16279K(707840K), 0.0825430 secs] 1743894K->1112650K(2018560K), 0.0829520 secs] [Times: user=0.16 sys=0.00, real=0.08 secs] 
17826.263: [GC (Allocation Failure) 17826.263: [ParNew: 645527K->16250K(707840K), 0.0866420 secs] 1741898K->1116130K(2018560K), 0.0870440 secs] [Times: user=0.17 sys=0.00, real=0.09 secs] 
17844.769: [GC (Allocation Failure) 17844.770: [ParNew: 645498K->22420K(707840K), 0.0900960 secs] 1745378K->1125278K(2018560K), 0.0904950 secs] [Times: user=0.18 sys=0.00, real=0.09 secs] 
17860.313: [GC (Allocation Failure) 17860.313: [ParNew: 651668K->31403K(707840K), 0.0874290 secs] 1754526K->1137235K(2018560K), 0.0878210 secs] [Times: user=0.17 sys=0.00, real=0.09 secs] 
17884.202: [GC (Allocation Failure) 17884.202: [ParNew: 660651K->21281K(707840K), 0.0889880 secs] 1766483K->1130790K(2018560K), 0.0893820 secs] [Times: user=0.17 sys=0.01, real=0.09 secs] 
17907.524: [GC (Allocation Failure) 17907.524: [ParNew: 650529K->32663K(707840K), 0.1063870 secs] 1760038K->1149693K(2018560K), 0.1068060 secs] [Times: user=0.20 sys=0.00, real=0.11 secs] 
17931.607: [GC (Allocation Failure) 17931.607: [ParNew: 661911K->21482K(707840K), 0.0875100 secs] 1778941K->1142816K(2018560K), 0.0879360 secs] [Times: user=0.17 sys=0.01, real=0.09 secs] 
17950.970: [GC (Allocation Failure) 17950.970: [ParNew: 650730K->31308K(707840K), 0.0964390 secs] 1772064K->1157219K(2018560K), 0.0968530 secs] [Times: user=0.18 sys=0.01, real=0.10 secs] 
17981.187: [GC (Allocation Failure) 17981.187: [ParNew: 660556K->21119K(707840K), 0.0929920 secs] 1786467K->1152099K(2018560K), 0.0934020 secs] [Times: user=0.18 sys=0.01, real=0.10 secs] 
18012.854: [GC (Allocation Failure) 18012.854: [ParNew: 650367K->20427K(707840K), 0.0886700 secs] 1781347K->1154839K(2018560K), 0.0891740 secs] [Times: user=0.17 sys=0.01, real=0.09 secs] 
18045.639: [GC (Allocation Failure) 18045.639: [ParNew: 649675K->22346K(707840K), 0.0912400 secs] 1784087K->1161377K(2018560K), 0.0916360 secs] [Times: user=0.18 sys=0.00, real=0.10 secs] 
18081.164: [GC (Allocation Failure) 18081.165: [ParNew: 651594K->22314K(707840K), 0.0805180 secs] 1790625K->1164440K(2018560K), 0.0808980 secs] [Times: user=0.16 sys=0.00, real=0.09 secs] 
18116.502: [GC (Allocation Failure) 18116.503: [ParNew: 651562K->21157K(707840K), 0.0926660 secs] 1793688K->1167707K(2018560K), 0.0931030 secs] [Times: user=0.18 sys=0.00, real=0.09 secs] 
18143.473: [GC (Allocation Failure) 18143.473: [ParNew: 650405K->21074K(707840K), 0.0856900 secs] 1796955K->1171558K(2018560K), 0.0860870 secs] [Times: user=0.16 sys=0.00, real=0.09 secs] 
18171.332: [GC (Allocation Failure) 18171.333: [ParNew: 650291K->28472K(707840K), 0.1039890 secs] 1800775K->1182551K(2018560K), 0.1043970 secs] [Times: user=0.20 sys=0.01, real=0.10 secs] 
18186.193: [GC (Allocation Failure) 18186.193: [ParNew: 657720K->26140K(707840K), 0.1024230 secs] 1811799K->1184538K(2018560K), 0.1028180 secs] [Times: user=0.19 sys=0.01, real=0.10 secs] 
18218.589: [GC (Allocation Failure) 18218.589: [ParNew: 655388K->27568K(707840K), 0.0998210 secs] 1813786K->1190597K(2018560K), 0.1002100 secs] [Times: user=0.19 sys=0.00, real=0.10 secs] 
18248.779: [GC (Allocation Failure) 18248.779: [ParNew: 656816K->18844K(707840K), 0.1035000 secs] 1819845K->1188821K(2018560K), 0.1038870 secs] [Times: user=0.19 sys=0.01, real=0.11 secs] 
18283.259: [GC (Allocation Failure) 18283.259: [ParNew: 648092K->16425K(707840K), 0.0867700 secs] 1818069K->1190761K(2018560K), 0.0872470 secs] [Times: user=0.17 sys=0.01, real=0.09 secs] 
18315.861: [GC (Allocation Failure) 18315.861: [ParNew: 645673K->14862K(707840K), 0.0870470 secs] 1820009K->1194500K(2018560K), 0.0874270 secs] [Times: user=0.17 sys=0.00, real=0.08 secs] 
18351.421: [GC (Allocation Failure) 18351.421: [ParNew: 644110K->19804K(707840K), 0.0802570 secs] 1823748K->1202906K(2018560K), 0.0806600 secs] [Times: user=0.15 sys=0.00, real=0.08 secs] 
18385.616: [GC (Allocation Failure) 18385.625: [ParNew: 649052K->25972K(707840K), 0.0780750 secs] 1832154K->1211833K(2018560K), 0.0870320 secs] [Times: user=0.15 sys=0.01, real=0.09 secs] 
18411.025: [GC (Allocation Failure) 18411.025: [ParNew: 655220K->16615K(707840K), 0.0919210 secs] 1841081K->1206432K(2018560K), 0.0923240 secs] [Times: user=0.18 sys=0.00, real=0.09 secs] 
18425.348: [GC (Allocation Failure) 18425.349: [ParNew: 645863K->27735K(707840K), 0.1001150 secs] 1835680K->1221637K(2018560K), 0.1005450 secs] [Times: user=0.19 sys=0.01, real=0.10 secs] 
18457.356: [GC (Allocation Failure) 18457.357: [ParNew: 656983K->26979K(707840K), 0.0894890 secs] 1850885K->1224190K(2018560K), 0.0898680 secs] [Times: user=0.18 sys=0.00, real=0.09 secs] 
18491.536: [GC (Allocation Failure) 18491.536: [ParNew: 656227K->18220K(707840K), 0.0986070 secs] 1853438K->1221844K(2018560K), 0.0989820 secs] [Times: user=0.19 sys=0.00, real=0.10 secs] 
18507.901: [GC (Allocation Failure) 18507.901: [ParNew: 647468K->25501K(707840K), 0.0995630 secs] 1851092K->1235069K(2018560K), 0.0999540 secs] [Times: user=0.19 sys=0.00, real=0.10 secs] 
18508.003: [GC (CMS Initial Mark) [1 CMS-initial-mark: 1209568K(1310720K)] 1235382K(2018560K), 0.0277280 secs] [Times: user=0.06 sys=0.00, real=0.03 secs] 
18508.031: [CMS-concurrent-mark-start]
18509.497: [CMS-concurrent-mark: 1.464/1.467 secs] [Times: user=1.89 sys=0.14, real=1.46 secs] 
18509.497: [CMS-concurrent-preclean-start]
18509.519: [CMS-concurrent-preclean: 0.016/0.022 secs] [Times: user=0.02 sys=0.02, real=0.02 secs] 
18509.519: [CMS-concurrent-abortable-preclean-start]
 CMS: abort preclean due to time 18514.835: [CMS-concurrent-abortable-preclean: 5.275/5.316 secs] [Times: user=6.10 sys=0.35, real=5.32 secs] 
18514.836: [GC (CMS Final Remark) [YG occupancy: 294136 K (707840 K)]18514.837: [Rescan (parallel) , 0.2464070 secs]18515.083: [weak refs processing, 0.0179750 secs]18515.101: [class unloading, 0.0944770 secs]18515.195: [scrub symbol table, 0.0243150 secs]18515.220: [scrub string table, 0.0039470 secs][1 CMS-remark: 1209568K(1310720K)] 1503704K(2018560K), 0.3879460 secs] [Times: user=0.63 sys=0.00, real=0.39 secs] 
18515.225: [CMS-concurrent-sweep-start]
18516.807: [CMS-concurrent-sweep: 1.575/1.582 secs] [Times: user=1.93 sys=0.09, real=1.58 secs] 
18516.807: [CMS-concurrent-reset-start]
18516.810: [CMS-concurrent-reset: 0.003/0.003 secs] [Times: user=0.00 sys=0.00, real=0.01 secs] 
18528.910: [GC (Allocation Failure) 18528.910: [ParNew: 654749K->27772K(707840K), 0.0926380 secs] 1233731K->610385K(2018560K), 0.0930910 secs] [Times: user=0.18 sys=0.00, real=0.10 secs] 
18563.861: [GC (Allocation Failure) 18563.861: [ParNew: 657020K->29052K(707840K), 0.0943030 secs] 1239633K->616392K(2018560K), 0.0947300 secs] [Times: user=0.18 sys=0.00, real=0.09 secs] 
18603.107: [GC (Allocation Failure) 18603.107: [ParNew: 658300K->18550K(707840K), 0.0975610 secs] 1245640K->613235K(2018560K), 0.0979680 secs] [Times: user=0.18 sys=0.00, real=0.10 secs] 
18631.490: [GC (Allocation Failure) 18631.490: [ParNew: 647798K->31081K(707840K), 0.0871310 secs] 1242483K->630057K(2018560K), 0.0875360 secs] [Times: user=0.17 sys=0.00, real=0.08 secs] 
18642.574: [GC (Allocation Failure) 18642.574: [ParNew: 660329K->25299K(707840K), 0.0777740 secs] 1259305K->627217K(2018560K), 0.0781600 secs] [Times: user=0.16 sys=0.00, real=0.08 secs] 
18663.190: [GC (Allocation Failure) 18663.190: [ParNew: 654547K->28806K(707840K), 0.0944950 secs] 1256465K->635572K(2018560K), 0.0949000 secs] [Times: user=0.18 sys=0.00, real=0.10 secs] 
18690.107: [GC (Allocation Failure) 18690.108: [ParNew: 658054K->20110K(707840K), 0.0947270 secs] 1264820K->634155K(2018560K), 0.0951300 secs] [Times: user=0.18 sys=0.00, real=0.10 secs] 
18722.332: [GC (Allocation Failure) 18722.332: [ParNew: 649358K->17222K(707840K), 0.0995940 secs] 1263403K->638904K(2018560K), 0.0999980 secs] [Times: user=0.20 sys=0.00, real=0.10 secs] 
18734.186: [GC (Allocation Failure) 18734.186: [ParNew: 646470K->30534K(707840K), 0.0825690 secs] 1268152K->656063K(2018560K), 0.0830100 secs] [Times: user=0.16 sys=0.01, real=0.08 secs] 
18750.296: [GC (Allocation Failure) 18750.296: [ParNew: 659782K->30420K(707840K), 0.0924250 secs] 1285311K->658820K(2018560K), 0.0928300 secs] [Times: user=0.18 sys=0.00, real=0.10 secs] 
18779.729: [GC (Allocation Failure) 18779.729: [ParNew: 659668K->32746K(707840K), 0.1011970 secs] 1288068K->667156K(2018560K), 0.1016170 secs] [Times: user=0.19 sys=0.00, real=0.11 secs] 
18816.180: [GC (Allocation Failure) 18816.180: [ParNew: 661994K->20328K(707840K), 0.0920550 secs] 1296404K->662671K(2018560K), 0.0924580 secs] [Times: user=0.18 sys=0.00, real=0.09 secs] 
18855.019: [GC (Allocation Failure) 18855.019: [ParNew: 649576K->22002K(707840K), 0.0811510 secs] 1291919K->668222K(2018560K), 0.0815880 secs] [Times: user=0.15 sys=0.01, real=0.08 secs] 
18893.880: [GC (Allocation Failure) 18893.880: [ParNew: 651250K->27421K(707840K), 0.0790640 secs] 1297470K->676119K(2018560K), 0.0794630 secs] [Times: user=0.16 sys=0.00, real=0.08 secs] 
18934.299: [GC (Allocation Failure) 18934.299: [ParNew: 656669K->18494K(707840K), 0.0857990 secs] 1305367K->670740K(2018560K), 0.0862480 secs] [Times: user=0.17 sys=0.00, real=0.09 secs] 
18968.343: [GC (Allocation Failure) 18968.343: [ParNew: 647742K->22518K(707840K), 0.0786010 secs] 1299988K->678310K(2018560K), 0.0790340 secs] [Times: user=0.15 sys=0.00, real=0.08 secs] 
18998.038: [GC (Allocation Failure) 18998.039: [ParNew: 651766K->14860K(707840K), 0.0831030 secs] 1307558K->675394K(2018560K), 0.0835820 secs] [Times: user=0.16 sys=0.00, real=0.08 secs] 
19027.313: [GC (Allocation Failure) 19027.313: [ParNew: 644108K->21663K(707840K), 0.0785450 secs] 1304642K->686368K(2018560K), 0.0789600 secs] [Times: user=0.15 sys=0.00, real=0.08 secs] 
19058.827: [GC (Allocation Failure) 19058.828: [ParNew: 650911K->27941K(707840K), 0.0775660 secs] 1315616K->695106K(2018560K), 0.0780190 secs] [Times: user=0.15 sys=0.00, real=0.08 secs] 
19076.260: [GC (Allocation Failure) 19076.261: [ParNew: 657189K->22994K(707840K), 0.0795380 secs] 1324354K->694477K(2018560K), 0.0799530 secs] [Times: user=0.26 sys=0.01, real=0.08 secs] 
19089.576: [GC (Allocation Failure) 19089.576: [ParNew: 652242K->26131K(707840K), 0.0961170 secs] 1323725K->701822K(2018560K), 0.0964930 secs] [Times: user=0.18 sys=0.00, real=0.10 secs] 
19116.297: [GC (Allocation Failure) 19116.297: [ParNew: 655379K->20127K(707840K), 0.0847000 secs] 1331070K->699018K(2018560K), 0.0851040 secs] [Times: user=0.17 sys=0.00, real=0.09 secs] 
19145.054: [GC (Allocation Failure) 19145.054: [ParNew: 649375K->18155K(707840K), 0.0893600 secs] 1328266K->704310K(2018560K), 0.0897590 secs] [Times: user=0.17 sys=0.00, real=0.09 secs] 
19180.364: [GC (Allocation Failure) 19180.364: [ParNew: 647403K->21784K(707840K), 0.0785050 secs] 1333558K->711062K(2018560K), 0.0789270 secs] [Times: user=0.15 sys=0.00, real=0.08 secs] 
19214.196: [GC (Allocation Failure) 19214.197: [ParNew: 651032K->20264K(707840K), 0.0824110 secs] 1340310K->713555K(2018560K), 0.0828300 secs] [Times: user=0.15 sys=0.01, real=0.09 secs] 
19248.975: [GC (Allocation Failure) 19248.975: [ParNew: 649512K->19743K(707840K), 0.0695400 secs] 1342803K->715001K(2018560K), 0.0699680 secs] [Times: user=0.14 sys=0.00, real=0.07 secs] 
19286.988: [GC (Allocation Failure) 19286.988: [ParNew: 648991K->19451K(707840K), 0.0663590 secs] 1344249K->718011K(2018560K), 0.0667860 secs] [Times: user=0.13 sys=0.00, real=0.06 secs] 
19327.430: [GC (Allocation Failure) 19327.430: [ParNew: 648699K->19140K(707840K), 0.0841820 secs] 1347259K->721735K(2018560K), 0.0846590 secs] [Times: user=0.16 sys=0.00, real=0.09 secs] 
19372.202: [GC (Allocation Failure) 19372.202: [ParNew: 648388K->18634K(707840K), 0.0689350 secs] 1350983K->723650K(2018560K), 0.0693190 secs] [Times: user=0.14 sys=0.00, real=0.07 secs] 
19407.811: [GC (Allocation Failure) 19407.811: [ParNew: 647882K->24044K(707840K), 0.0737340 secs] 1352898K->731600K(2018560K), 0.0741250 secs] [Times: user=0.14 sys=0.00, real=0.07 secs] 
19441.146: [GC (Allocation Failure) 19441.146: [ParNew: 653292K->16193K(707840K), 0.0749770 secs] 1360848K->726479K(2018560K), 0.0753950 secs] [Times: user=0.15 sys=0.00, real=0.07 secs] 
19480.716: [GC (Allocation Failure) 19480.716: [ParNew: 645441K->19766K(707840K), 0.0815940 secs] 1355727K->733108K(2018560K), 0.0819890 secs] [Times: user=0.15 sys=0.00, real=0.09 secs] 
19518.319: [GC (Allocation Failure) 19518.319: [ParNew: 649014K->14058K(707840K), 0.0896940 secs] 1362356K->731363K(2018560K), 0.0901540 secs] [Times: user=0.18 sys=0.00, real=0.09 secs] 
19556.452: [GC (Allocation Failure) 19556.452: [ParNew: 643306K->13593K(707840K), 0.0765920 secs] 1360611K->734415K(2018560K), 0.0770060 secs] [Times: user=0.14 sys=0.00, real=0.08 secs] 
19594.870: [GC (Allocation Failure) 19594.871: [ParNew: 642841K->18620K(707840K), 0.0805130 secs] 1363663K->742232K(2018560K), 0.0809810 secs] [Times: user=0.16 sys=0.00, real=0.08 secs] 
19638.313: [GC (Allocation Failure) 19638.313: [ParNew: 647868K->25055K(707840K), 0.0871750 secs] 1371480K->752247K(2018560K), 0.0875660 secs] [Times: user=0.17 sys=0.01, real=0.08 secs] 
19649.684: [GC (Allocation Failure) 19649.684: [ParNew: 654303K->25658K(707840K), 0.1052320 secs] 1381495K->755768K(2018560K), 0.1056770 secs] [Times: user=0.20 sys=0.00, real=0.10 secs] 
19666.221: [GC (Allocation Failure) 19666.221: [ParNew: 654906K->27205K(707840K), 0.0943730 secs] 1385016K->761138K(2018560K), 0.0947650 secs] [Times: user=0.19 sys=0.00, real=0.10 secs] 
19704.015: [GC (Allocation Failure) 19704.015: [ParNew: 656453K->29968K(707840K), 0.0976770 secs] 1390386K->769379K(2018560K), 0.0980860 secs] [Times: user=0.19 sys=0.01, real=0.10 secs] 
19729.365: [GC (Allocation Failure) 19729.365: [ParNew: 659216K->28998K(707840K), 0.1213570 secs] 1398627K->776467K(2018560K), 0.1217710 secs] [Times: user=0.23 sys=0.01, real=0.13 secs] 
19740.525: [GC (Allocation Failure) 19740.526: [ParNew: 658246K->29661K(707840K), 0.1062040 secs] 1405715K->781324K(2018560K), 0.1066110 secs] [Times: user=0.21 sys=0.01, real=0.11 secs] 
19761.254: [GC (Allocation Failure) 19761.255: [ParNew: 658909K->34313K(707840K), 0.1037990 secs] 1410572K->791724K(2018560K), 0.1042020 secs] [Times: user=0.21 sys=0.00, real=0.10 secs] 
19796.185: [GC (Allocation Failure) 19796.185: [ParNew: 663561K->32221K(707840K), 0.0860960 secs] 1420972K->797029K(2018560K), 0.0864730 secs] [Times: user=0.16 sys=0.00, real=0.09 secs] 
19818.924: [GC (Allocation Failure) 19819.082: [ParNew: 661469K->24624K(707840K), 0.0900900 secs] 1426277K->796842K(2018560K), 0.2480210 secs] [Times: user=0.18 sys=0.00, real=0.25 secs] 
19829.264: [GC (Allocation Failure) 19829.264: [ParNew: 653872K->25794K(707840K), 0.0971060 secs] 1426090K->801570K(2018560K), 0.0975210 secs] [Times: user=0.18 sys=0.00, real=0.10 secs] 
19851.560: [GC (Allocation Failure) 19851.560: [ParNew: 655042K->31414K(707840K), 0.0865490 secs] 1430818K->812296K(2018560K), 0.0869250 secs] [Times: user=0.16 sys=0.00, real=0.09 secs] 
19890.056: [GC (Allocation Failure) 19890.056: [ParNew: 660662K->20415K(707840K), 0.0965870 secs] 1441544K->809461K(2018560K), 0.0969680 secs] [Times: user=0.19 sys=0.00, real=0.10 secs] 
19915.296: [GC (Allocation Failure) 19915.297: [ParNew: 649663K->16202K(707840K), 0.0858790 secs] 1438709K->811213K(2018560K), 0.0863310 secs] [Times: user=0.17 sys=0.01, real=0.08 secs] 
19950.100: [GC (Allocation Failure) 19950.101: [ParNew: 645450K->23011K(707840K), 0.0860790 secs] 1440461K->821432K(2018560K), 0.0864920 secs] [Times: user=0.16 sys=0.01, real=0.08 secs] 
19979.789: [GC (Allocation Failure) 19979.789: [ParNew: 652259K->14256K(707840K), 0.0688310 secs] 1450680K->815803K(2018560K), 0.0692450 secs] [Times: user=0.13 sys=0.00, real=0.07 secs] 
20011.519: [GC (Allocation Failure) 20011.519: [ParNew: 643504K->19641K(707840K), 0.0841380 secs] 1445051K->825016K(2018560K), 0.0845370 secs] [Times: user=0.16 sys=0.00, real=0.08 secs] 
20022.496: [GC (Allocation Failure) 20022.496: [ParNew: 648889K->29717K(707840K), 0.0988540 secs] 1454264K->838944K(2018560K), 0.0992510 secs] [Times: user=0.20 sys=0.00, real=0.10 secs] 
20033.773: [GC (Allocation Failure) 20033.774: [ParNew: 658965K->40283K(707840K), 0.0990750 secs] 1468192K->852381K(2018560K), 0.0995480 secs] [Times: user=0.19 sys=0.01, real=0.10 secs] 
20058.825: [GC (Allocation Failure) 20058.825: [ParNew: 669531K->25152K(707840K), 0.1053100 secs] 1481629K->843971K(2018560K), 0.1058000 secs] [Times: user=0.20 sys=0.00, real=0.11 secs] 
20092.927: [GC (Allocation Failure) 20092.927: [ParNew: 654400K->21281K(707840K), 0.1063200 secs] 1473219K->850278K(2018560K), 0.1068220 secs] [Times: user=0.20 sys=0.01, real=0.11 secs] 
20109.834: [GC (Allocation Failure) 20109.834: [ParNew: 650529K->24116K(707840K), 0.0910630 secs] 1479526K->857894K(2018560K), 0.0914730 secs] [Times: user=0.18 sys=0.01, real=0.09 secs] 
20126.167: [GC (Allocation Failure) 20126.168: [ParNew: 653359K->34396K(707840K), 0.0863400 secs] 1487138K->872069K(2018560K), 0.0867340 secs] [Times: user=0.17 sys=0.00, real=0.08 secs] 
20159.250: [GC (Allocation Failure) 20159.250: [ParNew: 663644K->22188K(707840K), 0.0789160 secs] 1501317K->863907K(2018560K), 0.0792760 secs] [Times: user=0.15 sys=0.01, real=0.08 secs] 
20173.275: [GC (Allocation Failure) 20173.275: [ParNew: 651436K->32867K(707840K), 0.1042140 secs] 1493155K->881271K(2018560K), 0.1046040 secs] [Times: user=0.20 sys=0.01, real=0.10 secs] 
20191.662: [GC (Allocation Failure) 20191.662: [ParNew: 662115K->29095K(707840K), 0.0950790 secs] 1510519K->883119K(2018560K), 0.0955080 secs] [Times: user=0.19 sys=0.00, real=0.10 secs] 
20218.764: [GC (Allocation Failure) 20218.764: [ParNew: 658343K->28929K(707840K), 0.0945520 secs] 1512367K->887339K(2018560K), 0.0950320 secs] [Times: user=0.19 sys=0.00, real=0.09 secs] 
20242.875: [GC (Allocation Failure) 20242.876: [ParNew: 658177K->29472K(707840K), 0.1108770 secs] 1516587K->897218K(2018560K), 0.1112820 secs] [Times: user=0.22 sys=0.00, real=0.11 secs] 
20253.592: [GC (Allocation Failure) 20253.592: [ParNew: 658720K->29419K(707840K), 0.0939430 secs] 1526466K->901891K(2018560K), 0.0943600 secs] [Times: user=0.19 sys=0.00, real=0.10 secs] 
20270.902: [GC (Allocation Failure) 20270.903: [ParNew: 658667K->41265K(707840K), 0.1182920 secs] 1531139K->918601K(2018560K), 0.1186740 secs] [Times: user=0.23 sys=0.00, real=0.12 secs] 
20286.490: [GC (Allocation Failure) 20286.490: [ParNew: 670513K->27469K(707840K), 0.0913970 secs] 1547849K->913033K(2018560K), 0.0917290 secs] [Times: user=0.18 sys=0.00, real=0.09 secs] 
20314.834: [GC (Allocation Failure) 20314.835: [ParNew: 656714K->27074K(707840K), 0.0923770 secs] 1542279K->918330K(2018560K), 0.0927900 secs] [Times: user=0.18 sys=0.00, real=0.10 secs] 
20344.742: [GC (Allocation Failure) 20344.742: [ParNew: 656322K->17992K(707840K), 0.1042270 secs] 1547578K->916497K(2018560K), 0.1046320 secs] [Times: user=0.20 sys=0.00, real=0.10 secs] 
20382.525: [GC (Allocation Failure) 20382.525: [ParNew: 647240K->16904K(707840K), 0.0859680 secs] 1545745K->920609K(2018560K), 0.0864270 secs] [Times: user=0.17 sys=0.00, real=0.08 secs] 
20413.993: [GC (Allocation Failure) 20414.031: [ParNew: 646152K->22222K(707840K), 0.0946890 secs] 1549857K->928984K(2018560K), 0.1328190 secs] [Times: user=0.17 sys=0.02, real=0.13 secs] 
20450.729: [GC (Allocation Failure) 20450.729: [ParNew: 651470K->23194K(707840K), 0.0935270 secs] 1558232K->934349K(2018560K), 0.0939570 secs] [Times: user=0.18 sys=0.00, real=0.09 secs] 
20486.299: [GC (Allocation Failure) 20486.300: [ParNew: 652442K->22363K(707840K), 0.0831830 secs] 1563597K->936645K(2018560K), 0.0836430 secs] [Times: user=0.16 sys=0.00, real=0.09 secs] 
20524.506: [GC (Allocation Failure) 20524.506: [ParNew: 651606K->22738K(707840K), 0.0855990 secs] 1565888K->941872K(2018560K), 0.0859890 secs] [Times: user=0.17 sys=0.00, real=0.08 secs] 
20564.396: [GC (Allocation Failure) 20564.397: [ParNew: 651986K->21384K(707840K), 0.0714040 secs] 1571120K->943828K(2018560K), 0.0717600 secs] [Times: user=0.14 sys=0.01, real=0.07 secs] 
20602.563: [GC (Allocation Failure) 20602.563: [ParNew: 650632K->22029K(707840K), 0.0818100 secs] 1573076K->948195K(2018560K), 0.0821970 secs] [Times: user=0.16 sys=0.00, real=0.08 secs] 
20651.656: [GC (Allocation Failure) 20651.656: [ParNew: 651271K->22134K(707840K), 0.0837440 secs] 1577437K->951789K(2018560K), 0.0841610 secs] [Times: user=0.16 sys=0.00, real=0.08 secs] 
20684.934: [GC (Allocation Failure) 20684.934: [ParNew: 651382K->14530K(707840K), 0.0759800 secs] 1581037K->948830K(2018560K), 0.0763820 secs] [Times: user=0.15 sys=0.00, real=0.08 secs] 
20734.158: [GC (Allocation Failure) 20734.159: [ParNew: 643778K->12782K(707840K), 0.0697400 secs] 1578078K->950068K(2018560K), 0.0701600 secs] [Times: user=0.14 sys=0.01, real=0.07 secs] 
20771.286: [GC (Allocation Failure) 20771.286: [ParNew: 642030K->17383K(707840K), 0.0783910 secs] 1579316K->957725K(2018560K), 0.0787770 secs] [Times: user=0.15 sys=0.00, real=0.08 secs] 
20803.227: [GC (Allocation Failure) 20803.227: [ParNew: 646631K->23242K(707840K), 0.0758440 secs] 1586973K->966393K(2018560K), 0.0762290 secs] [Times: user=0.15 sys=0.00, real=0.08 secs] 
20839.590: [GC (Allocation Failure) 20839.590: [ParNew: 652490K->16244K(707840K), 0.0739220 secs] 1595641K->961312K(2018560K), 0.0743030 secs] [Times: user=0.14 sys=0.00, real=0.08 secs] 
20880.922: [GC (Allocation Failure) 20880.922: [ParNew: 645492K->19213K(707840K), 0.0885640 secs] 1590560K->968741K(2018560K), 0.0890200 secs] [Times: user=0.17 sys=0.00, real=0.09 secs] 
20931.727: [GC (Allocation Failure) 20931.727: [ParNew: 648461K->18814K(707840K), 0.0797350 secs] 1597989K->972702K(2018560K), 0.0801570 secs] [Times: user=0.15 sys=0.00, real=0.08 secs] 
20976.037: [GC (Allocation Failure) 20976.038: [ParNew: 648062K->14635K(707840K), 0.0742470 secs] 1601950K->970836K(2018560K), 0.0747150 secs] [Times: user=0.14 sys=0.00, real=0.07 secs] 
21028.547: [GC (Allocation Failure) 21028.548: [ParNew: 643883K->21693K(707840K), 0.0756660 secs] 1600084K->980688K(2018560K), 0.0761560 secs] [Times: user=0.15 sys=0.00, real=0.08 secs] 
21074.698: [GC (Allocation Failure) 21074.698: [ParNew: 650941K->14566K(707840K), 0.0715900 secs] 1609936K->976741K(2018560K), 0.0719950 secs] [Times: user=0.13 sys=0.00, real=0.08 secs] 
21114.986: [GC (Allocation Failure) 21114.986: [ParNew: 643814K->19213K(707840K), 0.0835770 secs] 1605989K->983851K(2018560K), 0.0840320 secs] [Times: user=0.16 sys=0.00, real=0.08 secs] 
21161.489: [GC (Allocation Failure) 21161.489: [ParNew: 648461K->28056K(707840K), 0.0719650 secs] 1613099K->996087K(2018560K), 0.0724030 secs] [Times: user=0.14 sys=0.00, real=0.07 secs] 
21195.817: [GC (Allocation Failure) 21195.817: [ParNew: 657304K->28574K(707840K), 0.0787900 secs] 1625335K->998551K(2018560K), 0.0791630 secs] [Times: user=0.15 sys=0.00, real=0.08 secs] 
21212.519: [GC (Allocation Failure) 21212.519: [ParNew: 657822K->37798K(707840K), 0.1170780 secs] 1627799K->1015382K(2018560K), 0.1175590 secs] [Times: user=0.23 sys=0.01, real=0.12 secs] 
21251.149: [GC (Allocation Failure) 21251.149: [ParNew: 667046K->33567K(707840K), 0.0974810 secs] 1644630K->1015683K(2018560K), 0.0978870 secs] [Times: user=0.19 sys=0.00, real=0.10 secs] 
21307.809: [GC (Allocation Failure) 21307.809: [ParNew: 662815K->33424K(707840K), 0.0806360 secs] 1644931K->1022145K(2018560K), 0.0809920 secs] [Times: user=0.15 sys=0.00, real=0.08 secs] 
21321.706: [GC (Allocation Failure) 21321.707: [ParNew: 662672K->24398K(707840K), 0.1147530 secs] 1651393K->1021053K(2018560K), 0.1151330 secs] [Times: user=0.23 sys=0.00, real=0.12 secs] 
21331.945: [GC (Allocation Failure) 21331.945: [ParNew: 653646K->39829K(707840K), 0.1027690 secs] 1650301K->1040710K(2018560K), 0.1031630 secs] [Times: user=0.20 sys=0.01, real=0.10 secs] 
21361.627: [GC (Allocation Failure) 21361.627: [ParNew: 669077K->27739K(707840K), 0.0926610 secs] 1669958K->1032781K(2018560K), 0.0930810 secs] [Times: user=0.19 sys=0.00, real=0.09 secs] 
21401.464: [GC (Allocation Failure) 21401.464: [ParNew: 656987K->29313K(707840K), 0.1167780 secs] 1662029K->1045668K(2018560K), 0.1171920 secs] [Times: user=0.23 sys=0.00, real=0.12 secs] 
21426.264: [GC (Allocation Failure) 21426.265: [ParNew: 658561K->29976K(707840K), 0.0966080 secs] 1674916K->1051673K(2018560K), 0.0970250 secs] [Times: user=0.19 sys=0.00, real=0.09 secs] 
21435.228: [GC (Allocation Failure) 21435.228: [ParNew: 659224K->31379K(707840K), 0.0805110 secs] 1680921K->1055952K(2018560K), 0.0808870 secs] [Times: user=0.16 sys=0.00, real=0.08 secs] 
21453.663: [GC (Allocation Failure) 21453.663: [ParNew: 660627K->36964K(707840K), 0.1044460 secs] 1685200K->1069099K(2018560K), 0.1048540 secs] [Times: user=0.20 sys=0.00, real=0.11 secs] 
21490.798: [GC (Allocation Failure) 21490.799: [ParNew: 666212K->23674K(707840K), 0.1079290 secs] 1698347K->1064882K(2018560K), 0.1083470 secs] [Times: user=0.21 sys=0.00, real=0.11 secs] 
21514.270: [GC (Allocation Failure) 21514.270: [ParNew: 652922K->28796K(707840K), 0.1059030 secs] 1694130K->1076986K(2018560K), 0.1062930 secs] [Times: user=0.21 sys=0.00, real=0.10 secs] 
21523.030: [GC (Allocation Failure) 21523.031: [ParNew: 658044K->41136K(707840K), 0.1004270 secs] 1706234K->1094053K(2018560K), 0.1008610 secs] [Times: user=0.19 sys=0.00, real=0.10 secs] 
21539.210: [GC (Allocation Failure) 21539.210: [ParNew: 670384K->28588K(707840K), 0.0954070 secs] 1723301K->1085939K(2018560K), 0.0958110 secs] [Times: user=0.19 sys=0.00, real=0.10 secs] 
21567.040: [GC (Allocation Failure) 21567.040: [ParNew: 657836K->20819K(707840K), 0.1029920 secs] 1715187K->1086313K(2018560K), 0.1034020 secs] [Times: user=0.20 sys=0.00, real=0.10 secs] 
21606.116: [GC (Allocation Failure) 21606.116: [ParNew: 650067K->19259K(707840K), 0.0951790 secs] 1715561K->1092034K(2018560K), 0.0955670 secs] [Times: user=0.18 sys=0.00, real=0.10 secs] 
21625.685: [GC (Allocation Failure) 21625.685: [ParNew: 648507K->23836K(707840K), 0.0986030 secs] 1721282K->1101763K(2018560K), 0.0989950 secs] [Times: user=0.19 sys=0.00, real=0.10 secs] 
21641.592: [GC (Allocation Failure) 21641.592: [ParNew: 653084K->28359K(707840K), 0.0947320 secs] 1731011K->1109355K(2018560K), 0.0951760 secs] [Times: user=0.19 sys=0.00, real=0.10 secs] 
21663.403: [GC (Allocation Failure) 21663.403: [ParNew: 657607K->41270K(707840K), 0.1031160 secs] 1738603K->1127496K(2018560K), 0.1034980 secs] [Times: user=0.20 sys=0.00, real=0.10 secs] 
21676.891: [GC (Allocation Failure) 21676.891: [ParNew: 670518K->26979K(707840K), 0.1080400 secs] 1756744K->1121476K(2018560K), 0.1084240 secs] [Times: user=0.21 sys=0.00, real=0.11 secs] 
21704.026: [GC (Allocation Failure) 21704.026: [ParNew: 656227K->27312K(707840K), 0.0879250 secs] 1750724K->1126435K(2018560K), 0.0883530 secs] [Times: user=0.18 sys=0.00, real=0.08 secs] 
21736.086: [GC (Allocation Failure) 21736.087: [ParNew: 656560K->18602K(707840K), 0.0926030 secs] 1755683K->1123998K(2018560K), 0.0930340 secs] [Times: user=0.18 sys=0.00, real=0.09 secs] 
21772.674: [GC (Allocation Failure) 21772.674: [ParNew: 647850K->16492K(707840K), 0.0866530 secs] 1753246K->1127879K(2018560K), 0.0871490 secs] [Times: user=0.16 sys=0.00, real=0.09 secs] 
21815.917: [GC (Allocation Failure) 21815.917: [ParNew: 645740K->21312K(707840K), 0.0781060 secs] 1757127K->1136200K(2018560K), 0.0785160 secs] [Times: user=0.15 sys=0.00, real=0.08 secs] 
21862.760: [GC (Allocation Failure) 21862.760: [ParNew: 650560K->14320K(707840K), 0.0770360 secs] 1765448K->1132983K(2018560K), 0.0774510 secs] [Times: user=0.15 sys=0.00, real=0.07 secs] 
21903.022: [GC (Allocation Failure) 21903.023: [ParNew: 643568K->20762K(707840K), 0.0773860 secs] 1762231K->1143457K(2018560K), 0.0778230 secs] [Times: user=0.15 sys=0.00, real=0.08 secs] 
21927.145: [GC (Allocation Failure) 21927.145: [ParNew: 650010K->26402K(707840K), 0.0883240 secs] 1772705K->1153063K(2018560K), 0.0887340 secs] [Times: user=0.17 sys=0.00, real=0.09 secs] 
21947.352: [GC (Allocation Failure) 21947.352: [ParNew: 655650K->25697K(707840K), 0.0884600 secs] 1782311K->1156477K(2018560K), 0.0888470 secs] [Times: user=0.17 sys=0.00, real=0.09 secs] 
21982.777: [GC (Allocation Failure) 21982.777: [ParNew: 654945K->27681K(707840K), 0.0888450 secs] 1785725K->1161292K(2018560K), 0.0892720 secs] [Times: user=0.17 sys=0.01, real=0.09 secs] 
22022.240: [GC (Allocation Failure) 22022.241: [ParNew: 656929K->28142K(707840K), 0.1112180 secs] 1790540K->1169944K(2018560K), 0.1116690 secs] [Times: user=0.21 sys=0.00, real=0.11 secs] 
22030.774: [GC (Allocation Failure) 22030.775: [ParNew: 657390K->37335K(707840K), 0.1070280 secs] 1799192K->1183560K(2018560K), 0.1074310 secs] [Times: user=0.21 sys=0.01, real=0.11 secs] 
22039.838: [GC (Allocation Failure) 22039.838: [ParNew: 666583K->48099K(707840K), 0.1222960 secs] 1812808K->1198821K(2018560K), 0.1228690 secs] [Times: user=0.22 sys=0.01, real=0.12 secs] 
22062.224: [GC (Allocation Failure) 22062.224: [ParNew: 677347K->31914K(707840K), 0.1298890 secs] 1828069K->1190852K(2018560K), 0.1303540 secs] [Times: user=0.25 sys=0.00, real=0.13 secs] 
22095.005: [GC (Allocation Failure) 22095.005: [ParNew: 661162K->20549K(707840K), 0.1172760 secs] 1820100K->1190739K(2018560K), 0.1176550 secs] [Times: user=0.23 sys=0.01, real=0.11 secs] 
22116.814: [Full GC (System.gc()) 22116.814: [CMS: 1170189K->554846K(1310720K), 3.2065880 secs] 1610483K->554846K(2018560K), [Metaspace: 110909K->110909K(1150976K)], 3.2074910 secs] [Times: user=3.21 sys=0.00, real=3.21 secs] 
22147.564: [GC (Allocation Failure) 22147.565: [ParNew: 629248K->16345K(707840K), 0.0399580 secs] 1184094K->571192K(2018560K), 0.0403540 secs] [Times: user=0.08 sys=0.00, real=0.04 secs] 
22174.494: [GC (Allocation Failure) 22174.495: [ParNew: 645593K->13661K(707840K), 0.0493430 secs] 1200440K->568508K(2018560K), 0.0497260 secs] [Times: user=0.10 sys=0.00, real=0.05 secs] 
22202.058: [GC (Allocation Failure) 22202.059: [ParNew: 642883K->21145K(707840K), 0.0740000 secs] 1197730K->575991K(2018560K), 0.0744520 secs] [Times: user=0.14 sys=0.00, real=0.08 secs] 
22211.877: [GC (Allocation Failure) 22211.878: [ParNew: 650393K->27822K(707840K), 0.0968320 secs] 1205239K->585548K(2018560K), 0.0972150 secs] [Times: user=0.19 sys=0.00, real=0.10 secs] 
22220.387: [GC (Allocation Failure) 22220.388: [ParNew: 657070K->43164K(707840K), 0.1094820 secs] 1214796K->606795K(2018560K), 0.1098970 secs] [Times: user=0.21 sys=0.01, real=0.11 secs] 
22236.879: [GC (Allocation Failure) 22236.879: [ParNew: 672412K->29927K(707840K), 0.1116960 secs] 1236043K->600831K(2018560K), 0.1120930 secs] [Times: user=0.22 sys=0.00, real=0.11 secs] 
22251.250: [GC (Allocation Failure) 22251.250: [ParNew: 659175K->29805K(707840K), 0.1226600 secs] 1230079K->612330K(2018560K), 0.1231080 secs] [Times: user=0.23 sys=0.00, real=0.12 secs] 
22258.062: [GC (Allocation Failure) 22258.062: [ParNew: 659053K->30030K(707840K), 0.1086660 secs] 1241578K->619111K(2018560K), 0.1090520 secs] [Times: user=0.20 sys=0.01, real=0.11 secs] 
22268.241: [GC (Allocation Failure) 22268.241: [ParNew: 659278K->33732K(707840K), 0.0946360 secs] 1248359K->626054K(2018560K), 0.0950380 secs] [Times: user=0.19 sys=0.00, real=0.09 secs] 
22292.188: [GC (Allocation Failure) 22292.189: [ParNew: 662980K->23487K(707840K), 0.1080080 secs] 1255302K->624811K(2018560K), 0.1084050 secs] [Times: user=0.21 sys=0.00, real=0.11 secs] 
22323.340: [GC (Allocation Failure) 22323.340: [ParNew: 652735K->18521K(707840K), 0.0904410 secs] 1254059K->627913K(2018560K), 0.0908500 secs] [Times: user=0.18 sys=0.00, real=0.09 secs] 
22361.289: [GC (Allocation Failure) 22361.289: [ParNew: 647769K->14156K(707840K), 0.0806370 secs] 1257161K->627589K(2018560K), 0.0810520 secs] [Times: user=0.15 sys=0.00, real=0.08 secs] 
22396.179: [GC (Allocation Failure) 22396.179: [ParNew: 643404K->26758K(707840K), 0.0808050 secs] 1256837K->642437K(2018560K), 0.0811970 secs] [Times: user=0.16 sys=0.00, real=0.08 secs] 
22431.339: [GC (Allocation Failure) 22431.339: [ParNew: 656006K->17903K(707840K), 0.0815790 secs] 1271685K->636565K(2018560K), 0.0819730 secs] [Times: user=0.16 sys=0.00, real=0.08 secs] 
22468.535: [GC (Allocation Failure) 22468.535: [ParNew: 647151K->27249K(707840K), 0.0827880 secs] 1265813K->648607K(2018560K), 0.0831980 secs] [Times: user=0.16 sys=0.01, real=0.08 secs] 
22512.912: [GC (Allocation Failure) 22512.913: [ParNew: 656497K->18961K(707840K), 0.0838360 secs] 1277855K->644313K(2018560K), 0.0842710 secs] [Times: user=0.17 sys=0.00, real=0.08 secs] 
22542.077: [GC (Allocation Failure) 22542.078: [ParNew: 648209K->26987K(707840K), 0.0923350 secs] 1273561K->655737K(2018560K), 0.0927420 secs] [Times: user=0.17 sys=0.00, real=0.09 secs] 
22566.453: [GC (Allocation Failure) 22566.453: [ParNew: 656235K->25848K(707840K), 0.0942890 secs] 1284985K->659389K(2018560K), 0.0946910 secs] [Times: user=0.18 sys=0.01, real=0.10 secs] 
22599.375: [GC (Allocation Failure) 22599.376: [ParNew: 655096K->25949K(707840K), 0.0895280 secs] 1288637K->662194K(2018560K), 0.0899350 secs] [Times: user=0.17 sys=0.00, real=0.09 secs] 
22641.843: [GC (Allocation Failure) 22641.843: [ParNew: 655197K->27751K(707840K), 0.1057190 secs] 1291442K->671895K(2018560K), 0.1061910 secs] [Times: user=0.21 sys=0.01, real=0.11 secs] 
22685.589: [GC (Allocation Failure) 22685.590: [ParNew: 656999K->21070K(707840K), 0.0874150 secs] 1301143K->669339K(2018560K), 0.0878320 secs] [Times: user=0.17 sys=0.00, real=0.09 secs] 
22718.652: [GC (Allocation Failure) 22718.653: [ParNew: 650318K->27672K(707840K), 0.0856910 secs] 1298587K->679095K(2018560K), 0.0860910 secs] [Times: user=0.17 sys=0.00, real=0.08 secs] 
22736.766: [GC (Allocation Failure) 22736.767: [ParNew: 656920K->33287K(707840K), 0.0919060 secs] 1308343K->688677K(2018560K), 0.0923180 secs] [Times: user=0.18 sys=0.00, real=0.09 secs] 
22767.477: [GC (Allocation Failure) 22767.477: [ParNew: 662535K->23004K(707840K), 0.0893720 secs] 1317925K->681632K(2018560K), 0.0897660 secs] [Times: user=0.17 sys=0.00, real=0.09 secs] 
22809.744: [GC (Allocation Failure) 22809.744: [ParNew: 652252K->27372K(707840K), 0.0918530 secs] 1310880K->691244K(2018560K), 0.0922560 secs] [Times: user=0.18 sys=0.00, real=0.09 secs] 
22850.535: [GC (Allocation Failure) 22850.535: [ParNew: 656620K->26486K(707840K), 0.0931810 secs] 1320492K->695320K(2018560K), 0.0936090 secs] [Times: user=0.18 sys=0.01, real=0.09 secs] 
22895.728: [GC (Allocation Failure) 22895.728: [ParNew: 655734K->20502K(707840K), 0.0834890 secs] 1324568K->693758K(2018560K), 0.0839040 secs] [Times: user=0.16 sys=0.00, real=0.08 secs] 
22953.849: [GC (Allocation Failure) 22953.850: [ParNew: 649750K->13055K(707840K), 0.0759140 secs] 1323006K->689668K(2018560K), 0.0764360 secs] [Times: user=0.15 sys=0.00, real=0.08 secs] 
23005.401: [GC (Allocation Failure) 23005.402: [ParNew: 642303K->19243K(707840K), 0.0791410 secs] 1318916K->699267K(2018560K), 0.0795410 secs] [Times: user=0.15 sys=0.00, real=0.08 secs] 
23044.676: [GC (Allocation Failure) 23044.676: [ParNew: 648491K->13767K(707840K), 0.0793040 secs] 1328515K->697247K(2018560K), 0.0797150 secs] [Times: user=0.16 sys=0.00, real=0.08 secs] 
23096.821: [GC (Allocation Failure) 23096.821: [ParNew: 643015K->19961K(707840K), 0.0661170 secs] 1326495K->705780K(2018560K), 0.0664750 secs] [Times: user=0.13 sys=0.00, real=0.07 secs] 
23121.134: [GC (Allocation Failure) 23121.134: [ParNew: 649156K->26628K(707840K), 0.0913220 secs] 1334975K->714510K(2018560K), 0.0917470 secs] [Times: user=0.18 sys=0.00, real=0.09 secs] 
23128.635: [GC (Allocation Failure) 23128.635: [ParNew: 655862K->40436K(707840K), 0.1154030 secs] 1343744K->733414K(2018560K), 0.1157860 secs] [Times: user=0.23 sys=0.01, real=0.11 secs] 
23140.983: [GC (Allocation Failure) 23140.984: [ParNew: 669684K->37552K(707840K), 0.0969550 secs] 1362662K->734812K(2018560K), 0.0973500 secs] [Times: user=0.19 sys=0.01, real=0.10 secs] 
23172.133: [GC (Allocation Failure) 23172.133: [ParNew: 666800K->24763K(707840K), 0.1179070 secs] 1364060K->733629K(2018560K), 0.1183760 secs] [Times: user=0.23 sys=0.00, real=0.12 secs] 
23190.669: [GC (Allocation Failure) 23190.670: [ParNew: 654011K->19940K(707840K), 0.1065530 secs] 1362877K->737971K(2018560K), 0.1069660 secs] [Times: user=0.20 sys=0.00, real=0.11 secs] 
23215.717: [GC (Allocation Failure) 23215.717: [ParNew: 649188K->27621K(707840K), 0.0867760 secs] 1367219K->748823K(2018560K), 0.0872070 secs] [Times: user=0.17 sys=0.01, real=0.08 secs] 
23249.692: [GC (Allocation Failure) 23249.692: [ParNew: 656869K->18965K(707840K), 0.0840240 secs] 1378071K->744417K(2018560K), 0.0844210 secs] [Times: user=0.16 sys=0.01, real=0.08 secs] 
23290.760: [GC (Allocation Failure) 23290.761: [ParNew: 648213K->16970K(707840K), 0.0895130 secs] 1373665K->749641K(2018560K), 0.0899220 secs] [Times: user=0.17 sys=0.01, real=0.09 secs] 
23326.940: [GC (Allocation Failure) 23326.940: [ParNew: 646218K->13436K(707840K), 0.0723000 secs] 1378889K->749464K(2018560K), 0.0727170 secs] [Times: user=0.14 sys=0.00, real=0.08 secs] 
23365.495: [GC (Allocation Failure) 23365.495: [ParNew: 642684K->17910K(707840K), 0.0739870 secs] 1378712K->756659K(2018560K), 0.0744030 secs] [Times: user=0.14 sys=0.00, real=0.08 secs] 
23405.300: [GC (Allocation Failure) 23405.301: [ParNew: 647158K->17335K(707840K), 0.0553580 secs] 1385907K->757942K(2018560K), 0.0557310 secs] [Times: user=0.11 sys=0.00, real=0.06 secs] 
23446.612: [GC (Allocation Failure) 23446.613: [ParNew: 646583K->23966K(707840K), 0.0763980 secs] 1387190K->766957K(2018560K), 0.0768670 secs] [Times: user=0.15 sys=0.00, real=0.07 secs] 
23493.376: [GC (Allocation Failure) 23493.376: [ParNew: 653214K->16388K(707840K), 0.0806650 secs] 1396205K->763231K(2018560K), 0.0810600 secs] [Times: user=0.15 sys=0.00, real=0.08 secs] 
23529.752: [GC (Allocation Failure) 23529.752: [ParNew: 645636K->24201K(707840K), 0.0911270 secs] 1392479K->773884K(2018560K), 0.0915990 secs] [Times: user=0.17 sys=0.01, real=0.10 secs] 
23547.515: [GC (Allocation Failure) 23547.515: [ParNew: 653449K->26291K(707840K), 0.0762870 secs] 1403132K->779225K(2018560K), 0.0766470 secs] [Times: user=0.15 sys=0.00, real=0.08 secs] 
23557.140: [GC (Allocation Failure) 23557.140: [ParNew: 655539K->41325K(707840K), 0.1184280 secs] 1408473K->799127K(2018560K), 0.1188810 secs] [Times: user=0.24 sys=0.00, real=0.12 secs] 
23563.714: [GC (Allocation Failure) 23563.715: [ParNew: 670573K->54351K(707840K), 0.1304020 secs] 1428375K->820946K(2018560K), 0.1308560 secs] [Times: user=0.26 sys=0.00, real=0.13 secs] 
23577.137: [GC (Allocation Failure) 23577.138: [ParNew: 683599K->35352K(707840K), 0.1178570 secs] 1450194K->809170K(2018560K), 0.1183260 secs] [Times: user=0.23 sys=0.00, real=0.12 secs] 
23603.429: [GC (Allocation Failure) 23603.430: [ParNew: 664600K->24144K(707840K), 0.1257430 secs] 1438418K->811303K(2018560K), 0.1261920 secs] [Times: user=0.24 sys=0.01, real=0.13 secs] 
23640.953: [GC (Allocation Failure) 23640.953: [ParNew: 653392K->20747K(707840K), 0.0821310 secs] 1440551K->815514K(2018560K), 0.0824670 secs] [Times: user=0.16 sys=0.01, real=0.08 secs] 
23685.274: [GC (Allocation Failure) 23685.274: [ParNew: 649995K->17346K(707840K), 0.0821960 secs] 1444762K->816216K(2018560K), 0.0825940 secs] [Times: user=0.17 sys=0.00, real=0.08 secs] 
23730.811: [GC (Allocation Failure) 23730.812: [ParNew: 646594K->24421K(707840K), 0.0884940 secs] 1445464K->827935K(2018560K), 0.0889040 secs] [Times: user=0.17 sys=0.00, real=0.09 secs] 
23745.051: [GC (Allocation Failure) 23745.051: [ParNew: 653669K->24702K(707840K), 0.0923490 secs] 1457183K->832360K(2018560K), 0.0927500 secs] [Times: user=0.18 sys=0.00, real=0.09 secs] 
23777.497: [GC (Allocation Failure) 23777.498: [ParNew: 653950K->19347K(707840K), 0.0730740 secs] 1461608K->830573K(2018560K), 0.0734240 secs] [Times: user=0.14 sys=0.00, real=0.08 secs] 
23803.895: [GC (Allocation Failure) 23803.895: [ParNew: 648595K->28903K(707840K), 0.0941300 secs] 1459821K->845405K(2018560K), 0.0945320 secs] [Times: user=0.18 sys=0.00, real=0.09 secs] 
23813.581: [GC (Allocation Failure) 23813.582: [ParNew: 658151K->29685K(707840K), 0.1062960 secs] 1474653K->853721K(2018560K), 0.1067010 secs] [Times: user=0.21 sys=0.00, real=0.11 secs] 
23822.238: [GC (Allocation Failure) 23822.238: [ParNew: 658933K->42042K(707840K), 0.1146070 secs] 1482969K->869773K(2018560K), 0.1149680 secs] [Times: user=0.23 sys=0.00, real=0.11 secs] 
23828.457: [GC (Allocation Failure) 23828.457: [ParNew: 671290K->55075K(707840K), 0.1235380 secs] 1499021K->890221K(2018560K), 0.1239400 secs] [Times: user=0.24 sys=0.01, real=0.13 secs] 
23835.384: [GC (Allocation Failure) 23835.385: [ParNew: 684323K->37092K(707840K), 0.1041010 secs] 1519469K->881566K(2018560K), 0.1044990 secs] [Times: user=0.21 sys=0.00, real=0.10 secs] 
23847.140: [GC (Allocation Failure) 23847.140: [ParNew: 666340K->26203K(707840K), 0.1224550 secs] 1510814K->882506K(2018560K), 0.1228470 secs] [Times: user=0.23 sys=0.01, real=0.13 secs] 
23859.352: [GC (Allocation Failure) 23859.352: [ParNew: 655451K->32702K(707840K), 0.1113550 secs] 1511754K->897436K(2018560K), 0.1117460 secs] [Times: user=0.22 sys=0.00, real=0.12 secs] 
23870.133: [GC (Allocation Failure) 23870.133: [ParNew: 661950K->30719K(707840K), 0.1077760 secs] 1526684K->902506K(2018560K), 0.1082370 secs] [Times: user=0.21 sys=0.00, real=0.11 secs] 
23889.880: [GC (Allocation Failure) 23889.880: [ParNew: 659967K->29688K(707840K), 0.0907320 secs] 1531754K->905953K(2018560K), 0.0911510 secs] [Times: user=0.18 sys=0.00, real=0.09 secs] 
23930.374: [GC (Allocation Failure) 23930.375: [ParNew: 658915K->19078K(707840K), 0.0956430 secs] 1535180K->902803K(2018560K), 0.0960650 secs] [Times: user=0.18 sys=0.00, real=0.09 secs] 
23965.859: [GC (Allocation Failure) 23965.859: [ParNew: 648326K->15574K(707840K), 0.0871850 secs] 1532051K->904957K(2018560K), 0.0875880 secs] [Times: user=0.16 sys=0.00, real=0.08 secs] 
23998.370: [GC (Allocation Failure) 23998.371: [ParNew: 644822K->13717K(707840K), 0.0683110 secs] 1534205K->906623K(2018560K), 0.0687030 secs] [Times: user=0.13 sys=0.00, real=0.07 secs] 
24035.077: [GC (Allocation Failure) 24035.077: [ParNew: 642965K->18644K(707840K), 0.0751070 secs] 1535871K->914694K(2018560K), 0.0755250 secs] [Times: user=0.14 sys=0.00, real=0.08 secs] 
24060.396: [GC (Allocation Failure) 24060.396: [ParNew: 647892K->25381K(707840K), 0.0917880 secs] 1543942K->925711K(2018560K), 0.0922130 secs] [Times: user=0.18 sys=0.01, real=0.09 secs] 
24068.363: [GC (Allocation Failure) 24068.363: [ParNew: 654629K->30542K(707840K), 0.0971180 secs] 1554959K->933405K(2018560K), 0.0975090 secs] [Times: user=0.19 sys=0.00, real=0.10 secs] 
24077.457: [GC (Allocation Failure) 24077.457: [ParNew: 659788K->43407K(707840K), 0.1072870 secs] 1562651K->950164K(2018560K), 0.1076870 secs] [Times: user=0.22 sys=0.00, real=0.10 secs] 
24087.061: [GC (Allocation Failure) 24087.061: [ParNew: 672655K->26636K(707840K), 0.1078730 secs] 1579412K->941531K(2018560K), 0.1083330 secs] [Times: user=0.21 sys=0.01, real=0.11 secs] 
24117.315: [GC (Allocation Failure) 24117.316: [ParNew: 655857K->23036K(707840K), 0.0877570 secs] 1570751K->947914K(2018560K), 0.0881270 secs] [Times: user=0.17 sys=0.00, real=0.09 secs] 
24158.282: [GC (Allocation Failure) 24158.282: [ParNew: 652284K->17891K(707840K), 0.0910140 secs] 1577162K->950551K(2018560K), 0.0914090 secs] [Times: user=0.18 sys=0.00, real=0.09 secs] 
24198.173: [GC (Allocation Failure) 24198.174: [ParNew: 647139K->13521K(707840K), 0.0718730 secs] 1579799K->948992K(2018560K), 0.0723460 secs] [Times: user=0.14 sys=0.00, real=0.08 secs] 
24228.807: [GC (Allocation Failure) 24228.807: [ParNew: 642769K->18919K(707840K), 0.0826600 secs] 1578240K->957956K(2018560K), 0.0830640 secs] [Times: user=0.16 sys=0.01, real=0.09 secs] 
24274.368: [GC (Allocation Failure) 24274.368: [ParNew: 648167K->20545K(707840K), 0.0832140 secs] 1587204K->962707K(2018560K), 0.0836030 secs] [Times: user=0.17 sys=0.00, real=0.08 secs] 
24317.445: [GC (Allocation Failure) 24317.445: [ParNew: 649793K->28717K(707840K), 0.0858730 secs] 1591955K->972863K(2018560K), 0.0862930 secs] [Times: user=0.17 sys=0.00, real=0.08 secs] 
24358.889: [GC (Allocation Failure) 24358.889: [ParNew: 657965K->26816K(707840K), 0.0782030 secs] 1602111K->976833K(2018560K), 0.0786050 secs] [Times: user=0.15 sys=0.00, real=0.07 secs] 
24402.828: [GC (Allocation Failure) 24402.828: [ParNew: 656064K->25569K(707840K), 0.0879700 secs] 1606081K->979475K(2018560K), 0.0883770 secs] [Times: user=0.17 sys=0.00, real=0.09 secs] 
24453.845: [GC (Allocation Failure) 24453.845: [ParNew: 654817K->16806K(707840K), 0.0925610 secs] 1608723K->976974K(2018560K), 0.0930160 secs] [Times: user=0.18 sys=0.00, real=0.09 secs] 
24495.282: [GC (Allocation Failure) 24495.282: [ParNew: 646054K->14536K(707840K), 0.0786390 secs] 1606222K->978305K(2018560K), 0.0791040 secs] [Times: user=0.16 sys=0.01, real=0.08 secs] 
24509.919: [GC (Allocation Failure) 24509.919: [ParNew: 643784K->28499K(707840K), 0.0853360 secs] 1607553K->996339K(2018560K), 0.0857730 secs] [Times: user=0.17 sys=0.00, real=0.09 secs] 
24536.707: [GC (Allocation Failure) 24536.707: [ParNew: 657747K->25105K(707840K), 0.0817570 secs] 1625587K->996043K(2018560K), 0.0822080 secs] [Times: user=0.16 sys=0.00, real=0.08 secs] 
24580.707: [GC (Allocation Failure) 24580.707: [ParNew: 654353K->17558K(707840K), 0.0810440 secs] 1625291K->992226K(2018560K), 0.0814350 secs] [Times: user=0.16 sys=0.00, real=0.08 secs] 
24617.691: [GC (Allocation Failure) 24617.692: [ParNew: 646806K->24543K(707840K), 0.0957220 secs] 1621474K->1005905K(2018560K), 0.0961260 secs] [Times: user=0.19 sys=0.00, real=0.09 secs] 
24628.778: [GC (Allocation Failure) 24628.778: [ParNew: 653791K->23995K(707840K), 0.0963810 secs] 1635153K->1008963K(2018560K), 0.0968540 secs] [Times: user=0.18 sys=0.00, real=0.10 secs] 
24641.045: [GC (Allocation Failure) 24641.046: [ParNew: 653243K->36301K(707840K), 0.1046080 secs] 1638211K->1024696K(2018560K), 0.1050090 secs] [Times: user=0.19 sys=0.01, real=0.10 secs] 
24676.116: [GC (Allocation Failure) 24676.116: [ParNew: 665549K->22652K(707840K), 0.1017840 secs] 1653944K->1016607K(2018560K), 0.1021910 secs] [Times: user=0.20 sys=0.01, real=0.11 secs] 
24713.639: [GC (Allocation Failure) 24713.639: [ParNew: 651900K->20993K(707840K), 0.1116820 secs] 1645855K->1025035K(2018560K), 0.1120990 secs] [Times: user=0.21 sys=0.01, real=0.11 secs] 
24759.322: [GC (Allocation Failure) 24759.322: [ParNew: 650241K->16458K(707840K), 0.0847790 secs] 1654283K->1026085K(2018560K), 0.0851820 secs] [Times: user=0.17 sys=0.00, real=0.08 secs] 
24787.308: [GC (Allocation Failure) 24787.308: [ParNew: 645706K->20484K(707840K), 0.0847180 secs] 1655333K->1033272K(2018560K), 0.0851790 secs] [Times: user=0.16 sys=0.00, real=0.08 secs] 
24798.545: [GC (Allocation Failure) 24798.545: [ParNew: 649732K->34644K(707840K), 0.0929340 secs] 1662520K->1050578K(2018560K), 0.0933240 secs] [Times: user=0.18 sys=0.00, real=0.10 secs] 
24830.154: [GC (Allocation Failure) 24830.154: [ParNew: 663892K->30398K(707840K), 0.0926050 secs] 1679826K->1049816K(2018560K), 0.0930060 secs] [Times: user=0.18 sys=0.00, real=0.09 secs] 
24871.983: [GC (Allocation Failure) 24871.983: [ParNew: 659646K->20762K(707840K), 0.1012870 secs] 1679064K->1048753K(2018560K), 0.1017060 secs] [Times: user=0.19 sys=0.01, real=0.10 secs] 
24912.429: [GC (Allocation Failure) 24912.429: [ParNew: 650010K->16538K(707840K), 0.0869020 secs] 1678001K->1050176K(2018560K), 0.0873160 secs] [Times: user=0.16 sys=0.01, real=0.09 secs] 
24930.411: [GC (Allocation Failure) 24930.411: [ParNew: 645786K->29239K(707840K), 0.0879860 secs] 1679424K->1065730K(2018560K), 0.0884070 secs] [Times: user=0.17 sys=0.01, real=0.09 secs] 
24956.336: [GC (Allocation Failure) 24956.336: [ParNew: 658487K->27872K(707840K), 0.0927410 secs] 1694978K->1067917K(2018560K), 0.0932460 secs] [Times: user=0.18 sys=0.00, real=0.10 secs] 
25002.492: [GC (Allocation Failure) 25002.492: [ParNew: 657120K->29728K(707840K), 0.0729160 secs] 1697165K->1073676K(2018560K), 0.0732530 secs] [Times: user=0.14 sys=0.00, real=0.07 secs] 
25050.542: [GC (Allocation Failure) 25050.542: [ParNew: 658976K->19095K(707840K), 0.0935120 secs] 1702924K->1070880K(2018560K), 0.0939180 secs] [Times: user=0.18 sys=0.00, real=0.10 secs] 
25089.752: [GC (Allocation Failure) 25089.752: [ParNew: 648343K->14864K(707840K), 0.0797900 secs] 1700128K->1070532K(2018560K), 0.0801980 secs] [Times: user=0.16 sys=0.00, real=0.08 secs] 
25116.106: [GC (Allocation Failure) 25116.107: [ParNew: 644112K->28547K(707840K), 0.0883180 secs] 1699780K->1087173K(2018560K), 0.0887270 secs] [Times: user=0.18 sys=0.00, real=0.09 secs] 
25127.852: [GC (Allocation Failure) 25127.852: [ParNew: 657795K->35687K(707840K), 0.1000860 secs] 1716421K->1097590K(2018560K), 0.1005670 secs] [Times: user=0.19 sys=0.00, real=0.10 secs] 
25151.312: [GC (Allocation Failure) 25151.312: [ParNew: 664935K->31462K(707840K), 0.1013600 secs] 1726838K->1098781K(2018560K), 0.1017400 secs] [Times: user=0.19 sys=0.01, real=0.10 secs] 
25167.393: [GC (Allocation Failure) 25167.393: [ParNew: 660710K->31990K(707840K), 0.1190850 secs] 1728029K->1108413K(2018560K), 0.1195070 secs] [Times: user=0.24 sys=0.00, real=0.12 secs] 
25189.474: [GC (Allocation Failure) 25189.474: [ParNew: 661238K->32562K(707840K), 0.1029650 secs] 1737661K->1115209K(2018560K), 0.1033780 secs] [Times: user=0.20 sys=0.01, real=0.11 secs] 
25219.494: [GC (Allocation Failure) 25219.495: [ParNew: 661810K->31086K(707840K), 0.0931700 secs] 1744457K->1118397K(2018560K), 0.0935900 secs] [Times: user=0.18 sys=0.00, real=0.09 secs] 
25249.117: [GC (Allocation Failure) 25249.117: [ParNew: 660334K->19519K(707840K), 0.1051830 secs] 1747645K->1115394K(2018560K), 0.1055970 secs] [Times: user=0.20 sys=0.00, real=0.10 secs] 
25286.657: [GC (Allocation Failure) 25286.657: [ParNew: 648767K->16711K(707840K), 0.0862550 secs] 1744642K->1117291K(2018560K), 0.0866760 secs] [Times: user=0.17 sys=0.00, real=0.09 secs] 
25312.459: [GC (Allocation Failure) 25312.459: [ParNew: 645959K->29478K(707840K), 0.0867990 secs] 1746539K->1133394K(2018560K), 0.0872020 secs] [Times: user=0.17 sys=0.01, real=0.09 secs] 
25351.513: [GC (Allocation Failure) 25351.514: [ParNew: 658726K->19637K(707840K), 0.0825550 secs] 1762642K->1127973K(2018560K), 0.0829530 secs] [Times: user=0.16 sys=0.00, real=0.08 secs] 
25390.150: [GC (Allocation Failure) 25390.150: [ParNew: 648885K->25223K(707840K), 0.0776760 secs] 1757221K->1136514K(2018560K), 0.0780710 secs] [Times: user=0.15 sys=0.00, real=0.08 secs] 
25435.531: [GC (Allocation Failure) 25435.532: [ParNew: 654471K->16768K(707840K), 0.0781720 secs] 1765762K->1132047K(2018560K), 0.0785770 secs] [Times: user=0.16 sys=0.00, real=0.08 secs] 
25457.757: [GC (Allocation Failure) 25457.757: [ParNew: 646016K->24152K(707840K), 0.0854580 secs] 1761295K->1142675K(2018560K), 0.0858380 secs] [Times: user=0.17 sys=0.00, real=0.08 secs] 
25468.509: [GC (Allocation Failure) 25468.509: [ParNew: 653400K->33890K(707840K), 0.1012170 secs] 1771923K->1157146K(2018560K), 0.1015970 secs] [Times: user=0.20 sys=0.00, real=0.10 secs] 
25482.807: [GC (Allocation Failure) 25482.807: [ParNew: 663138K->42456K(707840K), 0.1012830 secs] 1786394K->1168927K(2018560K), 0.1017480 secs] [Times: user=0.20 sys=0.00, real=0.10 secs] 
25516.795: [GC (Allocation Failure) 25516.795: [ParNew: 671704K->29672K(707840K), 0.1052320 secs] 1798175K->1164689K(2018560K), 0.1056200 secs] [Times: user=0.20 sys=0.00, real=0.10 secs] 
25558.281: [GC (Allocation Failure) 25558.281: [ParNew: 658920K->18671K(707840K), 0.0813510 secs] 1793937K->1162733K(2018560K), 0.0817520 secs] [Times: user=0.16 sys=0.00, real=0.09 secs] 
25596.710: [GC (Allocation Failure) 25596.710: [ParNew: 647919K->22327K(707840K), 0.0813120 secs] 1791981K->1170988K(2018560K), 0.0817100 secs] [Times: user=0.16 sys=0.01, real=0.08 secs] 
25641.858: [GC (Allocation Failure) 25641.858: [ParNew: 651575K->27793K(707840K), 0.0795750 secs] 1800236K->1179888K(2018560K), 0.0799480 secs] [Times: user=0.16 sys=0.00, real=0.08 secs] 
25672.834: [GC (Allocation Failure) 25672.834: [ParNew: 657041K->21815K(707840K), 0.0934110 secs] 1809136K->1177129K(2018560K), 0.0938430 secs] [Times: user=0.18 sys=0.00, real=0.09 secs] 
25709.496: [GC (Allocation Failure) 25709.496: [ParNew: 651063K->14940K(707840K), 0.0830670 secs] 1806377K->1174279K(2018560K), 0.0834640 secs] [Times: user=0.16 sys=0.00, real=0.08 secs] 
25720.030: [Full GC (System.gc()) 25720.030: [CMS: 1159338K->515399K(1310720K), 2.8896210 secs] 1284062K->515399K(2018560K), [Metaspace: 111641K->111641K(1150976K)], 2.8905970 secs] [Times: user=2.88 sys=0.01, real=2.89 secs] 
25737.820: [GC (Allocation Failure) 25737.821: [ParNew: 629248K->14725K(707840K), 0.0502760 secs] 1144647K->530125K(2018560K), 0.0507570 secs] [Times: user=0.10 sys=0.00, real=0.05 secs] 
25753.083: [GC (Allocation Failure) 25753.083: [ParNew: 643973K->22946K(707840K), 0.0629470 secs] 1159373K->538346K(2018560K), 0.0674380 secs] [Times: user=0.12 sys=0.00, real=0.07 secs] 
25784.108: [GC (Allocation Failure) 25784.108: [ParNew: 652194K->30993K(707840K), 0.0755700 secs] 1167594K->546393K(2018560K), 0.0759620 secs] [Times: user=0.15 sys=0.00, real=0.07 secs] 
25798.351: [GC (Allocation Failure) 25798.351: [ParNew: 660241K->29930K(707840K), 0.0926260 secs] 1175641K->554577K(2018560K), 0.0929730 secs] [Times: user=0.18 sys=0.00, real=0.09 secs] 
25815.608: [GC (Allocation Failure) 25815.608: [ParNew: 659178K->42494K(707840K), 0.1046410 secs] 1183825K->573309K(2018560K), 0.1050310 secs] [Times: user=0.20 sys=0.00, real=0.11 secs] 
25822.332: [GC (Allocation Failure) 25822.332: [ParNew: 671742K->34705K(707840K), 0.1278100 secs] 1202557K->571674K(2018560K), 0.1282040 secs] [Times: user=0.25 sys=0.00, real=0.12 secs] 
25829.253: [GC (Allocation Failure) 25829.253: [ParNew: 663953K->37817K(707840K), 0.1125810 secs] 1200922K->580790K(2018560K), 0.1129810 secs] [Times: user=0.22 sys=0.00, real=0.11 secs] 
25841.400: [GC (Allocation Failure) 25841.400: [ParNew: 667065K->26024K(707840K), 0.1047130 secs] 1210038K->577127K(2018560K), 0.1051220 secs] [Times: user=0.21 sys=0.00, real=0.11 secs] 
25866.913: [GC (Allocation Failure) 25866.913: [ParNew: 655272K->21872K(707840K), 0.0974160 secs] 1206375K->582193K(2018560K), 0.0979330 secs] [Times: user=0.19 sys=0.00, real=0.10 secs] 
25908.925: [GC (Allocation Failure) 25908.925: [ParNew: 651120K->16549K(707840K), 0.0826740 secs] 1211441K->582362K(2018560K), 0.0830640 secs] [Times: user=0.16 sys=0.00, real=0.08 secs] 
25925.717: [GC (Allocation Failure) 25925.717: [ParNew: 645797K->28082K(707840K), 0.0963730 secs] 1211610K->598499K(2018560K), 0.0967740 secs] [Times: user=0.19 sys=0.00, real=0.09 secs] 
25934.980: [GC (Allocation Failure) 25934.981: [ParNew: 657330K->36431K(707840K), 0.0838140 secs] 1227747K->609715K(2018560K), 0.0841490 secs] [Times: user=0.16 sys=0.01, real=0.08 secs] 
25953.816: [GC (Allocation Failure) 25953.817: [ParNew: 665679K->35545K(707840K), 0.0842610 secs] 1238963K->612138K(2018560K), 0.0846190 secs] [Times: user=0.16 sys=0.00, real=0.08 secs] 
25994.410: [GC (Allocation Failure) 25994.411: [ParNew: 664793K->25867K(707840K), 0.1004150 secs] 1241386K->615417K(2018560K), 0.1007400 secs] [Times: user=0.20 sys=0.00, real=0.10 secs] 
26025.433: [GC (Allocation Failure) 26025.433: [ParNew: 655115K->30079K(707840K), 0.1048250 secs] 1244665K->626084K(2018560K), 0.1052170 secs] [Times: user=0.20 sys=0.00, real=0.10 secs] 
26060.448: [GC (Allocation Failure) 26060.448: [ParNew: 659327K->29617K(707840K), 0.0918530 secs] 1255332K->629579K(2018560K), 0.0922460 secs] [Times: user=0.18 sys=0.00, real=0.09 secs] 
26103.205: [GC (Allocation Failure) 26103.206: [ParNew: 658865K->28933K(707840K), 0.0940330 secs] 1258827K->632454K(2018560K), 0.0944140 secs] [Times: user=0.18 sys=0.00, real=0.09 secs] 
26120.478: [GC (Allocation Failure) 26120.478: [ParNew: 658181K->38658K(707840K), 0.1195280 secs] 1261702K->649592K(2018560K), 0.1199130 secs] [Times: user=0.23 sys=0.01, real=0.12 secs] 
26131.290: [GC (Allocation Failure) 26131.291: [ParNew: 667906K->33440K(707840K), 0.1084200 secs] 1278840K->648879K(2018560K), 0.1087970 secs] [Times: user=0.21 sys=0.00, real=0.11 secs] 
26139.453: [GC (Allocation Failure) 26139.453: [ParNew: 662688K->45846K(707840K), 0.1183720 secs] 1278127K->666748K(2018560K), 0.1187810 secs] [Times: user=0.23 sys=0.01, real=0.12 secs] 
26146.733: [GC (Allocation Failure) 26146.734: [ParNew: 675094K->27307K(707840K), 0.1237410 secs] 1295996K->658168K(2018560K), 0.1241630 secs] [Times: user=0.24 sys=0.01, real=0.12 secs] 
26160.196: [GC (Allocation Failure) 26160.197: [ParNew: 656555K->26216K(707840K), 0.1117730 secs] 1287416K->666041K(2018560K), 0.1121750 secs] [Times: user=0.21 sys=0.00, real=0.11 secs] 
26191.036: [GC (Allocation Failure) 26191.036: [ParNew: 655454K->22539K(707840K), 0.1070150 secs] 1295279K->671808K(2018560K), 0.1074170 secs] [Times: user=0.21 sys=0.00, real=0.11 secs] 
26228.108: [GC (Allocation Failure) 26228.108: [ParNew: 651787K->18215K(707840K), 0.1299400 secs] 1301056K->672692K(2018560K), 0.1304500 secs] [Times: user=0.19 sys=0.01, real=0.13 secs] 
26262.981: [GC (Allocation Failure) 26262.981: [ParNew: 647463K->16818K(707840K), 0.0902880 secs] 1301940K->675221K(2018560K), 0.0906820 secs] [Times: user=0.18 sys=0.00, real=0.09 secs] 
26297.243: [GC (Allocation Failure) 26297.243: [ParNew: 646066K->16074K(707840K), 0.0776080 secs] 1304469K->678289K(2018560K), 0.0780030 secs] [Times: user=0.15 sys=0.00, real=0.08 secs] 
26334.144: [GC (Allocation Failure) 26334.144: [ParNew: 645322K->20821K(707840K), 0.0932150 secs] 1307537K->687199K(2018560K), 0.0936570 secs] [Times: user=0.17 sys=0.01, real=0.09 secs] 
26349.724: [GC (Allocation Failure) 26349.724: [ParNew: 650069K->26138K(707840K), 0.0996040 secs] 1316447K->695423K(2018560K), 0.0999970 secs] [Times: user=0.20 sys=0.00, real=0.10 secs] 
26359.316: [GC (Allocation Failure) 26359.316: [ParNew: 655386K->38770K(707840K), 0.0883900 secs] 1324671K->710935K(2018560K), 0.0887530 secs] [Times: user=0.17 sys=0.00, real=0.09 secs] 
26372.401: [GC (Allocation Failure) 26372.401: [ParNew: 668018K->45438K(707840K), 0.1054320 secs] 1340183K->722501K(2018560K), 0.1058690 secs] [Times: user=0.20 sys=0.00, real=0.11 secs] 
26384.896: [GC (Allocation Failure) 26384.896: [ParNew: 674686K->30450K(707840K), 0.1236440 secs] 1351749K->719939K(2018560K), 0.1240740 secs] [Times: user=0.24 sys=0.00, real=0.13 secs] 
26402.040: [GC (Allocation Failure) 26402.041: [ParNew: 659698K->28444K(707840K), 0.0923280 secs] 1349187K->722674K(2018560K), 0.0927160 secs] [Times: user=0.18 sys=0.00, real=0.09 secs] 
26429.138: [GC (Allocation Failure) 26429.138: [ParNew: 657692K->19544K(707840K), 0.0957510 secs] 1351922K->720580K(2018560K), 0.0961830 secs] [Times: user=0.18 sys=0.00, real=0.10 secs] 
26467.647: [GC (Allocation Failure) 26467.648: [ParNew: 648792K->17587K(707840K), 0.0899100 secs] 1349828K->725883K(2018560K), 0.0902930 secs] [Times: user=0.17 sys=0.01, real=0.09 secs] 
26508.288: [GC (Allocation Failure) 26508.288: [ParNew: 646835K->14023K(707840K), 0.0787720 secs] 1355131K->726397K(2018560K), 0.0791580 secs] [Times: user=0.15 sys=0.01, real=0.08 secs] 
26527.589: [GC (Allocation Failure) 26527.589: [ParNew: 643228K->25724K(707840K), 0.0893450 secs] 1355601K->740935K(2018560K), 0.0897660 secs] [Times: user=0.18 sys=0.00, real=0.09 secs] 
26538.772: [GC (Allocation Failure) 26538.772: [ParNew: 654972K->33827K(707840K), 0.1033000 secs] 1370183K->752257K(2018560K), 0.1037410 secs] [Times: user=0.19 sys=0.01, real=0.10 secs] 
26555.480: [GC (Allocation Failure) 26555.481: [ParNew: 663075K->31420K(707840K), 0.0925240 secs] 1381505K->753678K(2018560K), 0.0929170 secs] [Times: user=0.18 sys=0.00, real=0.10 secs] 
26586.352: [GC (Allocation Failure) 26586.352: [ParNew: 660668K->20934K(707840K), 0.1000110 secs] 1382926K->751535K(2018560K), 0.1003920 secs] [Times: user=0.19 sys=0.00, real=0.10 secs] 
26620.617: [GC (Allocation Failure) 26620.617: [ParNew: 650182K->17599K(707840K), 0.0921940 secs] 1380783K->755595K(2018560K), 0.0926390 secs] [Times: user=0.18 sys=0.00, real=0.09 secs] 
26655.749: [GC (Allocation Failure) 26655.750: [ParNew: 646847K->14238K(707840K), 0.0765850 secs] 1384843K->755874K(2018560K), 0.0770580 secs] [Times: user=0.15 sys=0.00, real=0.07 secs] 
26695.226: [GC (Allocation Failure) 26695.227: [ParNew: 643486K->13229K(707840K), 0.0762830 secs] 1385122K->758051K(2018560K), 0.0766910 secs] [Times: user=0.15 sys=0.00, real=0.07 secs] 
26735.466: [GC (Allocation Failure) 26735.466: [ParNew: 642477K->25618K(707840K), 0.0790770 secs] 1387299K->774008K(2018560K), 0.0795090 secs] [Times: user=0.15 sys=0.00, real=0.08 secs] 
26778.202: [GC (Allocation Failure) 26778.202: [ParNew: 654866K->16282K(707840K), 0.0785340 secs] 1403256K->766856K(2018560K), 0.0789480 secs] [Times: user=0.15 sys=0.00, real=0.08 secs] 
26814.613: [GC (Allocation Failure) 26814.613: [ParNew: 645530K->18924K(707840K), 0.0730150 secs] 1396104K->772561K(2018560K), 0.0734690 secs] [Times: user=0.13 sys=0.01, real=0.07 secs] 
26853.373: [GC (Allocation Failure) 26853.373: [ParNew: 648119K->29023K(707840K), 0.0949950 secs] 1401756K->786365K(2018560K), 0.0954450 secs] [Times: user=0.19 sys=0.00, real=0.10 secs] 
26867.946: [GC (Allocation Failure) 26867.946: [ParNew: 658271K->24851K(707840K), 0.0831810 secs] 1415613K->785627K(2018560K), 0.0835470 secs] [Times: user=0.16 sys=0.01, real=0.08 secs] 
26897.527: [GC (Allocation Failure) 26897.527: [ParNew: 654099K->34587K(707840K), 0.1019170 secs] 1414875K->799523K(2018560K), 0.1023140 secs] [Times: user=0.20 sys=0.00, real=0.10 secs] 
26934.480: [GC (Allocation Failure) 26934.480: [ParNew: 663835K->23018K(707840K), 0.1001830 secs] 1428771K->794127K(2018560K), 0.1006240 secs] [Times: user=0.20 sys=0.01, real=0.11 secs] 
26975.951: [GC (Allocation Failure) 26975.951: [ParNew: 652266K->23046K(707840K), 0.0939220 secs] 1423375K->800153K(2018560K), 0.0943140 secs] [Times: user=0.19 sys=0.00, real=0.09 secs] 
27015.014: [GC (Allocation Failure) 27015.015: [ParNew: 652294K->23465K(707840K), 0.0870310 secs] 1429401K->803388K(2018560K), 0.0874380 secs] [Times: user=0.17 sys=0.00, real=0.08 secs] 
27054.255: [GC (Allocation Failure) 27054.256: [ParNew: 652713K->15954K(707840K), 0.0977320 secs] 1432636K->801095K(2018560K), 0.0981460 secs] [Times: user=0.19 sys=0.00, real=0.10 secs] 
27100.619: [GC (Allocation Failure) 27100.619: [ParNew: 645202K->15747K(707840K), 0.0834870 secs] 1430343K->804236K(2018560K), 0.0838750 secs] [Times: user=0.16 sys=0.00, real=0.08 secs] 
27155.025: [GC (Allocation Failure) 27155.025: [ParNew: 644995K->22270K(707840K), 0.0707820 secs] 1433484K->814253K(2018560K), 0.0711660 secs] [Times: user=0.14 sys=0.00, real=0.07 secs] 
27197.285: [GC (Allocation Failure) 27197.285: [ParNew: 651503K->14048K(707840K), 0.0670500 secs] 1443485K->809603K(2018560K), 0.0674370 secs] [Times: user=0.14 sys=0.00, real=0.07 secs] 
27215.154: [GC (Allocation Failure) 27215.154: [ParNew: 643296K->25644K(707840K), 0.0923820 secs] 1438851K->824003K(2018560K), 0.0927590 secs] [Times: user=0.18 sys=0.01, real=0.09 secs] 
27224.126: [GC (Allocation Failure) 27224.127: [ParNew: 654892K->37052K(707840K), 0.1031210 secs] 1453251K->839372K(2018560K), 0.1035880 secs] [Times: user=0.20 sys=0.00, real=0.10 secs] 
27241.414: [GC (Allocation Failure) 27241.414: [ParNew: 666300K->34708K(707840K), 0.0802950 secs] 1468620K->840042K(2018560K), 0.0807080 secs] [Times: user=0.16 sys=0.00, real=0.08 secs] 
27274.865: [GC (Allocation Failure) 27274.865: [ParNew: 663956K->25191K(707840K), 0.1005950 secs] 1469290K->841406K(2018560K), 0.1010340 secs] [Times: user=0.20 sys=0.00, real=0.10 secs] 
27325.269: [GC (Allocation Failure) 27325.270: [ParNew: 654439K->20939K(707840K), 0.1034260 secs] 1470654K->845087K(2018560K), 0.1038580 secs] [Times: user=0.20 sys=0.00, real=0.11 secs] 
27375.542: [GC (Allocation Failure) 27375.543: [ParNew: 650187K->17161K(707840K), 0.0937420 secs] 1474335K->846458K(2018560K), 0.0941650 secs] [Times: user=0.19 sys=0.01, real=0.09 secs] 
27413.273: [GC (Allocation Failure) 27413.274: [ParNew: 646409K->22765K(707840K), 0.0818760 secs] 1475706K->855727K(2018560K), 0.0823300 secs] [Times: user=0.15 sys=0.01, real=0.08 secs] 
27457.553: [GC (Allocation Failure) 27457.553: [ParNew: 652013K->17327K(707840K), 0.0793900 secs] 1484975K->853728K(2018560K), 0.0797900 secs] [Times: user=0.16 sys=0.00, real=0.08 secs] 
27503.639: [GC (Allocation Failure) 27503.639: [ParNew: 646575K->17544K(707840K), 0.0765790 secs] 1482976K->857657K(2018560K), 0.0769930 secs] [Times: user=0.15 sys=0.00, real=0.07 secs] 
27545.886: [GC (Allocation Failure) 27545.886: [ParNew: 646792K->23465K(707840K), 0.0778110 secs] 1486905K->866326K(2018560K), 0.0781990 secs] [Times: user=0.16 sys=0.00, real=0.08 secs] 
27570.938: [GC (Allocation Failure) 27570.938: [ParNew: 652713K->27304K(707840K), 0.0843570 secs] 1495574K->872671K(2018560K), 0.0847560 secs] [Times: user=0.17 sys=0.00, real=0.08 secs] 
27612.066: [GC (Allocation Failure) 27612.067: [ParNew: 656552K->25109K(707840K), 0.0835900 secs] 1501919K->873367K(2018560K), 0.0840000 secs] [Times: user=0.16 sys=0.00, real=0.08 secs] 
27649.064: [GC (Allocation Failure) 27649.064: [ParNew: 654357K->17273K(707840K), 0.0942560 secs] 1502615K->870517K(2018560K), 0.0946700 secs] [Times: user=0.19 sys=0.00, real=0.09 secs] 
27679.092: [GC (Allocation Failure) 27679.092: [ParNew: 646521K->24302K(707840K), 0.0929750 secs] 1499765K->882744K(2018560K), 0.0933790 secs] [Times: user=0.18 sys=0.00, real=0.10 secs] 
27691.789: [GC (Allocation Failure) 27691.789: [ParNew: 653550K->33109K(707840K), 0.0921030 secs] 1511992K->895364K(2018560K), 0.0924980 secs] [Times: user=0.18 sys=0.00, real=0.09 secs] 
27722.288: [GC (Allocation Failure) 27722.288: [ParNew: 662357K->29180K(707840K), 0.0821860 secs] 1524612K->896472K(2018560K), 0.0825270 secs] [Times: user=0.15 sys=0.01, real=0.09 secs] 
27767.806: [GC (Allocation Failure) 27767.806: [ParNew: 658428K->28095K(707840K), 0.0796600 secs] 1525720K->900301K(2018560K), 0.0800350 secs] [Times: user=0.15 sys=0.00, real=0.08 secs] 
27807.147: [GC (Allocation Failure) 27807.148: [ParNew: 657343K->27139K(707840K), 0.0851400 secs] 1529549K->906862K(2018560K), 0.0855460 secs] [Times: user=0.16 sys=0.00, real=0.09 secs] 
27836.244: [GC (Allocation Failure) 27836.244: [ParNew: 656387K->25874K(707840K), 0.0825690 secs] 1536110K->909345K(2018560K), 0.0829230 secs] [Times: user=0.16 sys=0.01, real=0.08 secs] 
27861.265: [GC (Allocation Failure) 27861.265: [ParNew: 655122K->33005K(707840K), 0.0927040 secs] 1538593K->921108K(2018560K), 0.0930980 secs] [Times: user=0.18 sys=0.00, real=0.09 secs] 
27912.227: [GC (Allocation Failure) 27912.227: [ParNew: 662253K->21664K(707840K), 0.0843960 secs] 1550356K->914012K(2018560K), 0.0847930 secs] [Times: user=0.16 sys=0.00, real=0.09 secs] 
27935.527: [GC (Allocation Failure) 27935.527: [ParNew: 650912K->29954K(707840K), 0.1079350 secs] 1543260K->928317K(2018560K), 0.1083700 secs] [Times: user=0.21 sys=0.00, real=0.11 secs] 
27944.197: [GC (Allocation Failure) 27944.198: [ParNew: 659202K->38135K(707840K), 0.1063490 secs] 1557565K->941203K(2018560K), 0.1067470 secs] [Times: user=0.21 sys=0.00, real=0.11 secs] 
27960.838: [GC (Allocation Failure) 27960.838: [ParNew: 667383K->34948K(707840K), 0.0886190 secs] 1570451K->941712K(2018560K), 0.0890340 secs] [Times: user=0.18 sys=0.00, real=0.09 secs] 
27981.329: [GC (Allocation Failure) 27981.329: [ParNew: 664196K->36661K(707840K), 0.1275690 secs] 1570960K->954076K(2018560K), 0.1279830 secs] [Times: user=0.24 sys=0.00, real=0.13 secs] 
27992.175: [GC (Allocation Failure) 27992.175: [ParNew: 665909K->23576K(707840K), 0.1151850 secs] 1583324K->950227K(2018560K), 0.1155930 secs] [Times: user=0.22 sys=0.01, real=0.11 secs] 
28004.769: [GC (Allocation Failure) 28004.769: [ParNew: 652824K->43821K(707840K), 0.0860070 secs] 1579475K->974447K(2018560K), 0.0863280 secs] [Times: user=0.16 sys=0.01, real=0.09 secs] 
28023.576: [GC (Allocation Failure) 28023.576: [ParNew: 673069K->25273K(707840K), 0.1117320 secs] 1603695K->964473K(2018560K), 0.1121410 secs] [Times: user=0.22 sys=0.00, real=0.11 secs] 
28059.554: [GC (Allocation Failure) 28059.554: [ParNew: 654521K->22262K(707840K), 0.0966440 secs] 1593721K->968633K(2018560K), 0.0970750 secs] [Times: user=0.19 sys=0.01, real=0.09 secs] 
28082.607: [GC (Allocation Failure) 28082.607: [ParNew: 651510K->35123K(707840K), 0.1129160 secs] 1597881K->989335K(2018560K), 0.1133160 secs] [Times: user=0.22 sys=0.00, real=0.11 secs] 
28092.750: [GC (Allocation Failure) 28092.751: [ParNew: 664371K->40975K(707840K), 0.1262190 secs] 1618583K->998808K(2018560K), 0.1265530 secs] [Times: user=0.21 sys=0.00, real=0.13 secs] 
28099.077: [GC (Allocation Failure) 28099.078: [ParNew: 670223K->51859K(707840K), 0.1148510 secs] 1628056K->1012661K(2018560K), 0.1151900 secs] [Times: user=0.23 sys=0.00, real=0.12 secs] 
28105.265: [GC (Allocation Failure) 28105.266: [ParNew: 681107K->46161K(707840K), 0.1608630 secs] 1641909K->1021511K(2018560K), 0.1612660 secs] [Times: user=0.31 sys=0.00, real=0.16 secs] 
28112.834: [GC (Allocation Failure) 28112.834: [ParNew: 675409K->30391K(707840K), 0.1180220 secs] 1650759K->1015658K(2018560K), 0.1183940 secs] [Times: user=0.23 sys=0.00, real=0.12 secs] 
28136.499: [GC (Allocation Failure) 28136.499: [ParNew: 659639K->25364K(707840K), 0.1184460 secs] 1644906K->1018809K(2018560K), 0.1188550 secs] [Times: user=0.23 sys=0.01, real=0.12 secs] 
28165.374: [GC (Allocation Failure) 28165.375: [ParNew: 654612K->21158K(707840K), 0.1066470 secs] 1648057K->1024286K(2018560K), 0.1070110 secs] [Times: user=0.21 sys=0.00, real=0.11 secs] 
28207.061: [GC (Allocation Failure) 28207.061: [ParNew: 650406K->16251K(707840K), 0.0824390 secs] 1653534K->1022614K(2018560K), 0.0828670 secs] [Times: user=0.15 sys=0.00, real=0.09 secs] 
28247.225: [GC (Allocation Failure) 28247.225: [ParNew: 645499K->14062K(707840K), 0.0812710 secs] 1651862K->1023936K(2018560K), 0.0816870 secs] [Times: user=0.15 sys=0.00, real=0.08 secs] 
28279.777: [GC (Allocation Failure) 28279.778: [ParNew: 643310K->13618K(707840K), 0.0868040 secs] 1653184K->1028392K(2018560K), 0.0872490 secs] [Times: user=0.17 sys=0.00, real=0.09 secs] 
28314.244: [GC (Allocation Failure) 28314.244: [ParNew: 642866K->18488K(707840K), 0.0736420 secs] 1657640K->1035455K(2018560K), 0.0740150 secs] [Times: user=0.14 sys=0.00, real=0.07 secs] 
28357.643: [GC (Allocation Failure) 28357.644: [ParNew: 647736K->18733K(707840K), 0.0792740 secs] 1664703K->1039186K(2018560K), 0.0796500 secs] [Times: user=0.15 sys=0.00, real=0.08 secs] 
28395.777: [GC (Allocation Failure) 28395.777: [ParNew: 647981K->18641K(707840K), 0.0773230 secs] 1668434K->1042599K(2018560K), 0.0777150 secs] [Times: user=0.16 sys=0.00, real=0.08 secs] 
28437.039: [GC (Allocation Failure) 28437.039: [ParNew: 647889K->18196K(707840K), 0.0679460 secs] 1671847K->1044767K(2018560K), 0.0683360 secs] [Times: user=0.13 sys=0.00, real=0.06 secs] 
28487.196: [GC (Allocation Failure) 28487.197: [ParNew: 647444K->26276K(707840K), 0.0784140 secs] 1674015K->1055901K(2018560K), 0.0788100 secs] [Times: user=0.16 sys=0.00, real=0.08 secs] 
28506.609: [GC (Allocation Failure) 28506.610: [ParNew: 655505K->25238K(707840K), 0.0930640 secs] 1685130K->1058081K(2018560K), 0.0934610 secs] [Times: user=0.19 sys=0.01, real=0.10 secs] 
28518.691: [GC (Allocation Failure) 28518.691: [ParNew: 654486K->35444K(707840K), 0.1018620 secs] 1687329K->1072811K(2018560K), 0.1022610 secs] [Times: user=0.20 sys=0.00, real=0.11 secs] 
28542.335: [GC (Allocation Failure) 28542.335: [ParNew: 664692K->20956K(707840K), 0.0897980 secs] 1702059K->1062593K(2018560K), 0.0902260 secs] [Times: user=0.17 sys=0.00, real=0.09 secs] 
28589.814: [GC (Allocation Failure) 28589.814: [ParNew: 650204K->19731K(707840K), 0.0993770 secs] 1691841K->1069621K(2018560K), 0.0997970 secs] [Times: user=0.19 sys=0.00, real=0.10 secs] 
28601.299: [GC (Allocation Failure) 28601.300: [ParNew: 648979K->33158K(707840K), 0.0994520 secs] 1698869K->1088092K(2018560K), 0.0998430 secs] [Times: user=0.20 sys=0.00, real=0.10 secs] 
28619.805: [GC (Allocation Failure) 28619.805: [ParNew: 662406K->39630K(707840K), 0.0912000 secs] 1717340K->1098289K(2018560K), 0.0915980 secs] [Times: user=0.18 sys=0.00, real=0.10 secs] 
28650.807: [GC (Allocation Failure) 28650.808: [ParNew: 668878K->25702K(707840K), 0.0998930 secs] 1727537K->1089346K(2018560K), 0.1002920 secs] [Times: user=0.19 sys=0.01, real=0.10 secs] 
28660.437: [GC (Allocation Failure) 28660.437: [ParNew: 654950K->28268K(707840K), 0.1070080 secs] 1718594K->1101991K(2018560K), 0.1074140 secs] [Times: user=0.20 sys=0.00, real=0.11 secs] 
28673.407: [GC (Allocation Failure) 28673.407: [ParNew: 657516K->31382K(707840K), 0.0825380 secs] 1731239K->1108391K(2018560K), 0.0828680 secs] [Times: user=0.17 sys=0.00, real=0.08 secs] 
28698.989: [GC (Allocation Failure) 28698.989: [ParNew: 660630K->22373K(707840K), 0.0996170 secs] 1737639K->1104711K(2018560K), 0.1000350 secs] [Times: user=0.19 sys=0.00, real=0.10 secs] 
28731.375: [GC (Allocation Failure) 28731.375: [ParNew: 651621K->19846K(707840K), 0.0948740 secs] 1733959K->1110405K(2018560K), 0.0952840 secs] [Times: user=0.18 sys=0.01, real=0.09 secs] 
28765.077: [GC (Allocation Failure) 28765.077: [ParNew: 649094K->15388K(707840K), 0.0816200 secs] 1739653K->1110504K(2018560K), 0.0820000 secs] [Times: user=0.16 sys=0.00, real=0.09 secs] 
28805.310: [GC (Allocation Failure) 28805.310: [ParNew: 644636K->20210K(707840K), 0.0699170 secs] 1739752K->1118814K(2018560K), 0.0702990 secs] [Times: user=0.14 sys=0.00, real=0.07 secs] 
28845.568: [GC (Allocation Failure) 28845.569: [ParNew: 649458K->20078K(707840K), 0.0781480 secs] 1748062K->1121787K(2018560K), 0.0786360 secs] [Times: user=0.15 sys=0.01, real=0.08 secs] 
28904.224: [GC (Allocation Failure) 28904.224: [ParNew: 649326K->19708K(707840K), 0.0784310 secs] 1751035K->1124500K(2018560K), 0.0788250 secs] [Times: user=0.16 sys=0.00, real=0.08 secs] 
28958.645: [GC (Allocation Failure) 28958.645: [ParNew: 648956K->13347K(707840K), 0.0815160 secs] 1753748K->1122334K(2018560K), 0.0819720 secs] [Times: user=0.16 sys=0.01, real=0.08 secs] 
29005.059: [GC (Allocation Failure) 29005.059: [ParNew: 642595K->19063K(707840K), 0.0888300 secs] 1751582K->1130864K(2018560K), 0.0892310 secs] [Times: user=0.16 sys=0.00, real=0.09 secs] 
29034.364: [GC (Allocation Failure) 29034.364: [ParNew: 648311K->27540K(707840K), 0.1018960 secs] 1760112K->1142716K(2018560K), 0.1022990 secs] [Times: user=0.20 sys=0.00, real=0.10 secs] 
29060.537: [GC (Allocation Failure) 29060.537: [ParNew: 656788K->35966K(707840K), 0.0965470 secs] 1771964K->1154529K(2018560K), 0.0969640 secs] [Times: user=0.19 sys=0.00, real=0.10 secs] 
29106.717: [GC (Allocation Failure) 29106.718: [ParNew: 665214K->24273K(707840K), 0.1008650 secs] 1783777K->1147173K(2018560K), 0.1013440 secs] [Times: user=0.19 sys=0.00, real=0.10 secs] 
29159.244: [GC (Allocation Failure) 29159.244: [ParNew: 653521K->18148K(707840K), 0.1062160 secs] 1776421K->1149137K(2018560K), 0.1066290 secs] [Times: user=0.21 sys=0.00, real=0.11 secs] 
29199.359: [GC (Allocation Failure) 29199.359: [ParNew: 647396K->24088K(707840K), 0.0844580 secs] 1778385K->1159456K(2018560K), 0.0848550 secs] [Times: user=0.16 sys=0.00, real=0.08 secs] 
29249.659: [GC (Allocation Failure) 29249.660: [ParNew: 653336K->18305K(707840K), 0.0764010 secs] 1788704K->1156290K(2018560K), 0.0768320 secs] [Times: user=0.15 sys=0.00, real=0.08 secs] 
29287.721: [GC (Allocation Failure) 29287.721: [ParNew: 647553K->25972K(707840K), 0.0901660 secs] 1785538K->1166633K(2018560K), 0.0905630 secs] [Times: user=0.18 sys=0.00, real=0.09 secs] 
29303.137: [GC (Allocation Failure) 29303.137: [ParNew: 655220K->36776K(707840K), 0.0984930 secs] 1795881K->1180481K(2018560K), 0.0988650 secs] [Times: user=0.20 sys=0.00, real=0.10 secs] 
29318.704: [GC (Allocation Failure) 29318.704: [ParNew: 666024K->43784K(707840K), 0.1145000 secs] 1809729K->1192339K(2018560K), 0.1149010 secs] [Times: user=0.22 sys=0.00, real=0.11 secs] 
29322.929: [Full GC (System.gc()) 29322.929: [CMS: 1148554K->513092K(1310720K), 3.6565040 secs] 1359976K->513092K(2018560K), [Metaspace: 112281K->112281K(1150976K)], 3.6574250 secs] [Times: user=3.54 sys=0.02, real=3.66 secs] 
29344.434: [GC (Allocation Failure) 29344.434: [ParNew: 629248K->26038K(707840K), 0.0520180 secs] 1142340K->539131K(2018560K), 0.0524740 secs] [Times: user=0.10 sys=0.00, real=0.05 secs] 
29392.399: [GC (Allocation Failure) 29392.399: [ParNew: 655286K->21464K(707840K), 0.0537940 secs] 1168379K->534557K(2018560K), 0.0541740 secs] [Times: user=0.10 sys=0.00, real=0.05 secs] 
29430.388: [GC (Allocation Failure) 29430.388: [ParNew: 650712K->24731K(707840K), 0.0734480 secs] 1163805K->537824K(2018560K), 0.0739420 secs] [Times: user=0.15 sys=0.00, real=0.08 secs] 
29443.409: [GC (Allocation Failure) 29443.409: [ParNew: 653979K->27250K(707840K), 0.1283930 secs] 1167072K->547932K(2018560K), 0.1287910 secs] [Times: user=0.22 sys=0.00, real=0.13 secs] 
29465.673: [GC (Allocation Failure) 29465.673: [ParNew: 656498K->32158K(707840K), 0.1065160 secs] 1177180K->557732K(2018560K), 0.1069160 secs] [Times: user=0.20 sys=0.00, real=0.11 secs] 
29495.027: [GC (Allocation Failure) 29495.027: [ParNew: 661406K->41923K(707840K), 0.1128500 secs] 1186980K->574396K(2018560K), 0.1132430 secs] [Times: user=0.22 sys=0.00, real=0.12 secs] 
29508.106: [GC (Allocation Failure) 29508.106: [ParNew: 671171K->34298K(707840K), 0.1329320 secs] 1203644K->576283K(2018560K), 0.1333050 secs] [Times: user=0.24 sys=0.00, real=0.13 secs] 
29527.745: [GC (Allocation Failure) 29527.745: [ParNew: 663546K->39514K(707840K), 0.1233240 secs] 1205531K->584690K(2018560K), 0.1237200 secs] [Times: user=0.20 sys=0.01, real=0.12 secs] 
29560.469: [GC (Allocation Failure) 29560.469: [ParNew: 668762K->27277K(707840K), 0.1331220 secs] 1213938K->581889K(2018560K), 0.1335370 secs] [Times: user=0.24 sys=0.01, real=0.14 secs] 
29601.914: [GC (Allocation Failure) 29601.914: [ParNew: 656525K->16688K(707840K), 0.1020300 secs] 1211137K->579386K(2018560K), 0.1024110 secs] [Times: user=0.20 sys=0.00, real=0.11 secs] 
29656.462: [GC (Allocation Failure) 29656.462: [ParNew: 645936K->14397K(707840K), 0.0774690 secs] 1208634K->580978K(2018560K), 0.0778510 secs] [Times: user=0.15 sys=0.00, real=0.08 secs] 
29701.249: [GC (Allocation Failure) 29701.249: [ParNew: 643645K->19312K(707840K), 0.0788030 secs] 1210226K->588528K(2018560K), 0.0791910 secs] [Times: user=0.15 sys=0.00, real=0.08 secs] 
29746.721: [GC (Allocation Failure) 29746.721: [ParNew: 648560K->20315K(707840K), 0.0891500 secs] 1217776K->592657K(2018560K), 0.0895480 secs] [Times: user=0.18 sys=0.00, real=0.09 secs] 
29770.243: [GC (Allocation Failure) 29770.243: [ParNew: 649563K->28331K(707840K), 0.1058800 secs] 1221905K->603637K(2018560K), 0.1063450 secs] [Times: user=0.20 sys=0.00, real=0.10 secs] 
29785.627: [GC (Allocation Failure) 29785.628: [ParNew: 657579K->28267K(707840K), 0.1031620 secs] 1232885K->607866K(2018560K), 0.1035650 secs] [Times: user=0.20 sys=0.00, real=0.10 secs] 
29822.365: [GC (Allocation Failure) 29822.365: [ParNew: 657515K->42934K(707840K), 0.1212840 secs] 1237114K->626841K(2018560K), 0.1216730 secs] [Times: user=0.23 sys=0.00, real=0.12 secs] 
29857.446: [GC (Allocation Failure) 29857.446: [ParNew: 672182K->27759K(707840K), 0.1182720 secs] 1256089K->621253K(2018560K), 0.1186570 secs] [Times: user=0.22 sys=0.01, real=0.12 secs] 
29906.357: [GC (Allocation Failure) 29906.357: [ParNew: 657007K->24999K(707840K), 0.1045350 secs] 1250501K->624219K(2018560K), 0.1049240 secs] [Times: user=0.20 sys=0.01, real=0.11 secs] 
29948.106: [GC (Allocation Failure) 29948.106: [ParNew: 654247K->24230K(707840K), 0.0986490 secs] 1253467K->628287K(2018560K), 0.0992570 secs] [Times: user=0.17 sys=0.02, real=0.10 secs] 
29982.430: [GC (Allocation Failure) 29982.431: [ParNew: 653478K->23172K(707840K), 0.0854410 secs] 1257535K->630768K(2018560K), 0.0858680 secs] [Times: user=0.17 sys=0.01, real=0.09 secs] 
30042.729: [GC (Allocation Failure) 30042.729: [ParNew: 652420K->23642K(707840K), 0.0886810 secs] 1260016K->634988K(2018560K), 0.0891050 secs] [Times: user=0.18 sys=0.00, real=0.09 secs] 
30080.920: [GC (Allocation Failure) 30080.920: [ParNew: 652890K->29272K(707840K), 0.0882590 secs] 1264236K->645090K(2018560K), 0.0886940 secs] [Times: user=0.17 sys=0.00, real=0.09 secs] 
30093.966: [GC (Allocation Failure) 30093.967: [ParNew: 658520K->28341K(707840K), 0.1037680 secs] 1274338K->647702K(2018560K), 0.1042470 secs] [Times: user=0.21 sys=0.00, real=0.11 secs] 
30101.370: [GC (Allocation Failure) 30101.370: [ParNew: 657589K->38182K(707840K), 0.1061900 secs] 1276950K->661120K(2018560K), 0.1065880 secs] [Times: user=0.20 sys=0.01, real=0.11 secs] 
30114.789: [GC (Allocation Failure) 30114.790: [ParNew: 667430K->37669K(707840K), 0.1221380 secs] 1290368K->666311K(2018560K), 0.1226370 secs] [Times: user=0.23 sys=0.00, real=0.12 secs] 
30130.368: [GC (Allocation Failure) 30130.368: [ParNew: 666917K->25349K(707840K), 0.1318750 secs] 1295559K->665479K(2018560K), 0.1322620 secs] [Times: user=0.25 sys=0.01, real=0.13 secs] 
30143.463: [GC (Allocation Failure) 30143.464: [ParNew: 654597K->33754K(707840K), 0.1182170 secs] 1294727K->681695K(2018560K), 0.1186590 secs] [Times: user=0.23 sys=0.00, real=0.12 secs] 
30160.025: [GC (Allocation Failure) 30160.026: [ParNew: 663002K->34087K(707840K), 0.1031420 secs] 1310943K->685830K(2018560K), 0.1035250 secs] [Times: user=0.20 sys=0.00, real=0.10 secs] 
30185.186: [GC (Allocation Failure) 30185.186: [ParNew: 663335K->23670K(707840K), 0.1223730 secs] 1315078K->684052K(2018560K), 0.1227830 secs] [Times: user=0.23 sys=0.00, real=0.12 secs] 
30231.332: [GC (Allocation Failure) 30231.332: [ParNew: 652918K->21244K(707840K), 0.1106130 secs] 1313300K->689941K(2018560K), 0.1110170 secs] [Times: user=0.22 sys=0.00, real=0.11 secs] 
30264.242: [GC (Allocation Failure) 30264.242: [ParNew: 650492K->26309K(707840K), 0.0857640 secs] 1319189K->699732K(2018560K), 0.0861120 secs] [Times: user=0.17 sys=0.01, real=0.09 secs] 
30309.015: [GC (Allocation Failure) 30309.016: [ParNew: 655557K->28521K(707840K), 0.0945290 secs] 1328980K->706895K(2018560K), 0.0949470 secs] [Times: user=0.19 sys=0.00, real=0.09 secs] 
30356.040: [GC (Allocation Failure) 30356.040: [ParNew: 657769K->17859K(707840K), 0.0849980 secs] 1336143K->700021K(2018560K), 0.0854230 secs] [Times: user=0.15 sys=0.00, real=0.09 secs] 
30367.096: [GC (Allocation Failure) 30367.097: [ParNew: 647107K->33640K(707840K), 0.1215580 secs] 1329269K->721864K(2018560K), 0.1219600 secs] [Times: user=0.23 sys=0.01, real=0.12 secs] 
30374.941: [GC (Allocation Failure) 30374.941: [ParNew: 662888K->43456K(707840K), 0.1166460 secs] 1351112K->735282K(2018560K), 0.1170400 secs] [Times: user=0.23 sys=0.00, real=0.12 secs] 
30388.293: [GC (Allocation Failure) 30388.294: [ParNew: 672704K->41550K(707840K), 0.1244920 secs] 1364530K->738689K(2018560K), 0.1249870 secs] [Times: user=0.24 sys=0.01, real=0.13 secs] 
30413.826: [GC (Allocation Failure) 30413.826: [ParNew: 670798K->29979K(707840K), 0.1255870 secs] 1367937K->739687K(2018560K), 0.1259820 secs] [Times: user=0.24 sys=0.00, real=0.13 secs] 
30459.915: [GC (Allocation Failure) 30459.915: [ParNew: 659227K->22691K(707840K), 0.0912750 secs] 1368935K->743133K(2018560K), 0.0916690 secs] [Times: user=0.18 sys=0.00, real=0.09 secs] 
30503.220: [GC (Allocation Failure) 30503.220: [ParNew: 651939K->15006K(707840K), 0.0785260 secs] 1372381K->739118K(2018560K), 0.0789530 secs] [Times: user=0.15 sys=0.00, real=0.08 secs] 
30540.379: [GC (Allocation Failure) 30540.379: [ParNew: 644254K->21962K(707840K), 0.0760170 secs] 1368366K->748002K(2018560K), 0.0764180 secs] [Times: user=0.15 sys=0.00, real=0.07 secs] 
30561.097: [GC (Allocation Failure) 30561.097: [ParNew: 651210K->22761K(707840K), 0.0866060 secs] 1377250K->752351K(2018560K), 0.0870030 secs] [Times: user=0.17 sys=0.00, real=0.09 secs] 
30593.005: [GC (Allocation Failure) 30593.005: [ParNew: 652009K->29024K(707840K), 0.0802680 secs] 1381599K->761388K(2018560K), 0.0806590 secs] [Times: user=0.16 sys=0.00, real=0.08 secs] 
30632.214: [GC (Allocation Failure) 30632.214: [ParNew: 658272K->19788K(707840K), 0.0842780 secs] 1390636K->755473K(2018560K), 0.0847640 secs] [Times: user=0.17 sys=0.00, real=0.08 secs] 
30669.869: [GC (Allocation Failure) 30669.869: [ParNew: 649036K->14764K(707840K), 0.0880250 secs] 1384721K->757849K(2018560K), 0.0884430 secs] [Times: user=0.18 sys=0.00, real=0.08 secs] 
30706.838: [GC (Allocation Failure) 30706.838: [ParNew: 644012K->12856K(707840K), 0.0720410 secs] 1387097K->758723K(2018560K), 0.0725040 secs] [Times: user=0.14 sys=0.00, real=0.07 secs] 
30748.348: [GC (Allocation Failure) 30748.348: [ParNew: 642104K->23750K(707840K), 0.0793750 secs] 1387971K->772716K(2018560K), 0.0797580 secs] [Times: user=0.15 sys=0.00, real=0.08 secs] 
30762.448: [GC (Allocation Failure) 30762.448: [ParNew: 652998K->28151K(707840K), 0.1028850 secs] 1401964K->780340K(2018560K), 0.1032790 secs] [Times: user=0.20 sys=0.00, real=0.10 secs] 
30776.022: [GC (Allocation Failure) 30776.022: [ParNew: 657399K->38532K(707840K), 0.0986670 secs] 1409588K->793426K(2018560K), 0.0990780 secs] [Times: user=0.19 sys=0.00, real=0.10 secs] 
30805.071: [GC (Allocation Failure) 30805.071: [ParNew: 667780K->34692K(707840K), 0.1035560 secs] 1422674K->795196K(2018560K), 0.1039490 secs] [Times: user=0.20 sys=0.00, real=0.10 secs] 
30849.186: [GC (Allocation Failure) 30849.187: [ParNew: 663940K->22855K(707840K), 0.1187140 secs] 1424444K->794254K(2018560K), 0.1192120 secs] [Times: user=0.22 sys=0.00, real=0.12 secs] 
30902.082: [GC (Allocation Failure) 30902.082: [ParNew: 652103K->17824K(707840K), 0.0879840 secs] 1423502K->792650K(2018560K), 0.0883600 secs] [Times: user=0.17 sys=0.01, real=0.09 secs] 
30940.691: [GC (Allocation Failure) 30940.691: [ParNew: 647072K->25665K(707840K), 0.0914780 secs] 1421898K->804405K(2018560K), 0.0918820 secs] [Times: user=0.18 sys=0.00, real=0.09 secs] 
30956.630: [GC (Allocation Failure) 30956.630: [ParNew: 654913K->35013K(707840K), 0.0924020 secs] 1433653K->817799K(2018560K), 0.0928010 secs] [Times: user=0.18 sys=0.01, real=0.10 secs] 
30970.518: [GC (Allocation Failure) 30970.518: [ParNew: 664261K->45125K(707840K), 0.1149510 secs] 1447047K->832945K(2018560K), 0.1153630 secs] [Times: user=0.22 sys=0.00, real=0.11 secs] 
31007.880: [GC (Allocation Failure) 31007.880: [ParNew: 674373K->29960K(707840K), 0.1074100 secs] 1462193K->822925K(2018560K), 0.1078060 secs] [Times: user=0.21 sys=0.00, real=0.10 secs] 
31051.891: [GC (Allocation Failure) 31051.891: [ParNew: 659208K->21800K(707840K), 0.1148990 secs] 1452173K->825497K(2018560K), 0.1153170 secs] [Times: user=0.23 sys=0.00, real=0.11 secs] 
31102.059: [GC (Allocation Failure) 31102.059: [ParNew: 651048K->17994K(707840K), 0.0927520 secs] 1454745K->827219K(2018560K), 0.0932150 secs] [Times: user=0.18 sys=0.00, real=0.09 secs] 
31164.331: [GC (Allocation Failure) 31164.331: [ParNew: 647242K->16686K(707840K), 0.0853710 secs] 1456467K->829943K(2018560K), 0.0858210 secs] [Times: user=0.17 sys=0.00, real=0.09 secs] 
31213.821: [GC (Allocation Failure) 31213.822: [ParNew: 645934K->22908K(707840K), 0.0889160 secs] 1459191K->839653K(2018560K), 0.0893470 secs] [Times: user=0.18 sys=0.00, real=0.09 secs] 
31266.457: [GC (Allocation Failure) 31266.457: [ParNew: 652156K->16317K(707840K), 0.0812800 secs] 1468901K->836825K(2018560K), 0.0816970 secs] [Times: user=0.16 sys=0.00, real=0.08 secs] 
31316.788: [GC (Allocation Failure) 31316.788: [ParNew: 645565K->29968K(707840K), 0.0747870 secs] 1466073K->853575K(2018560K), 0.0752310 secs] [Times: user=0.15 sys=0.01, real=0.07 secs] 
31370.484: [GC (Allocation Failure) 31370.485: [ParNew: 659216K->19737K(707840K), 0.0981390 secs] 1482823K->848324K(2018560K), 0.0985370 secs] [Times: user=0.19 sys=0.00, real=0.10 secs] 
31423.287: [GC (Allocation Failure) 31423.287: [ParNew: 648985K->25047K(707840K), 0.0838810 secs] 1477572K->856149K(2018560K), 0.0842750 secs] [Times: user=0.16 sys=0.00, real=0.08 secs] 
31469.744: [GC (Allocation Failure) 31469.744: [ParNew: 654295K->29010K(707840K), 0.0919030 secs] 1485397K->864221K(2018560K), 0.0923300 secs] [Times: user=0.18 sys=0.01, real=0.09 secs] 
31481.331: [GC (Allocation Failure) 31481.331: [ParNew: 658258K->29497K(707840K), 0.1021620 secs] 1493469K->868677K(2018560K), 0.1025670 secs] [Times: user=0.20 sys=0.00, real=0.11 secs] 
31504.341: [GC (Allocation Failure) 31504.341: [ParNew: 658745K->29384K(707840K), 0.1004310 secs] 1497925K->872819K(2018560K), 0.1008390 secs] [Times: user=0.19 sys=0.00, real=0.10 secs] 
31534.980: [GC (Allocation Failure) 31534.980: [ParNew: 658632K->44241K(707840K), 0.1112610 secs] 1502067K->894606K(2018560K), 0.1116990 secs] [Times: user=0.22 sys=0.00, real=0.11 secs] 
31545.959: [GC (Allocation Failure) 31545.959: [ParNew: 673489K->28427K(707840K), 0.1183580 secs] 1523854K->889195K(2018560K), 0.1187580 secs] [Times: user=0.23 sys=0.00, real=0.12 secs] 
31565.101: [GC (Allocation Failure) 31565.101: [ParNew: 657675K->29784K(707840K), 0.0940870 secs] 1518443K->895894K(2018560K), 0.0945160 secs] [Times: user=0.19 sys=0.00, real=0.10 secs] 
31579.394: [GC (Allocation Failure) 31579.394: [ParNew: 659032K->39490K(707840K), 0.1119420 secs] 1525142K->911233K(2018560K), 0.1123390 secs] [Times: user=0.22 sys=0.01, real=0.12 secs] 
31585.579: [GC (Allocation Failure) 31585.579: [ParNew: 668738K->36825K(707840K), 0.1273230 secs] 1540481K->916895K(2018560K), 0.1277310 secs] [Times: user=0.25 sys=0.00, real=0.12 secs] 
31592.663: [GC (Allocation Failure) 31592.663: [ParNew: 666073K->54798K(707840K), 0.1183830 secs] 1546143K->939744K(2018560K), 0.1188840 secs] [Times: user=0.23 sys=0.00, real=0.12 secs] 
31604.593: [GC (Allocation Failure) 31604.593: [ParNew: 684046K->37354K(707840K), 0.1268840 secs] 1568992K->933675K(2018560K), 0.1272700 secs] [Times: user=0.25 sys=0.01, real=0.12 secs] 
31614.251: [GC (Allocation Failure) 31614.259: [ParNew: 666602K->35114K(707840K), 0.1308420 secs] 1562923K->941675K(2018560K), 0.1387200 secs] [Times: user=0.25 sys=0.00, real=0.14 secs] 
31621.517: [GC (Allocation Failure) 31621.523: [ParNew: 664362K->37118K(707840K), 0.1205260 secs] 1570923K->952491K(2018560K), 0.1270560 secs] [Times: user=0.23 sys=0.00, real=0.13 secs] 
31634.040: [GC (Allocation Failure) 31634.040: [ParNew: 666311K->35008K(707840K), 0.0838820 secs] 1581684K->956446K(2018560K), 0.0842490 secs] [Times: user=0.16 sys=0.01, real=0.08 secs] 
31658.441: [GC (Allocation Failure) 31658.441: [ParNew: 664256K->22351K(707840K), 0.1103060 secs] 1585694K->954027K(2018560K), 0.1106920 secs] [Times: user=0.22 sys=0.01, real=0.11 secs] 
31703.216: [GC (Allocation Failure) 31703.216: [ParNew: 651599K->18270K(707840K), 0.0911870 secs] 1583275K->956252K(2018560K), 0.0915770 secs] [Times: user=0.18 sys=0.00, real=0.09 secs] 
31722.207: [GC (Allocation Failure) 31722.208: [ParNew: 647518K->30730K(707840K), 0.0973790 secs] 1585500K->973371K(2018560K), 0.0977990 secs] [Times: user=0.19 sys=0.01, real=0.10 secs] 
31746.258: [GC (Allocation Failure) 31746.259: [ParNew: 659978K->27600K(707840K), 0.0952130 secs] 1602619K->974011K(2018560K), 0.0956040 secs] [Times: user=0.19 sys=0.01, real=0.10 secs] 
31777.215: [GC (Allocation Failure) 31777.215: [ParNew: 656848K->39324K(707840K), 0.0938960 secs] 1603259K->988916K(2018560K), 0.0942850 secs] [Times: user=0.18 sys=0.00, real=0.10 secs] 
31819.464: [GC (Allocation Failure) 31819.464: [ParNew: 668572K->25932K(707840K), 0.1132310 secs] 1618164K->984875K(2018560K), 0.1136250 secs] [Times: user=0.22 sys=0.00, real=0.11 secs] 
31860.049: [GC (Allocation Failure) 31860.049: [ParNew: 655144K->15033K(707840K), 0.0846850 secs] 1614087K->978849K(2018560K), 0.0851020 secs] [Times: user=0.16 sys=0.01, real=0.08 secs] 
31901.715: [GC (Allocation Failure) 31901.715: [ParNew: 644275K->20242K(707840K), 0.0793290 secs] 1608091K->988582K(2018560K), 0.0797290 secs] [Times: user=0.16 sys=0.00, real=0.08 secs] 
31943.301: [GC (Allocation Failure) 31943.301: [ParNew: 649490K->25005K(707840K), 0.0724100 secs] 1617830K->995952K(2018560K), 0.0728490 secs] [Times: user=0.14 sys=0.00, real=0.08 secs] 
31998.093: [GC (Allocation Failure) 31998.093: [ParNew: 654253K->16255K(707840K), 0.0760350 secs] 1625200K->989731K(2018560K), 0.0764250 secs] [Times: user=0.15 sys=0.00, real=0.07 secs] 
32015.654: [GC (Allocation Failure) 32015.654: [ParNew: 645503K->24488K(707840K), 0.0931730 secs] 1618979K->1001830K(2018560K), 0.0935710 secs] [Times: user=0.18 sys=0.00, real=0.09 secs] 
32044.766: [GC (Allocation Failure) 32044.766: [ParNew: 653736K->23460K(707840K), 0.0892090 secs] 1631078K->1003808K(2018560K), 0.0896160 secs] [Times: user=0.18 sys=0.00, real=0.09 secs] 
32081.812: [GC (Allocation Failure) 32081.812: [ParNew: 652708K->34046K(707840K), 0.0918310 secs] 1633056K->1018770K(2018560K), 0.0922470 secs] [Times: user=0.19 sys=0.00, real=0.10 secs] 
32105.614: [GC (Allocation Failure) 32105.615: [ParNew: 663294K->27075K(707840K), 0.1026420 secs] 1648018K->1018602K(2018560K), 0.1030510 secs] [Times: user=0.20 sys=0.01, real=0.11 secs] 
32120.717: [GC (Allocation Failure) 32120.718: [ParNew: 656323K->24156K(707840K), 0.0955500 secs] 1647850K->1020051K(2018560K), 0.0959490 secs] [Times: user=0.19 sys=0.00, real=0.10 secs] 
32141.375: [GC (Allocation Failure) 32141.376: [ParNew: 653404K->28862K(707840K), 0.0911290 secs] 1649299K->1029616K(2018560K), 0.0915770 secs] [Times: user=0.18 sys=0.01, real=0.09 secs] 
32176.308: [GC (Allocation Failure) 32176.308: [ParNew: 658110K->22498K(707840K), 0.0854400 secs] 1658864K->1029118K(2018560K), 0.0858410 secs] [Times: user=0.16 sys=0.00, real=0.08 secs] 
32226.199: [GC (Allocation Failure) 32226.199: [ParNew: 651746K->13489K(707840K), 0.0955540 secs] 1658366K->1026891K(2018560K), 0.0959610 secs] [Times: user=0.18 sys=0.00, real=0.10 secs] 
32264.472: [GC (Allocation Failure) 32264.473: [ParNew: 642737K->25632K(707840K), 0.0831180 secs] 1656139K->1041990K(2018560K), 0.0836140 secs] [Times: user=0.15 sys=0.00, real=0.08 secs] 
32287.905: [GC (Allocation Failure) 32287.905: [ParNew: 654880K->26776K(707840K), 0.1005650 secs] 1671238K->1046199K(2018560K), 0.1009580 secs] [Times: user=0.20 sys=0.00, real=0.10 secs] 
32301.249: [GC (Allocation Failure) 32301.249: [ParNew: 656024K->36967K(707840K), 0.1056370 secs] 1675447K->1060258K(2018560K), 0.1060340 secs] [Times: user=0.20 sys=0.00, real=0.10 secs] 
32337.754: [GC (Allocation Failure) 32337.755: [ParNew: 666215K->33382K(707840K), 0.1088650 secs] 1689506K->1062034K(2018560K), 0.1092600 secs] [Times: user=0.22 sys=0.00, real=0.11 secs] 
32383.163: [GC (Allocation Failure) 32383.163: [ParNew: 662630K->21815K(707840K), 0.1127320 secs] 1691282K->1058281K(2018560K), 0.1131430 secs] [Times: user=0.22 sys=0.00, real=0.11 secs] 
32413.856: [GC (Allocation Failure) 32413.856: [ParNew: 651063K->27882K(707840K), 0.1043320 secs] 1687529K->1070261K(2018560K), 0.1047520 secs] [Times: user=0.20 sys=0.00, real=0.10 secs] 
32428.157: [GC (Allocation Failure) 32428.157: [ParNew: 657130K->36994K(707840K), 0.1034410 secs] 1699509K->1082922K(2018560K), 0.1038920 secs] [Times: user=0.20 sys=0.00, real=0.10 secs] 
32453.714: [GC (Allocation Failure) 32453.714: [ParNew: 666242K->21475K(707840K), 0.1013760 secs] 1712170K->1072636K(2018560K), 0.1017830 secs] [Times: user=0.19 sys=0.01, real=0.10 secs] 
32497.454: [GC (Allocation Failure) 32497.455: [ParNew: 650723K->18905K(707840K), 0.0939200 secs] 1701884K->1074640K(2018560K), 0.0943610 secs] [Times: user=0.19 sys=0.00, real=0.10 secs] 
32540.552: [GC (Allocation Failure) 32540.552: [ParNew: 648153K->17082K(707840K), 0.0898170 secs] 1703888K->1079622K(2018560K), 0.0902170 secs] [Times: user=0.18 sys=0.00, real=0.09 secs] 
32595.740: [GC (Allocation Failure) 32595.741: [ParNew: 646330K->13659K(707840K), 0.0757320 secs] 1708870K->1079163K(2018560K), 0.0760790 secs] [Times: user=0.15 sys=0.00, real=0.08 secs] 
32646.422: [GC (Allocation Failure) 32646.422: [ParNew: 642907K->12950K(707840K), 0.0722840 secs] 1708411K->1081169K(2018560K), 0.0726780 secs] [Times: user=0.14 sys=0.00, real=0.07 secs] 
32700.172: [GC (Allocation Failure) 32700.172: [ParNew: 642198K->18362K(707840K), 0.0752970 secs] 1710417K->1089115K(2018560K), 0.0757180 secs] [Times: user=0.15 sys=0.01, real=0.08 secs] 
32759.375: [GC (Allocation Failure) 32759.375: [ParNew: 647610K->18842K(707840K), 0.0694600 secs] 1718363K->1092108K(2018560K), 0.0698530 secs] [Times: user=0.14 sys=0.01, real=0.07 secs] 
32815.720: [GC (Allocation Failure) 32815.720: [ParNew: 648090K->20017K(707840K), 0.0796010 secs] 1721356K->1096272K(2018560K), 0.0800030 secs] [Times: user=0.15 sys=0.00, real=0.08 secs] 
32853.186: [GC (Allocation Failure) 32853.186: [ParNew: 649265K->26349K(707840K), 0.0866500 secs] 1725520K->1105941K(2018560K), 0.0871110 secs] [Times: user=0.16 sys=0.00, real=0.09 secs] 
32889.593: [GC (Allocation Failure) 32889.593: [ParNew: 655597K->22970K(707840K), 0.0901010 secs] 1735189K->1105992K(2018560K), 0.0905230 secs] [Times: user=0.18 sys=0.00, real=0.09 secs] 
32908.407: [GC (Allocation Failure) 32908.407: [ParNew: 652218K->33655K(707840K), 0.0956680 secs] 1735240K->1120253K(2018560K), 0.0960690 secs] [Times: user=0.19 sys=0.00, real=0.10 secs] 
32926.596: [Full GC (System.gc()) 32926.596: [CMS: 1086597K->490656K(1310720K), 3.1617220 secs] 1580487K->490656K(2018560K), [Metaspace: 112866K->112866K(1153024K)], 3.1626880 secs] [Times: user=3.13 sys=0.03, real=3.16 secs] 
32943.694: [GC (Allocation Failure) 32943.694: [ParNew: 629248K->21994K(707840K), 0.0457230 secs] 1119904K->512651K(2018560K), 0.0462060 secs] [Times: user=0.09 sys=0.00, real=0.04 secs] 
32978.120: [GC (Allocation Failure) 32978.120: [ParNew: 651242K->15019K(707840K), 0.0511890 secs] 1141899K->505676K(2018560K), 0.0516460 secs] [Times: user=0.10 sys=0.00, real=0.05 secs] 
33033.132: [GC (Allocation Failure) 33033.132: [ParNew: 644267K->20469K(707840K), 0.0680250 secs] 1134924K->511125K(2018560K), 0.0684320 secs] [Times: user=0.13 sys=0.01, real=0.07 secs] 
33054.319: [GC (Allocation Failure) 33054.319: [ParNew: 649717K->30659K(707840K), 0.0923990 secs] 1140373K->529159K(2018560K), 0.0927790 secs] [Times: user=0.18 sys=0.00, real=0.10 secs] 
33068.941: [GC (Allocation Failure) 33068.941: [ParNew: 659907K->38461K(707840K), 0.0990230 secs] 1158407K->539868K(2018560K), 0.0994130 secs] [Times: user=0.20 sys=0.01, real=0.10 secs] 
33098.309: [GC (Allocation Failure) 33098.309: [ParNew: 667709K->34855K(707840K), 0.1055300 secs] 1169116K->541056K(2018560K), 0.1059340 secs] [Times: user=0.21 sys=0.01, real=0.10 secs] 
33125.792: [GC (Allocation Failure) 33125.792: [ParNew: 664103K->24723K(707840K), 0.1158520 secs] 1170304K->541840K(2018560K), 0.1162400 secs] [Times: user=0.23 sys=0.00, real=0.11 secs] 
33169.604: [GC (Allocation Failure) 33169.604: [ParNew: 653971K->19959K(707840K), 0.0883510 secs] 1171088K->540844K(2018560K), 0.0887540 secs] [Times: user=0.17 sys=0.00, real=0.09 secs] 
33200.890: [GC (Allocation Failure) 33200.890: [ParNew: 649207K->36765K(707840K), 0.1105450 secs] 1170092K->564162K(2018560K), 0.1109410 secs] [Times: user=0.21 sys=0.00, real=0.11 secs] 
33213.840: [GC (Allocation Failure) 33213.840: [ParNew: 666013K->24277K(707840K), 0.0927510 secs] 1193410K->555870K(2018560K), 0.0931510 secs] [Times: user=0.18 sys=0.00, real=0.09 secs] 
33250.718: [GC (Allocation Failure) 33250.718: [ParNew: 653525K->35789K(707840K), 0.0948480 secs] 1185118K->571363K(2018560K), 0.0952470 secs] [Times: user=0.18 sys=0.00, real=0.10 secs] 
33291.414: [GC (Allocation Failure) 33291.414: [ParNew: 665037K->24009K(707840K), 0.1052690 secs] 1200611K->567820K(2018560K), 0.1057840 secs] [Times: user=0.20 sys=0.00, real=0.11 secs] 
33313.470: [GC (Allocation Failure) 33313.470: [ParNew: 653257K->31118K(707840K), 0.0980610 secs] 1197068K->579792K(2018560K), 0.0984850 secs] [Times: user=0.19 sys=0.01, real=0.09 secs] 
33342.401: [GC (Allocation Failure) 33342.401: [ParNew: 660308K->29199K(707840K), 0.0915740 secs] 1208982K->582071K(2018560K), 0.0920040 secs] [Times: user=0.19 sys=0.00, real=0.09 secs] 
33389.277: [GC (Allocation Failure) 33389.278: [ParNew: 658447K->29772K(707840K), 0.0979230 secs] 1211319K->588220K(2018560K), 0.0983280 secs] [Times: user=0.19 sys=0.00, real=0.10 secs] 
33414.721: [GC (Allocation Failure) 33414.722: [ParNew: 659020K->29181K(707840K), 0.1192000 secs] 1217468K->595215K(2018560K), 0.1196810 secs] [Times: user=0.22 sys=0.01, real=0.12 secs] 
33426.089: [GC (Allocation Failure) 33426.089: [ParNew: 658429K->40944K(707840K), 0.0976760 secs] 1224463K->611102K(2018560K), 0.0980850 secs] [Times: user=0.19 sys=0.00, real=0.10 secs] 
33460.010: [GC (Allocation Failure) 33460.010: [ParNew: 670192K->27371K(707840K), 0.0985020 secs] 1240350K->602603K(2018560K), 0.0989390 secs] [Times: user=0.19 sys=0.00, real=0.10 secs] 
33505.278: [GC (Allocation Failure) 33505.279: [ParNew: 656619K->18830K(707840K), 0.1036770 secs] 1231851K->603096K(2018560K), 0.1040920 secs] [Times: user=0.20 sys=0.00, real=0.11 secs] 
33544.379: [GC (Allocation Failure) 33544.379: [ParNew: 648078K->16474K(707840K), 0.0865080 secs] 1232344K->606652K(2018560K), 0.0869010 secs] [Times: user=0.17 sys=0.00, real=0.09 secs] 
33568.957: [GC (Allocation Failure) 33568.957: [ParNew: 645722K->28799K(707840K), 0.0861370 secs] 1235900K->621840K(2018560K), 0.0865330 secs] [Times: user=0.17 sys=0.00, real=0.09 secs] 
33581.117: [GC (Allocation Failure) 33581.117: [ParNew: 658047K->34979K(707840K), 0.0918550 secs] 1251088K->631981K(2018560K), 0.0923130 secs] [Times: user=0.18 sys=0.00, real=0.09 secs] 
33594.969: [GC (Allocation Failure) 33594.970: [ParNew: 664227K->32831K(707840K), 0.1182890 secs] 1261229K->634675K(2018560K), 0.1186910 secs] [Times: user=0.23 sys=0.01, real=0.12 secs] 
33620.905: [GC (Allocation Failure) 33620.905: [ParNew: 662079K->38006K(707840K), 0.1161650 secs] 1263923K->646593K(2018560K), 0.1165740 secs] [Times: user=0.23 sys=0.01, real=0.12 secs] 
33657.941: [GC (Allocation Failure) 33657.942: [ParNew: 667254K->24733K(707840K), 0.1206380 secs] 1275841K->646714K(2018560K), 0.1210920 secs] [Times: user=0.23 sys=0.00, real=0.13 secs] 
33697.658: [GC (Allocation Failure) 33697.658: [ParNew: 653981K->19121K(707840K), 0.0832670 secs] 1275962K->646037K(2018560K), 0.0836720 secs] [Times: user=0.16 sys=0.01, real=0.09 secs] 
33735.912: [GC (Allocation Failure) 33735.912: [ParNew: 648369K->30526K(707840K), 0.0935850 secs] 1275285K->661959K(2018560K), 0.0940080 secs] [Times: user=0.18 sys=0.00, real=0.10 secs] 
33785.540: [GC (Allocation Failure) 33785.540: [ParNew: 659774K->20753K(707840K), 0.0792400 secs] 1291207K->656000K(2018560K), 0.0796560 secs] [Times: user=0.16 sys=0.00, real=0.08 secs] 
33829.269: [GC (Allocation Failure) 33829.270: [ParNew: 650001K->26068K(707840K), 0.0809140 secs] 1285248K->664075K(2018560K), 0.0814180 secs] [Times: user=0.16 sys=0.00, real=0.08 secs] 
33850.958: [GC (Allocation Failure) 33850.959: [ParNew: 655316K->30875K(707840K), 0.0947270 secs] 1293323K->673958K(2018560K), 0.0951600 secs] [Times: user=0.18 sys=0.00, real=0.10 secs] 
33882.201: [GC (Allocation Failure) 33882.201: [ParNew: 660123K->27625K(707840K), 0.0888390 secs] 1303206K->674280K(2018560K), 0.0892510 secs] [Times: user=0.18 sys=0.00, real=0.09 secs] 
33926.929: [GC (Allocation Failure) 33926.929: [ParNew: 656873K->18673K(707840K), 0.0883660 secs] 1303528K->670093K(2018560K), 0.0887850 secs] [Times: user=0.17 sys=0.00, real=0.09 secs] 
33977.953: [GC (Allocation Failure) 33977.953: [ParNew: 647921K->17533K(707840K), 0.0871760 secs] 1299341K->676094K(2018560K), 0.0875710 secs] [Times: user=0.17 sys=0.00, real=0.09 secs] 
34025.212: [GC (Allocation Failure) 34025.212: [ParNew: 646781K->20501K(707840K), 0.0743700 secs] 1305342K->682471K(2018560K), 0.0747430 secs] [Times: user=0.14 sys=0.01, real=0.07 secs] 
34076.859: [GC (Allocation Failure) 34076.859: [ParNew: 649749K->26357K(707840K), 0.0813110 secs] 1311719K->691216K(2018560K), 0.0816890 secs] [Times: user=0.16 sys=0.00, real=0.08 secs] 
34139.122: [GC (Allocation Failure) 34139.122: [ParNew: 655605K->16893K(707840K), 0.0743160 secs] 1320464K->684133K(2018560K), 0.0747030 secs] [Times: user=0.14 sys=0.00, real=0.08 secs] 
34171.666: [GC (Allocation Failure) 34171.666: [ParNew: 646141K->24498K(707840K), 0.0897150 secs] 1313381K->695628K(2018560K), 0.0901440 secs] [Times: user=0.18 sys=0.01, real=0.09 secs] 
34208.990: [GC (Allocation Failure) 34208.990: [ParNew: 653746K->24005K(707840K), 0.0908490 secs] 1324876K->699411K(2018560K), 0.0912330 secs] [Times: user=0.18 sys=0.00, real=0.09 secs] 
34263.737: [GC (Allocation Failure) 34263.737: [ParNew: 653253K->34788K(707840K), 0.0859580 secs] 1328659K->713317K(2018560K), 0.0863250 secs] [Times: user=0.16 sys=0.00, real=0.08 secs] 
34301.284: [GC (Allocation Failure) 34301.284: [ParNew: 664036K->23100K(707840K), 0.0934480 secs] 1342565K->709233K(2018560K), 0.0938310 secs] [Times: user=0.18 sys=0.00, real=0.09 secs] 
34349.289: [GC (Allocation Failure) 34349.289: [ParNew: 652348K->21655K(707840K), 0.0848450 secs] 1338481K->712926K(2018560K), 0.0852510 secs] [Times: user=0.17 sys=0.00, real=0.08 secs] 
34360.968: [GC (Allocation Failure) 34360.968: [ParNew: 650903K->29271K(707840K), 0.1071490 secs] 1342174K->724653K(2018560K), 0.1075540 secs] [Times: user=0.21 sys=0.00, real=0.11 secs] 
34370.649: [GC (Allocation Failure) 34370.649: [ParNew: 658519K->45516K(707840K), 0.1186710 secs] 1353901K->745137K(2018560K), 0.1191840 secs] [Times: user=0.23 sys=0.00, real=0.12 secs] 
34381.708: [GC (Allocation Failure) 34381.708: [ParNew: 674764K->53864K(707840K), 0.0940360 secs] 1374385K->759081K(2018560K), 0.0944070 secs] [Times: user=0.19 sys=0.00, real=0.09 secs] 
34400.875: [GC (Allocation Failure) 34400.875: [ParNew: 683112K->47362K(707840K), 0.1321960 secs] 1388329K->768825K(2018560K), 0.1326140 secs] [Times: user=0.26 sys=0.00, real=0.14 secs] 
34428.206: [GC (Allocation Failure) 34428.207: [ParNew: 676610K->32080K(707840K), 0.1041950 secs] 1398073K->760275K(2018560K), 0.1046000 secs] [Times: user=0.20 sys=0.00, real=0.11 secs] 
34437.123: [GC (Allocation Failure) 34437.124: [ParNew: 661328K->30723K(707840K), 0.0896500 secs] 1389523K->769571K(2018560K), 0.0900230 secs] [Times: user=0.18 sys=0.00, real=0.09 secs] 
34446.376: [GC (Allocation Failure) 34446.376: [ParNew: 659971K->33422K(707840K), 0.0958460 secs] 1398819K->776024K(2018560K), 0.0962180 secs] [Times: user=0.18 sys=0.00, real=0.09 secs] 
34470.356: [GC (Allocation Failure) 34470.356: [ParNew: 662670K->22853K(707840K), 0.0980540 secs] 1405272K->771977K(2018560K), 0.0984630 secs] [Times: user=0.19 sys=0.00, real=0.09 secs] 
34498.272: [GC (Allocation Failure) 34498.272: [ParNew: 652101K->20759K(707840K), 0.1029070 secs] 1401225K->779756K(2018560K), 0.1033160 secs] [Times: user=0.20 sys=0.00, real=0.10 secs] 
34519.945: [GC (Allocation Failure) 34519.945: [ParNew: 650007K->33489K(707840K), 0.0996730 secs] 1409004K->797633K(2018560K), 0.1000690 secs] [Times: user=0.20 sys=0.00, real=0.10 secs] 
34529.204: [GC (Allocation Failure) 34529.204: [ParNew: 662737K->28776K(707840K), 0.0968180 secs] 1426881K->797182K(2018560K), 0.0972880 secs] [Times: user=0.19 sys=0.00, real=0.10 secs] 
34541.102: [GC (Allocation Failure) 34541.102: [ParNew: 658024K->40237K(707840K), 0.1072970 secs] 1426430K->813982K(2018560K), 0.1077950 secs] [Times: user=0.21 sys=0.00, real=0.11 secs] 
34570.251: [GC (Allocation Failure) 34570.252: [ParNew: 669485K->27958K(707840K), 0.1006230 secs] 1443230K->809495K(2018560K), 0.1010360 secs] [Times: user=0.19 sys=0.00, real=0.10 secs] 
34595.482: [GC (Allocation Failure) 34595.482: [ParNew: 657206K->33477K(707840K), 0.1065810 secs] 1438743K->822495K(2018560K), 0.1069800 secs] [Times: user=0.21 sys=0.00, real=0.11 secs] 
34604.793: [GC (Allocation Failure) 34604.794: [ParNew: 662725K->39364K(707840K), 0.1025730 secs] 1451743K->833353K(2018560K), 0.1029530 secs] [Times: user=0.20 sys=0.00, real=0.10 secs] 
34619.770: [GC (Allocation Failure) 34619.770: [ParNew: 668612K->46621K(707840K), 0.0999410 secs] 1462601K->844633K(2018560K), 0.1003260 secs] [Times: user=0.19 sys=0.00, real=0.10 secs] 
34647.564: [GC (Allocation Failure) 34647.565: [ParNew: 675869K->30467K(707840K), 0.0782880 secs] 1473881K->838398K(2018560K), 0.0786540 secs] [Times: user=0.15 sys=0.00, real=0.08 secs] 
34676.328: [GC (Allocation Failure) 34676.329: [ParNew: 659698K->17639K(707840K), 0.0723410 secs] 1467630K->833232K(2018560K), 0.0727490 secs] [Times: user=0.14 sys=0.00, real=0.07 secs] 
34718.073: [GC (Allocation Failure) 34718.073: [ParNew: 646887K->15405K(707840K), 0.0818700 secs] 1462480K->835061K(2018560K), 0.0822640 secs] [Times: user=0.17 sys=0.00, real=0.09 secs] 
34762.354: [GC (Allocation Failure) 34762.354: [ParNew: 644653K->15067K(707840K), 0.0591710 secs] 1464309K->839250K(2018560K), 0.0595860 secs] [Times: user=0.12 sys=0.00, real=0.06 secs] 
34805.259: [GC (Allocation Failure) 34805.259: [ParNew: 644315K->21207K(707840K), 0.0814650 secs] 1468498K->849439K(2018560K), 0.0819130 secs] [Times: user=0.16 sys=0.00, real=0.08 secs] 
34835.874: [GC (Allocation Failure) 34835.874: [ParNew: 650455K->20372K(707840K), 0.0778070 secs] 1478687K->852117K(2018560K), 0.0782320 secs] [Times: user=0.14 sys=0.01, real=0.08 secs] 
34874.916: [GC (Allocation Failure) 34874.917: [ParNew: 649620K->13746K(707840K), 0.0733610 secs] 1481365K->849181K(2018560K), 0.0737670 secs] [Times: user=0.14 sys=0.00, real=0.08 secs] 
34916.292: [GC (Allocation Failure) 34916.293: [ParNew: 642994K->19090K(707840K), 0.0743860 secs] 1478429K->857524K(2018560K), 0.0748400 secs] [Times: user=0.14 sys=0.00, real=0.08 secs] 
34957.320: [GC (Allocation Failure) 34957.320: [ParNew: 648338K->18205K(707840K), 0.0747680 secs] 1486772K->860092K(2018560K), 0.0752370 secs] [Times: user=0.14 sys=0.00, real=0.07 secs] 
34987.064: [GC (Allocation Failure) 34987.064: [ParNew: 647453K->25392K(707840K), 0.0812290 secs] 1489340K->870161K(2018560K), 0.0816360 secs] [Times: user=0.16 sys=0.00, real=0.09 secs] 
35024.625: [GC (Allocation Failure) 35024.625: [ParNew: 654640K->29947K(707840K), 0.0788490 secs] 1499409K->877817K(2018560K), 0.0792320 secs] [Times: user=0.15 sys=0.00, real=0.08 secs] 
35070.180: [GC (Allocation Failure) 35070.180: [ParNew: 659195K->19396K(707840K), 0.0821950 secs] 1507065K->870761K(2018560K), 0.0825830 secs] [Times: user=0.16 sys=0.00, real=0.08 secs] 
35082.716: [GC (Allocation Failure) 35082.717: [ParNew: 648644K->29274K(707840K), 0.0949500 secs] 1500009K->886353K(2018560K), 0.0953270 secs] [Times: user=0.19 sys=0.00, real=0.10 secs] 
35100.864: [GC (Allocation Failure) 35100.864: [ParNew: 658522K->36225K(707840K), 0.0903010 secs] 1515601K->896920K(2018560K), 0.0907540 secs] [Times: user=0.18 sys=0.01, real=0.09 secs] 
35135.799: [GC (Allocation Failure) 35135.799: [ParNew: 665473K->24042K(707840K), 0.0893010 secs] 1526168K->889851K(2018560K), 0.0897010 secs] [Times: user=0.17 sys=0.01, real=0.09 secs] 
35171.933: [GC (Allocation Failure) 35171.934: [ParNew: 653290K->15813K(707840K), 0.0921600 secs] 1519099K->889596K(2018560K), 0.0925540 secs] [Times: user=0.18 sys=0.00, real=0.09 secs] 
35215.129: [GC (Allocation Failure) 35215.129: [ParNew: 645061K->20686K(707840K), 0.0803270 secs] 1518844K->898919K(2018560K), 0.0807280 secs] [Times: user=0.16 sys=0.00, real=0.08 secs] 
35253.522: [GC (Allocation Failure) 35253.522: [ParNew: 649934K->20382K(707840K), 0.0683910 secs] 1528167K->900638K(2018560K), 0.0687690 secs] [Times: user=0.13 sys=0.01, real=0.07 secs] 
35299.864: [GC (Allocation Failure) 35299.864: [ParNew: 649630K->20267K(707840K), 0.0784180 secs] 1529886K->904822K(2018560K), 0.0788080 secs] [Times: user=0.16 sys=0.00, real=0.08 secs] 
35339.192: [GC (Allocation Failure) 35339.193: [ParNew: 649515K->19581K(707840K), 0.0798120 secs] 1534070K->908073K(2018560K), 0.0802460 secs] [Times: user=0.15 sys=0.01, real=0.08 secs] 
35363.262: [GC (Allocation Failure) 35363.262: [ParNew: 648829K->25884K(707840K), 0.0824710 secs] 1537321K->917085K(2018560K), 0.0828690 secs] [Times: user=0.16 sys=0.00, real=0.08 secs] 
35381.662: [GC (Allocation Failure) 35381.662: [ParNew: 655080K->34046K(707840K), 0.0917170 secs] 1546280K->929004K(2018560K), 0.0920750 secs] [Times: user=0.18 sys=0.00, real=0.09 secs] 
35412.499: [GC (Allocation Failure) 35412.499: [ParNew: 663294K->29911K(707840K), 0.0911810 secs] 1558252K->929307K(2018560K), 0.0915580 secs] [Times: user=0.17 sys=0.00, real=0.09 secs] 
35450.240: [GC (Allocation Failure) 35450.240: [ParNew: 659159K->20015K(707840K), 0.0941990 secs] 1558555K->927235K(2018560K), 0.0946260 secs] [Times: user=0.19 sys=0.01, real=0.10 secs] 
35493.166: [GC (Allocation Failure) 35493.166: [ParNew: 649263K->16755K(707840K), 0.0589330 secs] 1556483K->929554K(2018560K), 0.0592850 secs] [Times: user=0.12 sys=0.00, real=0.06 secs] 
35542.566: [GC (Allocation Failure) 35542.566: [ParNew: 646003K->14608K(707840K), 0.0834480 secs] 1558802K->931413K(2018560K), 0.0838800 secs] [Times: user=0.17 sys=0.00, real=0.09 secs] 
35556.602: [GC (Allocation Failure) 35556.602: [ParNew: 643856K->26276K(707840K), 0.0945040 secs] 1560661K->946228K(2018560K), 0.0949110 secs] [Times: user=0.18 sys=0.00, real=0.09 secs] 
35564.969: [GC (Allocation Failure) 35564.969: [ParNew: 655524K->37832K(707840K), 0.1011590 secs] 1575476K->961601K(2018560K), 0.1015510 secs] [Times: user=0.20 sys=0.00, real=0.10 secs] 
35580.217: [GC (Allocation Failure) 35580.217: [ParNew: 667080K->34773K(707840K), 0.0960800 secs] 1590849K->962773K(2018560K), 0.0964850 secs] [Times: user=0.19 sys=0.00, real=0.09 secs] 
35595.839: [GC (Allocation Failure) 35595.839: [ParNew: 664021K->23057K(707840K), 0.1161910 secs] 1592021K->960349K(2018560K), 0.1166380 secs] [Times: user=0.22 sys=0.00, real=0.11 secs] 
35615.080: [GC (Allocation Failure) 35615.080: [ParNew: 652305K->21624K(707840K), 0.1023270 secs] 1589597K->965180K(2018560K), 0.1027870 secs] [Times: user=0.20 sys=0.00, real=0.10 secs] 
35652.824: [GC (Allocation Failure) 35652.825: [ParNew: 650861K->41854K(707840K), 0.0994570 secs] 1594417K->989640K(2018560K), 0.0999380 secs] [Times: user=0.20 sys=0.01, real=0.10 secs] 
35684.620: [GC (Allocation Failure) 35684.620: [ParNew: 671102K->27014K(707840K), 0.1045360 secs] 1618888K->983486K(2018560K), 0.1049310 secs] [Times: user=0.21 sys=0.00, real=0.11 secs] 
35716.502: [GC (Allocation Failure) 35716.502: [ParNew: 656262K->33315K(707840K), 0.0908980 secs] 1612734K->994132K(2018560K), 0.0912940 secs] [Times: user=0.18 sys=0.01, real=0.09 secs] 
35751.237: [GC (Allocation Failure) 35751.237: [ParNew: 662563K->22191K(707840K), 0.0904640 secs] 1623380K->988742K(2018560K), 0.0908800 secs] [Times: user=0.17 sys=0.00, real=0.09 secs] 
35807.311: [GC (Allocation Failure) 35807.311: [ParNew: 651439K->22855K(707840K), 0.0834760 secs] 1617990K->993942K(2018560K), 0.0838830 secs] [Times: user=0.16 sys=0.00, real=0.08 secs] 
35839.373: [GC (Allocation Failure) 35839.373: [ParNew: 652103K->22281K(707840K), 0.0913430 secs] 1623190K->997857K(2018560K), 0.0918510 secs] [Times: user=0.18 sys=0.00, real=0.10 secs] 
35856.567: [GC (Allocation Failure) 35856.567: [ParNew: 651529K->30071K(707840K), 0.0969430 secs] 1627105K->1008970K(2018560K), 0.0973600 secs] [Times: user=0.19 sys=0.00, real=0.09 secs] 
35888.709: [GC (Allocation Failure) 35888.709: [ParNew: 659319K->37221K(707840K), 0.0991220 secs] 1638218K->1019398K(2018560K), 0.0995050 secs] [Times: user=0.19 sys=0.00, real=0.10 secs] 
35928.140: [GC (Allocation Failure) 35928.141: [ParNew: 666469K->25186K(707840K), 0.0988050 secs] 1648646K->1013537K(2018560K), 0.0992080 secs] [Times: user=0.19 sys=0.01, real=0.10 secs] 
35962.053: [GC (Allocation Failure) 35962.053: [ParNew: 654434K->25464K(707840K), 0.0933200 secs] 1642785K->1020683K(2018560K), 0.0937020 secs] [Times: user=0.18 sys=0.00, real=0.09 secs] 
35996.089: [GC (Allocation Failure) 35996.090: [ParNew: 654712K->23724K(707840K), 0.0880560 secs] 1649931K->1023734K(2018560K), 0.0884700 secs] [Times: user=0.17 sys=0.00, real=0.09 secs] 
36036.549: [GC (Allocation Failure) 36036.549: [ParNew: 652972K->30969K(707840K), 0.0840460 secs] 1652982K->1033466K(2018560K), 0.0844740 secs] [Times: user=0.17 sys=0.00, real=0.08 secs] 
36079.001: [GC (Allocation Failure) 36079.001: [ParNew: 660217K->20652K(707840K), 0.0819700 secs] 1662714K->1027219K(2018560K), 0.0824380 secs] [Times: user=0.16 sys=0.00, real=0.08 secs] 
36130.699: [GC (Allocation Failure) 36130.699: [ParNew: 649900K->20978K(707840K), 0.0766390 secs] 1656467K->1031609K(2018560K), 0.0770770 secs] [Times: user=0.15 sys=0.00, real=0.07 secs] 
36184.236: [GC (Allocation Failure) 36184.236: [ParNew: 650226K->13622K(707840K), 0.0748180 secs] 1660857K->1028918K(2018560K), 0.0753340 secs] [Times: user=0.15 sys=0.00, real=0.08 secs] 
36240.303: [GC (Allocation Failure) 36240.303: [ParNew: 642870K->17468K(707840K), 0.0728390 secs] 1658166K->1035528K(2018560K), 0.0732610 secs] [Times: user=0.15 sys=0.00, real=0.08 secs] 
36288.724: [GC (Allocation Failure) 36288.725: [ParNew: 646716K->24370K(707840K), 0.0817260 secs] 1664776K->1045334K(2018560K), 0.0821590 secs] [Times: user=0.16 sys=0.00, real=0.08 secs] 
36311.552: [GC (Allocation Failure) 36311.552: [ParNew: 653618K->32068K(707840K), 0.0798970 secs] 1674582K->1055517K(2018560K), 0.0803050 secs] [Times: user=0.15 sys=0.00, real=0.08 secs] 
36335.482: [GC (Allocation Failure) 36335.482: [ParNew: 661316K->21599K(707840K), 0.0917110 secs] 1684765K->1048761K(2018560K), 0.0921130 secs] [Times: user=0.18 sys=0.00, real=0.09 secs] 
36371.609: [GC (Allocation Failure) 36371.609: [ParNew: 650847K->36858K(707840K), 0.1025200 secs] 1678009K->1068712K(2018560K), 0.1029130 secs] [Times: user=0.18 sys=0.01, real=0.10 secs] 
36400.988: [GC (Allocation Failure) 36400.988: [ParNew: 666106K->24765K(707840K), 0.1050860 secs] 1697960K->1064388K(2018560K), 0.1054940 secs] [Times: user=0.20 sys=0.01, real=0.11 secs] 
36440.514: [GC (Allocation Failure) 36440.515: [ParNew: 654013K->25788K(707840K), 0.0701990 secs] 1693636K->1071373K(2018560K), 0.0706430 secs] [Times: user=0.13 sys=0.01, real=0.07 secs] 
36456.704: [GC (Allocation Failure) 36456.704: [ParNew: 655036K->32566K(707840K), 0.1029080 secs] 1700621K->1082567K(2018560K), 0.1033040 secs] [Times: user=0.21 sys=0.00, real=0.11 secs] 
36465.346: [GC (Allocation Failure) 36465.346: [ParNew: 661814K->43386K(707840K), 0.1154510 secs] 1711815K->1098546K(2018560K), 0.1158450 secs] [Times: user=0.22 sys=0.00, real=0.12 secs] 
36481.353: [GC (Allocation Failure) 36481.354: [ParNew: 672634K->37979K(707840K), 0.1083020 secs] 1727794K->1098472K(2018560K), 0.1087060 secs] [Times: user=0.21 sys=0.00, real=0.11 secs] 
36516.004: [GC (Allocation Failure) 36516.004: [ParNew: 667227K->25594K(707840K), 0.1119460 secs] 1727720K->1096304K(2018560K), 0.1123390 secs] [Times: user=0.21 sys=0.00, real=0.11 secs] 
36529.769: [Full GC (System.gc()) 36529.769: [CMS: 1070710K->491097K(1310720K), 2.8370330 secs] 1481090K->491097K(2018560K), [Metaspace: 113067K->113067K(1153024K)], 2.8378110 secs] [Times: user=2.84 sys=0.00, real=2.83 secs] 
36571.802: [GC (Allocation Failure) 36571.803: [ParNew: 629248K->18851K(707840K), 0.0422280 secs] 1120345K->509948K(2018560K), 0.0426450 secs] [Times: user=0.09 sys=0.00, real=0.04 secs] 
36603.385: [GC (Allocation Failure) 36603.385: [ParNew: 648099K->12558K(707840K), 0.0540770 secs] 1139196K->503655K(2018560K), 0.0544710 secs] [Times: user=0.11 sys=0.00, real=0.05 secs] 
36639.051: [GC (Allocation Failure) 36639.051: [ParNew: 641806K->20837K(707840K), 0.0637750 secs] 1132903K->511934K(2018560K), 0.0642090 secs] [Times: user=0.12 sys=0.00, real=0.06 secs] 
36684.870: [GC (Allocation Failure) 36684.870: [ParNew: 650085K->21119K(707840K), 0.0927780 secs] 1141182K->517656K(2018560K), 0.0932000 secs] [Times: user=0.16 sys=0.00, real=0.10 secs] 
36698.366: [GC (Allocation Failure) 36698.366: [ParNew: 650367K->28592K(707840K), 0.0972790 secs] 1146904K->529760K(2018560K), 0.0976820 secs] [Times: user=0.19 sys=0.00, real=0.09 secs] 
36708.320: [GC (Allocation Failure) 36708.320: [ParNew: 657840K->38953K(707840K), 0.0950860 secs] 1159008K->544334K(2018560K), 0.0954810 secs] [Times: user=0.18 sys=0.00, real=0.09 secs] 
36737.758: [GC (Allocation Failure) 36737.758: [ParNew: 668201K->32575K(707840K), 0.0960080 secs] 1173582K->542610K(2018560K), 0.0963840 secs] [Times: user=0.19 sys=0.01, real=0.10 secs] 
36774.599: [GC (Allocation Failure) 36774.599: [ParNew: 661823K->19283K(707840K), 0.1093230 secs] 1171858K->540044K(2018560K), 0.1097930 secs] [Times: user=0.21 sys=0.01, real=0.11 secs] 
36817.978: [GC (Allocation Failure) 36817.978: [ParNew: 648531K->16902K(707840K), 0.0832480 secs] 1169292K->542307K(2018560K), 0.0836620 secs] [Times: user=0.16 sys=0.00, real=0.08 secs] 
36860.721: [GC (Allocation Failure) 36860.722: [ParNew: 646150K->22966K(707840K), 0.0923070 secs] 1171555K->552253K(2018560K), 0.0926880 secs] [Times: user=0.18 sys=0.00, real=0.09 secs] 
36896.903: [GC (Allocation Failure) 36896.903: [ParNew: 652214K->22942K(707840K), 0.0922510 secs] 1181501K->556981K(2018560K), 0.0927100 secs] [Times: user=0.18 sys=0.00, real=0.10 secs] 
36941.359: [GC (Allocation Failure) 36941.360: [ParNew: 652190K->15384K(707840K), 0.0798100 secs] 1186229K->552773K(2018560K), 0.0803720 secs] [Times: user=0.16 sys=0.00, real=0.08 secs] 
36977.745: [GC (Allocation Failure) 36977.745: [ParNew: 644632K->21915K(707840K), 0.0867380 secs] 1182021K->562833K(2018560K), 0.0871450 secs] [Times: user=0.15 sys=0.00, real=0.09 secs] 
37016.876: [GC (Allocation Failure) 37016.876: [ParNew: 651163K->21885K(707840K), 0.0824710 secs] 1192081K->566580K(2018560K), 0.0828720 secs] [Times: user=0.17 sys=0.00, real=0.08 secs] 
37056.902: [GC (Allocation Failure) 37056.903: [ParNew: 651133K->30448K(707840K), 0.0885400 secs] 1195828K->578059K(2018560K), 0.0889590 secs] [Times: user=0.17 sys=0.00, real=0.09 secs] 
37086.127: [GC (Allocation Failure) 37086.127: [ParNew: 659696K->27999K(707840K), 0.1006270 secs] 1207307K->579610K(2018560K), 0.1010620 secs] [Times: user=0.19 sys=0.01, real=0.10 secs] 
37122.496: [GC (Allocation Failure) 37122.497: [ParNew: 657247K->21127K(707840K), 0.0896640 secs] 1208858K->576740K(2018560K), 0.0900680 secs] [Times: user=0.17 sys=0.00, real=0.09 secs] 
37159.905: [GC (Allocation Failure) 37159.905: [ParNew: 650375K->30100K(707840K), 0.1035800 secs] 1205988K->591764K(2018560K), 0.1039790 secs] [Times: user=0.20 sys=0.00, real=0.10 secs] 
37201.882: [GC (Allocation Failure) 37201.882: [ParNew: 659348K->29606K(707840K), 0.0764480 secs] 1221012K->598170K(2018560K), 0.0768060 secs] [Times: user=0.15 sys=0.00, real=0.07 secs] 
37244.947: [GC (Allocation Failure) 37244.947: [ParNew: 658854K->22077K(707840K), 0.0856740 secs] 1227418K->595162K(2018560K), 0.0860930 secs] [Times: user=0.17 sys=0.00, real=0.09 secs] 
37286.806: [GC (Allocation Failure) 37286.806: [ParNew: 651325K->22450K(707840K), 0.0836210 secs] 1224410K->600468K(2018560K), 0.0840180 secs] [Times: user=0.16 sys=0.00, real=0.08 secs] 
37334.618: [GC (Allocation Failure) 37334.618: [ParNew: 651698K->22753K(707840K), 0.0739610 secs] 1229716K->605043K(2018560K), 0.0743060 secs] [Times: user=0.14 sys=0.00, real=0.08 secs] 
37372.199: [GC (Allocation Failure) 37372.199: [ParNew: 652001K->22182K(707840K), 0.0863760 secs] 1234291K->609243K(2018560K), 0.0867940 secs] [Times: user=0.16 sys=0.00, real=0.08 secs] 
37402.408: [GC (Allocation Failure) 37402.408: [ParNew: 651430K->30961K(707840K), 0.0825530 secs] 1238491K->621024K(2018560K), 0.0829630 secs] [Times: user=0.16 sys=0.00, real=0.08 secs] 
37442.555: [GC (Allocation Failure) 37442.556: [ParNew: 660209K->25824K(707840K), 0.0889910 secs] 1250272K->619386K(2018560K), 0.0894530 secs] [Times: user=0.17 sys=0.00, real=0.09 secs] 
37480.989: [GC (Allocation Failure) 37480.990: [ParNew: 655072K->17387K(707840K), 0.0898640 secs] 1248634K->616464K(2018560K), 0.0902610 secs] [Times: user=0.18 sys=0.00, real=0.09 secs] 
37508.562: [GC (Allocation Failure) 37508.562: [ParNew: 646635K->33409K(707840K), 0.0928550 secs] 1245712K->637719K(2018560K), 0.0932630 secs] [Times: user=0.18 sys=0.00, real=0.09 secs] 
37537.375: [GC (Allocation Failure) 37537.375: [ParNew: 662657K->22075K(707840K), 0.0917430 secs] 1266967K->631638K(2018560K), 0.0921610 secs] [Times: user=0.17 sys=0.00, real=0.09 secs] 
37571.764: [GC (Allocation Failure) 37571.764: [ParNew: 651323K->32348K(707840K), 0.0899430 secs] 1260886K->645459K(2018560K), 0.0903690 secs] [Times: user=0.17 sys=0.00, real=0.09 secs] 
37603.878: [GC (Allocation Failure) 37603.878: [ParNew: 661596K->28256K(707840K), 0.0888030 secs] 1274707K->646364K(2018560K), 0.0891990 secs] [Times: user=0.18 sys=0.00, real=0.09 secs] 
37637.899: [GC (Allocation Failure) 37637.899: [ParNew: 657504K->18149K(707840K), 0.0949660 secs] 1275612K->642176K(2018560K), 0.0953830 secs] [Times: user=0.19 sys=0.01, real=0.09 secs] 
37681.944: [GC (Allocation Failure) 37681.944: [ParNew: 647397K->17640K(707840K), 0.0801340 secs] 1271424K->646020K(2018560K), 0.0805420 secs] [Times: user=0.16 sys=0.00, real=0.08 secs] 
37720.505: [GC (Allocation Failure) 37720.505: [ParNew: 646888K->23087K(707840K), 0.0802160 secs] 1275268K->654467K(2018560K), 0.0806460 secs] [Times: user=0.15 sys=0.00, real=0.08 secs] 
37758.536: [GC (Allocation Failure) 37758.536: [ParNew: 652335K->24239K(707840K), 0.0893670 secs] 1283715K->661032K(2018560K), 0.0897660 secs] [Times: user=0.17 sys=0.00, real=0.09 secs] 
37785.917: [GC (Allocation Failure) 37785.917: [ParNew: 653487K->31144K(707840K), 0.0852310 secs] 1290280K->671264K(2018560K), 0.0857140 secs] [Times: user=0.17 sys=0.00, real=0.09 secs] 
37810.809: [GC (Allocation Failure) 37810.809: [ParNew: 660392K->27046K(707840K), 0.0911430 secs] 1300512K->671455K(2018560K), 0.0915640 secs] [Times: user=0.18 sys=0.00, real=0.09 secs] 
37845.399: [GC (Allocation Failure) 37845.399: [ParNew: 656294K->27156K(707840K), 0.0891950 secs] 1300703K->676169K(2018560K), 0.0896000 secs] [Times: user=0.17 sys=0.00, real=0.09 secs] 
37894.965: [GC (Allocation Failure) 37894.966: [ParNew: 656404K->18798K(707840K), 0.0928240 secs] 1305417K->674394K(2018560K), 0.0932580 secs] [Times: user=0.19 sys=0.00, real=0.10 secs] 
37931.843: [GC (Allocation Failure) 37931.843: [ParNew: 648046K->24848K(707840K), 0.0874090 secs] 1303642K->686777K(2018560K), 0.0877880 secs] [Times: user=0.17 sys=0.00, real=0.08 secs] 
37987.212: [GC (Allocation Failure) 37987.212: [ParNew: 654096K->23859K(707840K), 0.0844130 secs] 1316025K->689315K(2018560K), 0.0848140 secs] [Times: user=0.16 sys=0.00, real=0.08 secs] 
38019.111: [GC (Allocation Failure) 38019.143: [ParNew: 653107K->22643K(707840K), 0.0828660 secs] 1318563K->691223K(2018560K), 0.1147670 secs] [Times: user=0.16 sys=0.01, real=0.12 secs] 
38047.826: [GC (Allocation Failure) 38047.826: [ParNew: 651891K->33655K(707840K), 0.0946730 secs] 1320471K->705825K(2018560K), 0.0950700 secs] [Times: user=0.19 sys=0.00, real=0.10 secs] 
38087.988: [GC (Allocation Failure) 38087.988: [ParNew: 662903K->29941K(707840K), 0.0949980 secs] 1335073K->707562K(2018560K), 0.0954110 secs] [Times: user=0.19 sys=0.00, real=0.09 secs] 
38126.765: [GC (Allocation Failure) 38126.765: [ParNew: 659189K->28580K(707840K), 0.0959190 secs] 1336810K->712158K(2018560K), 0.0963250 secs] [Times: user=0.19 sys=0.00, real=0.10 secs] 
38166.406: [GC (Allocation Failure) 38166.406: [ParNew: 657828K->18557K(707840K), 0.0957050 secs] 1341406K->708816K(2018560K), 0.0961160 secs] [Times: user=0.19 sys=0.00, real=0.10 secs] 
38195.626: [GC (Allocation Failure) 38195.627: [ParNew: 647805K->34170K(707840K), 0.0885870 secs] 1338064K->728255K(2018560K), 0.0890170 secs] [Times: user=0.17 sys=0.00, real=0.09 secs] 
38227.393: [GC (Allocation Failure) 38227.393: [ParNew: 663418K->22451K(707840K), 0.0923930 secs] 1357503K->721717K(2018560K), 0.0927880 secs] [Times: user=0.18 sys=0.00, real=0.09 secs] 
38266.057: [GC (Allocation Failure) 38266.058: [ParNew: 651699K->33253K(707840K), 0.0897660 secs] 1350965K->736588K(2018560K), 0.0901170 secs] [Times: user=0.18 sys=0.00, real=0.09 secs] 
38295.063: [GC (Allocation Failure) 38295.064: [ParNew: 662501K->22913K(707840K), 0.0995440 secs] 1365836K->732027K(2018560K), 0.0999730 secs] [Times: user=0.20 sys=0.00, real=0.10 secs] 
38332.937: [GC (Allocation Failure) 38332.937: [ParNew: 652161K->35955K(707840K), 0.1092520 secs] 1361275K->750694K(2018560K), 0.1096400 secs] [Times: user=0.20 sys=0.01, real=0.11 secs] 
38371.920: [GC (Allocation Failure) 38371.920: [ParNew: 665203K->24907K(707840K), 0.0971880 secs] 1379942K->744520K(2018560K), 0.0975970 secs] [Times: user=0.19 sys=0.00, real=0.09 secs] 
38409.465: [GC (Allocation Failure) 38409.465: [ParNew: 654155K->18814K(707840K), 0.0971320 secs] 1373768K->745218K(2018560K), 0.0975160 secs] [Times: user=0.19 sys=0.00, real=0.09 secs] 
38454.409: [GC (Allocation Failure) 38454.409: [ParNew: 648062K->18127K(707840K), 0.0962660 secs] 1374466K->750171K(2018560K), 0.0967110 secs] [Times: user=0.19 sys=0.00, real=0.10 secs] 
38496.597: [GC (Allocation Failure) 38496.597: [ParNew: 647375K->16446K(707840K), 0.0931870 secs] 1379419K->753213K(2018560K), 0.0935820 secs] [Times: user=0.18 sys=0.00, real=0.10 secs] 
38526.580: [GC (Allocation Failure) 38526.580: [ParNew: 645694K->31011K(707840K), 0.0865490 secs] 1382461K->770632K(2018560K), 0.0869330 secs] [Times: user=0.17 sys=0.00, real=0.09 secs] 
38548.251: [GC (Allocation Failure) 38548.251: [ParNew: 660259K->25432K(707840K), 0.0935380 secs] 1399880K->767934K(2018560K), 0.0939230 secs] [Times: user=0.19 sys=0.01, real=0.09 secs] 
38573.528: [GC (Allocation Failure) 38573.528: [ParNew: 654628K->37420K(707840K), 0.0998320 secs] 1397130K->785430K(2018560K), 0.1002420 secs] [Times: user=0.20 sys=0.00, real=0.10 secs] 
38598.078: [GC (Allocation Failure) 38598.078: [ParNew: 666668K->30428K(707840K), 0.0980540 secs] 1414678K->782706K(2018560K), 0.0984240 secs] [Times: user=0.19 sys=0.00, real=0.10 secs] 
38634.905: [GC (Allocation Failure) 38634.905: [ParNew: 659676K->29525K(707840K), 0.1040360 secs] 1411954K->788448K(2018560K), 0.1044600 secs] [Times: user=0.20 sys=0.00, real=0.11 secs] 
38691.927: [GC (Allocation Failure) 38691.927: [ParNew: 658563K->19893K(707840K), 0.0928560 secs] 1417485K->784932K(2018560K), 0.0932560 secs] [Times: user=0.18 sys=0.01, real=0.10 secs] 
38732.692: [GC (Allocation Failure) 38732.692: [ParNew: 649141K->25867K(707840K), 0.0929620 secs] 1414180K->797277K(2018560K), 0.0934270 secs] [Times: user=0.18 sys=0.00, real=0.10 secs] 
38750.964: [GC (Allocation Failure) 38750.964: [ParNew: 655115K->32500K(707840K), 0.1522790 secs] 1426525K->808084K(2018560K), 0.1526870 secs] [Times: user=0.18 sys=0.00, real=0.16 secs] 
38779.319: [GC (Allocation Failure) 38779.319: [ParNew: 661748K->21758K(707840K), 0.0862890 secs] 1437332K->800288K(2018560K), 0.0866670 secs] [Times: user=0.17 sys=0.00, real=0.09 secs] 
38821.985: [GC (Allocation Failure) 38821.985: [ParNew: 651006K->26344K(707840K), 0.0771320 secs] 1429536K->810429K(2018560K), 0.0775190 secs] [Times: user=0.15 sys=0.00, real=0.08 secs] 
38878.062: [GC (Allocation Failure) 38878.063: [ParNew: 655592K->26098K(707840K), 0.0815740 secs] 1439677K->817045K(2018560K), 0.0819400 secs] [Times: user=0.16 sys=0.00, real=0.08 secs] 
38913.678: [GC (Allocation Failure) 38913.678: [ParNew: 655346K->18377K(707840K), 0.0836210 secs] 1446293K->813920K(2018560K), 0.0840220 secs] [Times: user=0.17 sys=0.00, real=0.09 secs] 
38938.869: [GC (Allocation Failure) 38938.869: [ParNew: 647625K->27132K(707840K), 0.0782570 secs] 1443168K->825490K(2018560K), 0.0786470 secs] [Times: user=0.15 sys=0.00, real=0.08 secs] 
38964.033: [GC (Allocation Failure) 38964.292: [ParNew: 656380K->32386K(707840K), 0.0947860 secs] 1454738K->834213K(2018560K), 0.3539400 secs] [Times: user=0.17 sys=0.00, real=0.35 secs] 
38996.623: [GC (Allocation Failure) 38996.623: [ParNew: 661634K->28228K(707840K), 0.0825170 secs] 1463461K->835883K(2018560K), 0.0828850 secs] [Times: user=0.16 sys=0.00, real=0.09 secs] 
39044.913: [GC (Allocation Failure) 39044.914: [ParNew: 657476K->20038K(707840K), 0.0946890 secs] 1465131K->833897K(2018560K), 0.0950990 secs] [Times: user=0.18 sys=0.00, real=0.09 secs] 
39085.264: [GC (Allocation Failure) 39085.264: [ParNew: 649286K->27045K(707840K), 0.0910250 secs] 1463145K->846639K(2018560K), 0.0914110 secs] [Times: user=0.18 sys=0.00, real=0.09 secs] 
39126.242: [GC (Allocation Failure) 39126.242: [ParNew: 656293K->16959K(707840K), 0.0835210 secs] 1475887K->841823K(2018560K), 0.0839340 secs] [Times: user=0.16 sys=0.00, real=0.09 secs] 
39164.318: [GC (Allocation Failure) 39164.318: [ParNew: 646207K->22399K(707840K), 0.0798890 secs] 1471071K->850478K(2018560K), 0.0803380 secs] [Times: user=0.16 sys=0.00, real=0.08 secs] 
39196.066: [GC (Allocation Failure) 39196.066: [ParNew: 651647K->30938K(707840K), 0.0850170 secs] 1479726K->863396K(2018560K), 0.0853990 secs] [Times: user=0.16 sys=0.00, real=0.08 secs] 
39223.635: [GC (Allocation Failure) 39223.635: [ParNew: 660186K->25493K(707840K), 0.0892330 secs] 1492644K->862211K(2018560K), 0.0896960 secs] [Times: user=0.17 sys=0.00, real=0.09 secs] 
39260.004: [GC (Allocation Failure) 39260.005: [ParNew: 654741K->24094K(707840K), 0.0715670 secs] 1491459K->864821K(2018560K), 0.0719560 secs] [Times: user=0.13 sys=0.00, real=0.07 secs] 
39293.464: [GC (Allocation Failure) 39293.464: [ParNew: 653342K->35848K(707840K), 0.0941010 secs] 1494069K->880578K(2018560K), 0.0944870 secs] [Times: user=0.19 sys=0.00, real=0.09 secs] 
39323.040: [GC (Allocation Failure) 39323.040: [ParNew: 665096K->24881K(707840K), 0.1029510 secs] 1509826K->876136K(2018560K), 0.1033390 secs] [Times: user=0.20 sys=0.00, real=0.10 secs] 
39361.302: [GC (Allocation Failure) 39361.302: [ParNew: 654129K->27456K(707840K), 0.0878680 secs] 1505384K->882690K(2018560K), 0.0882740 secs] [Times: user=0.16 sys=0.00, real=0.09 secs] 
39385.686: [GC (Allocation Failure) 39385.686: [ParNew: 656704K->36214K(707840K), 0.1028830 secs] 1511938K->897363K(2018560K), 0.1032730 secs] [Times: user=0.20 sys=0.00, real=0.10 secs] 
39411.995: [GC (Allocation Failure) 39411.995: [ParNew: 665462K->23561K(707840K), 0.0958820 secs] 1526611K->889672K(2018560K), 0.0962620 secs] [Times: user=0.19 sys=0.00, real=0.10 secs] 
39452.518: [GC (Allocation Failure) 39452.519: [ParNew: 652809K->34270K(707840K), 0.0752280 secs] 1518920K->904048K(2018560K), 0.0755950 secs] [Times: user=0.15 sys=0.00, real=0.08 secs] 
39491.750: [GC (Allocation Failure) 39491.750: [ParNew: 663518K->23466K(707840K), 0.0727400 secs] 1533296K->900455K(2018560K), 0.0730610 secs] [Times: user=0.14 sys=0.00, real=0.07 secs] 
39525.847: [GC (Allocation Failure) 39525.847: [ParNew: 652714K->34304K(707840K), 0.0974520 secs] 1529703K->916539K(2018560K), 0.0978760 secs] [Times: user=0.19 sys=0.00, real=0.10 secs] 
39558.257: [GC (Allocation Failure) 39558.257: [ParNew: 663552K->28607K(707840K), 0.0945760 secs] 1545787K->915840K(2018560K), 0.0949700 secs] [Times: user=0.18 sys=0.00, real=0.10 secs] 
39592.525: [GC (Allocation Failure) 39592.525: [ParNew: 657855K->26808K(707840K), 0.0929360 secs] 1545088K->920071K(2018560K), 0.0933680 secs] [Times: user=0.18 sys=0.01, real=0.09 secs] 
39621.592: [GC (Allocation Failure) 39621.592: [ParNew: 656056K->36066K(707840K), 0.0946560 secs] 1549319K->934482K(2018560K), 0.0950620 secs] [Times: user=0.18 sys=0.00, real=0.09 secs] 
39654.251: [GC (Allocation Failure) 39654.251: [ParNew: 665314K->23797K(707840K), 0.0834750 secs] 1563730K->926234K(2018560K), 0.0838960 secs] [Times: user=0.16 sys=0.00, real=0.09 secs] 
39685.773: [GC (Allocation Failure) 39685.773: [ParNew: 653045K->31417K(707840K), 0.0882500 secs] 1555482K->937924K(2018560K), 0.0886770 secs] [Times: user=0.18 sys=0.00, real=0.09 secs] 
39712.241: [GC (Allocation Failure) 39712.241: [ParNew: 660665K->27423K(707840K), 0.0944680 secs] 1567172K->939870K(2018560K), 0.0948730 secs] [Times: user=0.19 sys=0.01, real=0.10 secs] 
39749.411: [GC (Allocation Failure) 39749.411: [ParNew: 656671K->37197K(707840K), 0.0911650 secs] 1569118K->953953K(2018560K), 0.0915510 secs] [Times: user=0.17 sys=0.00, real=0.09 secs] 
39781.760: [GC (Allocation Failure) 39781.761: [ParNew: 666445K->23554K(707840K), 0.0931690 secs] 1583201K->946818K(2018560K), 0.0935680 secs] [Times: user=0.18 sys=0.00, real=0.10 secs] 
39813.725: [GC (Allocation Failure) 39813.725: [ParNew: 652802K->21738K(707840K), 0.0858430 secs] 1576066K->950138K(2018560K), 0.0862360 secs] [Times: user=0.16 sys=0.01, real=0.09 secs] 
39854.683: [GC (Allocation Failure) 39854.683: [ParNew: 650986K->22908K(707840K), 0.0650000 secs] 1579386K->954801K(2018560K), 0.0653420 secs] [Times: user=0.12 sys=0.01, real=0.07 secs] 
39889.800: [GC (Allocation Failure) 39889.800: [ParNew: 652156K->31546K(707840K), 0.0888940 secs] 1584049K->967447K(2018560K), 0.0893140 secs] [Times: user=0.17 sys=0.00, real=0.08 secs] 
39926.246: [GC (Allocation Failure) 39926.246: [ParNew: 660794K->21760K(707840K), 0.0857580 secs] 1596695K->961650K(2018560K), 0.0861730 secs] [Times: user=0.17 sys=0.00, real=0.08 secs] 
39952.208: [GC (Allocation Failure) 39952.208: [ParNew: 650969K->33684K(707840K), 0.0891610 secs] 1590859K->977681K(2018560K), 0.0895370 secs] [Times: user=0.18 sys=0.00, real=0.09 secs] 
39988.328: [GC (Allocation Failure) 39988.329: [ParNew: 662932K->23213K(707840K), 0.0908350 secs] 1606929K->973045K(2018560K), 0.0911850 secs] [Times: user=0.17 sys=0.00, real=0.09 secs] 
40025.695: [GC (Allocation Failure) 40025.695: [ParNew: 652461K->15972K(707840K), 0.0857710 secs] 1602293K->971085K(2018560K), 0.0861680 secs] [Times: user=0.17 sys=0.00, real=0.09 secs] 
40062.469: [GC (Allocation Failure) 40062.470: [ParNew: 645220K->23503K(707840K), 0.0808440 secs] 1600333K->982986K(2018560K), 0.0812480 secs] [Times: user=0.16 sys=0.00, real=0.08 secs] 
40091.327: [GC (Allocation Failure) 40091.327: [ParNew: 652751K->30101K(707840K), 0.0844030 secs] 1612234K->992646K(2018560K), 0.0848220 secs] [Times: user=0.16 sys=0.00, real=0.09 secs] 
40130.581: [GC (Allocation Failure) 40130.581: [ParNew: 659349K->36028K(707840K), 0.0986160 secs] 1621894K->1002866K(2018560K), 0.0990960 secs] [Times: user=0.18 sys=0.00, real=0.10 secs] 
40132.617: [Full GC (System.gc()) 40132.617: [CMS: 966838K->447614K(1310720K), 3.0151640 secs] 1045137K->447614K(2018560K), [Metaspace: 113436K->113436K(1153024K)], 3.0158940 secs] [Times: user=2.98 sys=0.03, real=3.01 secs] 
40161.293: [GC (Allocation Failure) 40161.293: [ParNew: 629229K->12183K(707840K), 0.0439580 secs] 1076843K->459797K(2018560K), 0.0443400 secs] [Times: user=0.09 sys=0.00, real=0.04 secs] 
40198.464: [GC (Allocation Failure) 40198.464: [ParNew: 641431K->18575K(707840K), 0.0479330 secs] 1089045K->466189K(2018560K), 0.0482740 secs] [Times: user=0.10 sys=0.00, real=0.05 secs] 
40231.289: [GC (Allocation Failure) 40231.289: [ParNew: 647823K->24379K(707840K), 0.0724190 secs] 1095437K->471994K(2018560K), 0.0728330 secs] [Times: user=0.15 sys=0.00, real=0.08 secs] 
40258.190: [GC (Allocation Failure) 40258.190: [ParNew: 653609K->26945K(707840K), 0.0979580 secs] 1101223K->482131K(2018560K), 0.0983760 secs] [Times: user=0.19 sys=0.00, real=0.10 secs] 
40281.312: [GC (Allocation Failure) 40281.312: [ParNew: 656193K->28266K(707840K), 0.0940370 secs] 1111379K->487931K(2018560K), 0.0944620 secs] [Times: user=0.19 sys=0.00, real=0.09 secs] 
40318.429: [GC (Allocation Failure) 40318.429: [ParNew: 657514K->30674K(707840K), 0.0857340 secs] 1117179K->497247K(2018560K), 0.0860950 secs] [Times: user=0.16 sys=0.00, real=0.09 secs] 
40369.727: [GC (Allocation Failure) 40369.727: [ParNew: 659922K->30171K(707840K), 0.0819860 secs] 1126495K->501116K(2018560K), 0.0823910 secs] [Times: user=0.16 sys=0.00, real=0.08 secs] 
40419.655: [GC (Allocation Failure) 40419.655: [ParNew: 659419K->28869K(707840K), 0.1011700 secs] 1130364K->505492K(2018560K), 0.1015730 secs] [Times: user=0.20 sys=0.01, real=0.10 secs] 
40441.560: [GC (Allocation Failure) 40441.560: [ParNew: 658117K->38862K(707840K), 0.1004380 secs] 1134740K->518841K(2018560K), 0.1008370 secs] [Times: user=0.20 sys=0.00, real=0.10 secs] 
40465.082: [GC (Allocation Failure) 40465.082: [ParNew: 668110K->46132K(707840K), 0.1209940 secs] 1148089K->531224K(2018560K), 0.1214040 secs] [Times: user=0.22 sys=0.01, real=0.12 secs] 
40484.220: [GC (Allocation Failure) 40484.220: [ParNew: 675380K->30291K(707840K), 0.1108990 secs] 1160472K->522949K(2018560K), 0.1113210 secs] [Times: user=0.22 sys=0.00, real=0.11 secs] 
40511.470: [GC (Allocation Failure) 40511.470: [ParNew: 659539K->33074K(707840K), 0.1081570 secs] 1152197K->534087K(2018560K), 0.1085660 secs] [Times: user=0.20 sys=0.00, real=0.11 secs] 
40550.651: [GC (Allocation Failure) 40550.651: [ParNew: 662322K->20914K(707840K), 0.0940320 secs] 1163335K->527882K(2018560K), 0.0944810 secs] [Times: user=0.18 sys=0.01, real=0.09 secs] 
40601.759: [GC (Allocation Failure) 40601.759: [ParNew: 650162K->19320K(707840K), 0.0886560 secs] 1157130K->532602K(2018560K), 0.0890340 secs] [Times: user=0.18 sys=0.00, real=0.09 secs] 
40642.016: [GC (Allocation Failure) 40642.016: [ParNew: 648568K->23384K(707840K), 0.0736220 secs] 1161850K->540515K(2018560K), 0.0740080 secs] [Times: user=0.14 sys=0.00, real=0.07 secs] 
40668.934: [GC (Allocation Failure) 40668.934: [ParNew: 652632K->24310K(707840K), 0.0855270 secs] 1169763K->544601K(2018560K), 0.0858620 secs] [Times: user=0.17 sys=0.00, real=0.09 secs] 
40696.655: [GC (Allocation Failure) 40696.655: [ParNew: 653558K->34272K(707840K), 0.1010080 secs] 1173849K->558265K(2018560K), 0.1013940 secs] [Times: user=0.19 sys=0.00, real=0.10 secs] 
40721.023: [GC (Allocation Failure) 40721.023: [ParNew: 663520K->29803K(707840K), 0.1015590 secs] 1187513K->559417K(2018560K), 0.1019680 secs] [Times: user=0.20 sys=0.00, real=0.10 secs] 
40741.793: [GC (Allocation Failure) 40741.793: [ParNew: 659051K->38856K(707840K), 0.1029310 secs] 1188665K->572080K(2018560K), 0.1033140 secs] [Times: user=0.20 sys=0.00, real=0.10 secs] 
40769.124: [GC (Allocation Failure) 40769.124: [ParNew: 668104K->26515K(707840K), 0.1096330 secs] 1201328K->568266K(2018560K), 0.1100410 secs] [Times: user=0.21 sys=0.00, real=0.11 secs] 
40800.602: [GC (Allocation Failure) 40800.602: [ParNew: 655763K->26782K(707840K), 0.0976650 secs] 1197514K->573694K(2018560K), 0.0980620 secs] [Times: user=0.19 sys=0.00, real=0.10 secs] 
40838.357: [GC (Allocation Failure) 40838.357: [ParNew: 656030K->18826K(707840K), 0.1004260 secs] 1202942K->572254K(2018560K), 0.1008400 secs] [Times: user=0.19 sys=0.00, real=0.10 secs] 
40874.266: [GC (Allocation Failure) 40874.266: [ParNew: 648074K->25203K(707840K), 0.0908580 secs] 1201502K->583755K(2018560K), 0.0912960 secs] [Times: user=0.17 sys=0.00, real=0.09 secs] 
40909.999: [GC (Allocation Failure) 40909.999: [ParNew: 654451K->24966K(707840K), 0.0937740 secs] 1213003K->587629K(2018560K), 0.0942240 secs] [Times: user=0.18 sys=0.01, real=0.09 secs] 
40943.316: [GC (Allocation Failure) 40943.316: [ParNew: 654214K->26355K(707840K), 0.0907170 secs] 1216877K->592521K(2018560K), 0.0911830 secs] [Times: user=0.18 sys=0.00, real=0.09 secs] 
40988.298: [GC (Allocation Failure) 40988.298: [ParNew: 655603K->37180K(707840K), 0.0972330 secs] 1221769K->606422K(2018560K), 0.0976230 secs] [Times: user=0.18 sys=0.00, real=0.09 secs] 
41019.170: [GC (Allocation Failure) 41019.170: [ParNew: 666428K->24190K(707840K), 0.1030420 secs] 1235670K->600243K(2018560K), 0.1034170 secs] [Times: user=0.20 sys=0.00, real=0.11 secs] 
41049.496: [GC (Allocation Failure) 41049.496: [ParNew: 653438K->26672K(707840K), 0.0949060 secs] 1229491K->608429K(2018560K), 0.0953200 secs] [Times: user=0.19 sys=0.00, real=0.09 secs] 
41089.289: [GC (Allocation Failure) 41089.289: [ParNew: 655920K->35876K(707840K), 0.0873650 secs] 1237677K->621099K(2018560K), 0.0877750 secs] [Times: user=0.17 sys=0.00, real=0.09 secs] 
41123.137: [GC (Allocation Failure) 41123.138: [ParNew: 665124K->23013K(707840K), 0.0973130 secs] 1250347K->614758K(2018560K), 0.0977800 secs] [Times: user=0.18 sys=0.00, real=0.09 secs] 
41159.806: [GC (Allocation Failure) 41159.806: [ParNew: 652261K->24400K(707840K), 0.0927720 secs] 1244006K->621548K(2018560K), 0.0932040 secs] [Times: user=0.18 sys=0.00, real=0.09 secs] 
41189.421: [GC (Allocation Failure) 41189.422: [ParNew: 653648K->25392K(707840K), 0.0871440 secs] 1250796K->626899K(2018560K), 0.0875420 secs] [Times: user=0.17 sys=0.00, real=0.09 secs] 
41220.292: [GC (Allocation Failure) 41220.293: [ParNew: 654640K->26078K(707840K), 0.0933920 secs] 1256147K->632230K(2018560K), 0.0938810 secs] [Times: user=0.18 sys=0.00, real=0.09 secs] 
41253.679: [GC (Allocation Failure) 41253.680: [ParNew: 655326K->26469K(707840K), 0.0842970 secs] 1261478K->638235K(2018560K), 0.0846920 secs] [Times: user=0.16 sys=0.00, real=0.08 secs] 
41294.329: [GC (Allocation Failure) 41294.329: [ParNew: 655717K->25941K(707840K), 0.0888120 secs] 1267483K->642299K(2018560K), 0.0892580 secs] [Times: user=0.17 sys=0.01, real=0.09 secs] 
41332.932: [GC (Allocation Failure) 41332.932: [ParNew: 655189K->34713K(707840K), 0.0934080 secs] 1271547K->655889K(2018560K), 0.0938120 secs] [Times: user=0.18 sys=0.00, real=0.09 secs] 
41366.176: [GC (Allocation Failure) 41366.176: [ParNew: 663961K->22075K(707840K), 0.1019970 secs] 1285137K->648622K(2018560K), 0.1024250 secs] [Times: user=0.19 sys=0.00, real=0.10 secs] 
41397.970: [GC (Allocation Failure) 41397.970: [ParNew: 651323K->25519K(707840K), 0.0746450 secs] 1277870K->657177K(2018560K), 0.0749970 secs] [Times: user=0.15 sys=0.00, real=0.07 secs] 
41432.100: [GC (Allocation Failure) 41432.100: [ParNew: 654767K->34321K(707840K), 0.0898520 secs] 1286425K->670942K(2018560K), 0.0902620 secs] [Times: user=0.18 sys=0.00, real=0.09 secs] 
41464.037: [GC (Allocation Failure) 41464.037: [ParNew: 663569K->22424K(707840K), 0.0919630 secs] 1300190K->664384K(2018560K), 0.0923890 secs] [Times: user=0.18 sys=0.00, real=0.10 secs] 
41505.778: [GC (Allocation Failure) 41505.778: [ParNew: 651672K->23750K(707840K), 0.0889700 secs] 1293632K->670670K(2018560K), 0.0894130 secs] [Times: user=0.17 sys=0.00, real=0.09 secs] 
41534.116: [GC (Allocation Failure) 41534.116: [ParNew: 652945K->34156K(707840K), 0.0940240 secs] 1299865K->686825K(2018560K), 0.0944580 secs] [Times: user=0.18 sys=0.00, real=0.10 secs] 
41562.141: [GC (Allocation Failure) 41562.142: [ParNew: 663404K->21770K(707840K), 0.0885640 secs] 1316073K->679581K(2018560K), 0.0890150 secs] [Times: user=0.17 sys=0.00, real=0.09 secs] 
41609.310: [GC (Allocation Failure) 41609.311: [ParNew: 651018K->32555K(707840K), 0.0929500 secs] 1308829K->694810K(2018560K), 0.0933920 secs] [Times: user=0.17 sys=0.00, real=0.10 secs] 
41643.490: [GC (Allocation Failure) 41643.490: [ParNew: 661803K->27041K(707840K), 0.1035190 secs] 1324058K->695275K(2018560K), 0.1040560 secs] [Times: user=0.21 sys=0.00, real=0.10 secs] 
41669.102: [GC (Allocation Failure) 41669.103: [ParNew: 656289K->25902K(707840K), 0.1009060 secs] 1324523K->699944K(2018560K), 0.1013270 secs] [Times: user=0.19 sys=0.00, real=0.10 secs] 
41706.350: [GC (Allocation Failure) 41706.350: [ParNew: 655150K->35023K(707840K), 0.0943930 secs] 1329192K->713013K(2018560K), 0.0948310 secs] [Times: user=0.18 sys=0.00, real=0.09 secs] 
41737.392: [GC (Allocation Failure) 41737.392: [ParNew: 664271K->22414K(707840K), 0.0934880 secs] 1342261K->706013K(2018560K), 0.0938910 secs] [Times: user=0.18 sys=0.00, real=0.09 secs] 
41765.441: [GC (Allocation Failure) 41765.441: [ParNew: 651662K->32515K(707840K), 0.0934070 secs] 1335261K->720339K(2018560K), 0.0938340 secs] [Times: user=0.18 sys=0.00, real=0.10 secs] 
41816.234: [GC (Allocation Failure) 41816.234: [ParNew: 661763K->22536K(707840K), 0.0911220 secs] 1349587K->714444K(2018560K), 0.0915220 secs] [Times: user=0.18 sys=0.00, real=0.09 secs] 
41848.632: [GC (Allocation Failure) 41848.632: [ParNew: 651784K->35202K(707840K), 0.0949640 secs] 1343692K->732968K(2018560K), 0.0953720 secs] [Times: user=0.18 sys=0.00, real=0.09 secs] 
41893.237: [GC (Allocation Failure) 41893.237: [ParNew: 664450K->22549K(707840K), 0.0967040 secs] 1362216K->725431K(2018560K), 0.0970980 secs] [Times: user=0.19 sys=0.00, real=0.10 secs] 
41916.991: [GC (Allocation Failure) 41916.991: [ParNew: 651797K->32112K(707840K), 0.0906510 secs] 1354679K->739620K(2018560K), 0.0910400 secs] [Times: user=0.18 sys=0.00, real=0.09 secs] 
41941.582: [GC (Allocation Failure) 41941.582: [ParNew: 661360K->27581K(707840K), 0.0953580 secs] 1368868K->740422K(2018560K), 0.0957740 secs] [Times: user=0.19 sys=0.01, real=0.09 secs] 
41962.727: [GC (Allocation Failure) 41962.728: [ParNew: 656829K->35531K(707840K), 0.0958850 secs] 1369670K->753632K(2018560K), 0.0962960 secs] [Times: user=0.19 sys=0.01, real=0.09 secs] 
41986.810: [GC (Allocation Failure) 41986.810: [ParNew: 664779K->31035K(707840K), 0.0836970 secs] 1382880K->753970K(2018560K), 0.0840920 secs] [Times: user=0.17 sys=0.00, real=0.08 secs] 
42010.403: [GC (Allocation Failure) 42010.404: [ParNew: 660283K->40600K(707840K), 0.1090680 secs] 1383218K->769545K(2018560K), 0.1094530 secs] [Times: user=0.21 sys=0.00, real=0.11 secs] 
42044.949: [GC (Allocation Failure) 42044.950: [ParNew: 669848K->27710K(707840K), 0.0955320 secs] 1398793K->764682K(2018560K), 0.0959290 secs] [Times: user=0.19 sys=0.00, real=0.09 secs] 
42081.332: [GC (Allocation Failure) 42081.332: [ParNew: 656958K->26944K(707840K), 0.1000570 secs] 1393930K->770408K(2018560K), 0.1004800 secs] [Times: user=0.19 sys=0.00, real=0.11 secs] 
42117.782: [GC (Allocation Failure) 42117.782: [ParNew: 656192K->27871K(707840K), 0.0837750 secs] 1399656K->776459K(2018560K), 0.0841210 secs] [Times: user=0.16 sys=0.00, real=0.08 secs] 
42150.071: [GC (Allocation Failure) 42150.071: [ParNew: 657119K->27668K(707840K), 0.0900540 secs] 1405707K->779899K(2018560K), 0.0903830 secs] [Times: user=0.17 sys=0.00, real=0.09 secs] 
42175.041: [GC (Allocation Failure) 42175.041: [ParNew: 656916K->36681K(707840K), 0.1789470 secs] 1409147K->794714K(2018560K), 0.1793170 secs] [Times: user=0.20 sys=0.00, real=0.18 secs] 
42197.111: [GC (Allocation Failure) 42197.111: [ParNew: 665929K->24373K(707840K), 0.0822070 secs] 1423962K->787992K(2018560K), 0.0825820 secs] [Times: user=0.16 sys=0.00, real=0.08 secs] 
42229.654: [GC (Allocation Failure) 42229.654: [ParNew: 653621K->34983K(707840K), 0.1075260 secs] 1417240K->803103K(2018560K), 0.1079680 secs] [Times: user=0.20 sys=0.00, real=0.11 secs] 
42271.770: [GC (Allocation Failure) 42271.770: [ParNew: 664231K->24019K(707840K), 0.1017850 secs] 1432351K->799052K(2018560K), 0.1021910 secs] [Times: user=0.20 sys=0.00, real=0.11 secs] 
42310.119: [GC (Allocation Failure) 42310.119: [ParNew: 653267K->23445K(707840K), 0.0887690 secs] 1428300K->803002K(2018560K), 0.0891830 secs] [Times: user=0.17 sys=0.01, real=0.09 secs] 
42360.083: [GC (Allocation Failure) 42360.083: [ParNew: 652693K->23645K(707840K), 0.0851680 secs] 1432250K->808142K(2018560K), 0.0856020 secs] [Times: user=0.16 sys=0.01, real=0.09 secs] 
42394.847: [GC (Allocation Failure) 42394.848: [ParNew: 652893K->22764K(707840K), 0.0864670 secs] 1437390K->810776K(2018560K), 0.0868960 secs] [Times: user=0.17 sys=0.00, real=0.09 secs] 
42429.664: [GC (Allocation Failure) 42429.664: [ParNew: 652012K->29006K(707840K), 0.0857560 secs] 1440024K->820387K(2018560K), 0.0861550 secs] [Times: user=0.17 sys=0.00, real=0.09 secs] 
42465.376: [GC (Allocation Failure) 42465.376: [ParNew: 658254K->25440K(707840K), 0.0740610 secs] 1449635K->820582K(2018560K), 0.0744200 secs] [Times: user=0.15 sys=0.00, real=0.07 secs] 
42487.388: [GC (Allocation Failure) 42487.388: [ParNew: 654688K->28360K(707840K), 0.2859820 secs] 1449830K->830148K(2018560K), 0.2864130 secs] [Times: user=0.20 sys=0.01, real=0.29 secs] 
42512.252: [GC (Allocation Failure) 42512.252: [ParNew: 657608K->29624K(707840K), 0.0918790 secs] 1459396K->836568K(2018560K), 0.0922790 secs] [Times: user=0.18 sys=0.00, real=0.09 secs] 
42537.245: [GC (Allocation Failure) 42537.246: [ParNew: 658872K->38914K(707840K), 0.0981740 secs] 1465816K->850574K(2018560K), 0.0985600 secs] [Times: user=0.19 sys=0.01, real=0.10 secs] 
42569.502: [GC (Allocation Failure) 42569.503: [ParNew: 668162K->25663K(707840K), 0.1058490 secs] 1479822K->844839K(2018560K), 0.1062470 secs] [Times: user=0.21 sys=0.00, real=0.11 secs] 
42602.321: [GC (Allocation Failure) 42602.322: [ParNew: 654911K->34967K(707840K), 0.0900160 secs] 1474087K->858344K(2018560K), 0.0904780 secs] [Times: user=0.18 sys=0.01, real=0.10 secs] 
42637.795: [GC (Allocation Failure) 42637.795: [ParNew: 664215K->22597K(707840K), 0.0947310 secs] 1487592K->853109K(2018560K), 0.0951270 secs] [Times: user=0.18 sys=0.00, real=0.10 secs] 
42687.861: [GC (Allocation Failure) 42687.861: [ParNew: 651845K->14988K(707840K), 0.0776900 secs] 1482357K->850048K(2018560K), 0.0781030 secs] [Times: user=0.15 sys=0.00, real=0.08 secs] 
42721.210: [GC (Allocation Failure) 42721.210: [ParNew: 644236K->20393K(707840K), 0.0775960 secs] 1479296K->859011K(2018560K), 0.0779950 secs] [Times: user=0.15 sys=0.00, real=0.07 secs] 
42748.523: [GC (Allocation Failure) 42748.524: [ParNew: 649641K->30463K(707840K), 0.0906100 secs] 1488259K->872697K(2018560K), 0.0910220 secs] [Times: user=0.18 sys=0.01, real=0.10 secs] 
42776.859: [GC (Allocation Failure) 42776.860: [ParNew: 659711K->37171K(707840K), 0.0910950 secs] 1501945K->883035K(2018560K), 0.0914780 secs] [Times: user=0.18 sys=0.01, real=0.09 secs] 
42814.539: [GC (Allocation Failure) 42814.540: [ParNew: 666419K->24939K(707840K), 0.0922700 secs] 1512283K->877441K(2018560K), 0.0927150 secs] [Times: user=0.18 sys=0.00, real=0.09 secs] 
42834.650: [GC (Allocation Failure) 42834.650: [ParNew: 654187K->30080K(707840K), 0.0971280 secs] 1506689K->887785K(2018560K), 0.0975060 secs] [Times: user=0.16 sys=0.02, real=0.09 secs] 
42870.616: [GC (Allocation Failure) 42870.616: [ParNew: 659328K->35606K(707840K), 0.0881890 secs] 1517033K->896158K(2018560K), 0.0886920 secs] [Times: user=0.17 sys=0.00, real=0.09 secs] 
42913.825: [GC (Allocation Failure) 42913.826: [ParNew: 664854K->30879K(707840K), 0.0994450 secs] 1525406K->895652K(2018560K), 0.0998980 secs] [Times: user=0.20 sys=0.00, real=0.10 secs] 
42956.540: [GC (Allocation Failure) 42956.540: [ParNew: 660127K->31528K(707840K), 0.0923410 secs] 1524900K->903855K(2018560K), 0.0927220 secs] [Times: user=0.18 sys=0.00, real=0.09 secs] 
42991.076: [GC (Allocation Failure) 42991.077: [ParNew: 660776K->23285K(707840K), 0.0979520 secs] 1533103K->901763K(2018560K), 0.0983640 secs] [Times: user=0.19 sys=0.00, real=0.10 secs] 
43014.442: [GC (Allocation Failure) 43014.442: [ParNew: 652533K->33138K(707840K), 0.0935870 secs] 1531011K->914904K(2018560K), 0.0939790 secs] [Times: user=0.19 sys=0.01, real=0.10 secs] 
43045.717: [GC (Allocation Failure) 43045.717: [ParNew: 662386K->30532K(707840K), 0.1000900 secs] 1544152K->918045K(2018560K), 0.1005080 secs] [Times: user=0.20 sys=0.00, real=0.10 secs] 
43077.618: [GC (Allocation Failure) 43077.618: [ParNew: 659780K->20789K(707840K), 0.1015380 secs] 1547293K->915284K(2018560K), 0.1019750 secs] [Times: user=0.20 sys=0.00, real=0.10 secs] 
43102.049: [GC (Allocation Failure) 43102.049: [ParNew: 650037K->28884K(707840K), 0.1016980 secs] 1544532K->929674K(2018560K), 0.1021310 secs] [Times: user=0.20 sys=0.00, real=0.10 secs] 
43148.243: [GC (Allocation Failure) 43148.243: [ParNew: 658132K->19463K(707840K), 0.0881100 secs] 1558922K->925425K(2018560K), 0.0885160 secs] [Times: user=0.17 sys=0.00, real=0.09 secs] 
43184.595: [GC (Allocation Failure) 43184.595: [ParNew: 648711K->26562K(707840K), 0.0908880 secs] 1554673K->937301K(2018560K), 0.0912880 secs] [Times: user=0.18 sys=0.00, real=0.09 secs] 
43224.913: [GC (Allocation Failure) 43224.913: [ParNew: 655810K->18440K(707840K), 0.0877620 secs] 1566549K->934645K(2018560K), 0.0882230 secs] [Times: user=0.17 sys=0.00, real=0.09 secs] 
43263.219: [GC (Allocation Failure) 43263.219: [ParNew: 647688K->25717K(707840K), 0.0831550 secs] 1563893K->946322K(2018560K), 0.0835610 secs] [Times: user=0.16 sys=0.00, real=0.08 secs] 
43289.269: [GC (Allocation Failure) 43289.269: [ParNew: 654965K->25141K(707840K), 0.0918060 secs] 1575570K->951944K(2018560K), 0.0922690 secs] [Times: user=0.18 sys=0.00, real=0.09 secs] 
43331.224: [GC (Allocation Failure) 43331.225: [ParNew: 654389K->17422K(707840K), 0.0762290 secs] 1581192K->947390K(2018560K), 0.0766840 secs] [Times: user=0.15 sys=0.00, real=0.07 secs] 
43352.995: [GC (Allocation Failure) 43352.995: [ParNew: 646670K->32204K(707840K), 0.0884960 secs] 1576638K->967041K(2018560K), 0.0888930 secs] [Times: user=0.17 sys=0.00, real=0.09 secs] 
43384.154: [GC (Allocation Failure) 43384.333: [ParNew: 661452K->21437K(707840K), 0.0905090 secs] 1596289K->960683K(2018560K), 0.2696930 secs] [Times: user=0.17 sys=0.00, real=0.27 secs] 
43405.425: [GC (Allocation Failure) 43405.425: [ParNew: 650685K->34811K(707840K), 0.0923020 secs] 1589931K->978111K(2018560K), 0.0926830 secs] [Times: user=0.18 sys=0.00, real=0.09 secs] 
43449.822: [GC (Allocation Failure) 43449.822: [ParNew: 664059K->24156K(707840K), 0.0804230 secs] 1607359K->973666K(2018560K), 0.0807440 secs] [Times: user=0.16 sys=0.00, real=0.08 secs] 
43494.828: [GC (Allocation Failure) 43494.828: [ParNew: 653404K->23818K(707840K), 0.0852130 secs] 1602914K->978093K(2018560K), 0.0855890 secs] [Times: user=0.17 sys=0.00, real=0.08 secs] 
43525.280: [GC (Allocation Failure) 43525.281: [ParNew: 653066K->23603K(707840K), 0.0900700 secs] 1607341K->983584K(2018560K), 0.0904870 secs] [Times: user=0.17 sys=0.00, real=0.09 secs] 
43562.277: [GC (Allocation Failure) 43562.277: [ParNew: 652851K->33191K(707840K), 0.0835450 secs] 1612832K->996071K(2018560K), 0.0839940 secs] [Times: user=0.17 sys=0.00, real=0.09 secs] 
43599.504: [GC (Allocation Failure) 43599.505: [ParNew: 662439K->22812K(707840K), 0.0853450 secs] 1625319K->990261K(2018560K), 0.0857510 secs] [Times: user=0.17 sys=0.00, real=0.08 secs] 
43642.163: [GC (Allocation Failure) 43642.163: [ParNew: 652060K->23441K(707840K), 0.0868100 secs] 1619509K->996831K(2018560K), 0.0872080 secs] [Times: user=0.17 sys=0.00, real=0.09 secs] 
43682.543: [GC (Allocation Failure) 43682.543: [ParNew: 652689K->30240K(707840K), 0.0808140 secs] 1626079K->1006937K(2018560K), 0.0812110 secs] [Times: user=0.16 sys=0.00, real=0.08 secs] 
43726.855: [GC (Allocation Failure) 43726.856: [ParNew: 659488K->20389K(707840K), 0.0864480 secs] 1636185K->1000944K(2018560K), 0.0869280 secs] [Times: user=0.17 sys=0.00, real=0.08 secs] 
43735.644: [Full GC (System.gc()) 43735.644: [CMS: 980554K->440019K(1310720K), 2.9457920 secs] 1182676K->440019K(2018560K), [Metaspace: 113761K->113761K(1153024K)], 2.9467530 secs] [Times: user=2.93 sys=0.01, real=2.94 secs] 
43771.362: [GC (Allocation Failure) 43771.362: [ParNew: 629248K->16331K(707840K), 0.0456870 secs] 1069267K->456351K(2018560K), 0.0461040 secs] [Times: user=0.10 sys=0.00, real=0.04 secs] 
43790.888: [GC (Allocation Failure) 43790.888: [ParNew: 645579K->21417K(707840K), 0.0647670 secs] 1085599K->461437K(2018560K), 0.0652930 secs] [Times: user=0.13 sys=0.01, real=0.07 secs] 
43824.365: [GC (Allocation Failure) 43824.365: [ParNew: 650665K->27750K(707840K), 0.0709410 secs] 1090685K->467769K(2018560K), 0.0713330 secs] [Times: user=0.14 sys=0.00, real=0.07 secs] 
43858.829: [GC (Allocation Failure) 43858.829: [ParNew: 656998K->28390K(707840K), 0.0966250 secs] 1097017K->475965K(2018560K), 0.0970170 secs] [Times: user=0.19 sys=0.00, real=0.10 secs] 
43895.736: [GC (Allocation Failure) 43895.737: [ParNew: 657638K->18680K(707840K), 0.0974680 secs] 1105213K->473085K(2018560K), 0.0978540 secs] [Times: user=0.19 sys=0.00, real=0.10 secs] 
43941.218: [GC (Allocation Failure) 43941.218: [ParNew: 647928K->26918K(707840K), 0.0856850 secs] 1102333K->485515K(2018560K), 0.0860750 secs] [Times: user=0.17 sys=0.00, real=0.08 secs] 
43979.003: [GC (Allocation Failure) 43979.239: [ParNew: 656166K->26217K(707840K), 0.0928570 secs] 1114763K->489340K(2018560K), 0.3285020 secs] [Times: user=0.18 sys=0.01, real=0.33 secs] 
44016.716: [GC (Allocation Failure) 44016.716: [ParNew: 655465K->26583K(707840K), 0.1012990 secs] 1118588K->496047K(2018560K), 0.1017580 secs] [Times: user=0.20 sys=0.00, real=0.11 secs] 
44045.159: [GC (Allocation Failure) 44045.159: [ParNew: 655831K->35919K(707840K), 0.0903170 secs] 1125295K->508944K(2018560K), 0.0907070 secs] [Times: user=0.16 sys=0.00, real=0.09 secs] 
44090.057: [GC (Allocation Failure) 44090.057: [ParNew: 665167K->22904K(707840K), 0.0912360 secs] 1138192K->500378K(2018560K), 0.0916180 secs] [Times: user=0.18 sys=0.00, real=0.10 secs] 
44127.200: [GC (Allocation Failure) 44127.200: [ParNew: 652152K->25638K(707840K), 0.0952600 secs] 1129626K->509355K(2018560K), 0.0956810 secs] [Times: user=0.19 sys=0.00, real=0.10 secs] 
44163.164: [GC (Allocation Failure) 44163.165: [ParNew: 654886K->27036K(707840K), 0.0887010 secs] 1138603K->515092K(2018560K), 0.0891110 secs] [Times: user=0.17 sys=0.00, real=0.09 secs] 
44198.746: [GC (Allocation Failure) 44198.746: [ParNew: 656284K->28069K(707840K), 0.0926330 secs] 1144340K->521072K(2018560K), 0.0930350 secs] [Times: user=0.19 sys=0.00, real=0.09 secs] 
44243.228: [GC (Allocation Failure) 44243.229: [ParNew: 657317K->19405K(707840K), 0.0961410 secs] 1150320K->518691K(2018560K), 0.0965800 secs] [Times: user=0.19 sys=0.00, real=0.10 secs] 
44288.067: [GC (Allocation Failure) 44288.067: [ParNew: 648653K->18921K(707840K), 0.0890570 secs] 1147939K->522811K(2018560K), 0.0894800 secs] [Times: user=0.18 sys=0.00, real=0.09 secs] 
44324.006: [GC (Allocation Failure) 44324.006: [ParNew: 648169K->26951K(707840K), 0.0965780 secs] 1152059K->536483K(2018560K), 0.0969990 secs] [Times: user=0.18 sys=0.00, real=0.09 secs] 
44354.372: [GC (Allocation Failure) 44354.372: [ParNew: 656199K->26710K(707840K), 0.0864950 secs] 1165731K->540656K(2018560K), 0.0869020 secs] [Times: user=0.18 sys=0.00, real=0.09 secs] 
44394.325: [GC (Allocation Failure) 44394.326: [ParNew: 655958K->26949K(707840K), 0.0883440 secs] 1169904K->545546K(2018560K), 0.0887900 secs] [Times: user=0.17 sys=0.01, real=0.08 secs] 
44419.086: [GC (Allocation Failure) 44419.086: [ParNew: 656197K->25849K(707840K), 0.0956500 secs] 1174794K->550352K(2018560K), 0.0960820 secs] [Times: user=0.18 sys=0.00, real=0.10 secs] 
44440.272: [GC (Allocation Failure) 44440.272: [ParNew: 655097K->27492K(707840K), 0.0917740 secs] 1179600K->557488K(2018560K), 0.0921660 secs] [Times: user=0.18 sys=0.00, real=0.09 secs] 
44478.050: [GC (Allocation Failure) 44478.050: [ParNew: 656740K->27784K(707840K), 0.0859980 secs] 1186736K->561881K(2018560K), 0.0863800 secs] [Times: user=0.17 sys=0.00, real=0.08 secs] 
44526.261: [GC (Allocation Failure) 44526.261: [ParNew: 657032K->18343K(707840K), 0.0819740 secs] 1191129K->558372K(2018560K), 0.0823590 secs] [Times: user=0.16 sys=0.00, real=0.08 secs] 
44559.069: [GC (Allocation Failure) 44559.069: [ParNew: 647591K->22818K(707840K), 0.0770830 secs] 1187620K->567925K(2018560K), 0.0775620 secs] [Times: user=0.15 sys=0.00, real=0.08 secs] 
44605.148: [GC (Allocation Failure) 44605.148: [ParNew: 652066K->31842K(707840K), 0.0832220 secs] 1197173K->580708K(2018560K), 0.0836320 secs] [Times: user=0.16 sys=0.00, real=0.08 secs] 
44633.927: [GC (Allocation Failure) 44633.928: [ParNew: 661090K->20707K(707840K), 0.0823270 secs] 1209956K->572190K(2018560K), 0.0827270 secs] [Times: user=0.16 sys=0.00, real=0.08 secs] 
44671.288: [GC (Allocation Failure) 44671.288: [ParNew: 649955K->33594K(707840K), 0.0965580 secs] 1201438K->591280K(2018560K), 0.0969860 secs] [Times: user=0.19 sys=0.00, real=0.09 secs] 
44706.950: [GC (Allocation Failure) 44706.951: [ParNew: 662842K->22021K(707840K), 0.0775770 secs] 1220528K->584493K(2018560K), 0.0779850 secs] [Times: user=0.15 sys=0.00, real=0.08 secs] 
44750.569: [GC (Allocation Failure) 44750.570: [ParNew: 651269K->24172K(707840K), 0.0917490 secs] 1213741K->591401K(2018560K), 0.0921600 secs] [Times: user=0.18 sys=0.00, real=0.09 secs] 
44787.072: [GC (Allocation Failure) 44787.072: [ParNew: 653420K->33906K(707840K), 0.0905410 secs] 1220649K->605887K(2018560K), 0.0909420 secs] [Times: user=0.18 sys=0.00, real=0.09 secs] 
44827.066: [GC (Allocation Failure) 44827.067: [ParNew: 663154K->21720K(707840K), 0.0914530 secs] 1235135K->599325K(2018560K), 0.0919290 secs] [Times: user=0.18 sys=0.00, real=0.09 secs] 
44870.693: [GC (Allocation Failure) 44870.693: [ParNew: 650968K->31222K(707840K), 0.0878250 secs] 1228573K->612670K(2018560K), 0.0882260 secs] [Times: user=0.17 sys=0.00, real=0.09 secs] 
44908.977: [GC (Allocation Failure) 44908.977: [ParNew: 660468K->21130K(707840K), 0.0933260 secs] 1241916K->608248K(2018560K), 0.0937140 secs] [Times: user=0.18 sys=0.00, real=0.09 secs] 
44944.256: [GC (Allocation Failure) 44944.256: [ParNew: 650378K->23945K(707840K), 0.0846470 secs] 1237496K->615603K(2018560K), 0.0850480 secs] [Times: user=0.17 sys=0.00, real=0.09 secs] 
44979.331: [GC (Allocation Failure) 44979.331: [ParNew: 653193K->24864K(707840K), 0.0883070 secs] 1244851K->621646K(2018560K), 0.0887020 secs] [Times: user=0.17 sys=0.00, real=0.09 secs] 
45009.664: [GC (Allocation Failure) 45009.665: [ParNew: 654112K->26246K(707840K), 0.0914750 secs] 1250894K->628796K(2018560K), 0.0919340 secs] [Times: user=0.18 sys=0.01, real=0.09 secs] 
45037.500: [GC (Allocation Failure) 45037.500: [ParNew: 655494K->36126K(707840K), 0.0879560 secs] 1258044K->643057K(2018560K), 0.0885190 secs] [Times: user=0.17 sys=0.01, real=0.09 secs] 
45064.298: [GC (Allocation Failure) 45064.355: [ParNew: 665374K->30086K(707840K), 0.0973770 secs] 1272305K->642906K(2018560K), 0.1546930 secs] [Times: user=0.19 sys=0.00, real=0.15 secs] 
45098.905: [GC (Allocation Failure) 45098.905: [ParNew: 659334K->27364K(707840K), 0.0960650 secs] 1272154K->646064K(2018560K), 0.0964430 secs] [Times: user=0.19 sys=0.00, real=0.10 secs] 
45146.787: [GC (Allocation Failure) 45146.787: [ParNew: 656612K->19362K(707840K), 0.0919330 secs] 1275312K->644065K(2018560K), 0.0923380 secs] [Times: user=0.18 sys=0.00, real=0.10 secs] 
45179.747: [GC (Allocation Failure) 45179.747: [ParNew: 648610K->27151K(707840K), 0.0895510 secs] 1273313K->658001K(2018560K), 0.0899620 secs] [Times: user=0.17 sys=0.00, real=0.09 secs] 
45222.699: [GC (Allocation Failure) 45222.699: [ParNew: 656399K->21182K(707840K), 0.0849240 secs] 1287249K->656231K(2018560K), 0.0854170 secs] [Times: user=0.17 sys=0.00, real=0.09 secs] 
45262.136: [GC (Allocation Failure) 45262.136: [ParNew: 650430K->30326K(707840K), 0.0875900 secs] 1285479K->669107K(2018560K), 0.0879850 secs] [Times: user=0.18 sys=0.00, real=0.09 secs] 
45305.922: [GC (Allocation Failure) 45305.922: [ParNew: 659574K->28542K(707840K), 0.0881560 secs] 1298355K->672523K(2018560K), 0.0885580 secs] [Times: user=0.18 sys=0.00, real=0.09 secs] 
45353.577: [GC (Allocation Failure) 45353.577: [ParNew: 657790K->27763K(707840K), 0.0926860 secs] 1301771K->676644K(2018560K), 0.0931430 secs] [Times: user=0.18 sys=0.01, real=0.10 secs] 
45392.416: [GC (Allocation Failure) 45392.416: [ParNew: 657011K->28407K(707840K), 0.0967080 secs] 1305892K->684175K(2018560K), 0.0970930 secs] [Times: user=0.17 sys=0.01, real=0.09 secs] 
45419.549: [GC (Allocation Failure) 45419.550: [ParNew: 657655K->26438K(707840K), 0.1019360 secs] 1313423K->686902K(2018560K), 0.1023930 secs] [Times: user=0.20 sys=0.01, real=0.11 secs] 
45449.993: [GC (Allocation Failure) 45449.993: [ParNew: 655686K->36688K(707840K), 0.1052020 secs] 1316150K->702626K(2018560K), 0.1055900 secs] [Times: user=0.20 sys=0.00, real=0.11 secs] 
45476.201: [GC (Allocation Failure) 45476.202: [ParNew: 665936K->24822K(707840K), 0.0720030 secs] 1331874K->695480K(2018560K), 0.0724540 secs] [Times: user=0.14 sys=0.01, real=0.07 secs] 
45502.301: [GC (Allocation Failure) 45502.301: [ParNew: 654070K->30133K(707840K), 0.1016610 secs] 1324728K->707342K(2018560K), 0.1020900 secs] [Times: user=0.20 sys=0.00, real=0.11 secs] 
45553.089: [GC (Allocation Failure) 45553.089: [ParNew: 659381K->21182K(707840K), 0.0972160 secs] 1336590K->704074K(2018560K), 0.0976340 secs] [Times: user=0.18 sys=0.01, real=0.10 secs] 
45605.932: [GC (Allocation Failure) 45605.932: [ParNew: 650430K->28481K(707840K), 0.0957820 secs] 1333322K->716070K(2018560K), 0.0961810 secs] [Times: user=0.18 sys=0.00, real=0.09 secs] 
45644.416: [GC (Allocation Failure) 45644.416: [ParNew: 657729K->21291K(707840K), 0.0878670 secs] 1345318K->714309K(2018560K), 0.0884520 secs] [Times: user=0.18 sys=0.00, real=0.08 secs] 
45682.249: [GC (Allocation Failure) 45682.250: [ParNew: 650539K->22116K(707840K), 0.0831460 secs] 1343557K->719012K(2018560K), 0.0835670 secs] [Times: user=0.17 sys=0.00, real=0.09 secs] 
45724.155: [GC (Allocation Failure) 45724.155: [ParNew: 651364K->23580K(707840K), 0.0883360 secs] 1348260K->724584K(2018560K), 0.0887400 secs] [Times: user=0.17 sys=0.00, real=0.09 secs] 
45751.598: [GC (Allocation Failure) 45751.598: [ParNew: 652828K->25609K(707840K), 0.0866760 secs] 1353832K->730991K(2018560K), 0.0870820 secs] [Times: user=0.17 sys=0.00, real=0.09 secs] 
45795.051: [GC (Allocation Failure) 45795.051: [ParNew: 654857K->35682K(707840K), 0.0924330 secs] 1360239K->745861K(2018560K), 0.0928320 secs] [Times: user=0.18 sys=0.00, real=0.09 secs] 
45835.927: [GC (Allocation Failure) 45835.928: [ParNew: 664930K->23444K(707840K), 0.0889720 secs] 1375109K->738807K(2018560K), 0.0893720 secs] [Times: user=0.18 sys=0.00, real=0.09 secs] 
45877.971: [GC (Allocation Failure) 45877.971: [ParNew: 652692K->33603K(707840K), 0.0870710 secs] 1368055K->752441K(2018560K), 0.0874860 secs] [Times: user=0.17 sys=0.00, real=0.08 secs] 
45908.754: [GC (Allocation Failure) 45908.754: [ParNew: 662851K->22962K(707840K), 0.0928620 secs] 1381689K->747059K(2018560K), 0.0932960 secs] [Times: user=0.18 sys=0.00, real=0.10 secs] 
45958.697: [GC (Allocation Failure) 45958.697: [ParNew: 652210K->34149K(707840K), 0.0991360 secs] 1376307K->763633K(2018560K), 0.0996310 secs] [Times: user=0.20 sys=0.00, real=0.10 secs] 
45993.717: [GC (Allocation Failure) 45993.717: [ParNew: 663397K->22527K(707840K), 0.0974640 secs] 1392881K->757485K(2018560K), 0.0978840 secs] [Times: user=0.19 sys=0.00, real=0.10 secs] 
46029.145: [GC (Allocation Failure) 46029.145: [ParNew: 651775K->34708K(707840K), 0.0928250 secs] 1386733K->774359K(2018560K), 0.0932270 secs] [Times: user=0.17 sys=0.01, real=0.09 secs] 
46065.630: [GC (Allocation Failure) 46065.630: [ParNew: 663956K->21897K(707840K), 0.0918910 secs] 1403607K->766474K(2018560K), 0.0922910 secs] [Times: user=0.18 sys=0.00, real=0.09 secs] 
46097.558: [GC (Allocation Failure) 46097.558: [ParNew: 651145K->24125K(707840K), 0.0978770 secs] 1395722K->775022K(2018560K), 0.0982640 secs] [Times: user=0.19 sys=0.00, real=0.10 secs] 
46134.891: [GC (Allocation Failure) 46134.892: [ParNew: 653373K->34520K(707840K), 0.0862650 secs] 1404270K->788206K(2018560K), 0.0867490 secs] [Times: user=0.17 sys=0.00, real=0.08 secs] 
46181.266: [GC (Allocation Failure) 46181.266: [ParNew: 663768K->23235K(707840K), 0.0949030 secs] 1417454K->782188K(2018560K), 0.0952950 secs] [Times: user=0.19 sys=0.01, real=0.09 secs] 
46214.617: [GC (Allocation Failure) 46214.617: [ParNew: 652483K->25360K(707840K), 0.1054240 secs] 1411436K->790471K(2018560K), 0.1058140 secs] [Times: user=0.20 sys=0.01, real=0.11 secs] 
46262.058: [GC (Allocation Failure) 46262.058: [ParNew: 654608K->17773K(707840K), 0.0945400 secs] 1419719K->787118K(2018560K), 0.0949920 secs] [Times: user=0.18 sys=0.01, real=0.10 secs] 
46302.389: [GC (Allocation Failure) 46302.389: [ParNew: 647021K->26083K(707840K), 0.0890630 secs] 1416366K->800594K(2018560K), 0.0894570 secs] [Times: user=0.18 sys=0.01, real=0.09 secs] 
46343.068: [GC (Allocation Failure) 46343.068: [ParNew: 655331K->16888K(707840K), 0.0929350 secs] 1429842K->797251K(2018560K), 0.0933190 secs] [Times: user=0.18 sys=0.00, real=0.10 secs] 
46377.109: [GC (Allocation Failure) 46377.109: [ParNew: 646136K->23586K(707840K), 0.0702580 secs] 1426499K->807151K(2018560K), 0.0706240 secs] [Times: user=0.14 sys=0.00, real=0.07 secs] 
46417.536: [GC (Allocation Failure) 46417.537: [ParNew: 652834K->32385K(707840K), 0.0948270 secs] 1436399K->819936K(2018560K), 0.0953040 secs] [Times: user=0.18 sys=0.01, real=0.10 secs] 
46451.195: [GC (Allocation Failure) 46451.195: [ParNew: 661633K->21942K(707840K), 0.1008340 secs] 1449184K->814298K(2018560K), 0.1012200 secs] [Times: user=0.20 sys=0.00, real=0.10 secs] 
46487.834: [GC (Allocation Failure) 46487.835: [ParNew: 651190K->26572K(707840K), 0.0978000 secs] 1443546K->823654K(2018560K), 0.0981760 secs] [Times: user=0.20 sys=0.00, real=0.10 secs] 
46520.268: [GC (Allocation Failure) 46520.268: [ParNew: 655820K->29728K(707840K), 0.1038690 secs] 1452902K->832593K(2018560K), 0.1042460 secs] [Times: user=0.21 sys=0.00, real=0.10 secs] 
46565.149: [GC (Allocation Failure) 46565.149: [ParNew: 658976K->20995K(707840K), 0.0992300 secs] 1461841K->830497K(2018560K), 0.0996260 secs] [Times: user=0.19 sys=0.00, real=0.10 secs] 
46616.445: [GC (Allocation Failure) 46616.446: [ParNew: 650232K->28535K(707840K), 0.0954100 secs] 1459735K->842993K(2018560K), 0.0957910 secs] [Times: user=0.18 sys=0.00, real=0.09 secs] 
46663.982: [GC (Allocation Failure) 46663.983: [ParNew: 657783K->17778K(707840K), 0.0980930 secs] 1472241K->838691K(2018560K), 0.0985080 secs] [Times: user=0.19 sys=0.00, real=0.10 secs] 
46698.262: [GC (Allocation Failure) 46698.262: [ParNew: 647026K->24831K(707840K), 0.0795780 secs] 1467939K->850182K(2018560K), 0.0800180 secs] [Times: user=0.15 sys=0.00, real=0.08 secs] 
46746.079: [GC (Allocation Failure) 46746.080: [ParNew: 654079K->34150K(707840K), 0.0865810 secs] 1479430K->862697K(2018560K), 0.0870330 secs] [Times: user=0.16 sys=0.00, real=0.09 secs] 
46774.856: [GC (Allocation Failure) 46774.856: [ParNew: 663398K->22499K(707840K), 0.0968940 secs] 1491945K->856363K(2018560K), 0.0972870 secs] [Times: user=0.19 sys=0.00, real=0.09 secs] 
46815.529: [GC (Allocation Failure) 46815.530: [ParNew: 651747K->36053K(707840K), 0.0994160 secs] 1485611K->875968K(2018560K), 0.0998040 secs] [Times: user=0.19 sys=0.00, real=0.10 secs] 
46847.294: [GC (Allocation Failure) 46847.294: [ParNew: 665301K->23103K(707840K), 0.0923550 secs] 1505216K->867125K(2018560K), 0.0927550 secs] [Times: user=0.18 sys=0.00, real=0.10 secs] 
46883.747: [GC (Allocation Failure) 46883.747: [ParNew: 652351K->26522K(707840K), 0.0984080 secs] 1496373K->877863K(2018560K), 0.0987940 secs] [Times: user=0.19 sys=0.00, real=0.10 secs] 
46931.639: [GC (Allocation Failure) 46931.639: [ParNew: 655770K->34775K(707840K), 0.0984470 secs] 1507111K->890850K(2018560K), 0.0988430 secs] [Times: user=0.19 sys=0.00, real=0.10 secs] 
46965.851: [GC (Allocation Failure) 46965.851: [ParNew: 664023K->22857K(707840K), 0.0741100 secs] 1520098K->884566K(2018560K), 0.0745170 secs] [Times: user=0.14 sys=0.00, real=0.08 secs] 
47000.451: [GC (Allocation Failure) 47000.451: [ParNew: 652105K->30898K(707840K), 0.0950800 secs] 1513814K->897271K(2018560K), 0.0954580 secs] [Times: user=0.19 sys=0.00, real=0.09 secs] 
47032.959: [GC (Allocation Failure) 47032.959: [ParNew: 660146K->37340K(707840K), 0.0999570 secs] 1526519K->909330K(2018560K), 0.1003580 secs] [Times: user=0.20 sys=0.01, real=0.10 secs] 
47064.447: [GC (Allocation Failure) 47064.447: [ParNew: 666588K->24480K(707840K), 0.0927900 secs] 1538578K->900851K(2018560K), 0.0932240 secs] [Times: user=0.18 sys=0.00, real=0.10 secs] 
47105.344: [GC (Allocation Failure) 47105.344: [ParNew: 653728K->28268K(707840K), 0.0952750 secs] 1530099K->911843K(2018560K), 0.0956800 secs] [Times: user=0.18 sys=0.01, real=0.10 secs] 
47139.185: [GC (Allocation Failure) 47139.185: [ParNew: 657516K->36336K(707840K), 0.1326540 secs] 1541091K->925606K(2018560K), 0.1330930 secs] [Times: user=0.19 sys=0.00, real=0.13 secs] 
47184.771: [GC (Allocation Failure) 47184.771: [ParNew: 665584K->29760K(707840K), 0.0756130 secs] 1554854K->923748K(2018560K), 0.0759880 secs] [Times: user=0.15 sys=0.00, real=0.07 secs] 
47228.263: [GC (Allocation Failure) 47228.263: [ParNew: 659008K->25977K(707840K), 0.0884070 secs] 1552996K->924161K(2018560K), 0.0888460 secs] [Times: user=0.17 sys=0.00, real=0.09 secs] 
47260.485: [GC (Allocation Failure) 47260.485: [ParNew: 655225K->26378K(707840K), 0.0991320 secs] 1553409K->931424K(2018560K), 0.0995440 secs] [Times: user=0.19 sys=0.00, real=0.10 secs] 
47293.024: [GC (Allocation Failure) 47293.025: [ParNew: 655626K->26484K(707840K), 0.0857810 secs] 1560672K->935293K(2018560K), 0.0862070 secs] [Times: user=0.17 sys=0.01, real=0.09 secs] 
47338.602: [Full GC (System.gc()) 47338.602: [CMS: 908809K->445912K(1310720K), 3.2549820 secs] 1553422K->445912K(2018560K), [Metaspace: 113927K->113927K(1153024K)], 3.2557100 secs] [Times: user=3.24 sys=0.01, real=3.25 secs] 
47370.933: [GC (Allocation Failure) 47370.933: [ParNew: 629248K->18417K(707840K), 0.0460650 secs] 1075160K->464329K(2018560K), 0.0464470 secs] [Times: user=0.09 sys=0.00, real=0.05 secs] 
47411.773: [GC (Allocation Failure) 47411.773: [ParNew: 647665K->15561K(707840K), 0.0571210 secs] 1093577K->461473K(2018560K), 0.0575070 secs] [Times: user=0.12 sys=0.00, real=0.05 secs] 
47451.669: [GC (Allocation Failure) 47451.669: [ParNew: 644809K->23491K(707840K), 0.0742410 secs] 1090721K->469404K(2018560K), 0.0746520 secs] [Times: user=0.15 sys=0.00, real=0.07 secs] 
47477.885: [GC (Allocation Failure) 47477.885: [ParNew: 652739K->33809K(707840K), 0.0952310 secs] 1098652K->486707K(2018560K), 0.0956530 secs] [Times: user=0.19 sys=0.00, real=0.09 secs] 
47499.402: [GC (Allocation Failure) 47499.402: [ParNew: 663057K->28859K(707840K), 0.1097480 secs] 1115955K->486376K(2018560K), 0.1101440 secs] [Times: user=0.22 sys=0.00, real=0.11 secs] 
47526.626: [GC (Allocation Failure) 47526.626: [ParNew: 658107K->32088K(707840K), 0.1040910 secs] 1115624K->495703K(2018560K), 0.1044930 secs] [Times: user=0.21 sys=0.00, real=0.10 secs] 
47562.791: [GC (Allocation Failure) 47562.791: [ParNew: 661336K->21820K(707840K), 0.0925320 secs] 1124951K->491806K(2018560K), 0.0929320 secs] [Times: user=0.18 sys=0.01, real=0.09 secs] 
47612.246: [GC (Allocation Failure) 47612.246: [ParNew: 651068K->18613K(707840K), 0.0907830 secs] 1121054K->495431K(2018560K), 0.0911740 secs] [Times: user=0.18 sys=0.00, real=0.09 secs] 
47653.292: [GC (Allocation Failure) 47653.292: [ParNew: 647861K->24187K(707840K), 0.0916210 secs] 1124679K->506859K(2018560K), 0.0920180 secs] [Times: user=0.18 sys=0.00, real=0.09 secs] 
47691.796: [GC (Allocation Failure) 47691.796: [ParNew: 653435K->24140K(707840K), 0.0788210 secs] 1136107K->508628K(2018560K), 0.0792150 secs] [Times: user=0.16 sys=0.00, real=0.07 secs] 
47717.617: [GC (Allocation Failure) 47717.617: [ParNew: 653388K->33894K(707840K), 0.0915400 secs] 1137876K->522278K(2018560K), 0.0919380 secs] [Times: user=0.19 sys=0.00, real=0.09 secs] 
47744.903: [GC (Allocation Failure) 47744.903: [ParNew: 663142K->23657K(707840K), 0.0988710 secs] 1151526K->517319K(2018560K), 0.0993520 secs] [Times: user=0.19 sys=0.00, real=0.10 secs] 
47770.132: [GC (Allocation Failure) 47770.133: [ParNew: 652905K->37153K(707840K), 0.1001420 secs] 1146567K->536541K(2018560K), 0.1005690 secs] [Times: user=0.19 sys=0.00, real=0.10 secs] 
47800.283: [GC (Allocation Failure) 47800.284: [ParNew: 666401K->31422K(707840K), 0.0997600 secs] 1165789K->536593K(2018560K), 0.1001510 secs] [Times: user=0.20 sys=0.00, real=0.10 secs] 
47840.167: [GC (Allocation Failure) 47840.167: [ParNew: 660670K->29105K(707840K), 0.0997910 secs] 1165841K->540263K(2018560K), 0.1002810 secs] [Times: user=0.20 sys=0.00, real=0.10 secs] 
47876.662: [GC (Allocation Failure) 47876.662: [ParNew: 658334K->29714K(707840K), 0.0823740 secs] 1169492K->547232K(2018560K), 0.0827550 secs] [Times: user=0.16 sys=0.01, real=0.09 secs] 
47917.186: [GC (Allocation Failure) 47917.186: [ParNew: 658962K->18831K(707840K), 0.0932650 secs] 1176480K->543014K(2018560K), 0.0936860 secs] [Times: user=0.18 sys=0.01, real=0.09 secs] 
47962.391: [GC (Allocation Failure) 47962.391: [ParNew: 648079K->14941K(707840K), 0.0808420 secs] 1172262K->542725K(2018560K), 0.0812830 secs] [Times: user=0.16 sys=0.00, real=0.08 secs] 
48017.444: [GC (Allocation Failure) 48017.444: [ParNew: 644189K->14288K(707840K), 0.0739080 secs] 1171973K->545194K(2018560K), 0.0742930 secs] [Times: user=0.14 sys=0.00, real=0.08 secs] 
48052.551: [GC (Allocation Failure) 48052.551: [ParNew: 643485K->27028K(707840K), 0.0790380 secs] 1174391K->560343K(2018560K), 0.0794580 secs] [Times: user=0.15 sys=0.00, real=0.08 secs] 
48090.130: [GC (Allocation Failure) 48090.131: [ParNew: 656276K->32232K(707840K), 0.0922750 secs] 1189591K->570805K(2018560K), 0.0927100 secs] [Times: user=0.18 sys=0.00, real=0.09 secs] 
48140.743: [GC (Allocation Failure) 48140.743: [ParNew: 661480K->21169K(707840K), 0.0832870 secs] 1200053K->562567K(2018560K), 0.0837190 secs] [Times: user=0.16 sys=0.00, real=0.09 secs] 
48182.733: [GC (Allocation Failure) 48182.733: [ParNew: 650417K->32557K(707840K), 0.0911260 secs] 1191815K->579262K(2018560K), 0.0915120 secs] [Times: user=0.17 sys=0.00, real=0.09 secs] 
48206.022: [GC (Allocation Failure) 48206.022: [ParNew: 661805K->21091K(707840K), 0.0976840 secs] 1208510K->573540K(2018560K), 0.0980890 secs] [Times: user=0.19 sys=0.01, real=0.10 secs] 
48251.824: [GC (Allocation Failure) 48251.825: [ParNew: 650339K->33605K(707840K), 0.0860350 secs] 1202788K->588755K(2018560K), 0.0864050 secs] [Times: user=0.17 sys=0.00, real=0.09 secs] 
48303.817: [GC (Allocation Failure) 48303.817: [ParNew: 662853K->23145K(707840K), 0.0914170 secs] 1218003K->582908K(2018560K), 0.0917930 secs] [Times: user=0.18 sys=0.01, real=0.10 secs] 
48342.121: [GC (Allocation Failure) 48342.122: [ParNew: 652393K->25517K(707840K), 0.1068040 secs] 1212156K->591390K(2018560K), 0.1072300 secs] [Times: user=0.21 sys=0.00, real=0.11 secs] 
48372.746: [GC (Allocation Failure) 48372.746: [ParNew: 654765K->38944K(707840K), 0.0962070 secs] 1220638K->610147K(2018560K), 0.0966050 secs] [Times: user=0.18 sys=0.01, real=0.10 secs] 
48417.416: [GC (Allocation Failure) 48417.416: [ParNew: 668192K->25079K(707840K), 0.0914570 secs] 1239395K->600108K(2018560K), 0.0918350 secs] [Times: user=0.18 sys=0.00, real=0.09 secs] 
48468.951: [GC (Allocation Failure) 48468.952: [ParNew: 654327K->26572K(707840K), 0.0938120 secs] 1229356K->607630K(2018560K), 0.0942720 secs] [Times: user=0.18 sys=0.00, real=0.10 secs] 
48510.917: [GC (Allocation Failure) 48510.917: [ParNew: 655820K->26224K(707840K), 0.0923340 secs] 1236878K->613590K(2018560K), 0.0927410 secs] [Times: user=0.18 sys=0.00, real=0.10 secs] 
48542.247: [GC (Allocation Failure) 48542.248: [ParNew: 655472K->32738K(707840K), 0.0899710 secs] 1242838K->622909K(2018560K), 0.0903940 secs] [Times: user=0.17 sys=0.01, real=0.09 secs] 
48583.082: [GC (Allocation Failure) 48583.082: [ParNew: 661986K->39482K(707840K), 0.0991420 secs] 1252157K->634321K(2018560K), 0.0995380 secs] [Times: user=0.20 sys=0.00, real=0.10 secs] 
48621.706: [GC (Allocation Failure) 48621.706: [ParNew: 668730K->26527K(707840K), 0.0996970 secs] 1263569K->627382K(2018560K), 0.1000970 secs] [Times: user=0.19 sys=0.00, real=0.10 secs] 
48662.448: [GC (Allocation Failure) 48662.448: [ParNew: 655775K->19336K(707840K), 0.0948550 secs] 1256630K->628482K(2018560K), 0.0952240 secs] [Times: user=0.19 sys=0.00, real=0.10 secs] 
48685.142: [GC (Allocation Failure) 48685.142: [ParNew: 648584K->25157K(707840K), 0.0975680 secs] 1257730K->639619K(2018560K), 0.0979340 secs] [Times: user=0.19 sys=0.00, real=0.10 secs] 
48704.879: [GC (Allocation Failure) 48704.880: [ParNew: 654405K->35599K(707840K), 0.0966300 secs] 1268867K->655074K(2018560K), 0.0970010 secs] [Times: user=0.19 sys=0.01, real=0.10 secs] 
48744.052: [GC (Allocation Failure) 48744.052: [ParNew: 664847K->24097K(707840K), 0.0926710 secs] 1284322K->647869K(2018560K), 0.0930540 secs] [Times: user=0.18 sys=0.00, real=0.09 secs] 
48786.476: [GC (Allocation Failure) 48786.476: [ParNew: 653345K->18634K(707840K), 0.0973670 secs] 1277117K->649210K(2018560K), 0.0978130 secs] [Times: user=0.19 sys=0.00, real=0.10 secs] 
48830.793: [GC (Allocation Failure) 48830.793: [ParNew: 647882K->17829K(707840K), 0.0991270 secs] 1278458K->655346K(2018560K), 0.0995140 secs] [Times: user=0.19 sys=0.01, real=0.10 secs] 
48873.939: [GC (Allocation Failure) 48873.939: [ParNew: 647077K->23019K(707840K), 0.0789640 secs] 1284594K->664187K(2018560K), 0.0793890 secs] [Times: user=0.15 sys=0.00, real=0.08 secs] 
48916.819: [GC (Allocation Failure) 48916.819: [ParNew: 652267K->22163K(707840K), 0.0835250 secs] 1293435K->666462K(2018560K), 0.0839060 secs] [Times: user=0.16 sys=0.01, real=0.09 secs] 
48956.494: [GC (Allocation Failure) 48956.494: [ParNew: 651411K->24004K(707840K), 0.0985070 secs] 1295710K->673053K(2018560K), 0.0989040 secs] [Times: user=0.19 sys=0.00, real=0.10 secs] 
48996.775: [GC (Allocation Failure) 48996.775: [ParNew: 653252K->32447K(707840K), 0.0938910 secs] 1302301K->684934K(2018560K), 0.0942880 secs] [Times: user=0.17 sys=0.00, real=0.09 secs] 
49041.558: [GC (Allocation Failure) 49041.558: [ParNew: 661695K->22431K(707840K), 0.0989470 secs] 1314182K->679084K(2018560K), 0.0994140 secs] [Times: user=0.19 sys=0.00, real=0.10 secs] 
49098.686: [GC (Allocation Failure) 49098.686: [ParNew: 651679K->24965K(707840K), 0.0997440 secs] 1308332K->687587K(2018560K), 0.1001400 secs] [Times: user=0.20 sys=0.00, real=0.10 secs] 
49130.674: [GC (Allocation Failure) 49130.674: [ParNew: 654213K->25912K(707840K), 0.0824560 secs] 1316835K->694245K(2018560K), 0.0828390 secs] [Times: user=0.16 sys=0.00, real=0.09 secs] 
49175.421: [GC (Allocation Failure) 49175.422: [ParNew: 655160K->34561K(707840K), 0.0880100 secs] 1323493K->706106K(2018560K), 0.0884540 secs] [Times: user=0.17 sys=0.01, real=0.08 secs] 
49212.347: [GC (Allocation Failure) 49212.347: [ParNew: 663809K->22846K(707840K), 0.0972520 secs] 1335354K->699156K(2018560K), 0.0976260 secs] [Times: user=0.18 sys=0.00, real=0.09 secs] 
49258.922: [GC (Allocation Failure) 49258.923: [ParNew: 652094K->26840K(707840K), 0.0993160 secs] 1328404K->709133K(2018560K), 0.0998210 secs] [Times: user=0.20 sys=0.00, real=0.10 secs] 
49291.235: [GC (Allocation Failure) 49291.235: [ParNew: 656088K->37433K(707840K), 0.0999020 secs] 1338381K->724205K(2018560K), 0.1002790 secs] [Times: user=0.19 sys=0.00, real=0.10 secs] 
49329.325: [GC (Allocation Failure) 49329.325: [ParNew: 666681K->25768K(707840K), 0.1049700 secs] 1353453K->718686K(2018560K), 0.1053840 secs] [Times: user=0.21 sys=0.00, real=0.10 secs] 
49365.153: [GC (Allocation Failure) 49365.154: [ParNew: 655016K->28836K(707840K), 0.0826300 secs] 1347934K->726949K(2018560K), 0.0829490 secs] [Times: user=0.16 sys=0.00, real=0.08 secs] 
49410.754: [GC (Allocation Failure) 49410.754: [ParNew: 658084K->31256K(707840K), 0.1046580 secs] 1356197K->735694K(2018560K), 0.1050400 secs] [Times: user=0.21 sys=0.00, real=0.11 secs] 
49447.864: [GC (Allocation Failure) 49447.865: [ParNew: 660504K->20998K(707840K), 0.0953260 secs] 1364942K->730699K(2018560K), 0.0957080 secs] [Times: user=0.19 sys=0.01, real=0.09 secs] 
49490.395: [GC (Allocation Failure) 49490.395: [ParNew: 650246K->20570K(707840K), 0.1003700 secs] 1359947K->736128K(2018560K), 0.1008100 secs] [Times: user=0.20 sys=0.00, real=0.10 secs] 
49542.484: [GC (Allocation Failure) 49542.484: [ParNew: 649818K->19519K(707840K), 0.0963710 secs] 1365376K->739772K(2018560K), 0.0967880 secs] [Times: user=0.19 sys=0.00, real=0.10 secs] 
49578.780: [GC (Allocation Failure) 49578.780: [ParNew: 648767K->36300K(707840K), 0.1555220 secs] 1369020K->762665K(2018560K), 0.1559190 secs] [Times: user=0.21 sys=0.01, real=0.16 secs] 
49594.026: [GC (Allocation Failure) 49594.026: [ParNew: 665548K->29779K(707840K), 0.0997850 secs] 1391913K->760300K(2018560K), 0.1001800 secs] [Times: user=0.20 sys=0.00, real=0.10 secs] 
49622.447: [GC (Allocation Failure) 49622.447: [ParNew: 659027K->39407K(707840K), 0.0998470 secs] 1389548K->773974K(2018560K), 0.1002470 secs] [Times: user=0.20 sys=0.00, real=0.10 secs] 
49651.021: [GC (Allocation Failure) 49651.021: [ParNew: 668655K->26379K(707840K), 0.1057320 secs] 1403222K->769809K(2018560K), 0.1061300 secs] [Times: user=0.20 sys=0.00, real=0.11 secs] 
49674.156: [GC (Allocation Failure) 49674.156: [ParNew: 655627K->33758K(707840K), 0.0959180 secs] 1399057K->783450K(2018560K), 0.0963230 secs] [Times: user=0.19 sys=0.01, real=0.10 secs] 
49705.048: [GC (Allocation Failure) 49705.048: [ParNew: 663006K->22377K(707840K), 0.0924660 secs] 1412698K->776900K(2018560K), 0.0928920 secs] [Times: user=0.18 sys=0.00, real=0.09 secs] 
49746.753: [GC (Allocation Failure) 49746.753: [ParNew: 651625K->25648K(707840K), 0.0948140 secs] 1406148K->785659K(2018560K), 0.0951880 secs] [Times: user=0.18 sys=0.01, real=0.10 secs] 
49784.543: [GC (Allocation Failure) 49784.544: [ParNew: 654896K->27172K(707840K), 0.0922590 secs] 1414907K->792885K(2018560K), 0.0926330 secs] [Times: user=0.18 sys=0.00, real=0.10 secs] 
49817.045: [GC (Allocation Failure) 49817.046: [ParNew: 656420K->35521K(707840K), 0.0995810 secs] 1422133K->805363K(2018560K), 0.0999850 secs] [Times: user=0.18 sys=0.00, real=0.10 secs] 
49849.496: [GC (Allocation Failure) 49849.496: [ParNew: 664769K->23686K(707840K), 0.0926610 secs] 1434611K->798459K(2018560K), 0.0931010 secs] [Times: user=0.18 sys=0.00, real=0.09 secs] 
49887.411: [GC (Allocation Failure) 49887.411: [ParNew: 652934K->34998K(707840K), 0.1045210 secs] 1427707K->815097K(2018560K), 0.1048960 secs] [Times: user=0.19 sys=0.01, real=0.10 secs] 
49927.296: [GC (Allocation Failure) 49927.296: [ParNew: 664246K->22562K(707840K), 0.0927380 secs] 1444345K->807674K(2018560K), 0.0931200 secs] [Times: user=0.18 sys=0.00, real=0.09 secs] 
49960.765: [GC (Allocation Failure) 49960.765: [ParNew: 651810K->32005K(707840K), 0.0971250 secs] 1436922K->822130K(2018560K), 0.0975360 secs] [Times: user=0.19 sys=0.00, real=0.10 secs] 
49995.888: [GC (Allocation Failure) 49995.888: [ParNew: 661253K->22239K(707840K), 0.0935940 secs] 1451378K->817101K(2018560K), 0.0939870 secs] [Times: user=0.18 sys=0.00, real=0.09 secs] 
50045.362: [GC (Allocation Failure) 50045.362: [ParNew: 651487K->34955K(707840K), 0.0873580 secs] 1446349K->834053K(2018560K), 0.0877850 secs] [Times: user=0.17 sys=0.00, real=0.09 secs] 
50093.187: [GC (Allocation Failure) 50093.187: [ParNew: 664203K->22731K(707840K), 0.0922600 secs] 1463301K->828351K(2018560K), 0.0926500 secs] [Times: user=0.17 sys=0.01, real=0.09 secs] 
50133.618: [GC (Allocation Failure) 50133.619: [ParNew: 651979K->28703K(707840K), 0.0804260 secs] 1457599K->837134K(2018560K), 0.0808650 secs] [Times: user=0.15 sys=0.00, real=0.08 secs] 
50181.123: [GC (Allocation Failure) 50181.123: [ParNew: 657951K->19788K(707840K), 0.0868490 secs] 1466382K->832446K(2018560K), 0.0872390 secs] [Times: user=0.16 sys=0.00, real=0.09 secs] 
50215.003: [GC (Allocation Failure) 50215.004: [ParNew: 649036K->30326K(707840K), 0.0955380 secs] 1461694K->847595K(2018560K), 0.0961230 secs] [Times: user=0.18 sys=0.00, real=0.10 secs] 
50245.604: [GC (Allocation Failure) 50245.604: [ParNew: 659574K->35183K(707840K), 0.0911620 secs] 1476843K->856363K(2018560K), 0.0915790 secs] [Times: user=0.18 sys=0.00, real=0.09 secs] 
50276.457: [GC (Allocation Failure) 50276.457: [ParNew: 664431K->23057K(707840K), 0.0912760 secs] 1485611K->848396K(2018560K), 0.0916930 secs] [Times: user=0.18 sys=0.00, real=0.10 secs] 
50312.798: [GC (Allocation Failure) 50312.798: [ParNew: 652300K->26799K(707840K), 0.0959950 secs] 1477639K->858367K(2018560K), 0.0963780 secs] [Times: user=0.19 sys=0.00, real=0.10 secs] 
50359.368: [GC (Allocation Failure) 50359.368: [ParNew: 656047K->17979K(707840K), 0.0876310 secs] 1487615K->854538K(2018560K), 0.0880240 secs] [Times: user=0.17 sys=0.00, real=0.09 secs] 
50397.196: [GC (Allocation Failure) 50397.196: [ParNew: 647227K->25312K(707840K), 0.0705540 secs] 1483786K->866953K(2018560K), 0.0709260 secs] [Times: user=0.13 sys=0.00, real=0.08 secs] 
50442.970: [GC (Allocation Failure) 50442.971: [ParNew: 654560K->23947K(707840K), 0.0810630 secs] 1496201K->869449K(2018560K), 0.0814590 secs] [Times: user=0.16 sys=0.00, real=0.08 secs] 
50491.301: [GC (Allocation Failure) 50491.301: [ParNew: 653195K->16066K(707840K), 0.0785750 secs] 1498697K->865521K(2018560K), 0.0789570 secs] [Times: user=0.15 sys=0.00, real=0.07 secs] 
50524.468: [GC (Allocation Failure) 50524.469: [ParNew: 645314K->29336K(707840K), 0.0864780 secs] 1494769K->882102K(2018560K), 0.0869190 secs] [Times: user=0.17 sys=0.00, real=0.08 secs] 
50568.458: [GC (Allocation Failure) 50568.458: [ParNew: 658584K->20041K(707840K), 0.0980710 secs] 1511350K->877212K(2018560K), 0.0985360 secs] [Times: user=0.19 sys=0.01, real=0.10 secs] 
50601.759: [GC (Allocation Failure) 50601.760: [ParNew: 649289K->30771K(707840K), 0.0916220 secs] 1506460K->891762K(2018560K), 0.0920330 secs] [Times: user=0.18 sys=0.01, real=0.09 secs] 
50636.543: [GC (Allocation Failure) 50636.544: [ParNew: 660019K->28360K(707840K), 0.0875230 secs] 1521010K->895603K(2018560K), 0.0878700 secs] [Times: user=0.17 sys=0.00, real=0.08 secs] 
50682.408: [GC (Allocation Failure) 50682.408: [ParNew: 657608K->29608K(707840K), 0.0969980 secs] 1524851K->901284K(2018560K), 0.0973920 secs] [Times: user=0.19 sys=0.00, real=0.10 secs] 
50711.842: [GC (Allocation Failure) 50711.843: [ParNew: 658856K->28783K(707840K), 0.1058100 secs] 1530532K->906651K(2018560K), 0.1062100 secs] [Times: user=0.21 sys=0.00, real=0.11 secs] 
50738.879: [GC (Allocation Failure) 50738.879: [ParNew: 658031K->28631K(707840K), 0.0960580 secs] 1535899K->912101K(2018560K), 0.0964990 secs] [Times: user=0.19 sys=0.00, real=0.09 secs] 
50775.953: [GC (Allocation Failure) 50775.953: [ParNew: 657879K->37815K(707840K), 0.0961990 secs] 1541349K->926024K(2018560K), 0.0965530 secs] [Times: user=0.19 sys=0.00, real=0.10 secs] 
50804.250: [GC (Allocation Failure) 50804.250: [ParNew: 667063K->24777K(707840K), 0.0978850 secs] 1555272K->918981K(2018560K), 0.0982890 secs] [Times: user=0.19 sys=0.00, real=0.09 secs] 
50844.807: [GC (Allocation Failure) 50844.807: [ParNew: 654025K->26391K(707840K), 0.0938220 secs] 1548229K->926675K(2018560K), 0.0942700 secs] [Times: user=0.18 sys=0.00, real=0.09 secs] 
50888.343: [GC (Allocation Failure) 50888.343: [ParNew: 655639K->26339K(707840K), 0.0959510 secs] 1555923K->932473K(2018560K), 0.0963260 secs] [Times: user=0.18 sys=0.00, real=0.09 secs] 
50923.756: [GC (Allocation Failure) 50923.756: [ParNew: 655587K->27050K(707840K), 0.0925790 secs] 1561721K->938257K(2018560K), 0.0929620 secs] [Times: user=0.18 sys=0.00, real=0.10 secs] 
50941.870: [Full GC (System.gc()) 50941.870: [CMS: 911206K->462519K(1310720K), 2.7404810 secs] 1164638K->462519K(2018560K), [Metaspace: 114135K->114135K(1153024K)], 2.7412640 secs] [Times: user=2.72 sys=0.01, real=2.74 secs] 
50976.933: [GC (Allocation Failure) 50976.933: [ParNew: 629248K->18329K(707840K), 0.0467140 secs] 1091767K->480848K(2018560K), 0.0471180 secs] [Times: user=0.09 sys=0.00, real=0.05 secs] 
51017.452: [GC (Allocation Failure) 51017.452: [ParNew: 647577K->15090K(707840K), 0.0580350 secs] 1110096K->477609K(2018560K), 0.0584160 secs] [Times: user=0.11 sys=0.00, real=0.06 secs] 
51062.296: [GC (Allocation Failure) 51062.297: [ParNew: 644338K->22809K(707840K), 0.0695790 secs] 1106857K->485329K(2018560K), 0.0700220 secs] [Times: user=0.14 sys=0.00, real=0.07 secs] 
51107.252: [GC (Allocation Failure) 51107.253: [ParNew: 652057K->23946K(707840K), 0.0900090 secs] 1114577K->492671K(2018560K), 0.0904040 secs] [Times: user=0.17 sys=0.00, real=0.09 secs] 
51150.029: [GC (Allocation Failure) 51150.029: [ParNew: 653194K->32229K(707840K), 0.0908280 secs] 1121919K->504767K(2018560K), 0.0912160 secs] [Times: user=0.18 sys=0.00, real=0.09 secs] 
51189.095: [GC (Allocation Failure) 51189.354: [ParNew: 661477K->28345K(707840K), 0.0936440 secs] 1134015K->504610K(2018560K), 0.3524370 secs] [Times: user=0.18 sys=0.00, real=0.36 secs] 
51215.245: [GC (Allocation Failure) 51215.245: [ParNew: 657593K->37694K(707840K), 0.1071760 secs] 1133858K->518237K(2018560K), 0.1077310 secs] [Times: user=0.19 sys=0.00, real=0.11 secs] 
51261.436: [GC (Allocation Failure) 51261.436: [ParNew: 666942K->24884K(707840K), 0.0922200 secs] 1147485K->509622K(2018560K), 0.0926200 secs] [Times: user=0.18 sys=0.00, real=0.10 secs] 
51301.826: [GC (Allocation Failure) 51301.827: [ParNew: 654132K->27359K(707840K), 0.0962190 secs] 1138870K->519363K(2018560K), 0.0965920 secs] [Times: user=0.19 sys=0.00, real=0.09 secs] 
51330.895: [GC (Allocation Failure) 51330.895: [ParNew: 656607K->36593K(707840K), 0.0923290 secs] 1148611K->534145K(2018560K), 0.0927070 secs] [Times: user=0.18 sys=0.00, real=0.09 secs] 
51373.220: [GC (Allocation Failure) 51373.220: [ParNew: 665841K->23374K(707840K), 0.0880720 secs] 1163393K->525029K(2018560K), 0.0884750 secs] [Times: user=0.18 sys=0.00, real=0.09 secs] 
51409.297: [GC (Allocation Failure) 51409.298: [ParNew: 652616K->24484K(707840K), 0.0909100 secs] 1154272K->531750K(2018560K), 0.0913030 secs] [Times: user=0.18 sys=0.01, real=0.09 secs] 
51441.765: [GC (Allocation Failure) 51441.766: [ParNew: 653732K->25044K(707840K), 0.0928280 secs] 1160998K->538367K(2018560K), 0.0932690 secs] [Times: user=0.18 sys=0.00, real=0.10 secs] 
51466.793: [GC (Allocation Failure) 51466.793: [ParNew: 654292K->24727K(707840K), 0.0867620 secs] 1167615K->542436K(2018560K), 0.0871510 secs] [Times: user=0.16 sys=0.00, real=0.09 secs] 
51505.125: [GC (Allocation Failure) 51505.125: [ParNew: 653975K->33062K(707840K), 0.0845880 secs] 1171684K->553836K(2018560K), 0.0849720 secs] [Times: user=0.16 sys=0.00, real=0.08 secs] 
51543.197: [GC (Allocation Failure) 51543.197: [ParNew: 662310K->22362K(707840K), 0.0951150 secs] 1183084K->549565K(2018560K), 0.0955030 secs] [Times: user=0.19 sys=0.01, real=0.10 secs] 
51577.969: [GC (Allocation Failure) 51577.969: [ParNew: 651610K->31928K(707840K), 0.0788930 secs] 1178813K->564372K(2018560K), 0.0792890 secs] [Times: user=0.15 sys=0.00, real=0.08 secs] 
51610.357: [GC (Allocation Failure) 51610.358: [ParNew: 661176K->20890K(707840K), 0.0909650 secs] 1193620K->558643K(2018560K), 0.0913750 secs] [Times: user=0.18 sys=0.00, real=0.09 secs] 
51649.399: [GC (Allocation Failure) 51649.400: [ParNew: 650138K->31979K(707840K), 0.0935450 secs] 1187891K->574829K(2018560K), 0.0940270 secs] [Times: user=0.19 sys=0.00, real=0.09 secs] 
51686.095: [GC (Allocation Failure) 51686.095: [ParNew: 661227K->22174K(707840K), 0.0890290 secs] 1204077K->569998K(2018560K), 0.0894300 secs] [Times: user=0.17 sys=0.00, real=0.09 secs] 
51717.074: [GC (Allocation Failure) 51717.075: [ParNew: 651422K->23946K(707840K), 0.0822960 secs] 1199246K->577636K(2018560K), 0.0826910 secs] [Times: user=0.15 sys=0.00, real=0.08 secs] 
51749.200: [GC (Allocation Failure) 51749.484: [ParNew: 653194K->25669K(707840K), 0.0913050 secs] 1206884K->585095K(2018560K), 0.3746640 secs] [Times: user=0.18 sys=0.00, real=0.38 secs] 
51781.088: [GC (Allocation Failure) 51781.089: [ParNew: 654917K->26601K(707840K), 0.0881690 secs] 1214343K->590558K(2018560K), 0.0885820 secs] [Times: user=0.18 sys=0.00, real=0.09 secs] 
51813.262: [GC (Allocation Failure) 51813.262: [ParNew: 655849K->27052K(707840K), 0.0931910 secs] 1219806K->596495K(2018560K), 0.0936110 secs] [Times: user=0.18 sys=0.00, real=0.09 secs] 
51860.239: [GC (Allocation Failure) 51860.240: [ParNew: 656300K->27584K(707840K), 0.0889310 secs] 1225743K->602601K(2018560K), 0.0893380 secs] [Times: user=0.17 sys=0.00, real=0.09 secs] 
51892.237: [GC (Allocation Failure) 51892.237: [ParNew: 656832K->34962K(707840K), 0.0844370 secs] 1231849K->613908K(2018560K), 0.0848500 secs] [Times: user=0.17 sys=0.00, real=0.08 secs] 
51929.494: [GC (Allocation Failure) 51929.494: [ParNew: 664210K->22491K(707840K), 0.0955390 secs] 1243156K->607982K(2018560K), 0.0959770 secs] [Times: user=0.19 sys=0.00, real=0.10 secs] 
51975.143: [GC (Allocation Failure) 51975.143: [ParNew: 651739K->23414K(707840K), 0.0879500 secs] 1237230K->613573K(2018560K), 0.0883600 secs] [Times: user=0.17 sys=0.01, real=0.09 secs] 
52018.471: [GC (Allocation Failure) 52018.471: [ParNew: 652662K->25491K(707840K), 0.0868330 secs] 1242821K->619995K(2018560K), 0.0872320 secs] [Times: user=0.17 sys=0.00, real=0.09 secs] 
52046.823: [GC (Allocation Failure) 52046.824: [ParNew: 654739K->25315K(707840K), 0.0965640 secs] 1249243K->624581K(2018560K), 0.0969970 secs] [Times: user=0.19 sys=0.00, real=0.10 secs] 
52084.487: [GC (Allocation Failure) 52084.487: [ParNew: 654563K->18523K(707840K), 0.0872000 secs] 1253829K->622578K(2018560K), 0.0876270 secs] [Times: user=0.17 sys=0.00, real=0.09 secs] 
52111.612: [GC (Allocation Failure) 52111.612: [ParNew: 647771K->34909K(707840K), 0.0959610 secs] 1251826K->644474K(2018560K), 0.0963570 secs] [Times: user=0.19 sys=0.00, real=0.10 secs] 
52139.586: [GC (Allocation Failure) 52139.586: [ParNew: 664157K->22714K(707840K), 0.0918570 secs] 1273722K->638026K(2018560K), 0.0922860 secs] [Times: user=0.18 sys=0.00, real=0.09 secs] 
52181.677: [GC (Allocation Failure) 52181.677: [ParNew: 651962K->31550K(707840K), 0.0859070 secs] 1267274K->650602K(2018560K), 0.0863500 secs] [Times: user=0.17 sys=0.00, real=0.09 secs] 
52214.119: [GC (Allocation Failure) 52214.120: [ParNew: 660798K->20657K(707840K), 0.0901780 secs] 1279850K->645030K(2018560K), 0.0906000 secs] [Times: user=0.17 sys=0.00, real=0.09 secs] 
52246.188: [GC (Allocation Failure) 52246.189: [ParNew: 649905K->31071K(707840K), 0.0876930 secs] 1274278K->660395K(2018560K), 0.0881920 secs] [Times: user=0.17 sys=0.00, real=0.08 secs] 
52286.242: [GC (Allocation Failure) 52286.242: [ParNew: 660319K->20603K(707840K), 0.0854590 secs] 1289643K->654157K(2018560K), 0.0858660 secs] [Times: user=0.17 sys=0.00, real=0.09 secs] 
52320.566: [GC (Allocation Failure) 52320.566: [ParNew: 649851K->29258K(707840K), 0.0949150 secs] 1283405K->667664K(2018560K), 0.0953270 secs] [Times: user=0.18 sys=0.00, real=0.10 secs] 
52353.801: [GC (Allocation Failure) 52353.801: [ParNew: 658506K->26746K(707840K), 0.0707490 secs] 1296912K->669479K(2018560K), 0.0711060 secs] [Times: user=0.14 sys=0.00, real=0.07 secs] 
52404.986: [GC (Allocation Failure) 52404.986: [ParNew: 655994K->26746K(707840K), 0.0900400 secs] 1298727K->673703K(2018560K), 0.0904480 secs] [Times: user=0.18 sys=0.00, real=0.09 secs] 
52439.137: [GC (Allocation Failure) 52439.137: [ParNew: 655994K->18094K(707840K), 0.0924870 secs] 1302951K->670990K(2018560K), 0.0928870 secs] [Times: user=0.18 sys=0.00, real=0.09 secs] 
52470.314: [GC (Allocation Failure) 52470.314: [ParNew: 647342K->33889K(707840K), 0.0891540 secs] 1300238K->690949K(2018560K), 0.0895680 secs] [Times: user=0.17 sys=0.00, real=0.09 secs] 
52503.831: [GC (Allocation Failure) 52503.831: [ParNew: 663137K->22321K(707840K), 0.0899290 secs] 1320197K->683848K(2018560K), 0.0903290 secs] [Times: user=0.18 sys=0.00, real=0.09 secs] 
52540.265: [GC (Allocation Failure) 52540.265: [ParNew: 651569K->34083K(707840K), 0.0892830 secs] 1313096K->699800K(2018560K), 0.0897000 secs] [Times: user=0.17 sys=0.00, real=0.09 secs] 
52572.374: [GC (Allocation Failure) 52572.374: [ParNew: 663331K->23824K(707840K), 0.0940760 secs] 1329048K->695697K(2018560K), 0.0945270 secs] [Times: user=0.19 sys=0.00, real=0.10 secs] 
52605.403: [GC (Allocation Failure) 52605.403: [ParNew: 653072K->34776K(707840K), 0.0920750 secs] 1324945K->712627K(2018560K), 0.0924660 secs] [Times: user=0.18 sys=0.00, real=0.09 secs] 
52632.666: [GC (Allocation Failure) 52632.666: [ParNew: 664024K->22771K(707840K), 0.0937950 secs] 1341875K->705664K(2018560K), 0.0941950 secs] [Times: user=0.18 sys=0.00, real=0.10 secs] 
52667.236: [GC (Allocation Failure) 52667.236: [ParNew: 652019K->26975K(707840K), 0.0967480 secs] 1334912K->715117K(2018560K), 0.0971360 secs] [Times: user=0.19 sys=0.01, real=0.10 secs] 
52714.552: [GC (Allocation Failure) 52714.552: [ParNew: 656223K->29332K(707840K), 0.0901800 secs] 1344365K->722693K(2018560K), 0.0905670 secs] [Times: user=0.18 sys=0.00, real=0.09 secs] 
52766.610: [GC (Allocation Failure) 52766.610: [ParNew: 658580K->22881K(707840K), 0.0853650 secs] 1351941K->722215K(2018560K), 0.0857760 secs] [Times: user=0.16 sys=0.00, real=0.08 secs] 
52799.163: [GC (Allocation Failure) 52799.163: [ParNew: 652129K->27227K(707840K), 0.0868400 secs] 1351463K->731239K(2018560K), 0.0872330 secs] [Times: user=0.17 sys=0.00, real=0.08 secs] 
52827.760: [GC (Allocation Failure) 52827.761: [ParNew: 656475K->28354K(707840K), 0.0850480 secs] 1360487K->735700K(2018560K), 0.0854500 secs] [Times: user=0.16 sys=0.00, real=0.08 secs] 
52867.156: [GC (Allocation Failure) 52867.156: [ParNew: 657602K->33632K(707840K), 0.0880550 secs] 1364948K->744732K(2018560K), 0.0884700 secs] [Times: user=0.18 sys=0.00, real=0.09 secs] 
52903.080: [GC (Allocation Failure) 52903.080: [ParNew: 662880K->23262K(707840K), 0.0935570 secs] 1373980K->740389K(2018560K), 0.0939630 secs] [Times: user=0.18 sys=0.00, real=0.09 secs] 
52929.809: [GC (Allocation Failure) 52929.810: [ParNew: 652510K->32428K(707840K), 0.0991040 secs] 1369637K->755101K(2018560K), 0.0994920 secs] [Times: user=0.18 sys=0.00, real=0.10 secs] 
52961.240: [GC (Allocation Failure) 52961.240: [ParNew: 661676K->21847K(707840K), 0.0884310 secs] 1384349K->749266K(2018560K), 0.0888340 secs] [Times: user=0.18 sys=0.00, real=0.09 secs] 
53016.023: [GC (Allocation Failure) 53016.023: [ParNew: 651095K->32440K(707840K), 0.0845750 secs] 1378514K->764507K(2018560K), 0.0849720 secs] [Times: user=0.17 sys=0.01, real=0.09 secs] 
53040.741: [GC (Allocation Failure) 53040.741: [ParNew: 661688K->26043K(707840K), 0.0921040 secs] 1393755K->762176K(2018560K), 0.0924730 secs] [Times: user=0.18 sys=0.01, real=0.09 secs] 
53073.617: [GC (Allocation Failure) 53073.617: [ParNew: 655291K->26601K(707840K), 0.0918530 secs] 1391424K->768570K(2018560K), 0.0922350 secs] [Times: user=0.18 sys=0.00, real=0.09 secs] 
53111.574: [GC (Allocation Failure) 53111.575: [ParNew: 655849K->18007K(707840K), 0.0848400 secs] 1397818K->763827K(2018560K), 0.0852320 secs] [Times: user=0.17 sys=0.01, real=0.09 secs] 
53162.652: [GC (Allocation Failure) 53162.653: [ParNew: 647255K->25733K(707840K), 0.0921920 secs] 1393075K->778064K(2018560K), 0.0926420 secs] [Times: user=0.18 sys=0.00, real=0.09 secs] 
53197.705: [GC (Allocation Failure) 53197.705: [ParNew: 654981K->31831K(707840K), 0.0859480 secs] 1407312K->788506K(2018560K), 0.0863730 secs] [Times: user=0.17 sys=0.00, real=0.08 secs] 
53234.710: [GC (Allocation Failure) 53234.710: [ParNew: 661071K->20496K(707840K), 0.0850300 secs] 1417746K->780464K(2018560K), 0.0854270 secs] [Times: user=0.17 sys=0.00, real=0.08 secs] 
53257.954: [GC (Allocation Failure) 53257.954: [ParNew: 649744K->32206K(707840K), 0.1015930 secs] 1409712K->797326K(2018560K), 0.1019900 secs] [Times: user=0.19 sys=0.00, real=0.10 secs] 
53276.975: [GC (Allocation Failure) 53276.975: [ParNew: 661454K->30603K(707840K), 0.0855550 secs] 1426574K->800557K(2018560K), 0.0859220 secs] [Times: user=0.16 sys=0.00, real=0.08 secs] 
53309.675: [GC (Allocation Failure) 53309.675: [ParNew: 659851K->22978K(707840K), 0.1002040 secs] 1429805K->798476K(2018560K), 0.1005960 secs] [Times: user=0.19 sys=0.00, real=0.10 secs] 
53353.098: [GC (Allocation Failure) 53353.098: [ParNew: 652226K->22235K(707840K), 0.1047120 secs] 1427724K->808294K(2018560K), 0.1050850 secs] [Times: user=0.21 sys=0.00, real=0.10 secs] 
53386.324: [GC (Allocation Failure) 53386.324: [ParNew: 651479K->16588K(707840K), 0.0847310 secs] 1437538K->808275K(2018560K), 0.0851120 secs] [Times: user=0.17 sys=0.00, real=0.08 secs] 
53429.772: [GC (Allocation Failure) 53429.772: [ParNew: 645836K->22646K(707840K), 0.0763120 secs] 1437523K->817560K(2018560K), 0.0766970 secs] [Times: user=0.15 sys=0.00, real=0.08 secs] 
53466.056: [GC (Allocation Failure) 53466.056: [ParNew: 651894K->22268K(707840K), 0.0786030 secs] 1446808K->820388K(2018560K), 0.0791730 secs] [Times: user=0.16 sys=0.00, real=0.08 secs] 
53497.852: [GC (Allocation Failure) 53497.852: [ParNew: 651516K->23355K(707840K), 0.0892910 secs] 1449636K->826063K(2018560K), 0.0897000 secs] [Times: user=0.17 sys=0.00, real=0.09 secs] 
53531.878: [GC (Allocation Failure) 53531.879: [ParNew: 652603K->33640K(707840K), 0.0820380 secs] 1455311K->839502K(2018560K), 0.0824340 secs] [Times: user=0.16 sys=0.00, real=0.08 secs] 
53562.874: [GC (Allocation Failure) 53562.874: [ParNew: 662888K->21954K(707840K), 0.0893670 secs] 1468750K->832828K(2018560K), 0.0897480 secs] [Times: user=0.18 sys=0.00, real=0.09 secs] 
53608.127: [GC (Allocation Failure) 53608.127: [ParNew: 651202K->23689K(707840K), 0.0880800 secs] 1462076K->840368K(2018560K), 0.0884830 secs] [Times: user=0.17 sys=0.00, real=0.09 secs] 
53645.509: [GC (Allocation Failure) 53645.509: [ParNew: 652937K->30697K(707840K), 0.0824520 secs] 1469616K->851098K(2018560K), 0.0828630 secs] [Times: user=0.16 sys=0.01, real=0.09 secs] 
53678.255: [GC (Allocation Failure) 53678.255: [ParNew: 659945K->19812K(707840K), 0.0954720 secs] 1480346K->844931K(2018560K), 0.0958720 secs] [Times: user=0.18 sys=0.00, real=0.10 secs] 
53699.663: [GC (Allocation Failure) 53699.663: [ParNew: 649060K->32990K(707840K), 0.1018710 secs] 1474179K->862357K(2018560K), 0.1022770 secs] [Times: user=0.20 sys=0.01, real=0.10 secs] 
53740.169: [GC (Allocation Failure) 53740.169: [ParNew: 662238K->32206K(707840K), 0.0963470 secs] 1491605K->866453K(2018560K), 0.0967420 secs] [Times: user=0.19 sys=0.00, real=0.10 secs] 
53791.412: [GC (Allocation Failure) 53791.412: [ParNew: 661454K->21489K(707840K), 0.0907240 secs] 1495701K->862637K(2018560K), 0.0911220 secs] [Times: user=0.17 sys=0.00, real=0.10 secs] 
53835.909: [GC (Allocation Failure) 53835.909: [ParNew: 650737K->15536K(707840K), 0.0800120 secs] 1491885K->860668K(2018560K), 0.0804950 secs] [Times: user=0.16 sys=0.00, real=0.09 secs] 
53891.935: [GC (Allocation Failure) 53891.935: [ParNew: 644784K->13833K(707840K), 0.0641480 secs] 1489916K->862358K(2018560K), 0.0645400 secs] [Times: user=0.12 sys=0.01, real=0.07 secs] 
53945.185: [GC (Allocation Failure) 53945.185: [ParNew: 643081K->18210K(707840K), 0.0686930 secs] 1491606K->869305K(2018560K), 0.0690980 secs] [Times: user=0.14 sys=0.00, real=0.07 secs] 
53983.544: [GC (Allocation Failure) 53983.544: [ParNew: 647458K->23909K(707840K), 0.0800270 secs] 1498553K->878237K(2018560K), 0.0804270 secs] [Times: user=0.16 sys=0.00, real=0.08 secs] 
54027.100: [GC (Allocation Failure) 54027.100: [ParNew: 653154K->28273K(707840K), 0.0805630 secs] 1507482K->885251K(2018560K), 0.0809860 secs] [Times: user=0.16 sys=0.00, real=0.08 secs] 
54066.801: [GC (Allocation Failure) 54066.801: [ParNew: 657521K->24907K(707840K), 0.0857220 secs] 1514499K->885296K(2018560K), 0.0861420 secs] [Times: user=0.16 sys=0.00, real=0.09 secs] 
54117.527: [GC (Allocation Failure) 54117.527: [ParNew: 654155K->17502K(707840K), 0.0806540 secs] 1514544K->883555K(2018560K), 0.0810390 secs] [Times: user=0.16 sys=0.00, real=0.08 secs] 
54171.357: [GC (Allocation Failure) 54171.358: [ParNew: 646750K->23155K(707840K), 0.0806720 secs] 1512803K->893671K(2018560K), 0.0811050 secs] [Times: user=0.16 sys=0.00, real=0.08 secs] 
54234.922: [GC (Allocation Failure) 54234.922: [ParNew: 652403K->18072K(707840K), 0.0794750 secs] 1522919K->891780K(2018560K), 0.0798770 secs] [Times: user=0.16 sys=0.01, real=0.08 secs] 
54291.527: [GC (Allocation Failure) 54291.528: [ParNew: 647320K->18834K(707840K), 0.0710560 secs] 1521028K->895431K(2018560K), 0.0714890 secs] [Times: user=0.14 sys=0.00, real=0.08 secs] 
54352.798: [GC (Allocation Failure) 54352.799: [ParNew: 648082K->18469K(707840K), 0.0682780 secs] 1524679K->898192K(2018560K), 0.0686900 secs] [Times: user=0.13 sys=0.00, real=0.06 secs] 
54415.905: [GC (Allocation Failure) 54415.905: [ParNew: 647717K->14346K(707840K), 0.0675020 secs] 1527440K->896853K(2018560K), 0.0678960 secs] [Times: user=0.13 sys=0.00, real=0.07 secs] 
54489.177: [GC (Allocation Failure) 54489.419: [ParNew: 643594K->21030K(707840K), 0.0658820 secs] 1526101K->905754K(2018560K), 0.3071990 secs] [Times: user=0.13 sys=0.00, real=0.31 secs] 
54544.622: [Full GC (System.gc()) 54544.622: [CMS: 884723K->406750K(1310720K), 2.5289940 secs] 1425277K->406750K(2018560K), [Metaspace: 114262K->114262K(1153024K)], 2.5297460 secs] [Times: user=2.51 sys=0.03, real=2.53 secs] 
54612.289: [GC (Allocation Failure) 54612.289: [ParNew: 629247K->10422K(707840K), 0.0445490 secs] 1035998K->417173K(2018560K), 0.0449210 secs] [Times: user=0.09 sys=0.00, real=0.04 secs] 
54681.541: [GC (Allocation Failure) 54681.541: [ParNew: 639670K->14263K(707840K), 0.0529020 secs] 1046421K->421014K(2018560K), 0.0533100 secs] [Times: user=0.10 sys=0.00, real=0.05 secs] 
54758.040: [GC (Allocation Failure) 54758.041: [ParNew: 643511K->20430K(707840K), 0.0587700 secs] 1050262K->427181K(2018560K), 0.0591420 secs] [Times: user=0.11 sys=0.00, real=0.06 secs] 
54832.843: [GC (Allocation Failure) 54832.844: [ParNew: 649678K->17845K(707840K), 0.0712120 secs] 1056429K->428264K(2018560K), 0.0715960 secs] [Times: user=0.14 sys=0.00, real=0.07 secs] 
54910.590: [GC (Allocation Failure) 54910.590: [ParNew: 647093K->18532K(707840K), 0.0701910 secs] 1057512K->432154K(2018560K), 0.0705710 secs] [Times: user=0.14 sys=0.00, real=0.07 secs] 
54992.894: [GC (Allocation Failure) 54992.894: [ParNew: 647780K->24256K(707840K), 0.0746340 secs] 1061402K->440656K(2018560K), 0.0750280 secs] [Times: user=0.14 sys=0.00, real=0.08 secs] 
55084.052: [GC (Allocation Failure) 55084.052: [ParNew: 653504K->19999K(707840K), 0.0762860 secs] 1069904K->439066K(2018560K), 0.0766870 secs] [Times: user=0.15 sys=0.00, real=0.07 secs] 
55164.157: [GC (Allocation Failure) 55164.158: [ParNew: 649247K->25741K(707840K), 0.0843120 secs] 1068314K->448118K(2018560K), 0.0848190 secs] [Times: user=0.16 sys=0.01, real=0.09 secs] 
55209.090: [GC (Allocation Failure) 55209.091: [ParNew: 654989K->31365K(707840K), 0.0726340 secs] 1077366K->457185K(2018560K), 0.0730720 secs] [Times: user=0.14 sys=0.01, real=0.07 secs] 
55250.486: [GC (Allocation Failure) 55250.486: [ParNew: 660613K->37297K(707840K), 0.0970410 secs] 1086433K->465571K(2018560K), 0.0974580 secs] [Times: user=0.19 sys=0.00, real=0.09 secs] 
55273.746: [GC (Allocation Failure) 55273.747: [ParNew: 666545K->36477K(707840K), 0.1106260 secs] 1094819K->471716K(2018560K), 0.1110150 secs] [Times: user=0.21 sys=0.01, real=0.12 secs] 
55353.717: [GC (Allocation Failure) 55353.717: [ParNew: 665725K->36820K(707840K), 0.0897530 secs] 1100964K->478031K(2018560K), 0.0901290 secs] [Times: user=0.18 sys=0.00, real=0.09 secs] 
55392.070: [GC (Allocation Failure) 55392.070: [ParNew: 666068K->26657K(707840K), 0.1011390 secs] 1107279K->476229K(2018560K), 0.1015430 secs] [Times: user=0.19 sys=0.00, real=0.10 secs] 
55415.283: [GC (Allocation Failure) 55415.283: [ParNew: 655905K->26320K(707840K), 0.0814350 secs] 1105477K->481017K(2018560K), 0.0818240 secs] [Times: user=0.16 sys=0.00, real=0.08 secs] 
55480.238: [GC (Allocation Failure) 55480.238: [ParNew: 655568K->26021K(707840K), 0.0704290 secs] 1110265K->482865K(2018560K), 0.0708330 secs] [Times: user=0.14 sys=0.00, real=0.07 secs] 
55579.608: [GC (Allocation Failure) 55579.608: [ParNew: 655269K->16881K(707840K), 0.0781350 secs] 1112113K->480570K(2018560K), 0.0785460 secs] [Times: user=0.15 sys=0.00, real=0.08 secs] 
55646.519: [GC (Allocation Failure) 55646.519: [ParNew: 646129K->12433K(707840K), 0.0708050 secs] 1109818K->480934K(2018560K), 0.0711960 secs] [Times: user=0.13 sys=0.00, real=0.07 secs] 
55753.518: [GC (Allocation Failure) 55753.519: [ParNew: 641681K->17458K(707840K), 0.0619550 secs] 1110182K->488181K(2018560K), 0.0623480 secs] [Times: user=0.12 sys=0.00, real=0.07 secs] 
55806.029: [GC (Allocation Failure) 55806.029: [ParNew: 646698K->22804K(707840K), 0.0791440 secs] 1117421K->494996K(2018560K), 0.0795380 secs] [Times: user=0.16 sys=0.01, real=0.08 secs] 
55822.844: [GC (Allocation Failure) 55822.844: [ParNew: 652052K->25416K(707840K), 0.0864200 secs] 1124244K->501541K(2018560K), 0.0868110 secs] [Times: user=0.17 sys=0.01, real=0.08 secs] 
55852.246: [GC (Allocation Failure) 55852.246: [ParNew: 654664K->37599K(707840K), 0.1019500 secs] 1130789K->516808K(2018560K), 0.1023540 secs] [Times: user=0.18 sys=0.01, real=0.10 secs] 
55869.644: [GC (Allocation Failure) 55869.644: [ParNew: 666847K->33426K(707840K), 0.1077270 secs] 1146056K->520638K(2018560K), 0.1081530 secs] [Times: user=0.20 sys=0.00, real=0.11 secs] 
55927.268: [GC (Allocation Failure) 55927.269: [ParNew: 662674K->32921K(707840K), 0.0912700 secs] 1149886K->526236K(2018560K), 0.0916460 secs] [Times: user=0.18 sys=0.01, real=0.09 secs] 
55996.289: [GC (Allocation Failure) 55996.290: [ParNew: 662169K->24778K(707840K), 0.0952440 secs] 1155484K->524253K(2018560K), 0.0956490 secs] [Times: user=0.19 sys=0.00, real=0.09 secs] 
56016.560: [GC (Allocation Failure) 56016.560: [ParNew: 654026K->25550K(707840K), 0.0923280 secs] 1153501K->530932K(2018560K), 0.0926810 secs] [Times: user=0.18 sys=0.00, real=0.10 secs] 
56041.441: [GC (Allocation Failure) 56041.442: [ParNew: 654798K->37252K(707840K), 0.0917000 secs] 1160180K->545938K(2018560K), 0.0920830 secs] [Times: user=0.18 sys=0.00, real=0.09 secs] 
56084.886: [GC (Allocation Failure) 56084.886: [ParNew: 666500K->33189K(707840K), 0.1012380 secs] 1175186K->547955K(2018560K), 0.1016240 secs] [Times: user=0.20 sys=0.00, real=0.10 secs] 
56102.663: [GC (Allocation Failure) 56102.663: [ParNew: 662437K->22897K(707840K), 0.1043170 secs] 1177203K->544751K(2018560K), 0.1046800 secs] [Times: user=0.20 sys=0.01, real=0.11 secs] 
56139.693: [GC (Allocation Failure) 56139.693: [ParNew: 652145K->34155K(707840K), 0.0925200 secs] 1173999K->561973K(2018560K), 0.0929240 secs] [Times: user=0.18 sys=0.00, real=0.09 secs] 
56196.354: [GC (Allocation Failure) 56196.354: [ParNew: 663403K->26525K(707840K), 0.0960680 secs] 1191221K->559732K(2018560K), 0.0964730 secs] [Times: user=0.19 sys=0.00, real=0.10 secs] 
56240.849: [GC (Allocation Failure) 56240.850: [ParNew: 655773K->25954K(707840K), 0.0891160 secs] 1188980K->566745K(2018560K), 0.0894360 secs] [Times: user=0.17 sys=0.00, real=0.09 secs] 
56266.193: [GC (Allocation Failure) 56266.193: [ParNew: 655202K->34207K(707840K), 0.0895390 secs] 1195993K->578413K(2018560K), 0.0899380 secs] [Times: user=0.18 sys=0.00, real=0.09 secs] 
56316.811: [GC (Allocation Failure) 56316.811: [ParNew: 663455K->23457K(707840K), 0.0855980 secs] 1207661K->571819K(2018560K), 0.0859870 secs] [Times: user=0.17 sys=0.00, real=0.09 secs] 
56376.013: [GC (Allocation Failure) 56376.014: [ParNew: 652705K->32232K(707840K), 0.0864490 secs] 1201067K->585078K(2018560K), 0.0868760 secs] [Times: user=0.16 sys=0.00, real=0.09 secs] 
56393.225: [GC (Allocation Failure) 56393.225: [ParNew: 661480K->26967K(707840K), 0.1025920 secs] 1214326K->586082K(2018560K), 0.1030390 secs] [Times: user=0.20 sys=0.00, real=0.11 secs] 
56406.057: [GC (Allocation Failure) 56406.057: [ParNew: 656215K->28422K(707840K), 0.1015050 secs] 1215330K->592590K(2018560K), 0.1018980 secs] [Times: user=0.20 sys=0.01, real=0.10 secs] 
56437.516: [GC (Allocation Failure) 56437.517: [ParNew: 657670K->35018K(707840K), 0.0965360 secs] 1221838K->604044K(2018560K), 0.0969950 secs] [Times: user=0.19 sys=0.00, real=0.09 secs] 
56467.290: [GC (Allocation Failure) 56467.290: [ParNew: 664266K->24105K(707840K), 0.1153990 secs] 1233292K->604241K(2018560K), 0.1158190 secs] [Times: user=0.23 sys=0.00, real=0.11 secs] 
56522.973: [GC (Allocation Failure) 56522.973: [ParNew: 653353K->22291K(707840K), 0.0812330 secs] 1233489K->608225K(2018560K), 0.0816540 secs] [Times: user=0.16 sys=0.00, real=0.08 secs] 
56593.168: [GC (Allocation Failure) 56593.168: [ParNew: 651539K->25502K(707840K), 0.0806560 secs] 1237473K->615706K(2018560K), 0.0810520 secs] [Times: user=0.15 sys=0.00, real=0.09 secs] 
56651.486: [GC (Allocation Failure) 56651.487: [ParNew: 654750K->24731K(707840K), 0.0774730 secs] 1244954K->618478K(2018560K), 0.0778810 secs] [Times: user=0.15 sys=0.00, real=0.08 secs] 
56722.100: [GC (Allocation Failure) 56722.100: [ParNew: 653979K->23698K(707840K), 0.0736660 secs] 1247726K->620341K(2018560K), 0.0740560 secs] [Times: user=0.15 sys=0.00, real=0.07 secs] 
56803.314: [GC (Allocation Failure) 56803.314: [ParNew: 652946K->23029K(707840K), 0.0781320 secs] 1249589K->623830K(2018560K), 0.0786150 secs] [Times: user=0.15 sys=0.00, real=0.08 secs] 
56852.208: [GC (Allocation Failure) 56852.209: [ParNew: 652277K->28798K(707840K), 0.0806930 secs] 1253078K->633210K(2018560K), 0.0810890 secs] [Times: user=0.16 sys=0.00, real=0.08 secs] 
56895.201: [GC (Allocation Failure) 56895.201: [ParNew: 658046K->25460K(707840K), 0.0794990 secs] 1262458K->633139K(2018560K), 0.0799070 secs] [Times: user=0.16 sys=0.00, real=0.08 secs] 
56954.096: [GC (Allocation Failure) 56954.096: [ParNew: 654708K->17710K(707840K), 0.0828530 secs] 1262387K->629930K(2018560K), 0.0832630 secs] [Times: user=0.16 sys=0.01, real=0.08 secs] 
57028.984: [GC (Allocation Failure) 57028.984: [ParNew: 646958K->16927K(707840K), 0.0853700 secs] 1259178K->636540K(2018560K), 0.0857680 secs] [Times: user=0.16 sys=0.00, real=0.09 secs] 
57108.879: [GC (Allocation Failure) 57108.879: [ParNew: 646175K->13004K(707840K), 0.0625900 secs] 1265788K->635934K(2018560K), 0.0629880 secs] [Times: user=0.12 sys=0.00, real=0.06 secs] 
57185.697: [GC (Allocation Failure) 57185.698: [ParNew: 642252K->21794K(707840K), 0.0655370 secs] 1265182K->647177K(2018560K), 0.0659530 secs] [Times: user=0.13 sys=0.01, real=0.07 secs] 
57227.019: [GC (Allocation Failure) 57227.019: [ParNew: 651042K->17954K(707840K), 0.0642690 secs] 1276425K->645523K(2018560K), 0.0647510 secs] [Times: user=0.13 sys=0.00, real=0.06 secs] 
57306.175: [GC (Allocation Failure) 57306.176: [ParNew: 647202K->23179K(707840K), 0.0708150 secs] 1274771K->652844K(2018560K), 0.0717200 secs] [Times: user=0.13 sys=0.01, real=0.08 secs] 
57367.332: [GC (Allocation Failure) 57367.332: [ParNew: 652427K->27375K(707840K), 0.0832580 secs] 1282092K->661356K(2018560K), 0.0836540 secs] [Times: user=0.16 sys=0.00, real=0.08 secs] 
57414.748: [GC (Allocation Failure) 57414.749: [ParNew: 656623K->19084K(707840K), 0.0849820 secs] 1290604K->656038K(2018560K), 0.0855210 secs] [Times: user=0.16 sys=0.00, real=0.09 secs] 
57435.960: [GC (Allocation Failure) 57435.960: [ParNew: 648332K->31889K(707840K), 0.0968850 secs] 1285286K->672422K(2018560K), 0.0972780 secs] [Times: user=0.19 sys=0.00, real=0.10 secs] 
57459.725: [GC (Allocation Failure) 57459.726: [ParNew: 661137K->35230K(707840K), 0.1278080 secs] 1301670K->682654K(2018560K), 0.1281890 secs] [Times: user=0.23 sys=0.00, real=0.13 secs] 
57484.211: [GC (Allocation Failure) 57484.212: [ParNew: 664478K->37861K(707840K), 0.0981130 secs] 1311902K->690569K(2018560K), 0.0984920 secs] [Times: user=0.19 sys=0.00, real=0.10 secs] 
57548.998: [GC (Allocation Failure) 57548.998: [ParNew: 667109K->24617K(707840K), 0.1008630 secs] 1319817K->687430K(2018560K), 0.1012380 secs] [Times: user=0.19 sys=0.00, real=0.10 secs] 
57610.817: [GC (Allocation Failure) 57610.817: [ParNew: 653865K->18041K(707840K), 0.0774870 secs] 1316678K->687174K(2018560K), 0.0778700 secs] [Times: user=0.15 sys=0.00, real=0.08 secs] 
57676.104: [GC (Allocation Failure) 57676.104: [ParNew: 647289K->14168K(707840K), 0.0689370 secs] 1316422K->687771K(2018560K), 0.0693330 secs] [Times: user=0.14 sys=0.00, real=0.07 secs] 
57699.861: [GC (Allocation Failure) 57699.861: [ParNew: 643416K->23227K(707840K), 0.0784840 secs] 1317019K->699116K(2018560K), 0.0790020 secs] [Times: user=0.15 sys=0.01, real=0.08 secs] 
57729.369: [GC (Allocation Failure) 57729.369: [ParNew: 652442K->25068K(707840K), 0.0750970 secs] 1328332K->704786K(2018560K), 0.0754650 secs] [Times: user=0.15 sys=0.00, real=0.08 secs] 
57753.012: [GC (Allocation Failure) 57753.012: [ParNew: 654316K->25102K(707840K), 0.0769930 secs] 1334034K->707610K(2018560K), 0.0773990 secs] [Times: user=0.15 sys=0.00, real=0.08 secs] 
57796.896: [GC (Allocation Failure) 57796.896: [ParNew: 654350K->32293K(707840K), 0.0968600 secs] 1336858K->723130K(2018560K), 0.0972440 secs] [Times: user=0.19 sys=0.00, real=0.10 secs] 
57836.905: [GC (Allocation Failure) 57836.905: [ParNew: 661541K->30013K(707840K), 0.0741830 secs] 1352378K->724395K(2018560K), 0.0745110 secs] [Times: user=0.15 sys=0.00, real=0.08 secs] 
57867.836: [GC (Allocation Failure) 57867.837: [ParNew: 659261K->29208K(707840K), 0.1055090 secs] 1353643K->732649K(2018560K), 0.1059510 secs] [Times: user=0.21 sys=0.00, real=0.10 secs] 
57914.623: [GC (Allocation Failure) 57914.623: [ParNew: 658456K->29411K(707840K), 0.0859300 secs] 1361897K->736137K(2018560K), 0.0863030 secs] [Times: user=0.17 sys=0.00, real=0.08 secs] 
57964.536: [GC (Allocation Failure) 57964.536: [ParNew: 658659K->19143K(707840K), 0.0904590 secs] 1365385K->731995K(2018560K), 0.0908910 secs] [Times: user=0.17 sys=0.00, real=0.10 secs] 
57995.019: [GC (Allocation Failure) 57995.019: [ParNew: 648391K->26396K(707840K), 0.0953390 secs] 1361243K->744072K(2018560K), 0.0957280 secs] [Times: user=0.19 sys=0.00, real=0.10 secs] 
58019.237: [GC (Allocation Failure) 58019.238: [ParNew: 655644K->39391K(707840K), 0.0928450 secs] 1373320K->761598K(2018560K), 0.0932180 secs] [Times: user=0.18 sys=0.00, real=0.09 secs] 
58062.378: [GC (Allocation Failure) 58062.378: [ParNew: 668639K->25701K(707840K), 0.0794840 secs] 1390846K->753352K(2018560K), 0.0799430 secs] [Times: user=0.15 sys=0.01, real=0.08 secs] 
58124.300: [GC (Allocation Failure) 58124.300: [ParNew: 654949K->26701K(707840K), 0.0993090 secs] 1382600K->762135K(2018560K), 0.0996970 secs] [Times: user=0.20 sys=0.00, real=0.10 secs] 
58147.164: [Full GC (System.gc()) 58147.164: [CMS: 735433K->372822K(1310720K), 2.3311190 secs] 986472K->372822K(2018560K), [Metaspace: 114313K->114313K(1153024K)], 2.3319280 secs] [Times: user=2.29 sys=0.05, real=2.34 secs] 
58192.231: [GC (Allocation Failure) 58192.231: [ParNew: 629248K->17354K(707840K), 0.0410130 secs] 1002070K->390176K(2018560K), 0.0414170 secs] [Times: user=0.08 sys=0.00, real=0.05 secs] 
58232.678: [GC (Allocation Failure) 58232.678: [ParNew: 646602K->14124K(707840K), 0.0524570 secs] 1019424K->386946K(2018560K), 0.0528550 secs] [Times: user=0.11 sys=0.00, real=0.05 secs] 
58302.761: [GC (Allocation Failure) 58302.761: [ParNew: 643372K->22410K(707840K), 0.0597720 secs] 1016194K->395233K(2018560K), 0.0602010 secs] [Times: user=0.12 sys=0.01, real=0.06 secs] 
58376.946: [GC (Allocation Failure) 58376.947: [ParNew: 651658K->21405K(707840K), 0.0701780 secs] 1024481K->400244K(2018560K), 0.0705520 secs] [Times: user=0.14 sys=0.00, real=0.07 secs] 
58443.185: [GC (Allocation Failure) 58443.185: [ParNew: 650653K->16755K(707840K), 0.0731760 secs] 1029492K->399802K(2018560K), 0.0735520 secs] [Times: user=0.14 sys=0.00, real=0.07 secs] 
58484.809: [GC (Allocation Failure) 58484.809: [ParNew: 646003K->22911K(707840K), 0.0720630 secs] 1029050K->407907K(2018560K), 0.0724410 secs] [Times: user=0.14 sys=0.00, real=0.07 secs] 
58576.337: [GC (Allocation Failure) 58576.337: [ParNew: 652159K->14708K(707840K), 0.0740060 secs] 1037155K->403052K(2018560K), 0.0744100 secs] [Times: user=0.15 sys=0.00, real=0.08 secs] 
58616.912: [GC (Allocation Failure) 58616.912: [ParNew: 643956K->27671K(707840K), 0.0884370 secs] 1032300K->419298K(2018560K), 0.0888190 secs] [Times: user=0.17 sys=0.00, real=0.09 secs] 
58654.393: [GC (Allocation Failure) 58654.393: [ParNew: 656919K->28274K(707840K), 0.0862100 secs] 1048546K->423124K(2018560K), 0.0867210 secs] [Times: user=0.16 sys=0.00, real=0.08 secs] 
58751.500: [GC (Allocation Failure) 58751.500: [ParNew: 657522K->30656K(707840K), 0.0840180 secs] 1052372K->428647K(2018560K), 0.0844050 secs] [Times: user=0.17 sys=0.00, real=0.08 secs] 
58822.717: [GC (Allocation Failure) 58822.718: [ParNew: 659902K->19828K(707840K), 0.1006320 secs] 1057893K->428886K(2018560K), 0.1010270 secs] [Times: user=0.20 sys=0.00, real=0.11 secs] 
58893.233: [GC (Allocation Failure) 58893.234: [ParNew: 649076K->15465K(707840K), 0.0756270 secs] 1058134K->427865K(2018560K), 0.0760190 secs] [Times: user=0.15 sys=0.00, real=0.08 secs] 
58979.012: [GC (Allocation Failure) 58979.013: [ParNew: 644713K->22868K(707840K), 0.0763250 secs] 1057113K->438398K(2018560K), 0.0767080 secs] [Times: user=0.15 sys=0.00, real=0.07 secs] 
59054.509: [GC (Allocation Failure) 59054.509: [ParNew: 652116K->23164K(707840K), 0.0766500 secs] 1067646K->442755K(2018560K), 0.0770290 secs] [Times: user=0.15 sys=0.00, real=0.08 secs] 
59100.528: [GC (Allocation Failure) 59100.528: [ParNew: 652412K->29914K(707840K), 0.0841580 secs] 1072003K->453735K(2018560K), 0.0845820 secs] [Times: user=0.17 sys=0.00, real=0.09 secs] 
59127.931: [GC (Allocation Failure) 59127.931: [ParNew: 659162K->30827K(707840K), 0.0894970 secs] 1082983K->458104K(2018560K), 0.0898890 secs] [Times: user=0.18 sys=0.00, real=0.09 secs] 
59194.458: [GC (Allocation Failure) 59194.458: [ParNew: 660075K->28815K(707840K), 0.0851450 secs] 1087352K->459921K(2018560K), 0.0855440 secs] [Times: user=0.17 sys=0.00, real=0.09 secs] 
59265.314: [GC (Allocation Failure) 59265.314: [ParNew: 658063K->20002K(707840K), 0.0910630 secs] 1089169K->457028K(2018560K), 0.0914420 secs] [Times: user=0.18 sys=0.00, real=0.10 secs] 
59337.268: [GC (Allocation Failure) 59337.268: [ParNew: 649250K->17546K(707840K), 0.0895080 secs] 1086276K->459982K(2018560K), 0.0899070 secs] [Times: user=0.17 sys=0.00, real=0.09 secs] 
59371.529: [GC (Allocation Failure) 59371.529: [ParNew: 646794K->34099K(707840K), 0.0912640 secs] 1089230K->479092K(2018560K), 0.0916540 secs] [Times: user=0.18 sys=0.00, real=0.10 secs] 
59416.279: [GC (Allocation Failure) 59416.279: [ParNew: 663347K->32432K(707840K), 0.0934820 secs] 1108340K->481828K(2018560K), 0.0938870 secs] [Times: user=0.19 sys=0.01, real=0.09 secs] 
59465.426: [GC (Allocation Failure) 59465.426: [ParNew: 661680K->33110K(707840K), 0.0923650 secs] 1111076K->486509K(2018560K), 0.0927960 secs] [Times: user=0.18 sys=0.00, real=0.09 secs] 
59511.859: [GC (Allocation Failure) 59511.859: [ParNew: 662358K->22234K(707840K), 0.1083120 secs] 1115757K->485424K(2018560K), 0.1087220 secs] [Times: user=0.21 sys=0.00, real=0.11 secs] 
59535.959: [GC (Allocation Failure) 59535.959: [ParNew: 651482K->30357K(707840K), 0.0860830 secs] 1114672K->496981K(2018560K), 0.0864630 secs] [Times: user=0.17 sys=0.00, real=0.09 secs] 
59611.051: [GC (Allocation Failure) 59611.052: [ParNew: 659605K->31709K(707840K), 0.0807380 secs] 1126229K->504037K(2018560K), 0.0811700 secs] [Times: user=0.15 sys=0.00, real=0.08 secs] 
59670.284: [GC (Allocation Failure) 59670.284: [ParNew: 660957K->24813K(707840K), 0.0932850 secs] 1133285K->503595K(2018560K), 0.0936630 secs] [Times: user=0.19 sys=0.01, real=0.10 secs] 
59718.240: [GC (Allocation Failure) 59718.241: [ParNew: 654061K->24441K(707840K), 0.0861040 secs] 1132843K->508603K(2018560K), 0.0864770 secs] [Times: user=0.17 sys=0.01, real=0.09 secs] 
59771.471: [GC (Allocation Failure) 59771.471: [ParNew: 653689K->33660K(707840K), 0.0888010 secs] 1137851K->520720K(2018560K), 0.0891830 secs] [Times: user=0.18 sys=0.00, real=0.09 secs] 
59805.088: [GC (Allocation Failure) 59805.088: [ParNew: 662908K->41318K(707840K), 0.1038940 secs] 1149968K->533874K(2018560K), 0.1042730 secs] [Times: user=0.21 sys=0.00, real=0.10 secs] 
59853.379: [GC (Allocation Failure) 59853.379: [ParNew: 670566K->28197K(707840K), 0.0967730 secs] 1163122K->525753K(2018560K), 0.0971680 secs] [Times: user=0.19 sys=0.00, real=0.10 secs] 
59925.476: [GC (Allocation Failure) 59925.476: [ParNew: 657445K->20637K(707840K), 0.0927620 secs] 1155001K->525576K(2018560K), 0.0931710 secs] [Times: user=0.18 sys=0.00, real=0.09 secs] 
59984.352: [GC (Allocation Failure) 59984.352: [ParNew: 649885K->17558K(707840K), 0.0852350 secs] 1154824K->527182K(2018560K), 0.0856130 secs] [Times: user=0.17 sys=0.00, real=0.09 secs] 
60048.137: [GC (Allocation Failure) 60048.137: [ParNew: 646806K->16443K(707840K), 0.0781820 secs] 1156430K->530883K(2018560K), 0.0785840 secs] [Times: user=0.16 sys=0.00, real=0.08 secs] 
60111.800: [GC (Allocation Failure) 60111.800: [ParNew: 645691K->22330K(707840K), 0.0900430 secs] 1160131K->539810K(2018560K), 0.0904540 secs] [Times: user=0.17 sys=0.00, real=0.09 secs] 
60169.336: [GC (Allocation Failure) 60169.336: [ParNew: 651578K->30857K(707840K), 0.0676560 secs] 1169058K->552934K(2018560K), 0.0679810 secs] [Times: user=0.13 sys=0.00, real=0.07 secs] 
60226.981: [GC (Allocation Failure) 60226.981: [ParNew: 660105K->20403K(707840K), 0.0790190 secs] 1182182K->546164K(2018560K), 0.0794060 secs] [Times: user=0.16 sys=0.00, real=0.08 secs] 
60282.382: [GC (Allocation Failure) 60282.382: [ParNew: 649651K->22687K(707840K), 0.0867190 secs] 1175412K->553353K(2018560K), 0.0870920 secs] [Times: user=0.17 sys=0.00, real=0.08 secs] 
60354.194: [GC (Allocation Failure) 60354.195: [ParNew: 651935K->27078K(707840K), 0.0814000 secs] 1182601K->562390K(2018560K), 0.0818810 secs] [Times: user=0.16 sys=0.00, real=0.08 secs] 
60409.978: [GC (Allocation Failure) 60409.978: [ParNew: 656326K->26443K(707840K), 0.0836160 secs] 1191638K->565806K(2018560K), 0.0839950 secs] [Times: user=0.16 sys=0.01, real=0.09 secs] 
60447.198: [GC (Allocation Failure) 60447.198: [ParNew: 655691K->18731K(707840K), 0.0911630 secs] 1195054K->565940K(2018560K), 0.0915440 secs] [Times: user=0.17 sys=0.00, real=0.09 secs] 
60516.390: [GC (Allocation Failure) 60516.390: [ParNew: 647979K->16924K(707840K), 0.0737500 secs] 1195188K->567976K(2018560K), 0.0741250 secs] [Times: user=0.15 sys=0.00, real=0.07 secs] 
60589.536: [GC (Allocation Failure) 60589.536: [ParNew: 646172K->15209K(707840K), 0.0751300 secs] 1197224K->570258K(2018560K), 0.0755120 secs] [Times: user=0.14 sys=0.00, real=0.07 secs] 
60647.742: [GC (Allocation Failure) 60647.742: [ParNew: 644457K->22241K(707840K), 0.0763790 secs] 1199506K->580511K(2018560K), 0.0767930 secs] [Times: user=0.15 sys=0.01, real=0.08 secs] 
60684.452: [GC (Allocation Failure) 60684.452: [ParNew: 651489K->30912K(707840K), 0.0851230 secs] 1209759K->592190K(2018560K), 0.0855200 secs] [Times: user=0.17 sys=0.00, real=0.08 secs] 
60703.492: [GC (Allocation Failure) 60703.493: [ParNew: 660160K->38550K(707840K), 0.0989150 secs] 1221438K->604625K(2018560K), 0.0993040 secs] [Times: user=0.20 sys=0.00, real=0.10 secs] 
60726.234: [GC (Allocation Failure) 60726.234: [ParNew: 667798K->45508K(707840K), 0.1025250 secs] 1233873K->616417K(2018560K), 0.1029360 secs] [Times: user=0.20 sys=0.00, real=0.11 secs] 
60791.044: [GC (Allocation Failure) 60791.044: [ParNew: 674756K->30385K(707840K), 0.1057660 secs] 1245665K->610099K(2018560K), 0.1061580 secs] [Times: user=0.21 sys=0.00, real=0.11 secs] 
60856.004: [GC (Allocation Failure) 60856.005: [ParNew: 659631K->18431K(707840K), 0.0938530 secs] 1239345K->606214K(2018560K), 0.0942320 secs] [Times: user=0.19 sys=0.00, real=0.10 secs] 
60920.260: [GC (Allocation Failure) 60920.261: [ParNew: 647679K->16223K(707840K), 0.0794790 secs] 1235462K->608873K(2018560K), 0.0798630 secs] [Times: user=0.16 sys=0.00, real=0.08 secs] 
60982.148: [GC (Allocation Failure) 60982.149: [ParNew: 645471K->22633K(707840K), 0.0760470 secs] 1238121K->619361K(2018560K), 0.0764730 secs] [Times: user=0.15 sys=0.00, real=0.07 secs] 
61039.147: [GC (Allocation Failure) 61039.148: [ParNew: 651881K->29750K(707840K), 0.0809650 secs] 1248609K->630235K(2018560K), 0.0813620 secs] [Times: user=0.16 sys=0.00, real=0.08 secs] 
61111.835: [GC (Allocation Failure) 61111.835: [ParNew: 658998K->24363K(707840K), 0.0818330 secs] 1259483K->628422K(2018560K), 0.0822300 secs] [Times: user=0.16 sys=0.00, real=0.09 secs] 
61186.378: [GC (Allocation Failure) 61186.379: [ParNew: 653611K->24970K(707840K), 0.0829790 secs] 1257670K->634037K(2018560K), 0.0834230 secs] [Times: user=0.16 sys=0.00, real=0.08 secs] 
61270.034: [GC (Allocation Failure) 61270.034: [ParNew: 654218K->24129K(707840K), 0.0667480 secs] 1263285K->638114K(2018560K), 0.0671560 secs] [Times: user=0.13 sys=0.00, real=0.07 secs] 
61312.743: [GC (Allocation Failure) 61312.743: [ParNew: 653377K->18571K(707840K), 0.0788200 secs] 1267362K->637126K(2018560K), 0.0792480 secs] [Times: user=0.16 sys=0.00, real=0.08 secs] 
61367.343: [GC (Allocation Failure) 61367.343: [ParNew: 647819K->28215K(707840K), 0.0739490 secs] 1266374K->649545K(2018560K), 0.0743540 secs] [Times: user=0.15 sys=0.00, real=0.08 secs] 
61421.279: [GC (Allocation Failure) 61421.279: [ParNew: 657463K->19591K(707840K), 0.0795340 secs] 1278793K->645144K(2018560K), 0.0799400 secs] [Times: user=0.16 sys=0.00, real=0.08 secs] 
61496.678: [GC (Allocation Failure) 61496.679: [ParNew: 648839K->30598K(707840K), 0.0853720 secs] 1274392K->660753K(2018560K), 0.0857890 secs] [Times: user=0.17 sys=0.00, real=0.09 secs] 
61552.072: [GC (Allocation Failure) 61552.073: [ParNew: 659846K->20496K(707840K), 0.0846060 secs] 1290001K->654961K(2018560K), 0.0850080 secs] [Times: user=0.16 sys=0.00, real=0.09 secs] 
61600.292: [GC (Allocation Failure) 61600.293: [ParNew: 649739K->32362K(707840K), 0.0944510 secs] 1284203K->671292K(2018560K), 0.0948340 secs] [Times: user=0.17 sys=0.01, real=0.09 secs] 
61642.818: [GC (Allocation Failure) 61642.818: [ParNew: 661610K->38431K(707840K), 0.0953280 secs] 1300540K->682851K(2018560K), 0.0957160 secs] [Times: user=0.18 sys=0.01, real=0.09 secs] 
61696.186: [GC (Allocation Failure) 61696.187: [ParNew: 667679K->26823K(707840K), 0.0872160 secs] 1312099K->676580K(2018560K), 0.0875890 secs] [Times: user=0.17 sys=0.00, real=0.08 secs] 
61749.509: [Full GC (System.gc()) 61749.509: [CMS: 649757K->336426K(1310720K), 2.3793280 secs] 1186487K->336426K(2018560K), [Metaspace: 114355K->114355K(1153024K)], 2.3802460 secs] [Times: user=2.38 sys=0.00, real=2.38 secs] 
61799.532: [GC (Allocation Failure) 61799.532: [ParNew: 629248K->17448K(707840K), 0.0414040 secs] 965674K->353875K(2018560K), 0.0418070 secs] [Times: user=0.08 sys=0.00, real=0.04 secs] 
61866.620: [GC (Allocation Failure) 61866.620: [ParNew: 646696K->14277K(707840K), 0.0515070 secs] 983123K->350704K(2018560K), 0.0519030 secs] [Times: user=0.10 sys=0.00, real=0.05 secs] 
61927.540: [GC (Allocation Failure) 61927.540: [ParNew: 643525K->21227K(707840K), 0.0502930 secs] 979952K->357654K(2018560K), 0.0506010 secs] [Times: user=0.10 sys=0.00, real=0.05 secs] 
61986.142: [GC (Allocation Failure) 61986.142: [ParNew: 650475K->20849K(707840K), 0.0669530 secs] 986902K->363985K(2018560K), 0.0672860 secs] [Times: user=0.13 sys=0.00, real=0.07 secs] 
62052.062: [GC (Allocation Failure) 62052.062: [ParNew: 650097K->28030K(707840K), 0.0805960 secs] 993233K->374899K(2018560K), 0.0809710 secs] [Times: user=0.16 sys=0.01, real=0.08 secs] 
62118.671: [GC (Allocation Failure) 62118.671: [ParNew: 657278K->19456K(707840K), 0.0712820 secs] 1004147K->370091K(2018560K), 0.0716600 secs] [Times: user=0.14 sys=0.00, real=0.07 secs] 
62194.992: [GC (Allocation Failure) 62194.992: [ParNew: 648704K->26828K(707840K), 0.0757130 secs] 999339K->381337K(2018560K), 0.0761050 secs] [Times: user=0.15 sys=0.00, real=0.07 secs] 
62238.332: [GC (Allocation Failure) 62238.332: [ParNew: 656069K->18398K(707840K), 0.0813520 secs] 1010578K->378313K(2018560K), 0.0817470 secs] [Times: user=0.16 sys=0.00, real=0.08 secs] 
62301.783: [GC (Allocation Failure) 62301.783: [ParNew: 647646K->28603K(707840K), 0.0792130 secs] 1007561K->391756K(2018560K), 0.0795870 secs] [Times: user=0.15 sys=0.00, real=0.08 secs] 
62378.788: [GC (Allocation Failure) 62378.788: [ParNew: 657851K->17202K(707840K), 0.0775890 secs] 1021004K->385536K(2018560K), 0.0779900 secs] [Times: user=0.15 sys=0.00, real=0.07 secs] 
62448.180: [GC (Allocation Failure) 62448.180: [ParNew: 646450K->14721K(707840K), 0.0753600 secs] 1014784K->387914K(2018560K), 0.0758160 secs] [Times: user=0.15 sys=0.00, real=0.07 secs] 
62512.598: [GC (Allocation Failure) 62512.599: [ParNew: 643969K->27208K(707840K), 0.0766150 secs] 1017162K->404241K(2018560K), 0.0770000 secs] [Times: user=0.15 sys=0.00, real=0.08 secs] 
62558.712: [GC (Allocation Failure) 62558.712: [ParNew: 656456K->18332K(707840K), 0.0736320 secs] 1033489K->397790K(2018560K), 0.0740130 secs] [Times: user=0.14 sys=0.00, real=0.08 secs] 
62629.389: [GC (Allocation Failure) 62629.389: [ParNew: 647580K->22759K(707840K), 0.0729850 secs] 1027038K->405937K(2018560K), 0.0733880 secs] [Times: user=0.14 sys=0.00, real=0.07 secs] 
62708.110: [GC (Allocation Failure) 62708.110: [ParNew: 652007K->15048K(707840K), 0.0801210 secs] 1035185K->403919K(2018560K), 0.0805130 secs] [Times: user=0.16 sys=0.00, real=0.08 secs] 
62757.693: [GC (Allocation Failure) 62757.694: [ParNew: 644296K->27947K(707840K), 0.0727730 secs] 1033167K->419560K(2018560K), 0.0731850 secs] [Times: user=0.15 sys=0.01, real=0.08 secs] 
62831.966: [GC (Allocation Failure) 62831.966: [ParNew: 657195K->19163K(707840K), 0.0749910 secs] 1048808K->414262K(2018560K), 0.0754950 secs] [Times: user=0.15 sys=0.00, real=0.08 secs] 
62918.279: [GC (Allocation Failure) 62918.279: [ParNew: 648411K->28052K(707840K), 0.0766280 secs] 1043510K->427187K(2018560K), 0.0770830 secs] [Times: user=0.15 sys=0.00, real=0.08 secs] 
62995.637: [GC (Allocation Failure) 62995.638: [ParNew: 657300K->23216K(707840K), 0.0644540 secs] 1056435K->427079K(2018560K), 0.0648050 secs] [Times: user=0.12 sys=0.00, real=0.07 secs] 
63057.775: [GC (Allocation Failure) 63057.775: [ParNew: 652458K->22022K(707840K), 0.0708730 secs] 1056321K->429015K(2018560K), 0.0712630 secs] [Times: user=0.14 sys=0.00, real=0.07 secs] 
63127.048: [GC (Allocation Failure) 63127.049: [ParNew: 651270K->21756K(707840K), 0.0724800 secs] 1058263K->432703K(2018560K), 0.0729230 secs] [Times: user=0.14 sys=0.00, real=0.07 secs] 
63199.765: [GC (Allocation Failure) 63199.765: [ParNew: 651004K->28847K(707840K), 0.0758260 secs] 1061951K->442651K(2018560K), 0.0762680 secs] [Times: user=0.15 sys=0.00, real=0.07 secs] 
63256.016: [GC (Allocation Failure) 63256.016: [ParNew: 658095K->19281K(707840K), 0.0804920 secs] 1071899K->436767K(2018560K), 0.0809300 secs] [Times: user=0.16 sys=0.00, real=0.08 secs] 
63321.513: [GC (Allocation Failure) 63321.513: [ParNew: 648529K->24799K(707840K), 0.0848620 secs] 1066015K->446969K(2018560K), 0.0852590 secs] [Times: user=0.17 sys=0.00, real=0.08 secs] 
63391.487: [GC (Allocation Failure) 63391.488: [ParNew: 654047K->27668K(707840K), 0.0869100 secs] 1076217K->455835K(2018560K), 0.0873310 secs] [Times: user=0.17 sys=0.00, real=0.09 secs] 
63451.755: [GC (Allocation Failure) 63451.755: [ParNew: 656916K->21245K(707840K), 0.0777030 secs] 1085083K->454379K(2018560K), 0.0781000 secs] [Times: user=0.15 sys=0.00, real=0.08 secs] 
63519.975: [GC (Allocation Failure) 63519.975: [ParNew: 650493K->27143K(707840K), 0.0743950 secs] 1083627K->462485K(2018560K), 0.0748150 secs] [Times: user=0.15 sys=0.00, real=0.07 secs] 
63582.652: [GC (Allocation Failure) 63582.652: [ParNew: 656391K->32833K(707840K), 0.0850380 secs] 1091733K->471891K(2018560K), 0.0854200 secs] [Times: user=0.15 sys=0.00, real=0.08 secs] 
63659.491: [GC (Allocation Failure) 63659.491: [ParNew: 662081K->21452K(707840K), 0.0808740 secs] 1101139K->466055K(2018560K), 0.0812610 secs] [Times: user=0.15 sys=0.00, real=0.08 secs] 
63718.889: [GC (Allocation Failure) 63718.889: [ParNew: 650700K->21410K(707840K), 0.0824940 secs] 1095303K->471258K(2018560K), 0.0828780 secs] [Times: user=0.17 sys=0.00, real=0.09 secs] 
63774.100: [GC (Allocation Failure) 63774.100: [ParNew: 650658K->22502K(707840K), 0.0764340 secs] 1100506K->475435K(2018560K), 0.0768130 secs] [Times: user=0.15 sys=0.01, real=0.07 secs] 
63837.025: [GC (Allocation Failure) 63837.025: [ParNew: 651750K->30754K(707840K), 0.0808410 secs] 1104683K->486778K(2018560K), 0.0812170 secs] [Times: user=0.16 sys=0.00, real=0.08 secs] 
63898.545: [GC (Allocation Failure) 63898.545: [ParNew: 660002K->20330K(707840K), 0.0739020 secs] 1116026K->480287K(2018560K), 0.0742730 secs] [Times: user=0.14 sys=0.00, real=0.08 secs] 
63974.306: [GC (Allocation Failure) 63974.307: [ParNew: 649578K->20311K(707840K), 0.0717190 secs] 1109535K->483860K(2018560K), 0.0721090 secs] [Times: user=0.14 sys=0.00, real=0.07 secs] 
64038.529: [GC (Allocation Failure) 64038.529: [ParNew: 649559K->20886K(707840K), 0.0643020 secs] 1113108K->488289K(2018560K), 0.0646070 secs] [Times: user=0.13 sys=0.00, real=0.07 secs] 
64116.592: [GC (Allocation Failure) 64116.593: [ParNew: 650134K->30441K(707840K), 0.0754950 secs] 1117537K->500634K(2018560K), 0.0758770 secs] [Times: user=0.15 sys=0.00, real=0.07 secs] 
64194.750: [GC (Allocation Failure) 64194.750: [ParNew: 659689K->19872K(707840K), 0.0757670 secs] 1129882K->493882K(2018560K), 0.0761350 secs] [Times: user=0.15 sys=0.00, real=0.08 secs] 
64276.615: [GC (Allocation Failure) 64276.615: [ParNew: 649120K->27672K(707840K), 0.0762660 secs] 1123130K->505901K(2018560K), 0.0766660 secs] [Times: user=0.15 sys=0.00, real=0.08 secs] 
64341.048: [GC (Allocation Failure) 64341.049: [ParNew: 656920K->17822K(707840K), 0.0758990 secs] 1135149K->500168K(2018560K), 0.0763200 secs] [Times: user=0.14 sys=0.00, real=0.07 secs] 
64436.124: [GC (Allocation Failure) 64436.124: [ParNew: 647070K->20222K(707840K), 0.0601270 secs] 1129416K->506109K(2018560K), 0.0605080 secs] [Times: user=0.12 sys=0.00, real=0.06 secs] 
64539.758: [GC (Allocation Failure) 64539.759: [ParNew: 649470K->13131K(707840K), 0.0612780 secs] 1135357K->501409K(2018560K), 0.0616640 secs] [Times: user=0.12 sys=0.00, real=0.06 secs] 
64668.823: [GC (Allocation Failure) 64668.823: [ParNew: 642379K->12317K(707840K), 0.0633720 secs] 1130657K->504029K(2018560K), 0.0637600 secs] [Times: user=0.12 sys=0.00, real=0.07 secs] 
64821.093: [GC (Allocation Failure) 64821.093: [ParNew: 641565K->11032K(707840K), 0.0593870 secs] 1133277K->504893K(2018560K), 0.0597630 secs] [Times: user=0.12 sys=0.00, real=0.06 secs] 
64862.984: [GC (Allocation Failure) 64862.984: [ParNew: 640280K->21261K(707840K), 0.0866710 secs] 1134141K->517809K(2018560K), 0.0869500 secs] [Times: user=0.17 sys=0.01, real=0.09 secs] 
Heap
 par new generation   total 707840K, used 79789K [0x0000000080000000, 0x00000000b0000000, 0x00000000b0000000)
  eden space 629248K,   9% used [0x0000000080000000, 0x0000000083928180, 0x00000000a6680000)
  from space 78592K,  27% used [0x00000000a6680000, 0x00000000a7b43460, 0x00000000ab340000)
  to   space 78592K,   0% used [0x00000000ab340000, 0x00000000ab340000, 0x00000000b0000000)
 concurrent mark-sweep generation total 1310720K, used 496548K [0x00000000b0000000, 0x0000000100000000, 0x0000000100000000)
 Metaspace       used 114376K, capacity 119274K, committed 119600K, reserved 1153024K
  class space    used 13782K, capacity 15003K, committed 15152K, reserved 1048576K
